[0.017s] Invoking command in '/home/bhadha/pico_ws/build/swift_pico': AMENT_PREFIX_PATH=/home/bhadha/pico_ws/install/whycode_interfaces:/home/bhadha/pico_ws/install/swift_pico_description:/home/bhadha/pico_ws/install/swift_msgs:/home/bhadha/pico_ws/install/error_msg:/home/bhadha/pico_ws/install/controller_msg:${AMENT_PREFIX_PATH} CMAKE_PREFIX_PATH=/home/bhadha/pico_ws/install/whycode_interfaces:/home/bhadha/pico_ws/install/swift_pico_description:/home/bhadha/pico_ws/install/swift_msgs:/home/bhadha/pico_ws/install/error_msg:/home/bhadha/pico_ws/install/controller_msg:/opt/ros/humble LD_LIBRARY_PATH=/home/bhadha/pico_ws/install/whycode_interfaces/lib:/home/bhadha/pico_ws/install/swift_msgs/lib:/home/bhadha/pico_ws/install/error_msg/lib:/home/bhadha/pico_ws/install/controller_msg/lib:${LD_LIBRARY_PATH} PYTHONPATH=/home/bhadha/pico_ws/install/whycode_interfaces/local/lib/python3.10/dist-packages:/home/bhadha/pico_ws/install/swift_msgs/local/lib/python3.10/dist-packages:/home/bhadha/pico_ws/install/error_msg/local/lib/python3.10/dist-packages:/home/bhadha/pico_ws/install/controller_msg/local/lib/python3.10/dist-packages:${PYTHONPATH} /usr/bin/cmake /home/bhadha/pico_ws/src/swift_pico -DCMAKE_INSTALL_PREFIX=/home/bhadha/pico_ws/install/swift_pico
[0.081s] -- The C compiler identification is GNU 11.4.0
[0.150s] -- The CXX compiler identification is GNU 11.4.0
[0.159s] -- Detecting C compiler ABI info
[0.241s] -- Detecting C compiler ABI info - done
[0.251s] -- Check for working C compiler: /usr/bin/cc - skipped
[0.251s] -- Detecting C compile features
[0.252s] -- Detecting C compile features - done
[0.256s] -- Detecting CXX compiler ABI info
[0.354s] -- Detecting CXX compiler ABI info - done
[0.363s] -- Check for working CXX compiler: /usr/bin/c++ - skipped
[0.364s] -- Detecting CXX compile features
[0.364s] -- Detecting CXX compile features - done
[0.367s] -- Found ament_cmake: 1.3.14 (/opt/ros/humble/share/ament_cmake/cmake)
[0.572s] -- Found Python3: /usr/bin/python3 (found version "3.10.12") found components: Interpreter 
[0.885s] -- Configuring done
[0.890s] -- Generating done
[0.893s] -- Build files have been written to: /home/bhadha/pico_ws/build/swift_pico
[0.902s] Invoked command in '/home/bhadha/pico_ws/build/swift_pico' returned '0': AMENT_PREFIX_PATH=/home/bhadha/pico_ws/install/whycode_interfaces:/home/bhadha/pico_ws/install/swift_pico_description:/home/bhadha/pico_ws/install/swift_msgs:/home/bhadha/pico_ws/install/error_msg:/home/bhadha/pico_ws/install/controller_msg:${AMENT_PREFIX_PATH} CMAKE_PREFIX_PATH=/home/bhadha/pico_ws/install/whycode_interfaces:/home/bhadha/pico_ws/install/swift_pico_description:/home/bhadha/pico_ws/install/swift_msgs:/home/bhadha/pico_ws/install/error_msg:/home/bhadha/pico_ws/install/controller_msg:/opt/ros/humble LD_LIBRARY_PATH=/home/bhadha/pico_ws/install/whycode_interfaces/lib:/home/bhadha/pico_ws/install/swift_msgs/lib:/home/bhadha/pico_ws/install/error_msg/lib:/home/bhadha/pico_ws/install/controller_msg/lib:${LD_LIBRARY_PATH} PYTHONPATH=/home/bhadha/pico_ws/install/whycode_interfaces/local/lib/python3.10/dist-packages:/home/bhadha/pico_ws/install/swift_msgs/local/lib/python3.10/dist-packages:/home/bhadha/pico_ws/install/error_msg/local/lib/python3.10/dist-packages:/home/bhadha/pico_ws/install/controller_msg/local/lib/python3.10/dist-packages:${PYTHONPATH} /usr/bin/cmake /home/bhadha/pico_ws/src/swift_pico -DCMAKE_INSTALL_PREFIX=/home/bhadha/pico_ws/install/swift_pico
[0.907s] Invoking command in '/home/bhadha/pico_ws/build/swift_pico': AMENT_PREFIX_PATH=/home/bhadha/pico_ws/install/whycode_interfaces:/home/bhadha/pico_ws/install/swift_pico_description:/home/bhadha/pico_ws/install/swift_msgs:/home/bhadha/pico_ws/install/error_msg:/home/bhadha/pico_ws/install/controller_msg:${AMENT_PREFIX_PATH} CMAKE_PREFIX_PATH=/home/bhadha/pico_ws/install/whycode_interfaces:/home/bhadha/pico_ws/install/swift_pico_description:/home/bhadha/pico_ws/install/swift_msgs:/home/bhadha/pico_ws/install/error_msg:/home/bhadha/pico_ws/install/controller_msg:/opt/ros/humble LD_LIBRARY_PATH=/home/bhadha/pico_ws/install/whycode_interfaces/lib:/home/bhadha/pico_ws/install/swift_msgs/lib:/home/bhadha/pico_ws/install/error_msg/lib:/home/bhadha/pico_ws/install/controller_msg/lib:${LD_LIBRARY_PATH} PYTHONPATH=/home/bhadha/pico_ws/install/whycode_interfaces/local/lib/python3.10/dist-packages:/home/bhadha/pico_ws/install/swift_msgs/local/lib/python3.10/dist-packages:/home/bhadha/pico_ws/install/error_msg/local/lib/python3.10/dist-packages:/home/bhadha/pico_ws/install/controller_msg/local/lib/python3.10/dist-packages:${PYTHONPATH} /usr/bin/cmake --build /home/bhadha/pico_ws/build/swift_pico -- -j12 -l12
[0.977s] Invoked command in '/home/bhadha/pico_ws/build/swift_pico' returned '0': AMENT_PREFIX_PATH=/home/bhadha/pico_ws/install/whycode_interfaces:/home/bhadha/pico_ws/install/swift_pico_description:/home/bhadha/pico_ws/install/swift_msgs:/home/bhadha/pico_ws/install/error_msg:/home/bhadha/pico_ws/install/controller_msg:${AMENT_PREFIX_PATH} CMAKE_PREFIX_PATH=/home/bhadha/pico_ws/install/whycode_interfaces:/home/bhadha/pico_ws/install/swift_pico_description:/home/bhadha/pico_ws/install/swift_msgs:/home/bhadha/pico_ws/install/error_msg:/home/bhadha/pico_ws/install/controller_msg:/opt/ros/humble LD_LIBRARY_PATH=/home/bhadha/pico_ws/install/whycode_interfaces/lib:/home/bhadha/pico_ws/install/swift_msgs/lib:/home/bhadha/pico_ws/install/error_msg/lib:/home/bhadha/pico_ws/install/controller_msg/lib:${LD_LIBRARY_PATH} PYTHONPATH=/home/bhadha/pico_ws/install/whycode_interfaces/local/lib/python3.10/dist-packages:/home/bhadha/pico_ws/install/swift_msgs/local/lib/python3.10/dist-packages:/home/bhadha/pico_ws/install/error_msg/local/lib/python3.10/dist-packages:/home/bhadha/pico_ws/install/controller_msg/local/lib/python3.10/dist-packages:${PYTHONPATH} /usr/bin/cmake --build /home/bhadha/pico_ws/build/swift_pico -- -j12 -l12
[0.980s] Invoking command in '/home/bhadha/pico_ws/build/swift_pico': AMENT_PREFIX_PATH=/home/bhadha/pico_ws/install/whycode_interfaces:/home/bhadha/pico_ws/install/swift_pico_description:/home/bhadha/pico_ws/install/swift_msgs:/home/bhadha/pico_ws/install/error_msg:/home/bhadha/pico_ws/install/controller_msg:${AMENT_PREFIX_PATH} CMAKE_PREFIX_PATH=/home/bhadha/pico_ws/install/whycode_interfaces:/home/bhadha/pico_ws/install/swift_pico_description:/home/bhadha/pico_ws/install/swift_msgs:/home/bhadha/pico_ws/install/error_msg:/home/bhadha/pico_ws/install/controller_msg:/opt/ros/humble LD_LIBRARY_PATH=/home/bhadha/pico_ws/install/whycode_interfaces/lib:/home/bhadha/pico_ws/install/swift_msgs/lib:/home/bhadha/pico_ws/install/error_msg/lib:/home/bhadha/pico_ws/install/controller_msg/lib:${LD_LIBRARY_PATH} PYTHONPATH=/home/bhadha/pico_ws/install/whycode_interfaces/local/lib/python3.10/dist-packages:/home/bhadha/pico_ws/install/swift_msgs/local/lib/python3.10/dist-packages:/home/bhadha/pico_ws/install/error_msg/local/lib/python3.10/dist-packages:/home/bhadha/pico_ws/install/controller_msg/local/lib/python3.10/dist-packages:${PYTHONPATH} /usr/bin/cmake --install /home/bhadha/pico_ws/build/swift_pico
[0.991s] -- Install configuration: ""
[0.991s] -- Installing: /home/bhadha/pico_ws/install/swift_pico/lib/swift_pico/mujoco_bridge
[0.992s] -- Installing: /home/bhadha/pico_ws/install/swift_pico/lib/swift_pico/task_1b_controller
[0.992s] -- Installing: /home/bhadha/pico_ws/install/swift_pico/lib/swift_pico/task_1c_controller
[0.993s] -- Installing: /home/bhadha/pico_ws/install/swift_pico/share/swift_pico/launch/launch
[0.993s] -- Installing: /home/bhadha/pico_ws/install/swift_pico/share/swift_pico/launch/launch/swift_pico_simulation.launch.py
[0.994s] -- Installing: /home/bhadha/pico_ws/install/swift_pico/share/swift_pico/config/fastdds_profile.xml
[0.994s] -- Installing: /home/bhadha/pico_ws/install/swift_pico/share/ament_index/resource_index/package_run_dependencies/swift_pico
[0.994s] -- Installing: /home/bhadha/pico_ws/install/swift_pico/share/ament_index/resource_index/parent_prefix_path/swift_pico
[0.994s] -- Installing: /home/bhadha/pico_ws/install/swift_pico/share/swift_pico/environment/ament_prefix_path.sh
[0.994s] -- Installing: /home/bhadha/pico_ws/install/swift_pico/share/swift_pico/environment/ament_prefix_path.dsv
[0.995s] -- Installing: /home/bhadha/pico_ws/install/swift_pico/share/swift_pico/environment/path.sh
[0.995s] -- Installing: /home/bhadha/pico_ws/install/swift_pico/share/swift_pico/environment/path.dsv
[0.995s] -- Installing: /home/bhadha/pico_ws/install/swift_pico/share/swift_pico/local_setup.bash
[0.995s] -- Installing: /home/bhadha/pico_ws/install/swift_pico/share/swift_pico/local_setup.sh
[0.995s] -- Installing: /home/bhadha/pico_ws/install/swift_pico/share/swift_pico/local_setup.zsh
[0.996s] -- Installing: /home/bhadha/pico_ws/install/swift_pico/share/swift_pico/local_setup.dsv
[0.996s] -- Installing: /home/bhadha/pico_ws/install/swift_pico/share/swift_pico/package.dsv
[0.996s] -- Installing: /home/bhadha/pico_ws/install/swift_pico/share/ament_index/resource_index/packages/swift_pico
[0.996s] -- Installing: /home/bhadha/pico_ws/install/swift_pico/share/swift_pico/cmake/swift_picoConfig.cmake
[0.996s] -- Installing: /home/bhadha/pico_ws/install/swift_pico/share/swift_pico/cmake/swift_picoConfig-version.cmake
[0.996s] -- Installing: /home/bhadha/pico_ws/install/swift_pico/share/swift_pico/package.xml
[0.999s] Invoked command in '/home/bhadha/pico_ws/build/swift_pico' returned '0': AMENT_PREFIX_PATH=/home/bhadha/pico_ws/install/whycode_interfaces:/home/bhadha/pico_ws/install/swift_pico_description:/home/bhadha/pico_ws/install/swift_msgs:/home/bhadha/pico_ws/install/error_msg:/home/bhadha/pico_ws/install/controller_msg:${AMENT_PREFIX_PATH} CMAKE_PREFIX_PATH=/home/bhadha/pico_ws/install/whycode_interfaces:/home/bhadha/pico_ws/install/swift_pico_description:/home/bhadha/pico_ws/install/swift_msgs:/home/bhadha/pico_ws/install/error_msg:/home/bhadha/pico_ws/install/controller_msg:/opt/ros/humble LD_LIBRARY_PATH=/home/bhadha/pico_ws/install/whycode_interfaces/lib:/home/bhadha/pico_ws/install/swift_msgs/lib:/home/bhadha/pico_ws/install/error_msg/lib:/home/bhadha/pico_ws/install/controller_msg/lib:${LD_LIBRARY_PATH} PYTHONPATH=/home/bhadha/pico_ws/install/whycode_interfaces/local/lib/python3.10/dist-packages:/home/bhadha/pico_ws/install/swift_msgs/local/lib/python3.10/dist-packages:/home/bhadha/pico_ws/install/error_msg/local/lib/python3.10/dist-packages:/home/bhadha/pico_ws/install/controller_msg/local/lib/python3.10/dist-packages:${PYTHONPATH} /usr/bin/cmake --install /home/bhadha/pico_ws/build/swift_pico
