[0.027s] Invoking command in '/home/bhadha/pico_ws/build/swift_msgs': CMAKE_PREFIX_PATH=/opt/ros/humble /usr/bin/cmake /home/bhadha/pico_ws/src/rotors_simulator/swift_msgs -DCMAKE_INSTALL_PREFIX=/home/bhadha/pico_ws/install/swift_msgs
[0.165s] -- The C compiler identification is GNU 11.4.0
[0.289s] -- The CXX compiler identification is GNU 11.4.0
[0.304s] -- Detecting C compiler ABI info
[0.431s] -- Detecting C compiler ABI info - done
[0.450s] -- Check for working C compiler: /usr/bin/cc - skipped
[0.451s] -- Detecting C compile features
[0.452s] -- Detecting C compile features - done
[0.459s] -- Detecting CXX compiler ABI info
[0.605s] -- Detecting CXX compiler ABI info - done
[0.620s] -- Check for working CXX compiler: /usr/bin/c++ - skipped
[0.621s] -- Detecting CXX compile features
[0.622s] -- Detecting CXX compile features - done
[0.625s] -- Found ament_cmake: 1.3.14 (/opt/ros/humble/share/ament_cmake/cmake)
[0.953s] -- Found Python3: /usr/bin/python3 (found version "3.10.12") found components: Interpreter 
[1.149s] -- Found rosidl_default_generators: 1.2.1 (/opt/ros/humble/share/rosidl_default_generators/cmake)
[1.153s] -- Using all available rosidl_typesupport_c: rosidl_typesupport_fastrtps_c;rosidl_typesupport_introspection_c
[1.162s] -- Found rosidl_adapter: 3.1.9 (/opt/ros/humble/share/rosidl_adapter/cmake)
[1.244s] -- Using all available rosidl_typesupport_cpp: rosidl_typesupport_fastrtps_cpp;rosidl_typesupport_introspection_cpp
[1.781s] -- Found ament_cmake_ros: 0.10.0 (/opt/ros/humble/share/ament_cmake_ros/cmake)
[2.219s] -- Using all available rosidl_typesupport_c: rosidl_typesupport_fastrtps_c;rosidl_typesupport_introspection_c
[2.758s] -- Using all available rosidl_typesupport_cpp: rosidl_typesupport_fastrtps_cpp;rosidl_typesupport_introspection_cpp
[2.816s] -- Found PythonInterp: /usr/bin/python3 (found suitable version "3.10.12", minimum required is "3.6") 
[2.820s] -- Found python_cmake_module: 0.10.0 (/opt/ros/humble/share/python_cmake_module/cmake)
[2.888s] -- Found PythonLibs: /usr/lib/x86_64-linux-gnu/libpython3.10.so (found suitable version "3.10.12", minimum required is "3.5") 
[2.889s] -- Using PYTHON_EXECUTABLE: /usr/bin/python3
[2.889s] -- Using PYTHON_INCLUDE_DIRS: /usr/include/python3.10
[2.889s] -- Using PYTHON_LIBRARIES: /usr/lib/x86_64-linux-gnu/libpython3.10.so
[2.945s] -- Found PythonExtra: .so  
[3.162s] -- Found ament_lint_auto: 0.12.15 (/opt/ros/humble/share/ament_lint_auto/cmake)
[3.214s] -- Added test 'lint_cmake' to check CMake code style
[3.217s] -- Added test 'xmllint' to check XML markup files
[3.226s] -- Configuring done
[3.291s] -- Generating done
[3.312s] -- Build files have been written to: /home/bhadha/pico_ws/build/swift_msgs
[3.330s] Invoked command in '/home/bhadha/pico_ws/build/swift_msgs' returned '0': CMAKE_PREFIX_PATH=/opt/ros/humble /usr/bin/cmake /home/bhadha/pico_ws/src/rotors_simulator/swift_msgs -DCMAKE_INSTALL_PREFIX=/home/bhadha/pico_ws/install/swift_msgs
[3.334s] Invoking command in '/home/bhadha/pico_ws/build/swift_msgs': CMAKE_PREFIX_PATH=/opt/ros/humble /usr/bin/cmake --build /home/bhadha/pico_ws/build/swift_msgs -- -j12 -l12
[3.417s] [  3%] [34m[1mGenerating C code for ROS interfaces[0m
[3.443s] [  6%] [34m[1mGenerating Rust code for ROS interfaces[0m
[3.452s] [  9%] [34m[1mGenerating C++ code for ROS interfaces[0m
[3.471s] [  9%] Built target ament_cmake_python_copy_swift_msgs
[4.343s] running egg_info
[4.350s] creating swift_msgs.egg-info
[4.351s] writing swift_msgs.egg-info/PKG-INFO
[4.351s] writing dependency_links to swift_msgs.egg-info/dependency_links.txt
[4.351s] writing top-level names to swift_msgs.egg-info/top_level.txt
[4.353s] writing manifest file 'swift_msgs.egg-info/SOURCES.txt'
[4.366s] reading manifest file 'swift_msgs.egg-info/SOURCES.txt'
[4.368s] writing manifest file 'swift_msgs.egg-info/SOURCES.txt'
[4.466s] [  9%] Built target ament_cmake_python_build_swift_msgs_egg
[4.534s] [  9%] Built target swift_msgs__cpp
[4.555s] [  9%] Built target swift_msgs__rs
[4.587s] [ 12%] [34m[1mGenerating C++ introspection for ROS interfaces[0m
[4.588s] [ 15%] [34m[1mGenerating C++ type support for eProsima Fast-RTPS[0m
[4.595s] [ 18%] [34m[1mGenerating C++ type support dispatch for ROS interfaces[0m
[4.731s] [ 21%] [32mBuilding C object CMakeFiles/swift_msgs__rosidl_generator_c.dir/rosidl_generator_c/swift_msgs/msg/detail/swift_msgs__functions.c.o[0m
[5.002s] [ 25%] [32m[1mLinking C shared library libswift_msgs__rosidl_generator_c.so[0m
[5.229s] [ 25%] Built target swift_msgs__rosidl_generator_c
[5.294s] [ 28%] [34m[1mGenerating C type support for eProsima Fast-RTPS[0m
[5.317s] [ 31%] [34m[1mGenerating C introspection for ROS interfaces[0m
[5.326s] [ 34%] [34m[1mGenerating C type support dispatch for ROS interfaces[0m
[6.849s] [ 37%] [32mBuilding CXX object CMakeFiles/swift_msgs__rosidl_typesupport_introspection_cpp.dir/rosidl_typesupport_introspection_cpp/swift_msgs/msg/detail/swift_msgs__type_support.cpp.o[0m
[7.220s] [ 40%] [32mBuilding CXX object CMakeFiles/swift_msgs__rosidl_typesupport_cpp.dir/rosidl_typesupport_cpp/swift_msgs/msg/swift_msgs__type_support.cpp.o[0m
[7.726s] [ 43%] [32mBuilding CXX object CMakeFiles/swift_msgs__rosidl_typesupport_fastrtps_c.dir/rosidl_typesupport_fastrtps_c/swift_msgs/msg/detail/swift_msgs__type_support_c.cpp.o[0m
[7.792s] [ 46%] [32mBuilding CXX object CMakeFiles/swift_msgs__rosidl_typesupport_fastrtps_cpp.dir/rosidl_typesupport_fastrtps_cpp/swift_msgs/msg/detail/dds_fastrtps/swift_msgs__type_support.cpp.o[0m
[8.310s] [ 50%] [32mBuilding CXX object CMakeFiles/swift_msgs__rosidl_typesupport_c.dir/rosidl_typesupport_c/swift_msgs/msg/swift_msgs__type_support.cpp.o[0m
[8.450s] [ 53%] [32m[1mLinking CXX shared library libswift_msgs__rosidl_typesupport_c.so[0m
[8.802s] [ 53%] Built target swift_msgs__rosidl_typesupport_c
[9.033s] [ 56%] [32mBuilding C object CMakeFiles/swift_msgs__rosidl_typesupport_introspection_c.dir/rosidl_typesupport_introspection_c/swift_msgs/msg/detail/swift_msgs__type_support.c.o[0m
[9.381s] [ 59%] [32m[1mLinking C shared library libswift_msgs__rosidl_typesupport_introspection_c.so[0m
[9.585s] [ 59%] Built target swift_msgs__rosidl_typesupport_introspection_c
[10.621s] [ 62%] [32m[1mLinking CXX shared library libswift_msgs__rosidl_typesupport_fastrtps_cpp.so[0m
[10.975s] [ 65%] [32m[1mLinking CXX shared library libswift_msgs__rosidl_typesupport_introspection_cpp.so[0m
[11.231s] [ 65%] Built target swift_msgs__rosidl_typesupport_fastrtps_cpp
[11.232s] [ 68%] [32m[1mLinking CXX shared library libswift_msgs__rosidl_typesupport_cpp.so[0m
[11.374s] [ 68%] Built target swift_msgs__rosidl_typesupport_introspection_cpp
[11.540s] [ 68%] Built target swift_msgs__rosidl_typesupport_cpp
[12.299s] [ 71%] [32m[1mLinking CXX shared library libswift_msgs__rosidl_typesupport_fastrtps_c.so[0m
[12.627s] [ 71%] Built target swift_msgs__rosidl_typesupport_fastrtps_c
[12.710s] [ 71%] Built target swift_msgs
[12.813s] [ 75%] [34m[1mGenerating Python code for ROS interfaces[0m
[14.740s] [ 75%] Built target swift_msgs__py
[14.780s] [ 78%] [32mBuilding C object CMakeFiles/swift_msgs__rosidl_generator_py.dir/rosidl_generator_py/swift_msgs/msg/_swift_msgs_s.c.o[0m
[15.030s] [ 81%] [32m[1mLinking C shared library rosidl_generator_py/swift_msgs/libswift_msgs__rosidl_generator_py.so[0m
[15.118s] [ 81%] Built target swift_msgs__rosidl_generator_py
[15.174s] [ 84%] [32mBuilding C object CMakeFiles/swift_msgs__rosidl_typesupport_fastrtps_c__pyext.dir/rosidl_generator_py/swift_msgs/_swift_msgs_s.ep.rosidl_typesupport_fastrtps_c.c.o[0m
[15.175s] [ 87%] [32mBuilding C object CMakeFiles/swift_msgs__rosidl_typesupport_introspection_c__pyext.dir/rosidl_generator_py/swift_msgs/_swift_msgs_s.ep.rosidl_typesupport_introspection_c.c.o[0m
[15.180s] [ 90%] [32mBuilding C object CMakeFiles/swift_msgs__rosidl_typesupport_c__pyext.dir/rosidl_generator_py/swift_msgs/_swift_msgs_s.ep.rosidl_typesupport_c.c.o[0m
[15.578s] [ 93%] [32m[1mLinking C shared library rosidl_generator_py/swift_msgs/swift_msgs_s__rosidl_typesupport_introspection_c.cpython-310-x86_64-linux-gnu.so[0m
[15.589s] [ 96%] [32m[1mLinking C shared library rosidl_generator_py/swift_msgs/swift_msgs_s__rosidl_typesupport_fastrtps_c.cpython-310-x86_64-linux-gnu.so[0m
[15.604s] [100%] [32m[1mLinking C shared library rosidl_generator_py/swift_msgs/swift_msgs_s__rosidl_typesupport_c.cpython-310-x86_64-linux-gnu.so[0m
[15.691s] [100%] Built target swift_msgs__rosidl_typesupport_introspection_c__pyext
[15.709s] [100%] Built target swift_msgs__rosidl_typesupport_c__pyext
[15.713s] [100%] Built target swift_msgs__rosidl_typesupport_fastrtps_c__pyext
[15.783s] Invoked command in '/home/bhadha/pico_ws/build/swift_msgs' returned '0': CMAKE_PREFIX_PATH=/opt/ros/humble /usr/bin/cmake --build /home/bhadha/pico_ws/build/swift_msgs -- -j12 -l12
[15.791s] Invoking command in '/home/bhadha/pico_ws/build/swift_msgs': CMAKE_PREFIX_PATH=/opt/ros/humble /usr/bin/cmake --install /home/bhadha/pico_ws/build/swift_msgs
[15.815s] -- Install configuration: ""
[15.816s] -- Installing: /home/bhadha/pico_ws/install/swift_msgs/share/ament_index/resource_index/rosidl_interfaces/swift_msgs
[15.817s] -- Installing: /home/bhadha/pico_ws/install/swift_msgs/include/swift_msgs/swift_msgs
[15.817s] -- Installing: /home/bhadha/pico_ws/install/swift_msgs/include/swift_msgs/swift_msgs/msg
[15.817s] -- Installing: /home/bhadha/pico_ws/install/swift_msgs/include/swift_msgs/swift_msgs/msg/swift_msgs.h
[15.818s] -- Installing: /home/bhadha/pico_ws/install/swift_msgs/include/swift_msgs/swift_msgs/msg/detail
[15.819s] -- Installing: /home/bhadha/pico_ws/install/swift_msgs/include/swift_msgs/swift_msgs/msg/detail/swift_msgs__type_support.h
[15.820s] -- Installing: /home/bhadha/pico_ws/install/swift_msgs/include/swift_msgs/swift_msgs/msg/detail/swift_msgs__struct.h
[15.823s] -- Installing: /home/bhadha/pico_ws/install/swift_msgs/include/swift_msgs/swift_msgs/msg/detail/swift_msgs__functions.h
[15.824s] -- Installing: /home/bhadha/pico_ws/install/swift_msgs/include/swift_msgs/swift_msgs/msg/detail/swift_msgs__functions.c
[15.824s] -- Installing: /home/bhadha/pico_ws/install/swift_msgs/include/swift_msgs/swift_msgs/msg/rosidl_generator_c__visibility_control.h
[15.824s] -- Installing: /home/bhadha/pico_ws/install/swift_msgs/share/swift_msgs/environment/library_path.sh
[15.828s] -- Installing: /home/bhadha/pico_ws/install/swift_msgs/share/swift_msgs/environment/library_path.dsv
[15.829s] -- Installing: /home/bhadha/pico_ws/install/swift_msgs/lib/libswift_msgs__rosidl_generator_c.so
[15.829s] -- Set runtime path of "/home/bhadha/pico_ws/install/swift_msgs/lib/libswift_msgs__rosidl_generator_c.so" to ""
[15.832s] -- Up-to-date: /home/bhadha/pico_ws/install/swift_msgs/include/swift_msgs/swift_msgs
[15.834s] -- Up-to-date: /home/bhadha/pico_ws/install/swift_msgs/include/swift_msgs/swift_msgs/msg
[15.837s] -- Up-to-date: /home/bhadha/pico_ws/install/swift_msgs/include/swift_msgs/swift_msgs/msg/detail
[15.838s] -- Installing: /home/bhadha/pico_ws/install/swift_msgs/include/swift_msgs/swift_msgs/msg/detail/swift_msgs__rosidl_typesupport_fastrtps_c.h
[15.838s] -- Installing: /home/bhadha/pico_ws/install/swift_msgs/include/swift_msgs/swift_msgs/msg/rosidl_typesupport_fastrtps_c__visibility_control.h
[15.838s] -- Installing: /home/bhadha/pico_ws/install/swift_msgs/lib/libswift_msgs__rosidl_typesupport_fastrtps_c.so
[15.838s] -- Set runtime path of "/home/bhadha/pico_ws/install/swift_msgs/lib/libswift_msgs__rosidl_typesupport_fastrtps_c.so" to ""
[15.839s] -- Up-to-date: /home/bhadha/pico_ws/install/swift_msgs/include/swift_msgs/swift_msgs
[15.839s] -- Up-to-date: /home/bhadha/pico_ws/install/swift_msgs/include/swift_msgs/swift_msgs/msg
[15.840s] -- Up-to-date: /home/bhadha/pico_ws/install/swift_msgs/include/swift_msgs/swift_msgs/msg/detail
[15.852s] -- Installing: /home/bhadha/pico_ws/install/swift_msgs/include/swift_msgs/swift_msgs/msg/detail/swift_msgs__rosidl_typesupport_introspection_c.h
[15.853s] -- Installing: /home/bhadha/pico_ws/install/swift_msgs/include/swift_msgs/swift_msgs/msg/detail/swift_msgs__type_support.c
[15.853s] -- Installing: /home/bhadha/pico_ws/install/swift_msgs/include/swift_msgs/swift_msgs/msg/rosidl_typesupport_introspection_c__visibility_control.h
[15.854s] -- Installing: /home/bhadha/pico_ws/install/swift_msgs/lib/libswift_msgs__rosidl_typesupport_introspection_c.so
[15.854s] -- Set runtime path of "/home/bhadha/pico_ws/install/swift_msgs/lib/libswift_msgs__rosidl_typesupport_introspection_c.so" to ""
[15.857s] -- Installing: /home/bhadha/pico_ws/install/swift_msgs/lib/libswift_msgs__rosidl_typesupport_c.so
[15.858s] -- Set runtime path of "/home/bhadha/pico_ws/install/swift_msgs/lib/libswift_msgs__rosidl_typesupport_c.so" to ""
[15.858s] -- Up-to-date: /home/bhadha/pico_ws/install/swift_msgs/include/swift_msgs/swift_msgs
[15.860s] -- Up-to-date: /home/bhadha/pico_ws/install/swift_msgs/include/swift_msgs/swift_msgs/msg
[15.861s] -- Up-to-date: /home/bhadha/pico_ws/install/swift_msgs/include/swift_msgs/swift_msgs/msg/detail
[15.861s] -- Installing: /home/bhadha/pico_ws/install/swift_msgs/include/swift_msgs/swift_msgs/msg/detail/swift_msgs__type_support.hpp
[15.861s] -- Installing: /home/bhadha/pico_ws/install/swift_msgs/include/swift_msgs/swift_msgs/msg/detail/swift_msgs__struct.hpp
[15.861s] -- Installing: /home/bhadha/pico_ws/install/swift_msgs/include/swift_msgs/swift_msgs/msg/detail/swift_msgs__builder.hpp
[15.861s] -- Installing: /home/bhadha/pico_ws/install/swift_msgs/include/swift_msgs/swift_msgs/msg/detail/swift_msgs__traits.hpp
[15.862s] -- Installing: /home/bhadha/pico_ws/install/swift_msgs/include/swift_msgs/swift_msgs/msg/rosidl_generator_cpp__visibility_control.hpp
[15.862s] -- Installing: /home/bhadha/pico_ws/install/swift_msgs/include/swift_msgs/swift_msgs/msg/swift_msgs.hpp
[15.862s] -- Up-to-date: /home/bhadha/pico_ws/install/swift_msgs/include/swift_msgs/swift_msgs
[15.862s] -- Up-to-date: /home/bhadha/pico_ws/install/swift_msgs/include/swift_msgs/swift_msgs/msg
[15.862s] -- Installing: /home/bhadha/pico_ws/install/swift_msgs/include/swift_msgs/swift_msgs/msg/rosidl_typesupport_fastrtps_cpp__visibility_control.h
[15.862s] -- Up-to-date: /home/bhadha/pico_ws/install/swift_msgs/include/swift_msgs/swift_msgs/msg/detail
[15.863s] -- Installing: /home/bhadha/pico_ws/install/swift_msgs/include/swift_msgs/swift_msgs/msg/detail/dds_fastrtps
[15.863s] -- Installing: /home/bhadha/pico_ws/install/swift_msgs/include/swift_msgs/swift_msgs/msg/detail/swift_msgs__rosidl_typesupport_fastrtps_cpp.hpp
[15.867s] -- Installing: /home/bhadha/pico_ws/install/swift_msgs/lib/libswift_msgs__rosidl_typesupport_fastrtps_cpp.so
[15.868s] -- Set runtime path of "/home/bhadha/pico_ws/install/swift_msgs/lib/libswift_msgs__rosidl_typesupport_fastrtps_cpp.so" to ""
[15.869s] -- Up-to-date: /home/bhadha/pico_ws/install/swift_msgs/include/swift_msgs/swift_msgs
[15.869s] -- Up-to-date: /home/bhadha/pico_ws/install/swift_msgs/include/swift_msgs/swift_msgs/msg
[15.869s] -- Up-to-date: /home/bhadha/pico_ws/install/swift_msgs/include/swift_msgs/swift_msgs/msg/detail
[15.869s] -- Installing: /home/bhadha/pico_ws/install/swift_msgs/include/swift_msgs/swift_msgs/msg/detail/swift_msgs__type_support.cpp
[15.870s] -- Installing: /home/bhadha/pico_ws/install/swift_msgs/include/swift_msgs/swift_msgs/msg/detail/swift_msgs__rosidl_typesupport_introspection_cpp.hpp
[15.870s] -- Installing: /home/bhadha/pico_ws/install/swift_msgs/lib/libswift_msgs__rosidl_typesupport_introspection_cpp.so
[15.870s] -- Set runtime path of "/home/bhadha/pico_ws/install/swift_msgs/lib/libswift_msgs__rosidl_typesupport_introspection_cpp.so" to ""
[15.874s] -- Installing: /home/bhadha/pico_ws/install/swift_msgs/lib/libswift_msgs__rosidl_typesupport_cpp.so
[15.875s] -- Set runtime path of "/home/bhadha/pico_ws/install/swift_msgs/lib/libswift_msgs__rosidl_typesupport_cpp.so" to ""
[15.875s] -- Installing: /home/bhadha/pico_ws/install/swift_msgs/share/swift_msgs/environment/pythonpath.sh
[15.875s] -- Installing: /home/bhadha/pico_ws/install/swift_msgs/share/swift_msgs/environment/pythonpath.dsv
[15.875s] -- Installing: /home/bhadha/pico_ws/install/swift_msgs/local/lib/python3.10/dist-packages/swift_msgs-0.0.0-py3.10.egg-info
[15.876s] -- Installing: /home/bhadha/pico_ws/install/swift_msgs/local/lib/python3.10/dist-packages/swift_msgs-0.0.0-py3.10.egg-info/SOURCES.txt
[15.876s] -- Installing: /home/bhadha/pico_ws/install/swift_msgs/local/lib/python3.10/dist-packages/swift_msgs-0.0.0-py3.10.egg-info/PKG-INFO
[15.876s] -- Installing: /home/bhadha/pico_ws/install/swift_msgs/local/lib/python3.10/dist-packages/swift_msgs-0.0.0-py3.10.egg-info/top_level.txt
[15.876s] -- Installing: /home/bhadha/pico_ws/install/swift_msgs/local/lib/python3.10/dist-packages/swift_msgs-0.0.0-py3.10.egg-info/dependency_links.txt
[15.876s] -- Installing: /home/bhadha/pico_ws/install/swift_msgs/local/lib/python3.10/dist-packages/swift_msgs
[15.877s] -- Installing: /home/bhadha/pico_ws/install/swift_msgs/local/lib/python3.10/dist-packages/swift_msgs/swift_msgs_s__rosidl_typesupport_introspection_c.cpython-310-x86_64-linux-gnu.so
[15.877s] -- Installing: /home/bhadha/pico_ws/install/swift_msgs/local/lib/python3.10/dist-packages/swift_msgs/msg
[15.881s] -- Installing: /home/bhadha/pico_ws/install/swift_msgs/local/lib/python3.10/dist-packages/swift_msgs/msg/_swift_msgs_s.c
[15.882s] -- Installing: /home/bhadha/pico_ws/install/swift_msgs/local/lib/python3.10/dist-packages/swift_msgs/msg/__init__.py
[15.883s] -- Installing: /home/bhadha/pico_ws/install/swift_msgs/local/lib/python3.10/dist-packages/swift_msgs/msg/_swift_msgs.py
[15.884s] -- Installing: /home/bhadha/pico_ws/install/swift_msgs/local/lib/python3.10/dist-packages/swift_msgs/libswift_msgs__rosidl_generator_py.so
[15.884s] -- Installing: /home/bhadha/pico_ws/install/swift_msgs/local/lib/python3.10/dist-packages/swift_msgs/swift_msgs_s__rosidl_typesupport_fastrtps_c.cpython-310-x86_64-linux-gnu.so
[15.888s] -- Installing: /home/bhadha/pico_ws/install/swift_msgs/local/lib/python3.10/dist-packages/swift_msgs/__init__.py
[15.889s] -- Installing: /home/bhadha/pico_ws/install/swift_msgs/local/lib/python3.10/dist-packages/swift_msgs/_swift_msgs_s.ep.rosidl_typesupport_introspection_c.c
[15.889s] -- Installing: /home/bhadha/pico_ws/install/swift_msgs/local/lib/python3.10/dist-packages/swift_msgs/_swift_msgs_s.ep.rosidl_typesupport_fastrtps_c.c
[15.889s] -- Installing: /home/bhadha/pico_ws/install/swift_msgs/local/lib/python3.10/dist-packages/swift_msgs/swift_msgs_s__rosidl_typesupport_c.cpython-310-x86_64-linux-gnu.so
[15.889s] -- Installing: /home/bhadha/pico_ws/install/swift_msgs/local/lib/python3.10/dist-packages/swift_msgs/_swift_msgs_s.ep.rosidl_typesupport_c.c
[16.056s] Listing '/home/bhadha/pico_ws/install/swift_msgs/local/lib/python3.10/dist-packages/swift_msgs'...
[16.056s] Compiling '/home/bhadha/pico_ws/install/swift_msgs/local/lib/python3.10/dist-packages/swift_msgs/__init__.py'...
[16.056s] Listing '/home/bhadha/pico_ws/install/swift_msgs/local/lib/python3.10/dist-packages/swift_msgs/msg'...
[16.057s] Compiling '/home/bhadha/pico_ws/install/swift_msgs/local/lib/python3.10/dist-packages/swift_msgs/msg/__init__.py'...
[16.057s] Compiling '/home/bhadha/pico_ws/install/swift_msgs/local/lib/python3.10/dist-packages/swift_msgs/msg/_swift_msgs.py'...
[16.078s] -- Installing: /home/bhadha/pico_ws/install/swift_msgs/local/lib/python3.10/dist-packages/swift_msgs/swift_msgs_s__rosidl_typesupport_fastrtps_c.cpython-310-x86_64-linux-gnu.so
[16.078s] -- Set runtime path of "/home/bhadha/pico_ws/install/swift_msgs/local/lib/python3.10/dist-packages/swift_msgs/swift_msgs_s__rosidl_typesupport_fastrtps_c.cpython-310-x86_64-linux-gnu.so" to ""
[16.080s] -- Installing: /home/bhadha/pico_ws/install/swift_msgs/local/lib/python3.10/dist-packages/swift_msgs/swift_msgs_s__rosidl_typesupport_introspection_c.cpython-310-x86_64-linux-gnu.so
[16.080s] -- Set runtime path of "/home/bhadha/pico_ws/install/swift_msgs/local/lib/python3.10/dist-packages/swift_msgs/swift_msgs_s__rosidl_typesupport_introspection_c.cpython-310-x86_64-linux-gnu.so" to ""
[16.081s] -- Installing: /home/bhadha/pico_ws/install/swift_msgs/local/lib/python3.10/dist-packages/swift_msgs/swift_msgs_s__rosidl_typesupport_c.cpython-310-x86_64-linux-gnu.so
[16.081s] -- Set runtime path of "/home/bhadha/pico_ws/install/swift_msgs/local/lib/python3.10/dist-packages/swift_msgs/swift_msgs_s__rosidl_typesupport_c.cpython-310-x86_64-linux-gnu.so" to ""
[16.081s] -- Installing: /home/bhadha/pico_ws/install/swift_msgs/lib/libswift_msgs__rosidl_generator_py.so
[16.082s] -- Set runtime path of "/home/bhadha/pico_ws/install/swift_msgs/lib/libswift_msgs__rosidl_generator_py.so" to ""
[16.083s] -- Installing: /home/bhadha/pico_ws/install/swift_msgs/share/ament_index/resource_index/rust_packages/swift_msgs
[16.083s] -- Installing: /home/bhadha/pico_ws/install/swift_msgs/share/swift_msgs/rust
[16.084s] -- Installing: /home/bhadha/pico_ws/install/swift_msgs/share/swift_msgs/rust/build.rs
[16.084s] -- Installing: /home/bhadha/pico_ws/install/swift_msgs/share/swift_msgs/rust/src
[16.085s] -- Installing: /home/bhadha/pico_ws/install/swift_msgs/share/swift_msgs/rust/src/msg
[16.085s] -- Installing: /home/bhadha/pico_ws/install/swift_msgs/share/swift_msgs/rust/src/msg/rmw.rs
[16.085s] -- Installing: /home/bhadha/pico_ws/install/swift_msgs/share/swift_msgs/rust/src/lib.rs
[16.086s] -- Installing: /home/bhadha/pico_ws/install/swift_msgs/share/swift_msgs/rust/src/msg.rs
[16.086s] -- Installing: /home/bhadha/pico_ws/install/swift_msgs/share/swift_msgs/rust/Cargo.toml
[16.090s] -- Installing: /home/bhadha/pico_ws/install/swift_msgs/share/swift_msgs/msg/SwiftMsgs.idl
[16.092s] -- Installing: /home/bhadha/pico_ws/install/swift_msgs/share/swift_msgs/msg/SwiftMsgs.msg
[16.092s] -- Installing: /home/bhadha/pico_ws/install/swift_msgs/share/ament_index/resource_index/package_run_dependencies/swift_msgs
[16.093s] -- Installing: /home/bhadha/pico_ws/install/swift_msgs/share/ament_index/resource_index/parent_prefix_path/swift_msgs
[16.093s] -- Installing: /home/bhadha/pico_ws/install/swift_msgs/share/swift_msgs/environment/ament_prefix_path.sh
[16.094s] -- Installing: /home/bhadha/pico_ws/install/swift_msgs/share/swift_msgs/environment/ament_prefix_path.dsv
[16.095s] -- Installing: /home/bhadha/pico_ws/install/swift_msgs/share/swift_msgs/environment/path.sh
[16.096s] -- Installing: /home/bhadha/pico_ws/install/swift_msgs/share/swift_msgs/environment/path.dsv
[16.097s] -- Installing: /home/bhadha/pico_ws/install/swift_msgs/share/swift_msgs/local_setup.bash
[16.097s] -- Installing: /home/bhadha/pico_ws/install/swift_msgs/share/swift_msgs/local_setup.sh
[16.100s] -- Installing: /home/bhadha/pico_ws/install/swift_msgs/share/swift_msgs/local_setup.zsh
[16.101s] -- Installing: /home/bhadha/pico_ws/install/swift_msgs/share/swift_msgs/local_setup.dsv
[16.102s] -- Installing: /home/bhadha/pico_ws/install/swift_msgs/share/swift_msgs/package.dsv
[16.103s] -- Installing: /home/bhadha/pico_ws/install/swift_msgs/share/ament_index/resource_index/packages/swift_msgs
[16.103s] -- Installing: /home/bhadha/pico_ws/install/swift_msgs/share/swift_msgs/cmake/export_swift_msgs__rosidl_generator_cExport.cmake
[16.105s] -- Installing: /home/bhadha/pico_ws/install/swift_msgs/share/swift_msgs/cmake/export_swift_msgs__rosidl_generator_cExport-noconfig.cmake
[16.105s] -- Installing: /home/bhadha/pico_ws/install/swift_msgs/share/swift_msgs/cmake/export_swift_msgs__rosidl_typesupport_fastrtps_cExport.cmake
[16.106s] -- Installing: /home/bhadha/pico_ws/install/swift_msgs/share/swift_msgs/cmake/export_swift_msgs__rosidl_typesupport_fastrtps_cExport-noconfig.cmake
[16.106s] -- Installing: /home/bhadha/pico_ws/install/swift_msgs/share/swift_msgs/cmake/swift_msgs__rosidl_typesupport_introspection_cExport.cmake
[16.106s] -- Installing: /home/bhadha/pico_ws/install/swift_msgs/share/swift_msgs/cmake/swift_msgs__rosidl_typesupport_introspection_cExport-noconfig.cmake
[16.106s] -- Installing: /home/bhadha/pico_ws/install/swift_msgs/share/swift_msgs/cmake/swift_msgs__rosidl_typesupport_cExport.cmake
[16.107s] -- Installing: /home/bhadha/pico_ws/install/swift_msgs/share/swift_msgs/cmake/swift_msgs__rosidl_typesupport_cExport-noconfig.cmake
[16.107s] -- Installing: /home/bhadha/pico_ws/install/swift_msgs/share/swift_msgs/cmake/export_swift_msgs__rosidl_generator_cppExport.cmake
[16.108s] -- Installing: /home/bhadha/pico_ws/install/swift_msgs/share/swift_msgs/cmake/export_swift_msgs__rosidl_typesupport_fastrtps_cppExport.cmake
[16.108s] -- Installing: /home/bhadha/pico_ws/install/swift_msgs/share/swift_msgs/cmake/export_swift_msgs__rosidl_typesupport_fastrtps_cppExport-noconfig.cmake
[16.109s] -- Installing: /home/bhadha/pico_ws/install/swift_msgs/share/swift_msgs/cmake/swift_msgs__rosidl_typesupport_introspection_cppExport.cmake
[16.109s] -- Installing: /home/bhadha/pico_ws/install/swift_msgs/share/swift_msgs/cmake/swift_msgs__rosidl_typesupport_introspection_cppExport-noconfig.cmake
[16.109s] -- Installing: /home/bhadha/pico_ws/install/swift_msgs/share/swift_msgs/cmake/swift_msgs__rosidl_typesupport_cppExport.cmake
[16.109s] -- Installing: /home/bhadha/pico_ws/install/swift_msgs/share/swift_msgs/cmake/swift_msgs__rosidl_typesupport_cppExport-noconfig.cmake
[16.109s] -- Installing: /home/bhadha/pico_ws/install/swift_msgs/share/swift_msgs/cmake/export_swift_msgs__rosidl_generator_pyExport.cmake
[16.112s] -- Installing: /home/bhadha/pico_ws/install/swift_msgs/share/swift_msgs/cmake/export_swift_msgs__rosidl_generator_pyExport-noconfig.cmake
[16.112s] -- Installing: /home/bhadha/pico_ws/install/swift_msgs/share/swift_msgs/cmake/rosidl_cmake-extras.cmake
[16.112s] -- Installing: /home/bhadha/pico_ws/install/swift_msgs/share/swift_msgs/cmake/ament_cmake_export_include_directories-extras.cmake
[16.112s] -- Installing: /home/bhadha/pico_ws/install/swift_msgs/share/swift_msgs/cmake/ament_cmake_export_libraries-extras.cmake
[16.112s] -- Installing: /home/bhadha/pico_ws/install/swift_msgs/share/swift_msgs/cmake/ament_cmake_export_targets-extras.cmake
[16.112s] -- Installing: /home/bhadha/pico_ws/install/swift_msgs/share/swift_msgs/cmake/rosidl_cmake_export_typesupport_targets-extras.cmake
[16.113s] -- Installing: /home/bhadha/pico_ws/install/swift_msgs/share/swift_msgs/cmake/ament_cmake_export_dependencies-extras.cmake
[16.113s] -- Installing: /home/bhadha/pico_ws/install/swift_msgs/share/swift_msgs/cmake/rosidl_cmake_export_typesupport_libraries-extras.cmake
[16.115s] -- Installing: /home/bhadha/pico_ws/install/swift_msgs/share/swift_msgs/cmake/rosidl_cmake_aggregate_target-extras.cmake
[16.117s] -- Installing: /home/bhadha/pico_ws/install/swift_msgs/share/swift_msgs/cmake/swift_msgsConfig.cmake
[16.117s] -- Installing: /home/bhadha/pico_ws/install/swift_msgs/share/swift_msgs/cmake/swift_msgsConfig-version.cmake
[16.118s] -- Installing: /home/bhadha/pico_ws/install/swift_msgs/share/swift_msgs/package.xml
[16.124s] Invoked command in '/home/bhadha/pico_ws/build/swift_msgs' returned '0': CMAKE_PREFIX_PATH=/opt/ros/humble /usr/bin/cmake --install /home/bhadha/pico_ws/build/swift_msgs
