-- The C compiler identification is GNU 11.4.0
-- The CXX compiler identification is GNU 11.4.0
-- Detecting C compiler ABI info
-- Detecting C compiler ABI info - done
-- Check for working C compiler: /usr/bin/cc - skipped
-- Detecting C compile features
-- Detecting C compile features - done
-- Detecting CXX compiler ABI info
-- Detecting CXX compiler ABI info - done
-- Check for working CXX compiler: /usr/bin/c++ - skipped
-- Detecting CXX compile features
-- Detecting CXX compile features - done
-- Found ament_cmake: 1.3.14 (/opt/ros/humble/share/ament_cmake/cmake)
-- Found Python3: /usr/bin/python3 (found version "3.10.12") found components: Interpreter 
-- Found mav_msgs: 3.3.3 (/home/bhadha/pico_ws/install/mav_msgs/share/mav_msgs/cmake)
-- Found rosidl_generator_c: 3.1.9 (/opt/ros/humble/share/rosidl_generator_c/cmake)
-- Found rosidl_adapter: 3.1.9 (/opt/ros/humble/share/rosidl_adapter/cmake)
-- Found rosidl_generator_cpp: 3.1.9 (/opt/ros/humble/share/rosidl_generator_cpp/cmake)
-- Using all available rosidl_typesupport_c: rosidl_typesupport_fastrtps_c;rosidl_typesupport_introspection_c
-- Using all available rosidl_typesupport_cpp: rosidl_typesupport_fastrtps_cpp;rosidl_typesupport_introspection_cpp
-- Found mav_planning_msgs: 3.3.3 (/home/bhadha/pico_ws/install/mav_planning_msgs/share/mav_planning_msgs/cmake)
-- Found mav_state_machine_msgs: 0.0.0 (/home/bhadha/pico_ws/install/mav_state_machine_msgs/share/mav_state_machine_msgs/cmake)
-- Found mav_system_msgs: 0.0.0 (/home/bhadha/pico_ws/install/mav_system_msgs/share/mav_system_msgs/cmake)
-- Configuring done
-- Generating done
-- Build files have been written to: /home/bhadha/pico_ws/build/mav_comm
-- Install configuration: ""
-- Installing: /home/bhadha/pico_ws/install/mav_comm/share/ament_index/resource_index/package_run_dependencies/mav_comm
-- Installing: /home/bhadha/pico_ws/install/mav_comm/share/ament_index/resource_index/parent_prefix_path/mav_comm
-- Installing: /home/bhadha/pico_ws/install/mav_comm/share/mav_comm/environment/ament_prefix_path.sh
-- Installing: /home/bhadha/pico_ws/install/mav_comm/share/mav_comm/environment/ament_prefix_path.dsv
-- Installing: /home/bhadha/pico_ws/install/mav_comm/share/mav_comm/environment/path.sh
-- Installing: /home/bhadha/pico_ws/install/mav_comm/share/mav_comm/environment/path.dsv
-- Installing: /home/bhadha/pico_ws/install/mav_comm/share/mav_comm/local_setup.bash
-- Installing: /home/bhadha/pico_ws/install/mav_comm/share/mav_comm/local_setup.sh
-- Installing: /home/bhadha/pico_ws/install/mav_comm/share/mav_comm/local_setup.zsh
-- Installing: /home/bhadha/pico_ws/install/mav_comm/share/mav_comm/local_setup.dsv
-- Installing: /home/bhadha/pico_ws/install/mav_comm/share/mav_comm/package.dsv
-- Installing: /home/bhadha/pico_ws/install/mav_comm/share/ament_index/resource_index/packages/mav_comm
-- Installing: /home/bhadha/pico_ws/install/mav_comm/share/mav_comm/cmake/mav_commConfig.cmake
-- Installing: /home/bhadha/pico_ws/install/mav_comm/share/mav_comm/cmake/mav_commConfig-version.cmake
-- Installing: /home/bhadha/pico_ws/install/mav_comm/share/mav_comm/package.xml
