[0.016s] Invoking command in '/home/bhadha/pico_ws/build/mav_comm': AMENT_PREFIX_PATH=/home/bhadha/pico_ws/install/mav_planning_msgs:/home/bhadha/pico_ws/install/mav_system_msgs:/home/bhadha/pico_ws/install/mav_state_machine_msgs:/home/bhadha/pico_ws/install/mav_msgs:${AMENT_PREFIX_PATH} CMAKE_PREFIX_PATH=/home/bhadha/pico_ws/install/mav_planning_msgs:/home/bhadha/pico_ws/install/mav_system_msgs:/home/bhadha/pico_ws/install/mav_state_machine_msgs:/home/bhadha/pico_ws/install/mav_msgs:/opt/ros/humble LD_LIBRARY_PATH=/home/bhadha/pico_ws/install/mav_planning_msgs/lib:/home/bhadha/pico_ws/install/mav_system_msgs/lib:/home/bhadha/pico_ws/install/mav_state_machine_msgs/lib:/home/bhadha/pico_ws/install/mav_msgs/lib:${LD_LIBRARY_PATH} PYTHONPATH=/home/bhadha/pico_ws/install/mav_planning_msgs/local/lib/python3.10/dist-packages:/home/bhadha/pico_ws/install/mav_msgs/local/lib/python3.10/dist-packages:${PYTHONPATH} /usr/bin/cmake /home/bhadha/pico_ws/src/mav_comm/mav_comm -DCMAKE_INSTALL_PREFIX=/home/bhadha/pico_ws/install/mav_comm
[0.081s] -- The C compiler identification is GNU 11.4.0
[0.146s] -- The CXX compiler identification is GNU 11.4.0
[0.154s] -- Detecting C compiler ABI info
[0.232s] -- Detecting C compiler ABI info - done
[0.240s] -- Check for working C compiler: /usr/bin/cc - skipped
[0.240s] -- Detecting C compile features
[0.241s] -- Detecting C compile features - done
[0.244s] -- Detecting CXX compiler ABI info
[0.334s] -- Detecting CXX compiler ABI info - done
[0.343s] -- Check for working CXX compiler: /usr/bin/c++ - skipped
[0.343s] -- Detecting CXX compile features
[0.343s] -- Detecting CXX compile features - done
[0.346s] -- Found ament_cmake: 1.3.14 (/opt/ros/humble/share/ament_cmake/cmake)
[0.518s] -- Found Python3: /usr/bin/python3 (found version "3.10.12") found components: Interpreter 
[0.613s] -- Found mav_msgs: 3.3.3 (/home/bhadha/pico_ws/install/mav_msgs/share/mav_msgs/cmake)
[0.650s] -- Found rosidl_generator_c: 3.1.9 (/opt/ros/humble/share/rosidl_generator_c/cmake)
[0.655s] -- Found rosidl_adapter: 3.1.9 (/opt/ros/humble/share/rosidl_adapter/cmake)
[0.665s] -- Found rosidl_generator_cpp: 3.1.9 (/opt/ros/humble/share/rosidl_generator_cpp/cmake)
[0.678s] -- Using all available rosidl_typesupport_c: rosidl_typesupport_fastrtps_c;rosidl_typesupport_introspection_c
[0.695s] -- Using all available rosidl_typesupport_cpp: rosidl_typesupport_fastrtps_cpp;rosidl_typesupport_introspection_cpp
[0.800s] -- Found mav_planning_msgs: 3.3.3 (/home/bhadha/pico_ws/install/mav_planning_msgs/share/mav_planning_msgs/cmake)
[0.844s] -- Found mav_state_machine_msgs: 0.0.0 (/home/bhadha/pico_ws/install/mav_state_machine_msgs/share/mav_state_machine_msgs/cmake)
[0.857s] -- Found mav_system_msgs: 0.0.0 (/home/bhadha/pico_ws/install/mav_system_msgs/share/mav_system_msgs/cmake)
[0.944s] -- Configuring done
[0.948s] -- Generating done
[0.950s] -- Build files have been written to: /home/bhadha/pico_ws/build/mav_comm
[0.958s] Invoked command in '/home/bhadha/pico_ws/build/mav_comm' returned '0': AMENT_PREFIX_PATH=/home/bhadha/pico_ws/install/mav_planning_msgs:/home/bhadha/pico_ws/install/mav_system_msgs:/home/bhadha/pico_ws/install/mav_state_machine_msgs:/home/bhadha/pico_ws/install/mav_msgs:${AMENT_PREFIX_PATH} CMAKE_PREFIX_PATH=/home/bhadha/pico_ws/install/mav_planning_msgs:/home/bhadha/pico_ws/install/mav_system_msgs:/home/bhadha/pico_ws/install/mav_state_machine_msgs:/home/bhadha/pico_ws/install/mav_msgs:/opt/ros/humble LD_LIBRARY_PATH=/home/bhadha/pico_ws/install/mav_planning_msgs/lib:/home/bhadha/pico_ws/install/mav_system_msgs/lib:/home/bhadha/pico_ws/install/mav_state_machine_msgs/lib:/home/bhadha/pico_ws/install/mav_msgs/lib:${LD_LIBRARY_PATH} PYTHONPATH=/home/bhadha/pico_ws/install/mav_planning_msgs/local/lib/python3.10/dist-packages:/home/bhadha/pico_ws/install/mav_msgs/local/lib/python3.10/dist-packages:${PYTHONPATH} /usr/bin/cmake /home/bhadha/pico_ws/src/mav_comm/mav_comm -DCMAKE_INSTALL_PREFIX=/home/bhadha/pico_ws/install/mav_comm
[0.961s] Invoking command in '/home/bhadha/pico_ws/build/mav_comm': AMENT_PREFIX_PATH=/home/bhadha/pico_ws/install/mav_planning_msgs:/home/bhadha/pico_ws/install/mav_system_msgs:/home/bhadha/pico_ws/install/mav_state_machine_msgs:/home/bhadha/pico_ws/install/mav_msgs:${AMENT_PREFIX_PATH} CMAKE_PREFIX_PATH=/home/bhadha/pico_ws/install/mav_planning_msgs:/home/bhadha/pico_ws/install/mav_system_msgs:/home/bhadha/pico_ws/install/mav_state_machine_msgs:/home/bhadha/pico_ws/install/mav_msgs:/opt/ros/humble LD_LIBRARY_PATH=/home/bhadha/pico_ws/install/mav_planning_msgs/lib:/home/bhadha/pico_ws/install/mav_system_msgs/lib:/home/bhadha/pico_ws/install/mav_state_machine_msgs/lib:/home/bhadha/pico_ws/install/mav_msgs/lib:${LD_LIBRARY_PATH} PYTHONPATH=/home/bhadha/pico_ws/install/mav_planning_msgs/local/lib/python3.10/dist-packages:/home/bhadha/pico_ws/install/mav_msgs/local/lib/python3.10/dist-packages:${PYTHONPATH} /usr/bin/cmake --build /home/bhadha/pico_ws/build/mav_comm -- -j12 -l12
[1.004s] Invoked command in '/home/bhadha/pico_ws/build/mav_comm' returned '0': AMENT_PREFIX_PATH=/home/bhadha/pico_ws/install/mav_planning_msgs:/home/bhadha/pico_ws/install/mav_system_msgs:/home/bhadha/pico_ws/install/mav_state_machine_msgs:/home/bhadha/pico_ws/install/mav_msgs:${AMENT_PREFIX_PATH} CMAKE_PREFIX_PATH=/home/bhadha/pico_ws/install/mav_planning_msgs:/home/bhadha/pico_ws/install/mav_system_msgs:/home/bhadha/pico_ws/install/mav_state_machine_msgs:/home/bhadha/pico_ws/install/mav_msgs:/opt/ros/humble LD_LIBRARY_PATH=/home/bhadha/pico_ws/install/mav_planning_msgs/lib:/home/bhadha/pico_ws/install/mav_system_msgs/lib:/home/bhadha/pico_ws/install/mav_state_machine_msgs/lib:/home/bhadha/pico_ws/install/mav_msgs/lib:${LD_LIBRARY_PATH} PYTHONPATH=/home/bhadha/pico_ws/install/mav_planning_msgs/local/lib/python3.10/dist-packages:/home/bhadha/pico_ws/install/mav_msgs/local/lib/python3.10/dist-packages:${PYTHONPATH} /usr/bin/cmake --build /home/bhadha/pico_ws/build/mav_comm -- -j12 -l12
[1.006s] Invoking command in '/home/bhadha/pico_ws/build/mav_comm': AMENT_PREFIX_PATH=/home/bhadha/pico_ws/install/mav_planning_msgs:/home/bhadha/pico_ws/install/mav_system_msgs:/home/bhadha/pico_ws/install/mav_state_machine_msgs:/home/bhadha/pico_ws/install/mav_msgs:${AMENT_PREFIX_PATH} CMAKE_PREFIX_PATH=/home/bhadha/pico_ws/install/mav_planning_msgs:/home/bhadha/pico_ws/install/mav_system_msgs:/home/bhadha/pico_ws/install/mav_state_machine_msgs:/home/bhadha/pico_ws/install/mav_msgs:/opt/ros/humble LD_LIBRARY_PATH=/home/bhadha/pico_ws/install/mav_planning_msgs/lib:/home/bhadha/pico_ws/install/mav_system_msgs/lib:/home/bhadha/pico_ws/install/mav_state_machine_msgs/lib:/home/bhadha/pico_ws/install/mav_msgs/lib:${LD_LIBRARY_PATH} PYTHONPATH=/home/bhadha/pico_ws/install/mav_planning_msgs/local/lib/python3.10/dist-packages:/home/bhadha/pico_ws/install/mav_msgs/local/lib/python3.10/dist-packages:${PYTHONPATH} /usr/bin/cmake --install /home/bhadha/pico_ws/build/mav_comm
[1.013s] -- Install configuration: ""
[1.013s] -- Installing: /home/bhadha/pico_ws/install/mav_comm/share/ament_index/resource_index/package_run_dependencies/mav_comm
[1.014s] -- Installing: /home/bhadha/pico_ws/install/mav_comm/share/ament_index/resource_index/parent_prefix_path/mav_comm
[1.014s] -- Installing: /home/bhadha/pico_ws/install/mav_comm/share/mav_comm/environment/ament_prefix_path.sh
[1.014s] -- Installing: /home/bhadha/pico_ws/install/mav_comm/share/mav_comm/environment/ament_prefix_path.dsv
[1.014s] -- Installing: /home/bhadha/pico_ws/install/mav_comm/share/mav_comm/environment/path.sh
[1.014s] -- Installing: /home/bhadha/pico_ws/install/mav_comm/share/mav_comm/environment/path.dsv
[1.014s] -- Installing: /home/bhadha/pico_ws/install/mav_comm/share/mav_comm/local_setup.bash
[1.014s] -- Installing: /home/bhadha/pico_ws/install/mav_comm/share/mav_comm/local_setup.sh
[1.015s] -- Installing: /home/bhadha/pico_ws/install/mav_comm/share/mav_comm/local_setup.zsh
[1.015s] -- Installing: /home/bhadha/pico_ws/install/mav_comm/share/mav_comm/local_setup.dsv
[1.015s] -- Installing: /home/bhadha/pico_ws/install/mav_comm/share/mav_comm/package.dsv
[1.015s] -- Installing: /home/bhadha/pico_ws/install/mav_comm/share/ament_index/resource_index/packages/mav_comm
[1.015s] -- Installing: /home/bhadha/pico_ws/install/mav_comm/share/mav_comm/cmake/mav_commConfig.cmake
[1.015s] -- Installing: /home/bhadha/pico_ws/install/mav_comm/share/mav_comm/cmake/mav_commConfig-version.cmake
[1.015s] -- Installing: /home/bhadha/pico_ws/install/mav_comm/share/mav_comm/package.xml
[1.017s] Invoked command in '/home/bhadha/pico_ws/build/mav_comm' returned '0': AMENT_PREFIX_PATH=/home/bhadha/pico_ws/install/mav_planning_msgs:/home/bhadha/pico_ws/install/mav_system_msgs:/home/bhadha/pico_ws/install/mav_state_machine_msgs:/home/bhadha/pico_ws/install/mav_msgs:${AMENT_PREFIX_PATH} CMAKE_PREFIX_PATH=/home/bhadha/pico_ws/install/mav_planning_msgs:/home/bhadha/pico_ws/install/mav_system_msgs:/home/bhadha/pico_ws/install/mav_state_machine_msgs:/home/bhadha/pico_ws/install/mav_msgs:/opt/ros/humble LD_LIBRARY_PATH=/home/bhadha/pico_ws/install/mav_planning_msgs/lib:/home/bhadha/pico_ws/install/mav_system_msgs/lib:/home/bhadha/pico_ws/install/mav_state_machine_msgs/lib:/home/bhadha/pico_ws/install/mav_msgs/lib:${LD_LIBRARY_PATH} PYTHONPATH=/home/bhadha/pico_ws/install/mav_planning_msgs/local/lib/python3.10/dist-packages:/home/bhadha/pico_ws/install/mav_msgs/local/lib/python3.10/dist-packages:${PYTHONPATH} /usr/bin/cmake --install /home/bhadha/pico_ws/build/mav_comm
