-- Install configuration: ""
-- Up-to-date: /home/bhadha/pico_ws/install/pid_tune/lib/pid_tune/pid_tune_differential.py
-- Up-to-date: /home/bhadha/pico_ws/install/pid_tune/lib/pid_tune/pid_tune_drone_button_ui.py
-- Up-to-date: /home/bhadha/pico_ws/install/pid_tune/lib/pid_tune/pid_tune_drone_slider_ui.py
-- Up-to-date: /home/bhadha/pico_ws/install/pid_tune/share/pid_tune//resources
-- Up-to-date: /home/bhadha/pico_ws/install/pid_tune/share/pid_tune//resources/e.png
-- Up-to-date: /home/bhadha/pico_ws/install/pid_tune/share/pid_tune//resources/drone.webp
-- Up-to-date: /home/bhadha/pico_ws/install/pid_tune/share/pid_tune//resources/success.webp
-- Up-to-date: /home/bhadha/pico_ws/install/pid_tune/share/pid_tune//launch
-- Up-to-date: /home/bhadha/pico_ws/install/pid_tune/share/pid_tune//launch/pid_tune_drone.launch.py
-- Up-to-date: /home/bhadha/pico_ws/install/pid_tune/share/pid_tune//launch/pid_tune_diff.launch.py
-- Up-to-date: /home/bhadha/pico_ws/install/pid_tune/share/ament_index/resource_index/package_run_dependencies/pid_tune
-- Up-to-date: /home/bhadha/pico_ws/install/pid_tune/share/ament_index/resource_index/parent_prefix_path/pid_tune
-- Up-to-date: /home/bhadha/pico_ws/install/pid_tune/share/pid_tune/environment/ament_prefix_path.sh
-- Up-to-date: /home/bhadha/pico_ws/install/pid_tune/share/pid_tune/environment/ament_prefix_path.dsv
-- Up-to-date: /home/bhadha/pico_ws/install/pid_tune/share/pid_tune/environment/path.sh
-- Up-to-date: /home/bhadha/pico_ws/install/pid_tune/share/pid_tune/environment/path.dsv
-- Up-to-date: /home/bhadha/pico_ws/install/pid_tune/share/pid_tune/local_setup.bash
-- Up-to-date: /home/bhadha/pico_ws/install/pid_tune/share/pid_tune/local_setup.sh
-- Up-to-date: /home/bhadha/pico_ws/install/pid_tune/share/pid_tune/local_setup.zsh
-- Up-to-date: /home/bhadha/pico_ws/install/pid_tune/share/pid_tune/local_setup.dsv
-- Up-to-date: /home/bhadha/pico_ws/install/pid_tune/share/pid_tune/package.dsv
-- Up-to-date: /home/bhadha/pico_ws/install/pid_tune/share/ament_index/resource_index/packages/pid_tune
-- Up-to-date: /home/bhadha/pico_ws/install/pid_tune/share/pid_tune/cmake/pid_tuneConfig.cmake
-- Up-to-date: /home/bhadha/pico_ws/install/pid_tune/share/pid_tune/cmake/pid_tuneConfig-version.cmake
-- Up-to-date: /home/bhadha/pico_ws/install/pid_tune/share/pid_tune/package.xml
