[0.057s] Invoking command in '/home/bhadha/pico_ws/build/pid_tune': AMENT_PREFIX_PATH=/home/bhadha/pico_ws/install/error_msg:/home/bhadha/pico_ws/install/controller_msg:${AMENT_PREFIX_PATH} CMAKE_PREFIX_PATH=/home/bhadha/pico_ws/install/error_msg:/home/bhadha/pico_ws/install/controller_msg:/opt/ros/humble LD_LIBRARY_PATH=/home/bhadha/pico_ws/install/error_msg/lib:/home/bhadha/pico_ws/install/controller_msg/lib:${LD_LIBRARY_PATH} PYTHONPATH=/home/bhadha/pico_ws/install/error_msg/local/lib/python3.10/dist-packages:/home/bhadha/pico_ws/install/controller_msg/local/lib/python3.10/dist-packages:${PYTHONPATH} /usr/bin/cmake --build /home/bhadha/pico_ws/build/pid_tune -- -j12 -l12
[0.102s] Invoked command in '/home/bhadha/pico_ws/build/pid_tune' returned '0': AMENT_PREFIX_PATH=/home/bhadha/pico_ws/install/error_msg:/home/bhadha/pico_ws/install/controller_msg:${AMENT_PREFIX_PATH} CMAKE_PREFIX_PATH=/home/bhadha/pico_ws/install/error_msg:/home/bhadha/pico_ws/install/controller_msg:/opt/ros/humble LD_LIBRARY_PATH=/home/bhadha/pico_ws/install/error_msg/lib:/home/bhadha/pico_ws/install/controller_msg/lib:${LD_LIBRARY_PATH} PYTHONPATH=/home/bhadha/pico_ws/install/error_msg/local/lib/python3.10/dist-packages:/home/bhadha/pico_ws/install/controller_msg/local/lib/python3.10/dist-packages:${PYTHONPATH} /usr/bin/cmake --build /home/bhadha/pico_ws/build/pid_tune -- -j12 -l12
[0.105s] Invoking command in '/home/bhadha/pico_ws/build/pid_tune': AMENT_PREFIX_PATH=/home/bhadha/pico_ws/install/error_msg:/home/bhadha/pico_ws/install/controller_msg:${AMENT_PREFIX_PATH} CMAKE_PREFIX_PATH=/home/bhadha/pico_ws/install/error_msg:/home/bhadha/pico_ws/install/controller_msg:/opt/ros/humble LD_LIBRARY_PATH=/home/bhadha/pico_ws/install/error_msg/lib:/home/bhadha/pico_ws/install/controller_msg/lib:${LD_LIBRARY_PATH} PYTHONPATH=/home/bhadha/pico_ws/install/error_msg/local/lib/python3.10/dist-packages:/home/bhadha/pico_ws/install/controller_msg/local/lib/python3.10/dist-packages:${PYTHONPATH} /usr/bin/cmake --install /home/bhadha/pico_ws/build/pid_tune
[0.117s] -- Install configuration: ""
[0.118s] -- Up-to-date: /home/bhadha/pico_ws/install/pid_tune/lib/pid_tune/pid_tune_differential.py
[0.118s] -- Up-to-date: /home/bhadha/pico_ws/install/pid_tune/lib/pid_tune/pid_tune_drone_button_ui.py
[0.118s] -- Up-to-date: /home/bhadha/pico_ws/install/pid_tune/lib/pid_tune/pid_tune_drone_slider_ui.py
[0.118s] -- Up-to-date: /home/bhadha/pico_ws/install/pid_tune/share/pid_tune//resources
[0.118s] -- Up-to-date: /home/bhadha/pico_ws/install/pid_tune/share/pid_tune//resources/e.png
[0.118s] -- Up-to-date: /home/bhadha/pico_ws/install/pid_tune/share/pid_tune//resources/drone.webp
[0.118s] -- Up-to-date: /home/bhadha/pico_ws/install/pid_tune/share/pid_tune//resources/success.webp
[0.118s] -- Up-to-date: /home/bhadha/pico_ws/install/pid_tune/share/pid_tune//launch
[0.119s] -- Up-to-date: /home/bhadha/pico_ws/install/pid_tune/share/pid_tune//launch/pid_tune_drone.launch.py
[0.119s] -- Up-to-date: /home/bhadha/pico_ws/install/pid_tune/share/pid_tune//launch/pid_tune_diff.launch.py
[0.119s] -- Up-to-date: /home/bhadha/pico_ws/install/pid_tune/share/ament_index/resource_index/package_run_dependencies/pid_tune
[0.119s] -- Up-to-date: /home/bhadha/pico_ws/install/pid_tune/share/ament_index/resource_index/parent_prefix_path/pid_tune
[0.119s] -- Up-to-date: /home/bhadha/pico_ws/install/pid_tune/share/pid_tune/environment/ament_prefix_path.sh
[0.119s] -- Up-to-date: /home/bhadha/pico_ws/install/pid_tune/share/pid_tune/environment/ament_prefix_path.dsv
[0.119s] -- Up-to-date: /home/bhadha/pico_ws/install/pid_tune/share/pid_tune/environment/path.sh
[0.119s] -- Up-to-date: /home/bhadha/pico_ws/install/pid_tune/share/pid_tune/environment/path.dsv
[0.119s] -- Up-to-date: /home/bhadha/pico_ws/install/pid_tune/share/pid_tune/local_setup.bash
[0.120s] -- Up-to-date: /home/bhadha/pico_ws/install/pid_tune/share/pid_tune/local_setup.sh
[0.120s] -- Up-to-date: /home/bhadha/pico_ws/install/pid_tune/share/pid_tune/local_setup.zsh
[0.120s] -- Up-to-date: /home/bhadha/pico_ws/install/pid_tune/share/pid_tune/local_setup.dsv
[0.120s] -- Up-to-date: /home/bhadha/pico_ws/install/pid_tune/share/pid_tune/package.dsv
[0.120s] -- Up-to-date: /home/bhadha/pico_ws/install/pid_tune/share/ament_index/resource_index/packages/pid_tune
[0.120s] -- Up-to-date: /home/bhadha/pico_ws/install/pid_tune/share/pid_tune/cmake/pid_tuneConfig.cmake
[0.120s] -- Up-to-date: /home/bhadha/pico_ws/install/pid_tune/share/pid_tune/cmake/pid_tuneConfig-version.cmake
[0.121s] -- Up-to-date: /home/bhadha/pico_ws/install/pid_tune/share/pid_tune/package.xml
[0.124s] Invoked command in '/home/bhadha/pico_ws/build/pid_tune' returned '0': AMENT_PREFIX_PATH=/home/bhadha/pico_ws/install/error_msg:/home/bhadha/pico_ws/install/controller_msg:${AMENT_PREFIX_PATH} CMAKE_PREFIX_PATH=/home/bhadha/pico_ws/install/error_msg:/home/bhadha/pico_ws/install/controller_msg:/opt/ros/humble LD_LIBRARY_PATH=/home/bhadha/pico_ws/install/error_msg/lib:/home/bhadha/pico_ws/install/controller_msg/lib:${LD_LIBRARY_PATH} PYTHONPATH=/home/bhadha/pico_ws/install/error_msg/local/lib/python3.10/dist-packages:/home/bhadha/pico_ws/install/controller_msg/local/lib/python3.10/dist-packages:${PYTHONPATH} /usr/bin/cmake --install /home/bhadha/pico_ws/build/pid_tune
