-- Install configuration: ""
-- Up-to-date: /home/bhadha/pico_ws/install/swift_pico_description/share/swift_pico_description/models
-- Up-to-date: /home/bhadha/pico_ws/install/swift_pico_description/share/swift_pico_description/models/swift_pico
-- Up-to-date: /home/bhadha/pico_ws/install/swift_pico_description/share/swift_pico_description/models/swift_pico/meshes
-- Up-to-date: /home/bhadha/pico_ws/install/swift_pico_description/share/swift_pico_description/models/swift_pico/meshes/m4_link.obj
-- Up-to-date: /home/bhadha/pico_ws/install/swift_pico_description/share/swift_pico_description/models/swift_pico/meshes/triangle_marker.obj
-- Up-to-date: /home/bhadha/pico_ws/install/swift_pico_description/share/swift_pico_description/models/swift_pico/meshes/textures
-- Up-to-date: /home/bhadha/pico_ws/install/swift_pico_description/share/swift_pico_description/models/swift_pico/meshes/textures/whycode_marker_1.png
-- Up-to-date: /home/bhadha/pico_ws/install/swift_pico_description/share/swift_pico_description/models/swift_pico/meshes/textures/Khojo_Arena.png
-- Up-to-date: /home/bhadha/pico_ws/install/swift_pico_description/share/swift_pico_description/models/swift_pico/meshes/whycon_marker.obj
-- Up-to-date: /home/bhadha/pico_ws/install/swift_pico_description/share/swift_pico_description/models/swift_pico/meshes/m1_link.obj
-- Up-to-date: /home/bhadha/pico_ws/install/swift_pico_description/share/swift_pico_description/models/swift_pico/meshes/base_link.obj
-- Up-to-date: /home/bhadha/pico_ws/install/swift_pico_description/share/swift_pico_description/models/swift_pico/arena.xml
-- Up-to-date: /home/bhadha/pico_ws/install/swift_pico_description/share/swift_pico_description/models/swift_pico/drone.xml
-- Up-to-date: /home/bhadha/pico_ws/install/swift_pico_description/share/ament_index/resource_index/package_run_dependencies/swift_pico_description
-- Up-to-date: /home/bhadha/pico_ws/install/swift_pico_description/share/ament_index/resource_index/parent_prefix_path/swift_pico_description
-- Up-to-date: /home/bhadha/pico_ws/install/swift_pico_description/share/swift_pico_description/environment/ament_prefix_path.sh
-- Up-to-date: /home/bhadha/pico_ws/install/swift_pico_description/share/swift_pico_description/environment/ament_prefix_path.dsv
-- Up-to-date: /home/bhadha/pico_ws/install/swift_pico_description/share/swift_pico_description/environment/path.sh
-- Up-to-date: /home/bhadha/pico_ws/install/swift_pico_description/share/swift_pico_description/environment/path.dsv
-- Up-to-date: /home/bhadha/pico_ws/install/swift_pico_description/share/swift_pico_description/local_setup.bash
-- Up-to-date: /home/bhadha/pico_ws/install/swift_pico_description/share/swift_pico_description/local_setup.sh
-- Up-to-date: /home/bhadha/pico_ws/install/swift_pico_description/share/swift_pico_description/local_setup.zsh
-- Up-to-date: /home/bhadha/pico_ws/install/swift_pico_description/share/swift_pico_description/local_setup.dsv
-- Up-to-date: /home/bhadha/pico_ws/install/swift_pico_description/share/swift_pico_description/package.dsv
-- Up-to-date: /home/bhadha/pico_ws/install/swift_pico_description/share/ament_index/resource_index/packages/swift_pico_description
-- Up-to-date: /home/bhadha/pico_ws/install/swift_pico_description/share/swift_pico_description/cmake/swift_pico_descriptionConfig.cmake
-- Up-to-date: /home/bhadha/pico_ws/install/swift_pico_description/share/swift_pico_description/cmake/swift_pico_descriptionConfig-version.cmake
-- Up-to-date: /home/bhadha/pico_ws/install/swift_pico_description/share/swift_pico_description/package.xml
