-- Install configuration: ""
-- Up-to-date: /home/bhadha/pico_ws/install/swift_pico/lib/swift_pico/mujoco_bridge
-- Up-to-date: /home/bhadha/pico_ws/install/swift_pico/lib/swift_pico/task_1b_controller
-- Up-to-date: /home/bhadha/pico_ws/install/swift_pico/lib/swift_pico/task_1c_controller
-- Up-to-date: /home/bhadha/pico_ws/install/swift_pico/share/swift_pico/launch/launch
-- Up-to-date: /home/bhadha/pico_ws/install/swift_pico/share/swift_pico/launch/launch/swift_pico_simulation.launch.py
-- Up-to-date: /home/bhadha/pico_ws/install/swift_pico/share/swift_pico/config/fastdds_profile.xml
-- Up-to-date: /home/bhadha/pico_ws/install/swift_pico/share/ament_index/resource_index/package_run_dependencies/swift_pico
-- Up-to-date: /home/bhadha/pico_ws/install/swift_pico/share/ament_index/resource_index/parent_prefix_path/swift_pico
-- Up-to-date: /home/bhadha/pico_ws/install/swift_pico/share/swift_pico/environment/ament_prefix_path.sh
-- Up-to-date: /home/bhadha/pico_ws/install/swift_pico/share/swift_pico/environment/ament_prefix_path.dsv
-- Up-to-date: /home/bhadha/pico_ws/install/swift_pico/share/swift_pico/environment/path.sh
-- Up-to-date: /home/bhadha/pico_ws/install/swift_pico/share/swift_pico/environment/path.dsv
-- Up-to-date: /home/bhadha/pico_ws/install/swift_pico/share/swift_pico/local_setup.bash
-- Up-to-date: /home/bhadha/pico_ws/install/swift_pico/share/swift_pico/local_setup.sh
-- Up-to-date: /home/bhadha/pico_ws/install/swift_pico/share/swift_pico/local_setup.zsh
-- Up-to-date: /home/bhadha/pico_ws/install/swift_pico/share/swift_pico/local_setup.dsv
-- Up-to-date: /home/bhadha/pico_ws/install/swift_pico/share/swift_pico/package.dsv
-- Up-to-date: /home/bhadha/pico_ws/install/swift_pico/share/ament_index/resource_index/packages/swift_pico
-- Up-to-date: /home/bhadha/pico_ws/install/swift_pico/share/swift_pico/cmake/swift_picoConfig.cmake
-- Up-to-date: /home/bhadha/pico_ws/install/swift_pico/share/swift_pico/cmake/swift_picoConfig-version.cmake
-- Up-to-date: /home/bhadha/pico_ws/install/swift_pico/share/swift_pico/package.xml
