[0.023s] Invoking command in '/home/bhadha/pico_ws/build/swift_pico': AMENT_PREFIX_PATH=/home/bhadha/pico_ws/install/whycode_interfaces:/home/bhadha/pico_ws/install/swift_pico_description:/home/bhadha/pico_ws/install/swift_msgs:/home/bhadha/pico_ws/install/error_msg:/home/bhadha/pico_ws/install/controller_msg:${AMENT_PREFIX_PATH} CMAKE_PREFIX_PATH=/home/bhadha/pico_ws/install/whycode_interfaces:/home/bhadha/pico_ws/install/swift_pico_description:/home/bhadha/pico_ws/install/swift_msgs:/home/bhadha/pico_ws/install/error_msg:/home/bhadha/pico_ws/install/controller_msg:/opt/ros/humble LD_LIBRARY_PATH=/home/bhadha/pico_ws/install/whycode_interfaces/lib:/home/bhadha/pico_ws/install/swift_msgs/lib:/home/bhadha/pico_ws/install/error_msg/lib:/home/bhadha/pico_ws/install/controller_msg/lib:${LD_LIBRARY_PATH} PYTHONPATH=/home/bhadha/pico_ws/install/whycode_interfaces/local/lib/python3.10/dist-packages:/home/bhadha/pico_ws/install/swift_msgs/local/lib/python3.10/dist-packages:/home/bhadha/pico_ws/install/error_msg/local/lib/python3.10/dist-packages:/home/bhadha/pico_ws/install/controller_msg/local/lib/python3.10/dist-packages:${PYTHONPATH} /usr/bin/cmake --build /home/bhadha/pico_ws/build/swift_pico -- -j12 -l12
[0.109s] Invoked command in '/home/bhadha/pico_ws/build/swift_pico' returned '0': AMENT_PREFIX_PATH=/home/bhadha/pico_ws/install/whycode_interfaces:/home/bhadha/pico_ws/install/swift_pico_description:/home/bhadha/pico_ws/install/swift_msgs:/home/bhadha/pico_ws/install/error_msg:/home/bhadha/pico_ws/install/controller_msg:${AMENT_PREFIX_PATH} CMAKE_PREFIX_PATH=/home/bhadha/pico_ws/install/whycode_interfaces:/home/bhadha/pico_ws/install/swift_pico_description:/home/bhadha/pico_ws/install/swift_msgs:/home/bhadha/pico_ws/install/error_msg:/home/bhadha/pico_ws/install/controller_msg:/opt/ros/humble LD_LIBRARY_PATH=/home/bhadha/pico_ws/install/whycode_interfaces/lib:/home/bhadha/pico_ws/install/swift_msgs/lib:/home/bhadha/pico_ws/install/error_msg/lib:/home/bhadha/pico_ws/install/controller_msg/lib:${LD_LIBRARY_PATH} PYTHONPATH=/home/bhadha/pico_ws/install/whycode_interfaces/local/lib/python3.10/dist-packages:/home/bhadha/pico_ws/install/swift_msgs/local/lib/python3.10/dist-packages:/home/bhadha/pico_ws/install/error_msg/local/lib/python3.10/dist-packages:/home/bhadha/pico_ws/install/controller_msg/local/lib/python3.10/dist-packages:${PYTHONPATH} /usr/bin/cmake --build /home/bhadha/pico_ws/build/swift_pico -- -j12 -l12
[0.113s] Invoking command in '/home/bhadha/pico_ws/build/swift_pico': AMENT_PREFIX_PATH=/home/bhadha/pico_ws/install/whycode_interfaces:/home/bhadha/pico_ws/install/swift_pico_description:/home/bhadha/pico_ws/install/swift_msgs:/home/bhadha/pico_ws/install/error_msg:/home/bhadha/pico_ws/install/controller_msg:${AMENT_PREFIX_PATH} CMAKE_PREFIX_PATH=/home/bhadha/pico_ws/install/whycode_interfaces:/home/bhadha/pico_ws/install/swift_pico_description:/home/bhadha/pico_ws/install/swift_msgs:/home/bhadha/pico_ws/install/error_msg:/home/bhadha/pico_ws/install/controller_msg:/opt/ros/humble LD_LIBRARY_PATH=/home/bhadha/pico_ws/install/whycode_interfaces/lib:/home/bhadha/pico_ws/install/swift_msgs/lib:/home/bhadha/pico_ws/install/error_msg/lib:/home/bhadha/pico_ws/install/controller_msg/lib:${LD_LIBRARY_PATH} PYTHONPATH=/home/bhadha/pico_ws/install/whycode_interfaces/local/lib/python3.10/dist-packages:/home/bhadha/pico_ws/install/swift_msgs/local/lib/python3.10/dist-packages:/home/bhadha/pico_ws/install/error_msg/local/lib/python3.10/dist-packages:/home/bhadha/pico_ws/install/controller_msg/local/lib/python3.10/dist-packages:${PYTHONPATH} /usr/bin/cmake --install /home/bhadha/pico_ws/build/swift_pico
[0.124s] -- Install configuration: ""
[0.124s] -- Up-to-date: /home/bhadha/pico_ws/install/swift_pico/lib/swift_pico/mujoco_bridge
[0.124s] -- Up-to-date: /home/bhadha/pico_ws/install/swift_pico/lib/swift_pico/task_1b_controller
[0.125s] -- Up-to-date: /home/bhadha/pico_ws/install/swift_pico/lib/swift_pico/task_1c_controller
[0.125s] -- Up-to-date: /home/bhadha/pico_ws/install/swift_pico/share/swift_pico/launch/launch
[0.125s] -- Up-to-date: /home/bhadha/pico_ws/install/swift_pico/share/swift_pico/launch/launch/swift_pico_simulation.launch.py
[0.125s] -- Up-to-date: /home/bhadha/pico_ws/install/swift_pico/share/swift_pico/config/fastdds_profile.xml
[0.125s] -- Up-to-date: /home/bhadha/pico_ws/install/swift_pico/share/ament_index/resource_index/package_run_dependencies/swift_pico
[0.125s] -- Up-to-date: /home/bhadha/pico_ws/install/swift_pico/share/ament_index/resource_index/parent_prefix_path/swift_pico
[0.126s] -- Up-to-date: /home/bhadha/pico_ws/install/swift_pico/share/swift_pico/environment/ament_prefix_path.sh
[0.126s] -- Up-to-date: /home/bhadha/pico_ws/install/swift_pico/share/swift_pico/environment/ament_prefix_path.dsv
[0.126s] -- Up-to-date: /home/bhadha/pico_ws/install/swift_pico/share/swift_pico/environment/path.sh
[0.126s] -- Up-to-date: /home/bhadha/pico_ws/install/swift_pico/share/swift_pico/environment/path.dsv
[0.126s] -- Up-to-date: /home/bhadha/pico_ws/install/swift_pico/share/swift_pico/local_setup.bash
[0.127s] -- Up-to-date: /home/bhadha/pico_ws/install/swift_pico/share/swift_pico/local_setup.sh
[0.127s] -- Up-to-date: /home/bhadha/pico_ws/install/swift_pico/share/swift_pico/local_setup.zsh
[0.127s] -- Up-to-date: /home/bhadha/pico_ws/install/swift_pico/share/swift_pico/local_setup.dsv
[0.127s] -- Up-to-date: /home/bhadha/pico_ws/install/swift_pico/share/swift_pico/package.dsv
[0.127s] -- Up-to-date: /home/bhadha/pico_ws/install/swift_pico/share/ament_index/resource_index/packages/swift_pico
[0.128s] -- Up-to-date: /home/bhadha/pico_ws/install/swift_pico/share/swift_pico/cmake/swift_picoConfig.cmake
[0.128s] -- Up-to-date: /home/bhadha/pico_ws/install/swift_pico/share/swift_pico/cmake/swift_picoConfig-version.cmake
[0.128s] -- Up-to-date: /home/bhadha/pico_ws/install/swift_pico/share/swift_pico/package.xml
[0.130s] Invoked command in '/home/bhadha/pico_ws/build/swift_pico' returned '0': AMENT_PREFIX_PATH=/home/bhadha/pico_ws/install/whycode_interfaces:/home/bhadha/pico_ws/install/swift_pico_description:/home/bhadha/pico_ws/install/swift_msgs:/home/bhadha/pico_ws/install/error_msg:/home/bhadha/pico_ws/install/controller_msg:${AMENT_PREFIX_PATH} CMAKE_PREFIX_PATH=/home/bhadha/pico_ws/install/whycode_interfaces:/home/bhadha/pico_ws/install/swift_pico_description:/home/bhadha/pico_ws/install/swift_msgs:/home/bhadha/pico_ws/install/error_msg:/home/bhadha/pico_ws/install/controller_msg:/opt/ros/humble LD_LIBRARY_PATH=/home/bhadha/pico_ws/install/whycode_interfaces/lib:/home/bhadha/pico_ws/install/swift_msgs/lib:/home/bhadha/pico_ws/install/error_msg/lib:/home/bhadha/pico_ws/install/controller_msg/lib:${LD_LIBRARY_PATH} PYTHONPATH=/home/bhadha/pico_ws/install/whycode_interfaces/local/lib/python3.10/dist-packages:/home/bhadha/pico_ws/install/swift_msgs/local/lib/python3.10/dist-packages:/home/bhadha/pico_ws/install/error_msg/local/lib/python3.10/dist-packages:/home/bhadha/pico_ws/install/controller_msg/local/lib/python3.10/dist-packages:${PYTHONPATH} /usr/bin/cmake --install /home/bhadha/pico_ws/build/swift_pico
