-- Install configuration: ""
-- Up-to-date: /home/bhadha/pico_ws/install/rotors_swift_gazebo/share/rotors_swift_gazebo/launch
-- Up-to-date: /home/bhadha/pico_ws/install/rotors_swift_gazebo/share/rotors_swift_gazebo/launch/swift_pico_simulation.launch.py
-- Up-to-date: /home/bhadha/pico_ws/install/rotors_swift_gazebo/share/rotors_swift_gazebo/config
-- Up-to-date: /home/bhadha/pico_ws/install/rotors_swift_gazebo/share/rotors_swift_gazebo/config/swift_pico_bridge.yaml
-- Up-to-date: /home/bhadha/pico_ws/install/rotors_swift_gazebo/share/rotors_swift_gazebo/resource
-- Up-to-date: /home/bhadha/pico_ws/install/rotors_swift_gazebo/share/rotors_swift_gazebo/resource/swift.yaml
-- Up-to-date: /home/bhadha/pico_ws/install/rotors_swift_gazebo/share/rotors_swift_gazebo/resource/roll_pitch_yawrate_thrust_controller_swift.yaml
-- Up-to-date: /home/bhadha/pico_ws/install/rotors_swift_gazebo/share/rotors_swift_gazebo/resource/roll_pitch_yawrate_thrust_controller_swift_big.yaml
-- Up-to-date: /home/bhadha/pico_ws/install/rotors_swift_gazebo/share/rotors_swift_gazebo/worlds
-- Up-to-date: /home/bhadha/pico_ws/install/rotors_swift_gazebo/share/rotors_swift_gazebo/worlds/swift_pico_world.sdf
-- Up-to-date: /home/bhadha/pico_ws/install/rotors_swift_gazebo/share/ament_index/resource_index/package_run_dependencies/rotors_swift_gazebo
-- Up-to-date: /home/bhadha/pico_ws/install/rotors_swift_gazebo/share/ament_index/resource_index/parent_prefix_path/rotors_swift_gazebo
-- Up-to-date: /home/bhadha/pico_ws/install/rotors_swift_gazebo/share/rotors_swift_gazebo/environment/ament_prefix_path.sh
-- Up-to-date: /home/bhadha/pico_ws/install/rotors_swift_gazebo/share/rotors_swift_gazebo/environment/ament_prefix_path.dsv
-- Up-to-date: /home/bhadha/pico_ws/install/rotors_swift_gazebo/share/rotors_swift_gazebo/environment/path.sh
-- Up-to-date: /home/bhadha/pico_ws/install/rotors_swift_gazebo/share/rotors_swift_gazebo/environment/path.dsv
-- Up-to-date: /home/bhadha/pico_ws/install/rotors_swift_gazebo/share/rotors_swift_gazebo/local_setup.bash
-- Up-to-date: /home/bhadha/pico_ws/install/rotors_swift_gazebo/share/rotors_swift_gazebo/local_setup.sh
-- Up-to-date: /home/bhadha/pico_ws/install/rotors_swift_gazebo/share/rotors_swift_gazebo/local_setup.zsh
-- Up-to-date: /home/bhadha/pico_ws/install/rotors_swift_gazebo/share/rotors_swift_gazebo/local_setup.dsv
-- Up-to-date: /home/bhadha/pico_ws/install/rotors_swift_gazebo/share/rotors_swift_gazebo/package.dsv
-- Up-to-date: /home/bhadha/pico_ws/install/rotors_swift_gazebo/share/ament_index/resource_index/packages/rotors_swift_gazebo
-- Up-to-date: /home/bhadha/pico_ws/install/rotors_swift_gazebo/share/rotors_swift_gazebo/cmake/rotors_swift_gazeboConfig.cmake
-- Up-to-date: /home/bhadha/pico_ws/install/rotors_swift_gazebo/share/rotors_swift_gazebo/cmake/rotors_swift_gazeboConfig-version.cmake
-- Up-to-date: /home/bhadha/pico_ws/install/rotors_swift_gazebo/share/rotors_swift_gazebo/package.xml
