-- The C compiler identification is GNU 11.4.0
-- The CXX compiler identification is GNU 11.4.0
-- Detecting C compiler ABI info
-- Detecting C compiler ABI info - done
-- Check for working C compiler: /usr/bin/cc - skipped
-- Detecting C compile features
-- Detecting C compile features - done
-- Detecting CXX compiler ABI info
-- Detecting CXX compiler ABI info - done
-- Check for working CXX compiler: /usr/bin/c++ - skipped
-- Detecting CXX compile features
-- Detecting CXX compile features - done
-- Found ament_cmake: 1.3.14 (/opt/ros/humble/share/ament_cmake/cmake)
-- Found Python3: /usr/bin/python3 (found version "3.10.12") found components: Interpreter 
-- Found std_msgs: 4.9.2 (/opt/ros/humble/share/std_msgs/cmake)
-- Found rosidl_generator_c: 3.1.9 (/opt/ros/humble/share/rosidl_generator_c/cmake)
-- Found rosidl_adapter: 3.1.9 (/opt/ros/humble/share/rosidl_adapter/cmake)
-- Found rosidl_generator_cpp: 3.1.9 (/opt/ros/humble/share/rosidl_generator_cpp/cmake)
-- Using all available rosidl_typesupport_c: rosidl_typesupport_fastrtps_c;rosidl_typesupport_introspection_c
-- Using all available rosidl_typesupport_cpp: rosidl_typesupport_fastrtps_cpp;rosidl_typesupport_introspection_cpp
-- Found rosidl_default_generators: 1.2.1 (/opt/ros/humble/share/rosidl_default_generators/cmake)
-- Found ament_cmake_ros: 0.10.0 (/opt/ros/humble/share/ament_cmake_ros/cmake)
-- Using all available rosidl_typesupport_c: rosidl_typesupport_fastrtps_c;rosidl_typesupport_introspection_c
-- Using all available rosidl_typesupport_cpp: rosidl_typesupport_fastrtps_cpp;rosidl_typesupport_introspection_cpp
-- Found PythonInterp: /usr/bin/python3 (found suitable version "3.10.12", minimum required is "3.6") 
-- Found python_cmake_module: 0.10.0 (/opt/ros/humble/share/python_cmake_module/cmake)
-- Found PythonLibs: /usr/lib/x86_64-linux-gnu/libpython3.10.so (found suitable version "3.10.12", minimum required is "3.5") 
-- Using PYTHON_EXECUTABLE: /usr/bin/python3
-- Using PYTHON_INCLUDE_DIRS: /usr/include/python3.10
-- Using PYTHON_LIBRARIES: /usr/lib/x86_64-linux-gnu/libpython3.10.so
-- Found PythonExtra: .so  
-- Found ament_lint_auto: 0.12.15 (/opt/ros/humble/share/ament_lint_auto/cmake)
-- Added test 'lint_cmake' to check CMake code style
-- Added test 'xmllint' to check XML markup files
-- Configuring done
-- Generating done
-- Build files have been written to: /home/bhadha/pico_ws/build/error_msg
[  3%] [34m[1mGenerating C code for ROS interfaces[0m
[  6%] [34m[1mGenerating C++ code for ROS interfaces[0m
[  9%] [34m[1mGenerating Rust code for ROS interfaces[0m
[  9%] Built target ament_cmake_python_copy_error_msg
[  9%] Built target error_msg__rs
running egg_info
creating error_msg.egg-info
writing error_msg.egg-info/PKG-INFO
writing dependency_links to error_msg.egg-info/dependency_links.txt
writing top-level names to error_msg.egg-info/top_level.txt
writing manifest file 'error_msg.egg-info/SOURCES.txt'
reading manifest file 'error_msg.egg-info/SOURCES.txt'
writing manifest file 'error_msg.egg-info/SOURCES.txt'
[ 12%] [32mBuilding C object CMakeFiles/error_msg__rosidl_generator_c.dir/rosidl_generator_c/error_msg/msg/detail/error__functions.c.o[0m
[ 12%] Built target ament_cmake_python_build_error_msg_egg
[ 12%] Built target error_msg__cpp
[ 15%] [32m[1mLinking C shared library liberror_msg__rosidl_generator_c.so[0m
[ 18%] [34m[1mGenerating C++ introspection for ROS interfaces[0m
[ 21%] [34m[1mGenerating C++ type support for eProsima Fast-RTPS[0m
[ 25%] [34m[1mGenerating C++ type support dispatch for ROS interfaces[0m
[ 25%] Built target error_msg__rosidl_generator_c
[ 28%] [34m[1mGenerating C type support for eProsima Fast-RTPS[0m
[ 31%] [34m[1mGenerating C type support dispatch for ROS interfaces[0m
[ 34%] [34m[1mGenerating C introspection for ROS interfaces[0m
[ 37%] [32mBuilding CXX object CMakeFiles/error_msg__rosidl_typesupport_fastrtps_c.dir/rosidl_typesupport_fastrtps_c/error_msg/msg/detail/error__type_support_c.cpp.o[0m
[ 40%] [32mBuilding CXX object CMakeFiles/error_msg__rosidl_typesupport_cpp.dir/rosidl_typesupport_cpp/error_msg/msg/error__type_support.cpp.o[0m
[ 43%] [32mBuilding CXX object CMakeFiles/error_msg__rosidl_typesupport_fastrtps_cpp.dir/rosidl_typesupport_fastrtps_cpp/error_msg/msg/detail/dds_fastrtps/error__type_support.cpp.o[0m
[ 46%] [32mBuilding CXX object CMakeFiles/error_msg__rosidl_typesupport_introspection_cpp.dir/rosidl_typesupport_introspection_cpp/error_msg/msg/detail/error__type_support.cpp.o[0m
[ 50%] [32mBuilding CXX object CMakeFiles/error_msg__rosidl_typesupport_c.dir/rosidl_typesupport_c/error_msg/msg/error__type_support.cpp.o[0m
[ 53%] [32m[1mLinking CXX shared library liberror_msg__rosidl_typesupport_c.so[0m
[ 56%] [32mBuilding C object CMakeFiles/error_msg__rosidl_typesupport_introspection_c.dir/rosidl_typesupport_introspection_c/error_msg/msg/detail/error__type_support.c.o[0m
[ 59%] [32m[1mLinking CXX shared library liberror_msg__rosidl_typesupport_fastrtps_c.so[0m
[ 59%] Built target error_msg__rosidl_typesupport_c
[ 62%] [32m[1mLinking C shared library liberror_msg__rosidl_typesupport_introspection_c.so[0m
[ 62%] Built target error_msg__rosidl_typesupport_introspection_c
[ 65%] [32m[1mLinking CXX shared library liberror_msg__rosidl_typesupport_cpp.so[0m
[ 65%] Built target error_msg__rosidl_typesupport_cpp
[ 65%] Built target error_msg__rosidl_typesupport_fastrtps_c
[ 68%] [32m[1mLinking CXX shared library liberror_msg__rosidl_typesupport_fastrtps_cpp.so[0m
[ 68%] Built target error_msg__rosidl_typesupport_fastrtps_cpp
[ 71%] [32m[1mLinking CXX shared library liberror_msg__rosidl_typesupport_introspection_cpp.so[0m
[ 71%] Built target error_msg__rosidl_typesupport_introspection_cpp
[ 71%] Built target error_msg
[ 75%] [34m[1mGenerating Python code for ROS interfaces[0m
[ 75%] Built target error_msg__py
[ 78%] [32mBuilding C object CMakeFiles/error_msg__rosidl_generator_py.dir/rosidl_generator_py/error_msg/msg/_error_s.c.o[0m
[ 81%] [32m[1mLinking C shared library rosidl_generator_py/error_msg/liberror_msg__rosidl_generator_py.so[0m
[ 81%] Built target error_msg__rosidl_generator_py
[ 84%] [32mBuilding C object CMakeFiles/error_msg__rosidl_typesupport_c__pyext.dir/rosidl_generator_py/error_msg/_error_msg_s.ep.rosidl_typesupport_c.c.o[0m
[ 87%] [32mBuilding C object CMakeFiles/error_msg__rosidl_typesupport_fastrtps_c__pyext.dir/rosidl_generator_py/error_msg/_error_msg_s.ep.rosidl_typesupport_fastrtps_c.c.o[0m
[ 90%] [32mBuilding C object CMakeFiles/error_msg__rosidl_typesupport_introspection_c__pyext.dir/rosidl_generator_py/error_msg/_error_msg_s.ep.rosidl_typesupport_introspection_c.c.o[0m
[ 93%] [32m[1mLinking C shared library rosidl_generator_py/error_msg/error_msg_s__rosidl_typesupport_c.cpython-310-x86_64-linux-gnu.so[0m
[ 96%] [32m[1mLinking C shared library rosidl_generator_py/error_msg/error_msg_s__rosidl_typesupport_introspection_c.cpython-310-x86_64-linux-gnu.so[0m
[100%] [32m[1mLinking C shared library rosidl_generator_py/error_msg/error_msg_s__rosidl_typesupport_fastrtps_c.cpython-310-x86_64-linux-gnu.so[0m
[100%] Built target error_msg__rosidl_typesupport_c__pyext
[100%] Built target error_msg__rosidl_typesupport_introspection_c__pyext
[100%] Built target error_msg__rosidl_typesupport_fastrtps_c__pyext
-- Install configuration: ""
-- Installing: /home/bhadha/pico_ws/install/error_msg/share/ament_index/resource_index/rosidl_interfaces/error_msg
-- Installing: /home/bhadha/pico_ws/install/error_msg/include/error_msg/error_msg
-- Installing: /home/bhadha/pico_ws/install/error_msg/include/error_msg/error_msg/msg
-- Installing: /home/bhadha/pico_ws/install/error_msg/include/error_msg/error_msg/msg/detail
-- Installing: /home/bhadha/pico_ws/install/error_msg/include/error_msg/error_msg/msg/detail/error__functions.h
-- Installing: /home/bhadha/pico_ws/install/error_msg/include/error_msg/error_msg/msg/detail/error__type_support.h
-- Installing: /home/bhadha/pico_ws/install/error_msg/include/error_msg/error_msg/msg/detail/error__functions.c
-- Installing: /home/bhadha/pico_ws/install/error_msg/include/error_msg/error_msg/msg/detail/error__struct.h
-- Installing: /home/bhadha/pico_ws/install/error_msg/include/error_msg/error_msg/msg/rosidl_generator_c__visibility_control.h
-- Installing: /home/bhadha/pico_ws/install/error_msg/include/error_msg/error_msg/msg/error.h
-- Installing: /home/bhadha/pico_ws/install/error_msg/share/error_msg/environment/library_path.sh
-- Installing: /home/bhadha/pico_ws/install/error_msg/share/error_msg/environment/library_path.dsv
-- Installing: /home/bhadha/pico_ws/install/error_msg/lib/liberror_msg__rosidl_generator_c.so
-- Set runtime path of "/home/bhadha/pico_ws/install/error_msg/lib/liberror_msg__rosidl_generator_c.so" to ""
-- Up-to-date: /home/bhadha/pico_ws/install/error_msg/include/error_msg/error_msg
-- Up-to-date: /home/bhadha/pico_ws/install/error_msg/include/error_msg/error_msg/msg
-- Up-to-date: /home/bhadha/pico_ws/install/error_msg/include/error_msg/error_msg/msg/detail
-- Installing: /home/bhadha/pico_ws/install/error_msg/include/error_msg/error_msg/msg/detail/error__rosidl_typesupport_fastrtps_c.h
-- Installing: /home/bhadha/pico_ws/install/error_msg/include/error_msg/error_msg/msg/rosidl_typesupport_fastrtps_c__visibility_control.h
-- Installing: /home/bhadha/pico_ws/install/error_msg/lib/liberror_msg__rosidl_typesupport_fastrtps_c.so
-- Set runtime path of "/home/bhadha/pico_ws/install/error_msg/lib/liberror_msg__rosidl_typesupport_fastrtps_c.so" to ""
-- Up-to-date: /home/bhadha/pico_ws/install/error_msg/include/error_msg/error_msg
-- Up-to-date: /home/bhadha/pico_ws/install/error_msg/include/error_msg/error_msg/msg
-- Installing: /home/bhadha/pico_ws/install/error_msg/include/error_msg/error_msg/msg/error.hpp
-- Up-to-date: /home/bhadha/pico_ws/install/error_msg/include/error_msg/error_msg/msg/detail
-- Installing: /home/bhadha/pico_ws/install/error_msg/include/error_msg/error_msg/msg/detail/error__traits.hpp
-- Installing: /home/bhadha/pico_ws/install/error_msg/include/error_msg/error_msg/msg/detail/error__type_support.hpp
-- Installing: /home/bhadha/pico_ws/install/error_msg/include/error_msg/error_msg/msg/detail/error__builder.hpp
-- Installing: /home/bhadha/pico_ws/install/error_msg/include/error_msg/error_msg/msg/detail/error__struct.hpp
-- Installing: /home/bhadha/pico_ws/install/error_msg/include/error_msg/error_msg/msg/rosidl_generator_cpp__visibility_control.hpp
-- Up-to-date: /home/bhadha/pico_ws/install/error_msg/include/error_msg/error_msg
-- Up-to-date: /home/bhadha/pico_ws/install/error_msg/include/error_msg/error_msg/msg
-- Installing: /home/bhadha/pico_ws/install/error_msg/include/error_msg/error_msg/msg/rosidl_typesupport_fastrtps_cpp__visibility_control.h
-- Up-to-date: /home/bhadha/pico_ws/install/error_msg/include/error_msg/error_msg/msg/detail
-- Installing: /home/bhadha/pico_ws/install/error_msg/include/error_msg/error_msg/msg/detail/dds_fastrtps
-- Installing: /home/bhadha/pico_ws/install/error_msg/include/error_msg/error_msg/msg/detail/error__rosidl_typesupport_fastrtps_cpp.hpp
-- Installing: /home/bhadha/pico_ws/install/error_msg/lib/liberror_msg__rosidl_typesupport_fastrtps_cpp.so
-- Set runtime path of "/home/bhadha/pico_ws/install/error_msg/lib/liberror_msg__rosidl_typesupport_fastrtps_cpp.so" to ""
-- Up-to-date: /home/bhadha/pico_ws/install/error_msg/include/error_msg/error_msg
-- Up-to-date: /home/bhadha/pico_ws/install/error_msg/include/error_msg/error_msg/msg
-- Up-to-date: /home/bhadha/pico_ws/install/error_msg/include/error_msg/error_msg/msg/detail
-- Installing: /home/bhadha/pico_ws/install/error_msg/include/error_msg/error_msg/msg/detail/error__rosidl_typesupport_introspection_c.h
-- Installing: /home/bhadha/pico_ws/install/error_msg/include/error_msg/error_msg/msg/detail/error__type_support.c
-- Installing: /home/bhadha/pico_ws/install/error_msg/include/error_msg/error_msg/msg/rosidl_typesupport_introspection_c__visibility_control.h
-- Installing: /home/bhadha/pico_ws/install/error_msg/lib/liberror_msg__rosidl_typesupport_introspection_c.so
-- Set runtime path of "/home/bhadha/pico_ws/install/error_msg/lib/liberror_msg__rosidl_typesupport_introspection_c.so" to ""
-- Installing: /home/bhadha/pico_ws/install/error_msg/lib/liberror_msg__rosidl_typesupport_c.so
-- Set runtime path of "/home/bhadha/pico_ws/install/error_msg/lib/liberror_msg__rosidl_typesupport_c.so" to ""
-- Up-to-date: /home/bhadha/pico_ws/install/error_msg/include/error_msg/error_msg
-- Up-to-date: /home/bhadha/pico_ws/install/error_msg/include/error_msg/error_msg/msg
-- Up-to-date: /home/bhadha/pico_ws/install/error_msg/include/error_msg/error_msg/msg/detail
-- Installing: /home/bhadha/pico_ws/install/error_msg/include/error_msg/error_msg/msg/detail/error__type_support.cpp
-- Installing: /home/bhadha/pico_ws/install/error_msg/include/error_msg/error_msg/msg/detail/error__rosidl_typesupport_introspection_cpp.hpp
-- Installing: /home/bhadha/pico_ws/install/error_msg/lib/liberror_msg__rosidl_typesupport_introspection_cpp.so
-- Set runtime path of "/home/bhadha/pico_ws/install/error_msg/lib/liberror_msg__rosidl_typesupport_introspection_cpp.so" to ""
-- Installing: /home/bhadha/pico_ws/install/error_msg/lib/liberror_msg__rosidl_typesupport_cpp.so
-- Set runtime path of "/home/bhadha/pico_ws/install/error_msg/lib/liberror_msg__rosidl_typesupport_cpp.so" to ""
-- Installing: /home/bhadha/pico_ws/install/error_msg/share/error_msg/environment/pythonpath.sh
-- Installing: /home/bhadha/pico_ws/install/error_msg/share/error_msg/environment/pythonpath.dsv
-- Installing: /home/bhadha/pico_ws/install/error_msg/local/lib/python3.10/dist-packages/error_msg-0.0.0-py3.10.egg-info
-- Installing: /home/bhadha/pico_ws/install/error_msg/local/lib/python3.10/dist-packages/error_msg-0.0.0-py3.10.egg-info/SOURCES.txt
-- Installing: /home/bhadha/pico_ws/install/error_msg/local/lib/python3.10/dist-packages/error_msg-0.0.0-py3.10.egg-info/PKG-INFO
-- Installing: /home/bhadha/pico_ws/install/error_msg/local/lib/python3.10/dist-packages/error_msg-0.0.0-py3.10.egg-info/top_level.txt
-- Installing: /home/bhadha/pico_ws/install/error_msg/local/lib/python3.10/dist-packages/error_msg-0.0.0-py3.10.egg-info/dependency_links.txt
-- Installing: /home/bhadha/pico_ws/install/error_msg/local/lib/python3.10/dist-packages/error_msg
-- Installing: /home/bhadha/pico_ws/install/error_msg/local/lib/python3.10/dist-packages/error_msg/error_msg_s__rosidl_typesupport_introspection_c.cpython-310-x86_64-linux-gnu.so
-- Installing: /home/bhadha/pico_ws/install/error_msg/local/lib/python3.10/dist-packages/error_msg/msg
-- Installing: /home/bhadha/pico_ws/install/error_msg/local/lib/python3.10/dist-packages/error_msg/msg/_error_s.c
-- Installing: /home/bhadha/pico_ws/install/error_msg/local/lib/python3.10/dist-packages/error_msg/msg/_error.py
-- Installing: /home/bhadha/pico_ws/install/error_msg/local/lib/python3.10/dist-packages/error_msg/msg/__init__.py
-- Installing: /home/bhadha/pico_ws/install/error_msg/local/lib/python3.10/dist-packages/error_msg/_error_msg_s.ep.rosidl_typesupport_fastrtps_c.c
-- Installing: /home/bhadha/pico_ws/install/error_msg/local/lib/python3.10/dist-packages/error_msg/error_msg_s__rosidl_typesupport_c.cpython-310-x86_64-linux-gnu.so
-- Installing: /home/bhadha/pico_ws/install/error_msg/local/lib/python3.10/dist-packages/error_msg/error_msg_s__rosidl_typesupport_fastrtps_c.cpython-310-x86_64-linux-gnu.so
-- Installing: /home/bhadha/pico_ws/install/error_msg/local/lib/python3.10/dist-packages/error_msg/__init__.py
-- Installing: /home/bhadha/pico_ws/install/error_msg/local/lib/python3.10/dist-packages/error_msg/_error_msg_s.ep.rosidl_typesupport_c.c
-- Installing: /home/bhadha/pico_ws/install/error_msg/local/lib/python3.10/dist-packages/error_msg/liberror_msg__rosidl_generator_py.so
-- Installing: /home/bhadha/pico_ws/install/error_msg/local/lib/python3.10/dist-packages/error_msg/_error_msg_s.ep.rosidl_typesupport_introspection_c.c
Listing '/home/bhadha/pico_ws/install/error_msg/local/lib/python3.10/dist-packages/error_msg'...
Compiling '/home/bhadha/pico_ws/install/error_msg/local/lib/python3.10/dist-packages/error_msg/__init__.py'...
Listing '/home/bhadha/pico_ws/install/error_msg/local/lib/python3.10/dist-packages/error_msg/msg'...
Compiling '/home/bhadha/pico_ws/install/error_msg/local/lib/python3.10/dist-packages/error_msg/msg/__init__.py'...
Compiling '/home/bhadha/pico_ws/install/error_msg/local/lib/python3.10/dist-packages/error_msg/msg/_error.py'...
-- Installing: /home/bhadha/pico_ws/install/error_msg/local/lib/python3.10/dist-packages/error_msg/error_msg_s__rosidl_typesupport_fastrtps_c.cpython-310-x86_64-linux-gnu.so
-- Set runtime path of "/home/bhadha/pico_ws/install/error_msg/local/lib/python3.10/dist-packages/error_msg/error_msg_s__rosidl_typesupport_fastrtps_c.cpython-310-x86_64-linux-gnu.so" to ""
-- Installing: /home/bhadha/pico_ws/install/error_msg/local/lib/python3.10/dist-packages/error_msg/error_msg_s__rosidl_typesupport_introspection_c.cpython-310-x86_64-linux-gnu.so
-- Set runtime path of "/home/bhadha/pico_ws/install/error_msg/local/lib/python3.10/dist-packages/error_msg/error_msg_s__rosidl_typesupport_introspection_c.cpython-310-x86_64-linux-gnu.so" to ""
-- Installing: /home/bhadha/pico_ws/install/error_msg/local/lib/python3.10/dist-packages/error_msg/error_msg_s__rosidl_typesupport_c.cpython-310-x86_64-linux-gnu.so
-- Set runtime path of "/home/bhadha/pico_ws/install/error_msg/local/lib/python3.10/dist-packages/error_msg/error_msg_s__rosidl_typesupport_c.cpython-310-x86_64-linux-gnu.so" to ""
-- Installing: /home/bhadha/pico_ws/install/error_msg/lib/liberror_msg__rosidl_generator_py.so
-- Set runtime path of "/home/bhadha/pico_ws/install/error_msg/lib/liberror_msg__rosidl_generator_py.so" to ""
-- Installing: /home/bhadha/pico_ws/install/error_msg/share/ament_index/resource_index/rust_packages/error_msg
-- Installing: /home/bhadha/pico_ws/install/error_msg/share/error_msg/rust
-- Installing: /home/bhadha/pico_ws/install/error_msg/share/error_msg/rust/build.rs
-- Installing: /home/bhadha/pico_ws/install/error_msg/share/error_msg/rust/src
-- Installing: /home/bhadha/pico_ws/install/error_msg/share/error_msg/rust/src/msg
-- Installing: /home/bhadha/pico_ws/install/error_msg/share/error_msg/rust/src/msg/rmw.rs
-- Installing: /home/bhadha/pico_ws/install/error_msg/share/error_msg/rust/src/lib.rs
-- Installing: /home/bhadha/pico_ws/install/error_msg/share/error_msg/rust/src/msg.rs
-- Installing: /home/bhadha/pico_ws/install/error_msg/share/error_msg/rust/Cargo.toml
-- Installing: /home/bhadha/pico_ws/install/error_msg/share/error_msg/msg/Error.idl
-- Installing: /home/bhadha/pico_ws/install/error_msg/share/error_msg/msg/Error.msg
-- Installing: /home/bhadha/pico_ws/install/error_msg/share/ament_index/resource_index/package_run_dependencies/error_msg
-- Installing: /home/bhadha/pico_ws/install/error_msg/share/ament_index/resource_index/parent_prefix_path/error_msg
-- Installing: /home/bhadha/pico_ws/install/error_msg/share/error_msg/environment/ament_prefix_path.sh
-- Installing: /home/bhadha/pico_ws/install/error_msg/share/error_msg/environment/ament_prefix_path.dsv
-- Installing: /home/bhadha/pico_ws/install/error_msg/share/error_msg/environment/path.sh
-- Installing: /home/bhadha/pico_ws/install/error_msg/share/error_msg/environment/path.dsv
-- Installing: /home/bhadha/pico_ws/install/error_msg/share/error_msg/local_setup.bash
-- Installing: /home/bhadha/pico_ws/install/error_msg/share/error_msg/local_setup.sh
-- Installing: /home/bhadha/pico_ws/install/error_msg/share/error_msg/local_setup.zsh
-- Installing: /home/bhadha/pico_ws/install/error_msg/share/error_msg/local_setup.dsv
-- Installing: /home/bhadha/pico_ws/install/error_msg/share/error_msg/package.dsv
-- Installing: /home/bhadha/pico_ws/install/error_msg/share/ament_index/resource_index/packages/error_msg
-- Installing: /home/bhadha/pico_ws/install/error_msg/share/error_msg/cmake/export_error_msg__rosidl_generator_cExport.cmake
-- Installing: /home/bhadha/pico_ws/install/error_msg/share/error_msg/cmake/export_error_msg__rosidl_generator_cExport-noconfig.cmake
-- Installing: /home/bhadha/pico_ws/install/error_msg/share/error_msg/cmake/export_error_msg__rosidl_typesupport_fastrtps_cExport.cmake
-- Installing: /home/bhadha/pico_ws/install/error_msg/share/error_msg/cmake/export_error_msg__rosidl_typesupport_fastrtps_cExport-noconfig.cmake
-- Installing: /home/bhadha/pico_ws/install/error_msg/share/error_msg/cmake/export_error_msg__rosidl_generator_cppExport.cmake
-- Installing: /home/bhadha/pico_ws/install/error_msg/share/error_msg/cmake/export_error_msg__rosidl_typesupport_fastrtps_cppExport.cmake
-- Installing: /home/bhadha/pico_ws/install/error_msg/share/error_msg/cmake/export_error_msg__rosidl_typesupport_fastrtps_cppExport-noconfig.cmake
-- Installing: /home/bhadha/pico_ws/install/error_msg/share/error_msg/cmake/error_msg__rosidl_typesupport_introspection_cExport.cmake
-- Installing: /home/bhadha/pico_ws/install/error_msg/share/error_msg/cmake/error_msg__rosidl_typesupport_introspection_cExport-noconfig.cmake
-- Installing: /home/bhadha/pico_ws/install/error_msg/share/error_msg/cmake/error_msg__rosidl_typesupport_cExport.cmake
-- Installing: /home/bhadha/pico_ws/install/error_msg/share/error_msg/cmake/error_msg__rosidl_typesupport_cExport-noconfig.cmake
-- Installing: /home/bhadha/pico_ws/install/error_msg/share/error_msg/cmake/error_msg__rosidl_typesupport_introspection_cppExport.cmake
-- Installing: /home/bhadha/pico_ws/install/error_msg/share/error_msg/cmake/error_msg__rosidl_typesupport_introspection_cppExport-noconfig.cmake
-- Installing: /home/bhadha/pico_ws/install/error_msg/share/error_msg/cmake/error_msg__rosidl_typesupport_cppExport.cmake
-- Installing: /home/bhadha/pico_ws/install/error_msg/share/error_msg/cmake/error_msg__rosidl_typesupport_cppExport-noconfig.cmake
-- Installing: /home/bhadha/pico_ws/install/error_msg/share/error_msg/cmake/export_error_msg__rosidl_generator_pyExport.cmake
-- Installing: /home/bhadha/pico_ws/install/error_msg/share/error_msg/cmake/export_error_msg__rosidl_generator_pyExport-noconfig.cmake
-- Installing: /home/bhadha/pico_ws/install/error_msg/share/error_msg/cmake/rosidl_cmake-extras.cmake
-- Installing: /home/bhadha/pico_ws/install/error_msg/share/error_msg/cmake/ament_cmake_export_dependencies-extras.cmake
-- Installing: /home/bhadha/pico_ws/install/error_msg/share/error_msg/cmake/ament_cmake_export_include_directories-extras.cmake
-- Installing: /home/bhadha/pico_ws/install/error_msg/share/error_msg/cmake/ament_cmake_export_libraries-extras.cmake
-- Installing: /home/bhadha/pico_ws/install/error_msg/share/error_msg/cmake/ament_cmake_export_targets-extras.cmake
-- Installing: /home/bhadha/pico_ws/install/error_msg/share/error_msg/cmake/rosidl_cmake_export_typesupport_targets-extras.cmake
-- Installing: /home/bhadha/pico_ws/install/error_msg/share/error_msg/cmake/rosidl_cmake_export_typesupport_libraries-extras.cmake
-- Installing: /home/bhadha/pico_ws/install/error_msg/share/error_msg/cmake/rosidl_cmake_aggregate_target-extras.cmake
-- Installing: /home/bhadha/pico_ws/install/error_msg/share/error_msg/cmake/error_msgConfig.cmake
-- Installing: /home/bhadha/pico_ws/install/error_msg/share/error_msg/cmake/error_msgConfig-version.cmake
-- Installing: /home/bhadha/pico_ws/install/error_msg/share/error_msg/package.xml
