[0.028s] Invoking command in '/home/bhadha/pico_ws/build/error_msg': CMAKE_PREFIX_PATH=/opt/ros/humble /usr/bin/cmake /home/bhadha/pico_ws/src/controller_tuner/error_msg -DCMAKE_INSTALL_PREFIX=/home/bhadha/pico_ws/install/error_msg
[0.169s] -- The C compiler identification is GNU 11.4.0
[0.296s] -- The CXX compiler identification is GNU 11.4.0
[0.311s] -- Detecting C compiler ABI info
[0.438s] -- Detecting C compiler ABI info - done
[0.456s] -- Check for working C compiler: /usr/bin/cc - skipped
[0.456s] -- Detecting C compile features
[0.456s] -- Detecting C compile features - done
[0.461s] -- Detecting CXX compiler ABI info
[0.605s] -- Detecting CXX compiler ABI info - done
[0.630s] -- Check for working CXX compiler: /usr/bin/c++ - skipped
[0.631s] -- Detecting CXX compile features
[0.632s] -- Detecting CXX compile features - done
[0.636s] -- Found ament_cmake: 1.3.14 (/opt/ros/humble/share/ament_cmake/cmake)
[0.962s] -- Found Python3: /usr/bin/python3 (found version "3.10.12") found components: Interpreter 
[1.159s] -- Found std_msgs: 4.9.2 (/opt/ros/humble/share/std_msgs/cmake)
[1.234s] -- Found rosidl_generator_c: 3.1.9 (/opt/ros/humble/share/rosidl_generator_c/cmake)
[1.246s] -- Found rosidl_adapter: 3.1.9 (/opt/ros/humble/share/rosidl_adapter/cmake)
[1.267s] -- Found rosidl_generator_cpp: 3.1.9 (/opt/ros/humble/share/rosidl_generator_cpp/cmake)
[1.299s] -- Using all available rosidl_typesupport_c: rosidl_typesupport_fastrtps_c;rosidl_typesupport_introspection_c
[1.341s] -- Using all available rosidl_typesupport_cpp: rosidl_typesupport_fastrtps_cpp;rosidl_typesupport_introspection_cpp
[1.409s] -- Found rosidl_default_generators: 1.2.1 (/opt/ros/humble/share/rosidl_default_generators/cmake)
[2.067s] -- Found ament_cmake_ros: 0.10.0 (/opt/ros/humble/share/ament_cmake_ros/cmake)
[2.965s] -- Using all available rosidl_typesupport_c: rosidl_typesupport_fastrtps_c;rosidl_typesupport_introspection_c
[3.292s] -- Using all available rosidl_typesupport_cpp: rosidl_typesupport_fastrtps_cpp;rosidl_typesupport_introspection_cpp
[3.358s] -- Found PythonInterp: /usr/bin/python3 (found suitable version "3.10.12", minimum required is "3.6") 
[3.359s] -- Found python_cmake_module: 0.10.0 (/opt/ros/humble/share/python_cmake_module/cmake)
[3.428s] -- Found PythonLibs: /usr/lib/x86_64-linux-gnu/libpython3.10.so (found suitable version "3.10.12", minimum required is "3.5") 
[3.428s] -- Using PYTHON_EXECUTABLE: /usr/bin/python3
[3.428s] -- Using PYTHON_INCLUDE_DIRS: /usr/include/python3.10
[3.429s] -- Using PYTHON_LIBRARIES: /usr/lib/x86_64-linux-gnu/libpython3.10.so
[3.489s] -- Found PythonExtra: .so  
[3.959s] -- Found ament_lint_auto: 0.12.15 (/opt/ros/humble/share/ament_lint_auto/cmake)
[4.048s] -- Added test 'lint_cmake' to check CMake code style
[4.055s] -- Added test 'xmllint' to check XML markup files
[4.075s] -- Configuring done
[4.229s] -- Generating done
[4.290s] -- Build files have been written to: /home/bhadha/pico_ws/build/error_msg
[4.324s] Invoked command in '/home/bhadha/pico_ws/build/error_msg' returned '0': CMAKE_PREFIX_PATH=/opt/ros/humble /usr/bin/cmake /home/bhadha/pico_ws/src/controller_tuner/error_msg -DCMAKE_INSTALL_PREFIX=/home/bhadha/pico_ws/install/error_msg
[4.332s] Invoking command in '/home/bhadha/pico_ws/build/error_msg': CMAKE_PREFIX_PATH=/opt/ros/humble /usr/bin/cmake --build /home/bhadha/pico_ws/build/error_msg -- -j12 -l12
[4.569s] [  3%] [34m[1mGenerating C code for ROS interfaces[0m
[4.610s] [  6%] [34m[1mGenerating C++ code for ROS interfaces[0m
[4.628s] [  9%] [34m[1mGenerating Rust code for ROS interfaces[0m
[4.699s] [  9%] Built target ament_cmake_python_copy_error_msg
[6.567s] [  9%] Built target error_msg__rs
[6.623s] running egg_info
[6.627s] creating error_msg.egg-info
[6.631s] writing error_msg.egg-info/PKG-INFO
[6.631s] writing dependency_links to error_msg.egg-info/dependency_links.txt
[6.632s] writing top-level names to error_msg.egg-info/top_level.txt
[6.633s] writing manifest file 'error_msg.egg-info/SOURCES.txt'
[6.664s] reading manifest file 'error_msg.egg-info/SOURCES.txt'
[6.666s] writing manifest file 'error_msg.egg-info/SOURCES.txt'
[6.775s] [ 12%] [32mBuilding C object CMakeFiles/error_msg__rosidl_generator_c.dir/rosidl_generator_c/error_msg/msg/detail/error__functions.c.o[0m
[6.875s] [ 12%] Built target ament_cmake_python_build_error_msg_egg
[7.247s] [ 12%] Built target error_msg__cpp
[7.291s] [ 15%] [32m[1mLinking C shared library liberror_msg__rosidl_generator_c.so[0m
[7.334s] [ 18%] [34m[1mGenerating C++ introspection for ROS interfaces[0m
[7.379s] [ 21%] [34m[1mGenerating C++ type support for eProsima Fast-RTPS[0m
[7.396s] [ 25%] [34m[1mGenerating C++ type support dispatch for ROS interfaces[0m
[7.733s] [ 25%] Built target error_msg__rosidl_generator_c
[7.818s] [ 28%] [34m[1mGenerating C type support for eProsima Fast-RTPS[0m
[7.841s] [ 31%] [34m[1mGenerating C type support dispatch for ROS interfaces[0m
[7.846s] [ 34%] [34m[1mGenerating C introspection for ROS interfaces[0m
[10.306s] [ 37%] [32mBuilding CXX object CMakeFiles/error_msg__rosidl_typesupport_fastrtps_c.dir/rosidl_typesupport_fastrtps_c/error_msg/msg/detail/error__type_support_c.cpp.o[0m
[10.771s] [ 40%] [32mBuilding CXX object CMakeFiles/error_msg__rosidl_typesupport_cpp.dir/rosidl_typesupport_cpp/error_msg/msg/error__type_support.cpp.o[0m
[10.923s] [ 43%] [32mBuilding CXX object CMakeFiles/error_msg__rosidl_typesupport_fastrtps_cpp.dir/rosidl_typesupport_fastrtps_cpp/error_msg/msg/detail/dds_fastrtps/error__type_support.cpp.o[0m
[11.073s] [ 46%] [32mBuilding CXX object CMakeFiles/error_msg__rosidl_typesupport_introspection_cpp.dir/rosidl_typesupport_introspection_cpp/error_msg/msg/detail/error__type_support.cpp.o[0m
[11.129s] [ 50%] [32mBuilding CXX object CMakeFiles/error_msg__rosidl_typesupport_c.dir/rosidl_typesupport_c/error_msg/msg/error__type_support.cpp.o[0m
[11.445s] [ 53%] [32m[1mLinking CXX shared library liberror_msg__rosidl_typesupport_c.so[0m
[11.674s] [ 56%] [32mBuilding C object CMakeFiles/error_msg__rosidl_typesupport_introspection_c.dir/rosidl_typesupport_introspection_c/error_msg/msg/detail/error__type_support.c.o[0m
[11.806s] [ 59%] [32m[1mLinking CXX shared library liberror_msg__rosidl_typesupport_fastrtps_c.so[0m
[11.872s] [ 59%] Built target error_msg__rosidl_typesupport_c
[11.903s] [ 62%] [32m[1mLinking C shared library liberror_msg__rosidl_typesupport_introspection_c.so[0m
[12.072s] [ 62%] Built target error_msg__rosidl_typesupport_introspection_c
[12.089s] [ 65%] [32m[1mLinking CXX shared library liberror_msg__rosidl_typesupport_cpp.so[0m
[12.236s] [ 65%] Built target error_msg__rosidl_typesupport_cpp
[12.371s] [ 65%] Built target error_msg__rosidl_typesupport_fastrtps_c
[13.235s] [ 68%] [32m[1mLinking CXX shared library liberror_msg__rosidl_typesupport_fastrtps_cpp.so[0m
[13.572s] [ 68%] Built target error_msg__rosidl_typesupport_fastrtps_cpp
[14.058s] [ 71%] [32m[1mLinking CXX shared library liberror_msg__rosidl_typesupport_introspection_cpp.so[0m
[14.196s] [ 71%] Built target error_msg__rosidl_typesupport_introspection_cpp
[14.284s] [ 71%] Built target error_msg
[14.330s] [ 75%] [34m[1mGenerating Python code for ROS interfaces[0m
[15.120s] [ 75%] Built target error_msg__py
[15.179s] [ 78%] [32mBuilding C object CMakeFiles/error_msg__rosidl_generator_py.dir/rosidl_generator_py/error_msg/msg/_error_s.c.o[0m
[15.568s] [ 81%] [32m[1mLinking C shared library rosidl_generator_py/error_msg/liberror_msg__rosidl_generator_py.so[0m
[15.731s] [ 81%] Built target error_msg__rosidl_generator_py
[15.802s] [ 84%] [32mBuilding C object CMakeFiles/error_msg__rosidl_typesupport_c__pyext.dir/rosidl_generator_py/error_msg/_error_msg_s.ep.rosidl_typesupport_c.c.o[0m
[15.816s] [ 87%] [32mBuilding C object CMakeFiles/error_msg__rosidl_typesupport_fastrtps_c__pyext.dir/rosidl_generator_py/error_msg/_error_msg_s.ep.rosidl_typesupport_fastrtps_c.c.o[0m
[15.885s] [ 90%] [32mBuilding C object CMakeFiles/error_msg__rosidl_typesupport_introspection_c__pyext.dir/rosidl_generator_py/error_msg/_error_msg_s.ep.rosidl_typesupport_introspection_c.c.o[0m
[16.202s] [ 93%] [32m[1mLinking C shared library rosidl_generator_py/error_msg/error_msg_s__rosidl_typesupport_c.cpython-310-x86_64-linux-gnu.so[0m
[16.228s] [ 96%] [32m[1mLinking C shared library rosidl_generator_py/error_msg/error_msg_s__rosidl_typesupport_introspection_c.cpython-310-x86_64-linux-gnu.so[0m
[16.273s] [100%] [32m[1mLinking C shared library rosidl_generator_py/error_msg/error_msg_s__rosidl_typesupport_fastrtps_c.cpython-310-x86_64-linux-gnu.so[0m
[16.334s] [100%] Built target error_msg__rosidl_typesupport_c__pyext
[16.338s] [100%] Built target error_msg__rosidl_typesupport_introspection_c__pyext
[16.388s] [100%] Built target error_msg__rosidl_typesupport_fastrtps_c__pyext
[16.412s] Invoked command in '/home/bhadha/pico_ws/build/error_msg' returned '0': CMAKE_PREFIX_PATH=/opt/ros/humble /usr/bin/cmake --build /home/bhadha/pico_ws/build/error_msg -- -j12 -l12
[16.415s] Invoking command in '/home/bhadha/pico_ws/build/error_msg': CMAKE_PREFIX_PATH=/opt/ros/humble /usr/bin/cmake --install /home/bhadha/pico_ws/build/error_msg
[16.432s] -- Install configuration: ""
[16.432s] -- Installing: /home/bhadha/pico_ws/install/error_msg/share/ament_index/resource_index/rosidl_interfaces/error_msg
[16.433s] -- Installing: /home/bhadha/pico_ws/install/error_msg/include/error_msg/error_msg
[16.433s] -- Installing: /home/bhadha/pico_ws/install/error_msg/include/error_msg/error_msg/msg
[16.433s] -- Installing: /home/bhadha/pico_ws/install/error_msg/include/error_msg/error_msg/msg/detail
[16.434s] -- Installing: /home/bhadha/pico_ws/install/error_msg/include/error_msg/error_msg/msg/detail/error__functions.h
[16.434s] -- Installing: /home/bhadha/pico_ws/install/error_msg/include/error_msg/error_msg/msg/detail/error__type_support.h
[16.434s] -- Installing: /home/bhadha/pico_ws/install/error_msg/include/error_msg/error_msg/msg/detail/error__functions.c
[16.434s] -- Installing: /home/bhadha/pico_ws/install/error_msg/include/error_msg/error_msg/msg/detail/error__struct.h
[16.435s] -- Installing: /home/bhadha/pico_ws/install/error_msg/include/error_msg/error_msg/msg/rosidl_generator_c__visibility_control.h
[16.435s] -- Installing: /home/bhadha/pico_ws/install/error_msg/include/error_msg/error_msg/msg/error.h
[16.435s] -- Installing: /home/bhadha/pico_ws/install/error_msg/share/error_msg/environment/library_path.sh
[16.436s] -- Installing: /home/bhadha/pico_ws/install/error_msg/share/error_msg/environment/library_path.dsv
[16.436s] -- Installing: /home/bhadha/pico_ws/install/error_msg/lib/liberror_msg__rosidl_generator_c.so
[16.436s] -- Set runtime path of "/home/bhadha/pico_ws/install/error_msg/lib/liberror_msg__rosidl_generator_c.so" to ""
[16.437s] -- Up-to-date: /home/bhadha/pico_ws/install/error_msg/include/error_msg/error_msg
[16.437s] -- Up-to-date: /home/bhadha/pico_ws/install/error_msg/include/error_msg/error_msg/msg
[16.437s] -- Up-to-date: /home/bhadha/pico_ws/install/error_msg/include/error_msg/error_msg/msg/detail
[16.437s] -- Installing: /home/bhadha/pico_ws/install/error_msg/include/error_msg/error_msg/msg/detail/error__rosidl_typesupport_fastrtps_c.h
[16.438s] -- Installing: /home/bhadha/pico_ws/install/error_msg/include/error_msg/error_msg/msg/rosidl_typesupport_fastrtps_c__visibility_control.h
[16.438s] -- Installing: /home/bhadha/pico_ws/install/error_msg/lib/liberror_msg__rosidl_typesupport_fastrtps_c.so
[16.438s] -- Set runtime path of "/home/bhadha/pico_ws/install/error_msg/lib/liberror_msg__rosidl_typesupport_fastrtps_c.so" to ""
[16.439s] -- Up-to-date: /home/bhadha/pico_ws/install/error_msg/include/error_msg/error_msg
[16.439s] -- Up-to-date: /home/bhadha/pico_ws/install/error_msg/include/error_msg/error_msg/msg
[16.439s] -- Installing: /home/bhadha/pico_ws/install/error_msg/include/error_msg/error_msg/msg/error.hpp
[16.439s] -- Up-to-date: /home/bhadha/pico_ws/install/error_msg/include/error_msg/error_msg/msg/detail
[16.440s] -- Installing: /home/bhadha/pico_ws/install/error_msg/include/error_msg/error_msg/msg/detail/error__traits.hpp
[16.440s] -- Installing: /home/bhadha/pico_ws/install/error_msg/include/error_msg/error_msg/msg/detail/error__type_support.hpp
[16.440s] -- Installing: /home/bhadha/pico_ws/install/error_msg/include/error_msg/error_msg/msg/detail/error__builder.hpp
[16.440s] -- Installing: /home/bhadha/pico_ws/install/error_msg/include/error_msg/error_msg/msg/detail/error__struct.hpp
[16.441s] -- Installing: /home/bhadha/pico_ws/install/error_msg/include/error_msg/error_msg/msg/rosidl_generator_cpp__visibility_control.hpp
[16.441s] -- Up-to-date: /home/bhadha/pico_ws/install/error_msg/include/error_msg/error_msg
[16.441s] -- Up-to-date: /home/bhadha/pico_ws/install/error_msg/include/error_msg/error_msg/msg
[16.441s] -- Installing: /home/bhadha/pico_ws/install/error_msg/include/error_msg/error_msg/msg/rosidl_typesupport_fastrtps_cpp__visibility_control.h
[16.442s] -- Up-to-date: /home/bhadha/pico_ws/install/error_msg/include/error_msg/error_msg/msg/detail
[16.442s] -- Installing: /home/bhadha/pico_ws/install/error_msg/include/error_msg/error_msg/msg/detail/dds_fastrtps
[16.442s] -- Installing: /home/bhadha/pico_ws/install/error_msg/include/error_msg/error_msg/msg/detail/error__rosidl_typesupport_fastrtps_cpp.hpp
[16.442s] -- Installing: /home/bhadha/pico_ws/install/error_msg/lib/liberror_msg__rosidl_typesupport_fastrtps_cpp.so
[16.443s] -- Set runtime path of "/home/bhadha/pico_ws/install/error_msg/lib/liberror_msg__rosidl_typesupport_fastrtps_cpp.so" to ""
[16.443s] -- Up-to-date: /home/bhadha/pico_ws/install/error_msg/include/error_msg/error_msg
[16.443s] -- Up-to-date: /home/bhadha/pico_ws/install/error_msg/include/error_msg/error_msg/msg
[16.443s] -- Up-to-date: /home/bhadha/pico_ws/install/error_msg/include/error_msg/error_msg/msg/detail
[16.444s] -- Installing: /home/bhadha/pico_ws/install/error_msg/include/error_msg/error_msg/msg/detail/error__rosidl_typesupport_introspection_c.h
[16.444s] -- Installing: /home/bhadha/pico_ws/install/error_msg/include/error_msg/error_msg/msg/detail/error__type_support.c
[16.444s] -- Installing: /home/bhadha/pico_ws/install/error_msg/include/error_msg/error_msg/msg/rosidl_typesupport_introspection_c__visibility_control.h
[16.444s] -- Installing: /home/bhadha/pico_ws/install/error_msg/lib/liberror_msg__rosidl_typesupport_introspection_c.so
[16.445s] -- Set runtime path of "/home/bhadha/pico_ws/install/error_msg/lib/liberror_msg__rosidl_typesupport_introspection_c.so" to ""
[16.445s] -- Installing: /home/bhadha/pico_ws/install/error_msg/lib/liberror_msg__rosidl_typesupport_c.so
[16.445s] -- Set runtime path of "/home/bhadha/pico_ws/install/error_msg/lib/liberror_msg__rosidl_typesupport_c.so" to ""
[16.445s] -- Up-to-date: /home/bhadha/pico_ws/install/error_msg/include/error_msg/error_msg
[16.446s] -- Up-to-date: /home/bhadha/pico_ws/install/error_msg/include/error_msg/error_msg/msg
[16.446s] -- Up-to-date: /home/bhadha/pico_ws/install/error_msg/include/error_msg/error_msg/msg/detail
[16.446s] -- Installing: /home/bhadha/pico_ws/install/error_msg/include/error_msg/error_msg/msg/detail/error__type_support.cpp
[16.446s] -- Installing: /home/bhadha/pico_ws/install/error_msg/include/error_msg/error_msg/msg/detail/error__rosidl_typesupport_introspection_cpp.hpp
[16.447s] -- Installing: /home/bhadha/pico_ws/install/error_msg/lib/liberror_msg__rosidl_typesupport_introspection_cpp.so
[16.447s] -- Set runtime path of "/home/bhadha/pico_ws/install/error_msg/lib/liberror_msg__rosidl_typesupport_introspection_cpp.so" to ""
[16.447s] -- Installing: /home/bhadha/pico_ws/install/error_msg/lib/liberror_msg__rosidl_typesupport_cpp.so
[16.447s] -- Set runtime path of "/home/bhadha/pico_ws/install/error_msg/lib/liberror_msg__rosidl_typesupport_cpp.so" to ""
[16.448s] -- Installing: /home/bhadha/pico_ws/install/error_msg/share/error_msg/environment/pythonpath.sh
[16.448s] -- Installing: /home/bhadha/pico_ws/install/error_msg/share/error_msg/environment/pythonpath.dsv
[16.448s] -- Installing: /home/bhadha/pico_ws/install/error_msg/local/lib/python3.10/dist-packages/error_msg-0.0.0-py3.10.egg-info
[16.448s] -- Installing: /home/bhadha/pico_ws/install/error_msg/local/lib/python3.10/dist-packages/error_msg-0.0.0-py3.10.egg-info/SOURCES.txt
[16.449s] -- Installing: /home/bhadha/pico_ws/install/error_msg/local/lib/python3.10/dist-packages/error_msg-0.0.0-py3.10.egg-info/PKG-INFO
[16.449s] -- Installing: /home/bhadha/pico_ws/install/error_msg/local/lib/python3.10/dist-packages/error_msg-0.0.0-py3.10.egg-info/top_level.txt
[16.449s] -- Installing: /home/bhadha/pico_ws/install/error_msg/local/lib/python3.10/dist-packages/error_msg-0.0.0-py3.10.egg-info/dependency_links.txt
[16.449s] -- Installing: /home/bhadha/pico_ws/install/error_msg/local/lib/python3.10/dist-packages/error_msg
[16.450s] -- Installing: /home/bhadha/pico_ws/install/error_msg/local/lib/python3.10/dist-packages/error_msg/error_msg_s__rosidl_typesupport_introspection_c.cpython-310-x86_64-linux-gnu.so
[16.450s] -- Installing: /home/bhadha/pico_ws/install/error_msg/local/lib/python3.10/dist-packages/error_msg/msg
[16.450s] -- Installing: /home/bhadha/pico_ws/install/error_msg/local/lib/python3.10/dist-packages/error_msg/msg/_error_s.c
[16.450s] -- Installing: /home/bhadha/pico_ws/install/error_msg/local/lib/python3.10/dist-packages/error_msg/msg/_error.py
[16.451s] -- Installing: /home/bhadha/pico_ws/install/error_msg/local/lib/python3.10/dist-packages/error_msg/msg/__init__.py
[16.451s] -- Installing: /home/bhadha/pico_ws/install/error_msg/local/lib/python3.10/dist-packages/error_msg/_error_msg_s.ep.rosidl_typesupport_fastrtps_c.c
[16.451s] -- Installing: /home/bhadha/pico_ws/install/error_msg/local/lib/python3.10/dist-packages/error_msg/error_msg_s__rosidl_typesupport_c.cpython-310-x86_64-linux-gnu.so
[16.451s] -- Installing: /home/bhadha/pico_ws/install/error_msg/local/lib/python3.10/dist-packages/error_msg/error_msg_s__rosidl_typesupport_fastrtps_c.cpython-310-x86_64-linux-gnu.so
[16.451s] -- Installing: /home/bhadha/pico_ws/install/error_msg/local/lib/python3.10/dist-packages/error_msg/__init__.py
[16.452s] -- Installing: /home/bhadha/pico_ws/install/error_msg/local/lib/python3.10/dist-packages/error_msg/_error_msg_s.ep.rosidl_typesupport_c.c
[16.452s] -- Installing: /home/bhadha/pico_ws/install/error_msg/local/lib/python3.10/dist-packages/error_msg/liberror_msg__rosidl_generator_py.so
[16.452s] -- Installing: /home/bhadha/pico_ws/install/error_msg/local/lib/python3.10/dist-packages/error_msg/_error_msg_s.ep.rosidl_typesupport_introspection_c.c
[16.522s] Listing '/home/bhadha/pico_ws/install/error_msg/local/lib/python3.10/dist-packages/error_msg'...
[16.522s] Compiling '/home/bhadha/pico_ws/install/error_msg/local/lib/python3.10/dist-packages/error_msg/__init__.py'...
[16.522s] Listing '/home/bhadha/pico_ws/install/error_msg/local/lib/python3.10/dist-packages/error_msg/msg'...
[16.523s] Compiling '/home/bhadha/pico_ws/install/error_msg/local/lib/python3.10/dist-packages/error_msg/msg/__init__.py'...
[16.523s] Compiling '/home/bhadha/pico_ws/install/error_msg/local/lib/python3.10/dist-packages/error_msg/msg/_error.py'...
[16.532s] -- Installing: /home/bhadha/pico_ws/install/error_msg/local/lib/python3.10/dist-packages/error_msg/error_msg_s__rosidl_typesupport_fastrtps_c.cpython-310-x86_64-linux-gnu.so
[16.533s] -- Set runtime path of "/home/bhadha/pico_ws/install/error_msg/local/lib/python3.10/dist-packages/error_msg/error_msg_s__rosidl_typesupport_fastrtps_c.cpython-310-x86_64-linux-gnu.so" to ""
[16.534s] -- Installing: /home/bhadha/pico_ws/install/error_msg/local/lib/python3.10/dist-packages/error_msg/error_msg_s__rosidl_typesupport_introspection_c.cpython-310-x86_64-linux-gnu.so
[16.535s] -- Set runtime path of "/home/bhadha/pico_ws/install/error_msg/local/lib/python3.10/dist-packages/error_msg/error_msg_s__rosidl_typesupport_introspection_c.cpython-310-x86_64-linux-gnu.so" to ""
[16.535s] -- Installing: /home/bhadha/pico_ws/install/error_msg/local/lib/python3.10/dist-packages/error_msg/error_msg_s__rosidl_typesupport_c.cpython-310-x86_64-linux-gnu.so
[16.536s] -- Set runtime path of "/home/bhadha/pico_ws/install/error_msg/local/lib/python3.10/dist-packages/error_msg/error_msg_s__rosidl_typesupport_c.cpython-310-x86_64-linux-gnu.so" to ""
[16.536s] -- Installing: /home/bhadha/pico_ws/install/error_msg/lib/liberror_msg__rosidl_generator_py.so
[16.537s] -- Set runtime path of "/home/bhadha/pico_ws/install/error_msg/lib/liberror_msg__rosidl_generator_py.so" to ""
[16.537s] -- Installing: /home/bhadha/pico_ws/install/error_msg/share/ament_index/resource_index/rust_packages/error_msg
[16.538s] -- Installing: /home/bhadha/pico_ws/install/error_msg/share/error_msg/rust
[16.538s] -- Installing: /home/bhadha/pico_ws/install/error_msg/share/error_msg/rust/build.rs
[16.538s] -- Installing: /home/bhadha/pico_ws/install/error_msg/share/error_msg/rust/src
[16.538s] -- Installing: /home/bhadha/pico_ws/install/error_msg/share/error_msg/rust/src/msg
[16.539s] -- Installing: /home/bhadha/pico_ws/install/error_msg/share/error_msg/rust/src/msg/rmw.rs
[16.539s] -- Installing: /home/bhadha/pico_ws/install/error_msg/share/error_msg/rust/src/lib.rs
[16.539s] -- Installing: /home/bhadha/pico_ws/install/error_msg/share/error_msg/rust/src/msg.rs
[16.539s] -- Installing: /home/bhadha/pico_ws/install/error_msg/share/error_msg/rust/Cargo.toml
[16.540s] -- Installing: /home/bhadha/pico_ws/install/error_msg/share/error_msg/msg/Error.idl
[16.540s] -- Installing: /home/bhadha/pico_ws/install/error_msg/share/error_msg/msg/Error.msg
[16.541s] -- Installing: /home/bhadha/pico_ws/install/error_msg/share/ament_index/resource_index/package_run_dependencies/error_msg
[16.541s] -- Installing: /home/bhadha/pico_ws/install/error_msg/share/ament_index/resource_index/parent_prefix_path/error_msg
[16.542s] -- Installing: /home/bhadha/pico_ws/install/error_msg/share/error_msg/environment/ament_prefix_path.sh
[16.542s] -- Installing: /home/bhadha/pico_ws/install/error_msg/share/error_msg/environment/ament_prefix_path.dsv
[16.542s] -- Installing: /home/bhadha/pico_ws/install/error_msg/share/error_msg/environment/path.sh
[16.543s] -- Installing: /home/bhadha/pico_ws/install/error_msg/share/error_msg/environment/path.dsv
[16.543s] -- Installing: /home/bhadha/pico_ws/install/error_msg/share/error_msg/local_setup.bash
[16.543s] -- Installing: /home/bhadha/pico_ws/install/error_msg/share/error_msg/local_setup.sh
[16.544s] -- Installing: /home/bhadha/pico_ws/install/error_msg/share/error_msg/local_setup.zsh
[16.544s] -- Installing: /home/bhadha/pico_ws/install/error_msg/share/error_msg/local_setup.dsv
[16.544s] -- Installing: /home/bhadha/pico_ws/install/error_msg/share/error_msg/package.dsv
[16.545s] -- Installing: /home/bhadha/pico_ws/install/error_msg/share/ament_index/resource_index/packages/error_msg
[16.545s] -- Installing: /home/bhadha/pico_ws/install/error_msg/share/error_msg/cmake/export_error_msg__rosidl_generator_cExport.cmake
[16.546s] -- Installing: /home/bhadha/pico_ws/install/error_msg/share/error_msg/cmake/export_error_msg__rosidl_generator_cExport-noconfig.cmake
[16.546s] -- Installing: /home/bhadha/pico_ws/install/error_msg/share/error_msg/cmake/export_error_msg__rosidl_typesupport_fastrtps_cExport.cmake
[16.547s] -- Installing: /home/bhadha/pico_ws/install/error_msg/share/error_msg/cmake/export_error_msg__rosidl_typesupport_fastrtps_cExport-noconfig.cmake
[16.547s] -- Installing: /home/bhadha/pico_ws/install/error_msg/share/error_msg/cmake/export_error_msg__rosidl_generator_cppExport.cmake
[16.547s] -- Installing: /home/bhadha/pico_ws/install/error_msg/share/error_msg/cmake/export_error_msg__rosidl_typesupport_fastrtps_cppExport.cmake
[16.548s] -- Installing: /home/bhadha/pico_ws/install/error_msg/share/error_msg/cmake/export_error_msg__rosidl_typesupport_fastrtps_cppExport-noconfig.cmake
[16.548s] -- Installing: /home/bhadha/pico_ws/install/error_msg/share/error_msg/cmake/error_msg__rosidl_typesupport_introspection_cExport.cmake
[16.549s] -- Installing: /home/bhadha/pico_ws/install/error_msg/share/error_msg/cmake/error_msg__rosidl_typesupport_introspection_cExport-noconfig.cmake
[16.549s] -- Installing: /home/bhadha/pico_ws/install/error_msg/share/error_msg/cmake/error_msg__rosidl_typesupport_cExport.cmake
[16.549s] -- Installing: /home/bhadha/pico_ws/install/error_msg/share/error_msg/cmake/error_msg__rosidl_typesupport_cExport-noconfig.cmake
[16.550s] -- Installing: /home/bhadha/pico_ws/install/error_msg/share/error_msg/cmake/error_msg__rosidl_typesupport_introspection_cppExport.cmake
[16.550s] -- Installing: /home/bhadha/pico_ws/install/error_msg/share/error_msg/cmake/error_msg__rosidl_typesupport_introspection_cppExport-noconfig.cmake
[16.551s] -- Installing: /home/bhadha/pico_ws/install/error_msg/share/error_msg/cmake/error_msg__rosidl_typesupport_cppExport.cmake
[16.551s] -- Installing: /home/bhadha/pico_ws/install/error_msg/share/error_msg/cmake/error_msg__rosidl_typesupport_cppExport-noconfig.cmake
[16.551s] -- Installing: /home/bhadha/pico_ws/install/error_msg/share/error_msg/cmake/export_error_msg__rosidl_generator_pyExport.cmake
[16.552s] -- Installing: /home/bhadha/pico_ws/install/error_msg/share/error_msg/cmake/export_error_msg__rosidl_generator_pyExport-noconfig.cmake
[16.552s] -- Installing: /home/bhadha/pico_ws/install/error_msg/share/error_msg/cmake/rosidl_cmake-extras.cmake
[16.552s] -- Installing: /home/bhadha/pico_ws/install/error_msg/share/error_msg/cmake/ament_cmake_export_dependencies-extras.cmake
[16.553s] -- Installing: /home/bhadha/pico_ws/install/error_msg/share/error_msg/cmake/ament_cmake_export_include_directories-extras.cmake
[16.553s] -- Installing: /home/bhadha/pico_ws/install/error_msg/share/error_msg/cmake/ament_cmake_export_libraries-extras.cmake
[16.554s] -- Installing: /home/bhadha/pico_ws/install/error_msg/share/error_msg/cmake/ament_cmake_export_targets-extras.cmake
[16.554s] -- Installing: /home/bhadha/pico_ws/install/error_msg/share/error_msg/cmake/rosidl_cmake_export_typesupport_targets-extras.cmake
[16.554s] -- Installing: /home/bhadha/pico_ws/install/error_msg/share/error_msg/cmake/rosidl_cmake_export_typesupport_libraries-extras.cmake
[16.555s] -- Installing: /home/bhadha/pico_ws/install/error_msg/share/error_msg/cmake/rosidl_cmake_aggregate_target-extras.cmake
[16.555s] -- Installing: /home/bhadha/pico_ws/install/error_msg/share/error_msg/cmake/error_msgConfig.cmake
[16.555s] -- Installing: /home/bhadha/pico_ws/install/error_msg/share/error_msg/cmake/error_msgConfig-version.cmake
[16.556s] -- Installing: /home/bhadha/pico_ws/install/error_msg/share/error_msg/package.xml
[16.562s] Invoked command in '/home/bhadha/pico_ws/build/error_msg' returned '0': CMAKE_PREFIX_PATH=/opt/ros/humble /usr/bin/cmake --install /home/bhadha/pico_ws/build/error_msg
