[0.022s] Invoking command in '/home/bhadha/pico_ws/build/pid_tune': AMENT_PREFIX_PATH=/home/bhadha/pico_ws/install/error_msg:/home/bhadha/pico_ws/install/controller_msg:${AMENT_PREFIX_PATH} CMAKE_PREFIX_PATH=/home/bhadha/pico_ws/install/error_msg:/home/bhadha/pico_ws/install/controller_msg:/opt/ros/humble LD_LIBRARY_PATH=/home/bhadha/pico_ws/install/error_msg/lib:/home/bhadha/pico_ws/install/controller_msg/lib:${LD_LIBRARY_PATH} PYTHONPATH=/home/bhadha/pico_ws/install/error_msg/local/lib/python3.10/dist-packages:/home/bhadha/pico_ws/install/controller_msg/local/lib/python3.10/dist-packages:${PYTHONPATH} /usr/bin/cmake /home/bhadha/pico_ws/src/controller_tuner/pid_tune -DCMAKE_INSTALL_PREFIX=/home/bhadha/pico_ws/install/pid_tune
[0.155s] -- The C compiler identification is GNU 11.4.0
[0.281s] -- The CXX compiler identification is GNU 11.4.0
[0.303s] -- Detecting C compiler ABI info
[0.443s] -- Detecting C compiler ABI info - done
[0.473s] -- Check for working C compiler: /usr/bin/cc - skipped
[0.474s] -- Detecting C compile features
[0.475s] -- Detecting C compile features - done
[0.485s] -- Detecting CXX compiler ABI info
[0.654s] -- Detecting CXX compiler ABI info - done
[0.730s] -- Check for working CXX compiler: /usr/bin/c++ - skipped
[0.732s] -- Detecting CXX compile features
[0.734s] -- Detecting CXX compile features - done
[0.755s] -- Found ament_cmake: 1.3.14 (/opt/ros/humble/share/ament_cmake/cmake)
[1.429s] -- Found Python3: /usr/bin/python3 (found version "3.10.12") found components: Interpreter 
[1.832s] -- Found rclpy: 3.3.21 (/opt/ros/humble/share/rclpy/cmake)
[1.834s] -- Found controller_msg: 0.0.0 (/home/bhadha/pico_ws/install/controller_msg/share/controller_msg/cmake)
[2.092s] -- Found rosidl_generator_c: 3.1.9 (/opt/ros/humble/share/rosidl_generator_c/cmake)
[2.129s] -- Found rosidl_adapter: 3.1.9 (/opt/ros/humble/share/rosidl_adapter/cmake)
[2.194s] -- Found rosidl_generator_cpp: 3.1.9 (/opt/ros/humble/share/rosidl_generator_cpp/cmake)
[2.289s] -- Using all available rosidl_typesupport_c: rosidl_typesupport_fastrtps_c;rosidl_typesupport_introspection_c
[2.421s] -- Using all available rosidl_typesupport_cpp: rosidl_typesupport_fastrtps_cpp;rosidl_typesupport_introspection_cpp
[2.778s] -- Found ament_lint_auto: 0.12.15 (/opt/ros/humble/share/ament_lint_auto/cmake)
[3.204s] -- Added test 'copyright' to check source files copyright and LICENSE
[3.219s] -- Added test 'flake8' to check Python code syntax and style conventions
[3.233s] -- Added test 'lint_cmake' to check CMake code style
[3.237s] -- Added test 'pep257' to check Python code against some of the docstring style conventions in PEP 257
[3.245s] -- Added test 'xmllint' to check XML markup files
[3.259s] -- Configuring done
[3.290s] -- Generating done
[3.307s] -- Build files have been written to: /home/bhadha/pico_ws/build/pid_tune
[3.327s] Invoked command in '/home/bhadha/pico_ws/build/pid_tune' returned '0': AMENT_PREFIX_PATH=/home/bhadha/pico_ws/install/error_msg:/home/bhadha/pico_ws/install/controller_msg:${AMENT_PREFIX_PATH} CMAKE_PREFIX_PATH=/home/bhadha/pico_ws/install/error_msg:/home/bhadha/pico_ws/install/controller_msg:/opt/ros/humble LD_LIBRARY_PATH=/home/bhadha/pico_ws/install/error_msg/lib:/home/bhadha/pico_ws/install/controller_msg/lib:${LD_LIBRARY_PATH} PYTHONPATH=/home/bhadha/pico_ws/install/error_msg/local/lib/python3.10/dist-packages:/home/bhadha/pico_ws/install/controller_msg/local/lib/python3.10/dist-packages:${PYTHONPATH} /usr/bin/cmake /home/bhadha/pico_ws/src/controller_tuner/pid_tune -DCMAKE_INSTALL_PREFIX=/home/bhadha/pico_ws/install/pid_tune
[3.340s] Invoking command in '/home/bhadha/pico_ws/build/pid_tune': AMENT_PREFIX_PATH=/home/bhadha/pico_ws/install/error_msg:/home/bhadha/pico_ws/install/controller_msg:${AMENT_PREFIX_PATH} CMAKE_PREFIX_PATH=/home/bhadha/pico_ws/install/error_msg:/home/bhadha/pico_ws/install/controller_msg:/opt/ros/humble LD_LIBRARY_PATH=/home/bhadha/pico_ws/install/error_msg/lib:/home/bhadha/pico_ws/install/controller_msg/lib:${LD_LIBRARY_PATH} PYTHONPATH=/home/bhadha/pico_ws/install/error_msg/local/lib/python3.10/dist-packages:/home/bhadha/pico_ws/install/controller_msg/local/lib/python3.10/dist-packages:${PYTHONPATH} /usr/bin/cmake --build /home/bhadha/pico_ws/build/pid_tune -- -j12 -l12
[3.576s] Invoked command in '/home/bhadha/pico_ws/build/pid_tune' returned '0': AMENT_PREFIX_PATH=/home/bhadha/pico_ws/install/error_msg:/home/bhadha/pico_ws/install/controller_msg:${AMENT_PREFIX_PATH} CMAKE_PREFIX_PATH=/home/bhadha/pico_ws/install/error_msg:/home/bhadha/pico_ws/install/controller_msg:/opt/ros/humble LD_LIBRARY_PATH=/home/bhadha/pico_ws/install/error_msg/lib:/home/bhadha/pico_ws/install/controller_msg/lib:${LD_LIBRARY_PATH} PYTHONPATH=/home/bhadha/pico_ws/install/error_msg/local/lib/python3.10/dist-packages:/home/bhadha/pico_ws/install/controller_msg/local/lib/python3.10/dist-packages:${PYTHONPATH} /usr/bin/cmake --build /home/bhadha/pico_ws/build/pid_tune -- -j12 -l12
[3.588s] Invoking command in '/home/bhadha/pico_ws/build/pid_tune': AMENT_PREFIX_PATH=/home/bhadha/pico_ws/install/error_msg:/home/bhadha/pico_ws/install/controller_msg:${AMENT_PREFIX_PATH} CMAKE_PREFIX_PATH=/home/bhadha/pico_ws/install/error_msg:/home/bhadha/pico_ws/install/controller_msg:/opt/ros/humble LD_LIBRARY_PATH=/home/bhadha/pico_ws/install/error_msg/lib:/home/bhadha/pico_ws/install/controller_msg/lib:${LD_LIBRARY_PATH} PYTHONPATH=/home/bhadha/pico_ws/install/error_msg/local/lib/python3.10/dist-packages:/home/bhadha/pico_ws/install/controller_msg/local/lib/python3.10/dist-packages:${PYTHONPATH} /usr/bin/cmake --install /home/bhadha/pico_ws/build/pid_tune
[3.629s] -- Install configuration: ""
[3.633s] -- Installing: /home/bhadha/pico_ws/install/pid_tune/lib/pid_tune/pid_tune_differential.py
[3.635s] -- Installing: /home/bhadha/pico_ws/install/pid_tune/lib/pid_tune/pid_tune_drone_button_ui.py
[3.635s] -- Installing: /home/bhadha/pico_ws/install/pid_tune/lib/pid_tune/pid_tune_drone_slider_ui.py
[3.642s] -- Installing: /home/bhadha/pico_ws/install/pid_tune/share/pid_tune//resources
[3.642s] -- Installing: /home/bhadha/pico_ws/install/pid_tune/share/pid_tune//resources/e.png
[3.642s] -- Installing: /home/bhadha/pico_ws/install/pid_tune/share/pid_tune//resources/drone.webp
[3.643s] -- Installing: /home/bhadha/pico_ws/install/pid_tune/share/pid_tune//resources/success.webp
[3.643s] -- Installing: /home/bhadha/pico_ws/install/pid_tune/share/pid_tune//launch
[3.643s] -- Installing: /home/bhadha/pico_ws/install/pid_tune/share/pid_tune//launch/pid_tune_drone.launch.py
[3.643s] -- Installing: /home/bhadha/pico_ws/install/pid_tune/share/pid_tune//launch/pid_tune_diff.launch.py
[3.644s] -- Installing: /home/bhadha/pico_ws/install/pid_tune/share/ament_index/resource_index/package_run_dependencies/pid_tune
[3.645s] -- Installing: /home/bhadha/pico_ws/install/pid_tune/share/ament_index/resource_index/parent_prefix_path/pid_tune
[3.648s] -- Installing: /home/bhadha/pico_ws/install/pid_tune/share/pid_tune/environment/ament_prefix_path.sh
[3.648s] -- Installing: /home/bhadha/pico_ws/install/pid_tune/share/pid_tune/environment/ament_prefix_path.dsv
[3.649s] -- Installing: /home/bhadha/pico_ws/install/pid_tune/share/pid_tune/environment/path.sh
[3.649s] -- Installing: /home/bhadha/pico_ws/install/pid_tune/share/pid_tune/environment/path.dsv
[3.649s] -- Installing: /home/bhadha/pico_ws/install/pid_tune/share/pid_tune/local_setup.bash
[3.653s] -- Installing: /home/bhadha/pico_ws/install/pid_tune/share/pid_tune/local_setup.sh
[3.655s] -- Installing: /home/bhadha/pico_ws/install/pid_tune/share/pid_tune/local_setup.zsh
[3.655s] -- Installing: /home/bhadha/pico_ws/install/pid_tune/share/pid_tune/local_setup.dsv
[3.655s] -- Installing: /home/bhadha/pico_ws/install/pid_tune/share/pid_tune/package.dsv
[3.656s] -- Installing: /home/bhadha/pico_ws/install/pid_tune/share/ament_index/resource_index/packages/pid_tune
[3.656s] -- Installing: /home/bhadha/pico_ws/install/pid_tune/share/pid_tune/cmake/pid_tuneConfig.cmake
[3.656s] -- Installing: /home/bhadha/pico_ws/install/pid_tune/share/pid_tune/cmake/pid_tuneConfig-version.cmake
[3.656s] -- Installing: /home/bhadha/pico_ws/install/pid_tune/share/pid_tune/package.xml
[3.671s] Invoked command in '/home/bhadha/pico_ws/build/pid_tune' returned '0': AMENT_PREFIX_PATH=/home/bhadha/pico_ws/install/error_msg:/home/bhadha/pico_ws/install/controller_msg:${AMENT_PREFIX_PATH} CMAKE_PREFIX_PATH=/home/bhadha/pico_ws/install/error_msg:/home/bhadha/pico_ws/install/controller_msg:/opt/ros/humble LD_LIBRARY_PATH=/home/bhadha/pico_ws/install/error_msg/lib:/home/bhadha/pico_ws/install/controller_msg/lib:${LD_LIBRARY_PATH} PYTHONPATH=/home/bhadha/pico_ws/install/error_msg/local/lib/python3.10/dist-packages:/home/bhadha/pico_ws/install/controller_msg/local/lib/python3.10/dist-packages:${PYTHONPATH} /usr/bin/cmake --install /home/bhadha/pico_ws/build/pid_tune
