[0.019s] Invoking command in '/home/bhadha/pico_ws/build/rotors_swift_interface': AMENT_PREFIX_PATH=/home/bhadha/pico_ws/install/swift_msgs:/home/bhadha/pico_ws/install/mav_msgs:${AMENT_PREFIX_PATH} CMAKE_PREFIX_PATH=/home/bhadha/pico_ws/install/swift_msgs:/home/bhadha/pico_ws/install/mav_msgs:/opt/ros/humble LD_LIBRARY_PATH=/home/bhadha/pico_ws/install/swift_msgs/lib:/home/bhadha/pico_ws/install/mav_msgs/lib:${LD_LIBRARY_PATH} PYTHONPATH=/home/bhadha/pico_ws/install/swift_msgs/local/lib/python3.10/dist-packages:/home/bhadha/pico_ws/install/mav_msgs/local/lib/python3.10/dist-packages:${PYTHONPATH} /usr/bin/cmake --build /home/bhadha/pico_ws/build/rotors_swift_interface -- -j12 -l12
[0.096s] [ 50%] [32mBuilding CXX object CMakeFiles/rotors_swift_interface.dir/src/swift_trans.cpp.o[0m
[16.409s] [100%] [32m[1mLinking CXX executable rotors_swift_interface[0m
[16.809s] [100%] Built target rotors_swift_interface
[16.819s] Invoked command in '/home/bhadha/pico_ws/build/rotors_swift_interface' returned '0': AMENT_PREFIX_PATH=/home/bhadha/pico_ws/install/swift_msgs:/home/bhadha/pico_ws/install/mav_msgs:${AMENT_PREFIX_PATH} CMAKE_PREFIX_PATH=/home/bhadha/pico_ws/install/swift_msgs:/home/bhadha/pico_ws/install/mav_msgs:/opt/ros/humble LD_LIBRARY_PATH=/home/bhadha/pico_ws/install/swift_msgs/lib:/home/bhadha/pico_ws/install/mav_msgs/lib:${LD_LIBRARY_PATH} PYTHONPATH=/home/bhadha/pico_ws/install/swift_msgs/local/lib/python3.10/dist-packages:/home/bhadha/pico_ws/install/mav_msgs/local/lib/python3.10/dist-packages:${PYTHONPATH} /usr/bin/cmake --build /home/bhadha/pico_ws/build/rotors_swift_interface -- -j12 -l12
[16.820s] Invoking command in '/home/bhadha/pico_ws/build/rotors_swift_interface': AMENT_PREFIX_PATH=/home/bhadha/pico_ws/install/swift_msgs:/home/bhadha/pico_ws/install/mav_msgs:${AMENT_PREFIX_PATH} CMAKE_PREFIX_PATH=/home/bhadha/pico_ws/install/swift_msgs:/home/bhadha/pico_ws/install/mav_msgs:/opt/ros/humble LD_LIBRARY_PATH=/home/bhadha/pico_ws/install/swift_msgs/lib:/home/bhadha/pico_ws/install/mav_msgs/lib:${LD_LIBRARY_PATH} PYTHONPATH=/home/bhadha/pico_ws/install/swift_msgs/local/lib/python3.10/dist-packages:/home/bhadha/pico_ws/install/mav_msgs/local/lib/python3.10/dist-packages:${PYTHONPATH} /usr/bin/cmake --install /home/bhadha/pico_ws/build/rotors_swift_interface
[16.827s] -- Install configuration: ""
[16.827s] -- Installing: /home/bhadha/pico_ws/install/rotors_swift_interface/lib/rotors_swift_interface/rotors_swift_interface
[16.830s] -- Set runtime path of "/home/bhadha/pico_ws/install/rotors_swift_interface/lib/rotors_swift_interface/rotors_swift_interface" to ""
[16.830s] -- Installing: /home/bhadha/pico_ws/install/rotors_swift_interface/share/ament_index/resource_index/package_run_dependencies/rotors_swift_interface
[16.830s] -- Installing: /home/bhadha/pico_ws/install/rotors_swift_interface/share/ament_index/resource_index/parent_prefix_path/rotors_swift_interface
[16.830s] -- Installing: /home/bhadha/pico_ws/install/rotors_swift_interface/share/rotors_swift_interface/environment/ament_prefix_path.sh
[16.830s] -- Installing: /home/bhadha/pico_ws/install/rotors_swift_interface/share/rotors_swift_interface/environment/ament_prefix_path.dsv
[16.830s] -- Installing: /home/bhadha/pico_ws/install/rotors_swift_interface/share/rotors_swift_interface/environment/path.sh
[16.830s] -- Installing: /home/bhadha/pico_ws/install/rotors_swift_interface/share/rotors_swift_interface/environment/path.dsv
[16.830s] -- Installing: /home/bhadha/pico_ws/install/rotors_swift_interface/share/rotors_swift_interface/local_setup.bash
[16.831s] -- Installing: /home/bhadha/pico_ws/install/rotors_swift_interface/share/rotors_swift_interface/local_setup.sh
[16.831s] -- Installing: /home/bhadha/pico_ws/install/rotors_swift_interface/share/rotors_swift_interface/local_setup.zsh
[16.831s] -- Installing: /home/bhadha/pico_ws/install/rotors_swift_interface/share/rotors_swift_interface/local_setup.dsv
[16.831s] -- Installing: /home/bhadha/pico_ws/install/rotors_swift_interface/share/rotors_swift_interface/package.dsv
[16.831s] -- Installing: /home/bhadha/pico_ws/install/rotors_swift_interface/share/ament_index/resource_index/packages/rotors_swift_interface
[16.831s] -- Installing: /home/bhadha/pico_ws/install/rotors_swift_interface/share/rotors_swift_interface/cmake/rotors_swift_interfaceConfig.cmake
[16.831s] -- Installing: /home/bhadha/pico_ws/install/rotors_swift_interface/share/rotors_swift_interface/cmake/rotors_swift_interfaceConfig-version.cmake
[16.831s] -- Installing: /home/bhadha/pico_ws/install/rotors_swift_interface/share/rotors_swift_interface/package.xml
[16.833s] Invoked command in '/home/bhadha/pico_ws/build/rotors_swift_interface' returned '0': AMENT_PREFIX_PATH=/home/bhadha/pico_ws/install/swift_msgs:/home/bhadha/pico_ws/install/mav_msgs:${AMENT_PREFIX_PATH} CMAKE_PREFIX_PATH=/home/bhadha/pico_ws/install/swift_msgs:/home/bhadha/pico_ws/install/mav_msgs:/opt/ros/humble LD_LIBRARY_PATH=/home/bhadha/pico_ws/install/swift_msgs/lib:/home/bhadha/pico_ws/install/mav_msgs/lib:${LD_LIBRARY_PATH} PYTHONPATH=/home/bhadha/pico_ws/install/swift_msgs/local/lib/python3.10/dist-packages:/home/bhadha/pico_ws/install/mav_msgs/local/lib/python3.10/dist-packages:${PYTHONPATH} /usr/bin/cmake --install /home/bhadha/pico_ws/build/rotors_swift_interface
