[0.028s] Invoking command in '/home/bhadha/pico_ws/build/mav_system_msgs': CMAKE_PREFIX_PATH=/opt/ros/humble /usr/bin/cmake --build /home/bhadha/pico_ws/build/mav_system_msgs -- -j12 -l12
[0.150s] [35m[1mConsolidate compiler generated dependencies of target mav_system_msgs__rosidl_generator_c[0m
[0.199s] [  3%] Built target mav_system_msgs__cpp
[0.235s] [ 17%] Built target mav_system_msgs__rosidl_generator_c
[0.265s] [35m[1mConsolidate compiler generated dependencies of target mav_system_msgs__rosidl_typesupport_cpp[0m
[0.292s] [35m[1mConsolidate compiler generated dependencies of target mav_system_msgs__rosidl_typesupport_fastrtps_cpp[0m
[0.308s] [35m[1mConsolidate compiler generated dependencies of target mav_system_msgs__rosidl_typesupport_introspection_cpp[0m
[0.341s] [35m[1mConsolidate compiler generated dependencies of target mav_system_msgs__rosidl_typesupport_fastrtps_c[0m
[0.367s] [35m[1mConsolidate compiler generated dependencies of target mav_system_msgs__rosidl_typesupport_introspection_c[0m
[0.369s] [35m[1mConsolidate compiler generated dependencies of target mav_system_msgs__rosidl_typesupport_c[0m
[0.376s] [ 31%] Built target mav_system_msgs__rosidl_typesupport_cpp
[0.376s] [ 44%] Built target mav_system_msgs__rosidl_typesupport_fastrtps_cpp
[0.385s] [ 58%] Built target mav_system_msgs__rosidl_typesupport_introspection_c
[0.407s] [ 72%] Built target mav_system_msgs__rosidl_typesupport_introspection_cpp
[0.410s] [ 86%] Built target mav_system_msgs__rosidl_typesupport_c
[0.418s] [100%] Built target mav_system_msgs__rosidl_typesupport_fastrtps_c
[0.470s] [100%] Built target mav_system_msgs
[0.502s] Invoked command in '/home/bhadha/pico_ws/build/mav_system_msgs' returned '0': CMAKE_PREFIX_PATH=/opt/ros/humble /usr/bin/cmake --build /home/bhadha/pico_ws/build/mav_system_msgs -- -j12 -l12
[0.505s] Invoking command in '/home/bhadha/pico_ws/build/mav_system_msgs': CMAKE_PREFIX_PATH=/opt/ros/humble /usr/bin/cmake --install /home/bhadha/pico_ws/build/mav_system_msgs
[0.539s] -- Install configuration: ""
[0.540s] -- Up-to-date: /home/bhadha/pico_ws/install/mav_system_msgs/share/ament_index/resource_index/rosidl_interfaces/mav_system_msgs
[0.540s] -- Up-to-date: /home/bhadha/pico_ws/install/mav_system_msgs/include/mav_system_msgs/mav_system_msgs
[0.541s] -- Up-to-date: /home/bhadha/pico_ws/install/mav_system_msgs/include/mav_system_msgs/mav_system_msgs/msg
[0.541s] -- Up-to-date: /home/bhadha/pico_ws/install/mav_system_msgs/include/mav_system_msgs/mav_system_msgs/msg/detail
[0.541s] -- Up-to-date: /home/bhadha/pico_ws/install/mav_system_msgs/include/mav_system_msgs/mav_system_msgs/msg/detail/process_info__functions.h
[0.541s] -- Up-to-date: /home/bhadha/pico_ws/install/mav_system_msgs/include/mav_system_msgs/mav_system_msgs/msg/detail/cpu_info__struct.h
[0.541s] -- Up-to-date: /home/bhadha/pico_ws/install/mav_system_msgs/include/mav_system_msgs/mav_system_msgs/msg/detail/cpu_info__type_support.h
[0.541s] -- Up-to-date: /home/bhadha/pico_ws/install/mav_system_msgs/include/mav_system_msgs/mav_system_msgs/msg/detail/process_info__functions.c
[0.542s] -- Up-to-date: /home/bhadha/pico_ws/install/mav_system_msgs/include/mav_system_msgs/mav_system_msgs/msg/detail/process_info__type_support.h
[0.542s] -- Up-to-date: /home/bhadha/pico_ws/install/mav_system_msgs/include/mav_system_msgs/mav_system_msgs/msg/detail/cpu_info__functions.c
[0.542s] -- Up-to-date: /home/bhadha/pico_ws/install/mav_system_msgs/include/mav_system_msgs/mav_system_msgs/msg/detail/cpu_info__functions.h
[0.542s] -- Up-to-date: /home/bhadha/pico_ws/install/mav_system_msgs/include/mav_system_msgs/mav_system_msgs/msg/detail/process_info__struct.h
[0.542s] -- Up-to-date: /home/bhadha/pico_ws/install/mav_system_msgs/include/mav_system_msgs/mav_system_msgs/msg/cpu_info.h
[0.542s] -- Up-to-date: /home/bhadha/pico_ws/install/mav_system_msgs/include/mav_system_msgs/mav_system_msgs/msg/rosidl_generator_c__visibility_control.h
[0.543s] -- Up-to-date: /home/bhadha/pico_ws/install/mav_system_msgs/include/mav_system_msgs/mav_system_msgs/msg/process_info.h
[0.543s] -- Up-to-date: /home/bhadha/pico_ws/install/mav_system_msgs/share/mav_system_msgs/environment/library_path.sh
[0.543s] -- Up-to-date: /home/bhadha/pico_ws/install/mav_system_msgs/share/mav_system_msgs/environment/library_path.dsv
[0.543s] -- Up-to-date: /home/bhadha/pico_ws/install/mav_system_msgs/lib/libmav_system_msgs__rosidl_generator_c.so
[0.543s] -- Up-to-date: /home/bhadha/pico_ws/install/mav_system_msgs/include/mav_system_msgs/mav_system_msgs
[0.544s] -- Up-to-date: /home/bhadha/pico_ws/install/mav_system_msgs/include/mav_system_msgs/mav_system_msgs/msg
[0.550s] -- Up-to-date: /home/bhadha/pico_ws/install/mav_system_msgs/include/mav_system_msgs/mav_system_msgs/msg/detail
[0.550s] -- Up-to-date: /home/bhadha/pico_ws/install/mav_system_msgs/include/mav_system_msgs/mav_system_msgs/msg/detail/cpu_info__rosidl_typesupport_fastrtps_c.h
[0.550s] -- Up-to-date: /home/bhadha/pico_ws/install/mav_system_msgs/include/mav_system_msgs/mav_system_msgs/msg/detail/process_info__rosidl_typesupport_fastrtps_c.h
[0.551s] -- Up-to-date: /home/bhadha/pico_ws/install/mav_system_msgs/include/mav_system_msgs/mav_system_msgs/msg/rosidl_typesupport_fastrtps_c__visibility_control.h
[0.551s] -- Up-to-date: /home/bhadha/pico_ws/install/mav_system_msgs/lib/libmav_system_msgs__rosidl_typesupport_fastrtps_c.so
[0.551s] -- Up-to-date: /home/bhadha/pico_ws/install/mav_system_msgs/include/mav_system_msgs/mav_system_msgs
[0.551s] -- Up-to-date: /home/bhadha/pico_ws/install/mav_system_msgs/include/mav_system_msgs/mav_system_msgs/msg
[0.551s] -- Up-to-date: /home/bhadha/pico_ws/install/mav_system_msgs/include/mav_system_msgs/mav_system_msgs/msg/detail
[0.552s] -- Up-to-date: /home/bhadha/pico_ws/install/mav_system_msgs/include/mav_system_msgs/mav_system_msgs/msg/detail/process_info__builder.hpp
[0.552s] -- Up-to-date: /home/bhadha/pico_ws/install/mav_system_msgs/include/mav_system_msgs/mav_system_msgs/msg/detail/process_info__struct.hpp
[0.552s] -- Up-to-date: /home/bhadha/pico_ws/install/mav_system_msgs/include/mav_system_msgs/mav_system_msgs/msg/detail/process_info__type_support.hpp
[0.552s] -- Up-to-date: /home/bhadha/pico_ws/install/mav_system_msgs/include/mav_system_msgs/mav_system_msgs/msg/detail/cpu_info__traits.hpp
[0.553s] -- Up-to-date: /home/bhadha/pico_ws/install/mav_system_msgs/include/mav_system_msgs/mav_system_msgs/msg/detail/process_info__traits.hpp
[0.553s] -- Up-to-date: /home/bhadha/pico_ws/install/mav_system_msgs/include/mav_system_msgs/mav_system_msgs/msg/detail/cpu_info__struct.hpp
[0.553s] -- Up-to-date: /home/bhadha/pico_ws/install/mav_system_msgs/include/mav_system_msgs/mav_system_msgs/msg/detail/cpu_info__type_support.hpp
[0.553s] -- Up-to-date: /home/bhadha/pico_ws/install/mav_system_msgs/include/mav_system_msgs/mav_system_msgs/msg/detail/cpu_info__builder.hpp
[0.553s] -- Up-to-date: /home/bhadha/pico_ws/install/mav_system_msgs/include/mav_system_msgs/mav_system_msgs/msg/rosidl_generator_cpp__visibility_control.hpp
[0.554s] -- Up-to-date: /home/bhadha/pico_ws/install/mav_system_msgs/include/mav_system_msgs/mav_system_msgs/msg/process_info.hpp
[0.554s] -- Up-to-date: /home/bhadha/pico_ws/install/mav_system_msgs/include/mav_system_msgs/mav_system_msgs/msg/cpu_info.hpp
[0.554s] -- Up-to-date: /home/bhadha/pico_ws/install/mav_system_msgs/include/mav_system_msgs/mav_system_msgs
[0.554s] -- Up-to-date: /home/bhadha/pico_ws/install/mav_system_msgs/include/mav_system_msgs/mav_system_msgs/msg
[0.554s] -- Up-to-date: /home/bhadha/pico_ws/install/mav_system_msgs/include/mav_system_msgs/mav_system_msgs/msg/rosidl_typesupport_fastrtps_cpp__visibility_control.h
[0.554s] -- Up-to-date: /home/bhadha/pico_ws/install/mav_system_msgs/include/mav_system_msgs/mav_system_msgs/msg/detail
[0.558s] -- Up-to-date: /home/bhadha/pico_ws/install/mav_system_msgs/include/mav_system_msgs/mav_system_msgs/msg/detail/dds_fastrtps
[0.558s] -- Up-to-date: /home/bhadha/pico_ws/install/mav_system_msgs/include/mav_system_msgs/mav_system_msgs/msg/detail/process_info__rosidl_typesupport_fastrtps_cpp.hpp
[0.558s] -- Up-to-date: /home/bhadha/pico_ws/install/mav_system_msgs/include/mav_system_msgs/mav_system_msgs/msg/detail/cpu_info__rosidl_typesupport_fastrtps_cpp.hpp
[0.559s] -- Up-to-date: /home/bhadha/pico_ws/install/mav_system_msgs/lib/libmav_system_msgs__rosidl_typesupport_fastrtps_cpp.so
[0.559s] -- Up-to-date: /home/bhadha/pico_ws/install/mav_system_msgs/include/mav_system_msgs/mav_system_msgs
[0.559s] -- Up-to-date: /home/bhadha/pico_ws/install/mav_system_msgs/include/mav_system_msgs/mav_system_msgs/msg
[0.559s] -- Up-to-date: /home/bhadha/pico_ws/install/mav_system_msgs/include/mav_system_msgs/mav_system_msgs/msg/detail
[0.559s] -- Up-to-date: /home/bhadha/pico_ws/install/mav_system_msgs/include/mav_system_msgs/mav_system_msgs/msg/detail/process_info__rosidl_typesupport_introspection_c.h
[0.559s] -- Up-to-date: /home/bhadha/pico_ws/install/mav_system_msgs/include/mav_system_msgs/mav_system_msgs/msg/detail/cpu_info__type_support.c
[0.560s] -- Up-to-date: /home/bhadha/pico_ws/install/mav_system_msgs/include/mav_system_msgs/mav_system_msgs/msg/detail/process_info__type_support.c
[0.560s] -- Up-to-date: /home/bhadha/pico_ws/install/mav_system_msgs/include/mav_system_msgs/mav_system_msgs/msg/detail/cpu_info__rosidl_typesupport_introspection_c.h
[0.560s] -- Up-to-date: /home/bhadha/pico_ws/install/mav_system_msgs/include/mav_system_msgs/mav_system_msgs/msg/rosidl_typesupport_introspection_c__visibility_control.h
[0.560s] -- Up-to-date: /home/bhadha/pico_ws/install/mav_system_msgs/lib/libmav_system_msgs__rosidl_typesupport_introspection_c.so
[0.560s] -- Up-to-date: /home/bhadha/pico_ws/install/mav_system_msgs/lib/libmav_system_msgs__rosidl_typesupport_c.so
[0.560s] -- Up-to-date: /home/bhadha/pico_ws/install/mav_system_msgs/include/mav_system_msgs/mav_system_msgs
[0.561s] -- Up-to-date: /home/bhadha/pico_ws/install/mav_system_msgs/include/mav_system_msgs/mav_system_msgs/msg
[0.561s] -- Up-to-date: /home/bhadha/pico_ws/install/mav_system_msgs/include/mav_system_msgs/mav_system_msgs/msg/detail
[0.561s] -- Up-to-date: /home/bhadha/pico_ws/install/mav_system_msgs/include/mav_system_msgs/mav_system_msgs/msg/detail/cpu_info__rosidl_typesupport_introspection_cpp.hpp
[0.561s] -- Up-to-date: /home/bhadha/pico_ws/install/mav_system_msgs/include/mav_system_msgs/mav_system_msgs/msg/detail/process_info__rosidl_typesupport_introspection_cpp.hpp
[0.561s] -- Up-to-date: /home/bhadha/pico_ws/install/mav_system_msgs/include/mav_system_msgs/mav_system_msgs/msg/detail/process_info__type_support.cpp
[0.561s] -- Up-to-date: /home/bhadha/pico_ws/install/mav_system_msgs/include/mav_system_msgs/mav_system_msgs/msg/detail/cpu_info__type_support.cpp
[0.566s] -- Up-to-date: /home/bhadha/pico_ws/install/mav_system_msgs/lib/libmav_system_msgs__rosidl_typesupport_introspection_cpp.so
[0.569s] -- Up-to-date: /home/bhadha/pico_ws/install/mav_system_msgs/lib/libmav_system_msgs__rosidl_typesupport_cpp.so
[0.569s] -- Up-to-date: /home/bhadha/pico_ws/install/mav_system_msgs/share/mav_system_msgs/msg/CpuInfo.idl
[0.569s] -- Up-to-date: /home/bhadha/pico_ws/install/mav_system_msgs/share/mav_system_msgs/msg/ProcessInfo.idl
[0.577s] -- Up-to-date: /home/bhadha/pico_ws/install/mav_system_msgs/share/mav_system_msgs/msg/CpuInfo.msg
[0.577s] -- Up-to-date: /home/bhadha/pico_ws/install/mav_system_msgs/share/mav_system_msgs/msg/ProcessInfo.msg
[0.577s] -- Up-to-date: /home/bhadha/pico_ws/install/mav_system_msgs/share/ament_index/resource_index/package_run_dependencies/mav_system_msgs
[0.577s] -- Up-to-date: /home/bhadha/pico_ws/install/mav_system_msgs/share/ament_index/resource_index/parent_prefix_path/mav_system_msgs
[0.577s] -- Up-to-date: /home/bhadha/pico_ws/install/mav_system_msgs/share/mav_system_msgs/environment/ament_prefix_path.sh
[0.578s] -- Up-to-date: /home/bhadha/pico_ws/install/mav_system_msgs/share/mav_system_msgs/environment/ament_prefix_path.dsv
[0.578s] -- Up-to-date: /home/bhadha/pico_ws/install/mav_system_msgs/share/mav_system_msgs/environment/path.sh
[0.578s] -- Up-to-date: /home/bhadha/pico_ws/install/mav_system_msgs/share/mav_system_msgs/environment/path.dsv
[0.578s] -- Up-to-date: /home/bhadha/pico_ws/install/mav_system_msgs/share/mav_system_msgs/local_setup.bash
[0.578s] -- Up-to-date: /home/bhadha/pico_ws/install/mav_system_msgs/share/mav_system_msgs/local_setup.sh
[0.578s] -- Up-to-date: /home/bhadha/pico_ws/install/mav_system_msgs/share/mav_system_msgs/local_setup.zsh
[0.579s] -- Up-to-date: /home/bhadha/pico_ws/install/mav_system_msgs/share/mav_system_msgs/local_setup.dsv
[0.579s] -- Installing: /home/bhadha/pico_ws/install/mav_system_msgs/share/mav_system_msgs/package.dsv
[0.579s] -- Up-to-date: /home/bhadha/pico_ws/install/mav_system_msgs/share/ament_index/resource_index/packages/mav_system_msgs
[0.579s] -- Up-to-date: /home/bhadha/pico_ws/install/mav_system_msgs/share/mav_system_msgs/cmake/export_mav_system_msgs__rosidl_generator_cExport.cmake
[0.579s] -- Up-to-date: /home/bhadha/pico_ws/install/mav_system_msgs/share/mav_system_msgs/cmake/export_mav_system_msgs__rosidl_generator_cExport-noconfig.cmake
[0.579s] -- Up-to-date: /home/bhadha/pico_ws/install/mav_system_msgs/share/mav_system_msgs/cmake/export_mav_system_msgs__rosidl_typesupport_fastrtps_cExport.cmake
[0.580s] -- Up-to-date: /home/bhadha/pico_ws/install/mav_system_msgs/share/mav_system_msgs/cmake/export_mav_system_msgs__rosidl_typesupport_fastrtps_cExport-noconfig.cmake
[0.580s] -- Up-to-date: /home/bhadha/pico_ws/install/mav_system_msgs/share/mav_system_msgs/cmake/export_mav_system_msgs__rosidl_generator_cppExport.cmake
[0.580s] -- Up-to-date: /home/bhadha/pico_ws/install/mav_system_msgs/share/mav_system_msgs/cmake/export_mav_system_msgs__rosidl_typesupport_fastrtps_cppExport.cmake
[0.580s] -- Up-to-date: /home/bhadha/pico_ws/install/mav_system_msgs/share/mav_system_msgs/cmake/export_mav_system_msgs__rosidl_typesupport_fastrtps_cppExport-noconfig.cmake
[0.580s] -- Up-to-date: /home/bhadha/pico_ws/install/mav_system_msgs/share/mav_system_msgs/cmake/mav_system_msgs__rosidl_typesupport_introspection_cExport.cmake
[0.581s] -- Up-to-date: /home/bhadha/pico_ws/install/mav_system_msgs/share/mav_system_msgs/cmake/mav_system_msgs__rosidl_typesupport_introspection_cExport-noconfig.cmake
[0.581s] -- Up-to-date: /home/bhadha/pico_ws/install/mav_system_msgs/share/mav_system_msgs/cmake/mav_system_msgs__rosidl_typesupport_cExport.cmake
[0.585s] -- Up-to-date: /home/bhadha/pico_ws/install/mav_system_msgs/share/mav_system_msgs/cmake/mav_system_msgs__rosidl_typesupport_cExport-noconfig.cmake
[0.585s] -- Up-to-date: /home/bhadha/pico_ws/install/mav_system_msgs/share/mav_system_msgs/cmake/mav_system_msgs__rosidl_typesupport_introspection_cppExport.cmake
[0.586s] -- Up-to-date: /home/bhadha/pico_ws/install/mav_system_msgs/share/mav_system_msgs/cmake/mav_system_msgs__rosidl_typesupport_introspection_cppExport-noconfig.cmake
[0.586s] -- Up-to-date: /home/bhadha/pico_ws/install/mav_system_msgs/share/mav_system_msgs/cmake/mav_system_msgs__rosidl_typesupport_cppExport.cmake
[0.586s] -- Up-to-date: /home/bhadha/pico_ws/install/mav_system_msgs/share/mav_system_msgs/cmake/mav_system_msgs__rosidl_typesupport_cppExport-noconfig.cmake
[0.586s] -- Up-to-date: /home/bhadha/pico_ws/install/mav_system_msgs/share/mav_system_msgs/cmake/rosidl_cmake-extras.cmake
[0.586s] -- Up-to-date: /home/bhadha/pico_ws/install/mav_system_msgs/share/mav_system_msgs/cmake/ament_cmake_export_dependencies-extras.cmake
[0.586s] -- Up-to-date: /home/bhadha/pico_ws/install/mav_system_msgs/share/mav_system_msgs/cmake/ament_cmake_export_include_directories-extras.cmake
[0.587s] -- Up-to-date: /home/bhadha/pico_ws/install/mav_system_msgs/share/mav_system_msgs/cmake/ament_cmake_export_libraries-extras.cmake
[0.587s] -- Up-to-date: /home/bhadha/pico_ws/install/mav_system_msgs/share/mav_system_msgs/cmake/ament_cmake_export_targets-extras.cmake
[0.587s] -- Up-to-date: /home/bhadha/pico_ws/install/mav_system_msgs/share/mav_system_msgs/cmake/rosidl_cmake_export_typesupport_targets-extras.cmake
[0.587s] -- Up-to-date: /home/bhadha/pico_ws/install/mav_system_msgs/share/mav_system_msgs/cmake/rosidl_cmake_export_typesupport_libraries-extras.cmake
[0.587s] -- Up-to-date: /home/bhadha/pico_ws/install/mav_system_msgs/share/mav_system_msgs/cmake/rosidl_cmake_aggregate_target-extras.cmake
[0.587s] -- Up-to-date: /home/bhadha/pico_ws/install/mav_system_msgs/share/mav_system_msgs/cmake/mav_system_msgsConfig.cmake
[0.588s] -- Up-to-date: /home/bhadha/pico_ws/install/mav_system_msgs/share/mav_system_msgs/cmake/mav_system_msgsConfig-version.cmake
[0.588s] -- Up-to-date: /home/bhadha/pico_ws/install/mav_system_msgs/share/mav_system_msgs/package.xml
[0.588s] Invoked command in '/home/bhadha/pico_ws/build/mav_system_msgs' returned '0': CMAKE_PREFIX_PATH=/opt/ros/humble /usr/bin/cmake --install /home/bhadha/pico_ws/build/mav_system_msgs
