[35m[1mConsolidate compiler generated dependencies of target whycode_node[0m
[100%] Built target whycode_node
-- Install configuration: ""
-- Installing: /home/bhadha/pico_ws/install/whycode/share/whycode/launch
-- Installing: /home/bhadha/pico_ws/install/whycode/share/whycode/launch/whycode.launch
-- Installing: /home/bhadha/pico_ws/install/whycode/share/whycode/launch/camera.launch.py
-- Installing: /home/bhadha/pico_ws/install/whycode/share/whycode/launch/whycode_bringup.launch.py
-- Installing: /home/bhadha/pico_ws/install/whycode/lib/whycode/whycode_node
-- Set runtime path of "/home/bhadha/pico_ws/install/whycode/lib/whycode/whycode_node" to ""
-- Installing: /home/bhadha/pico_ws/install/whycode/share/ament_index/resource_index/package_run_dependencies/whycode
-- Installing: /home/bhadha/pico_ws/install/whycode/share/ament_index/resource_index/parent_prefix_path/whycode
-- Installing: /home/bhadha/pico_ws/install/whycode/share/whycode/environment/ament_prefix_path.sh
-- Installing: /home/bhadha/pico_ws/install/whycode/share/whycode/environment/ament_prefix_path.dsv
-- Installing: /home/bhadha/pico_ws/install/whycode/share/whycode/environment/path.sh
-- Installing: /home/bhadha/pico_ws/install/whycode/share/whycode/environment/path.dsv
-- Installing: /home/bhadha/pico_ws/install/whycode/share/whycode/local_setup.bash
-- Installing: /home/bhadha/pico_ws/install/whycode/share/whycode/local_setup.sh
-- Installing: /home/bhadha/pico_ws/install/whycode/share/whycode/local_setup.zsh
-- Installing: /home/bhadha/pico_ws/install/whycode/share/whycode/local_setup.dsv
-- Installing: /home/bhadha/pico_ws/install/whycode/share/whycode/package.dsv
-- Installing: /home/bhadha/pico_ws/install/whycode/share/ament_index/resource_index/packages/whycode
-- Installing: /home/bhadha/pico_ws/install/whycode/share/whycode/cmake/whycodeConfig.cmake
-- Installing: /home/bhadha/pico_ws/install/whycode/share/whycode/cmake/whycodeConfig-version.cmake
-- Installing: /home/bhadha/pico_ws/install/whycode/share/whycode/package.xml
