[0.012s] Invoking command in '/home/bhadha/pico_ws/build/rotors_swift_interface': AMENT_PREFIX_PATH=/home/bhadha/pico_ws/install/swift_msgs:/home/bhadha/pico_ws/install/mav_msgs:${AMENT_PREFIX_PATH} CMAKE_PREFIX_PATH=/home/bhadha/pico_ws/install/swift_msgs:/home/bhadha/pico_ws/install/mav_msgs:/opt/ros/humble LD_LIBRARY_PATH=/home/bhadha/pico_ws/install/swift_msgs/lib:/home/bhadha/pico_ws/install/mav_msgs/lib:${LD_LIBRARY_PATH} PYTHONPATH=/home/bhadha/pico_ws/install/swift_msgs/local/lib/python3.10/dist-packages:/home/bhadha/pico_ws/install/mav_msgs/local/lib/python3.10/dist-packages:${PYTHONPATH} /usr/bin/cmake /home/bhadha/pico_ws/src/rotors_simulator/rotors_swift_interface -DCMAKE_INSTALL_PREFIX=/home/bhadha/pico_ws/install/rotors_swift_interface
[0.086s] -- The C compiler identification is GNU 11.4.0
[0.168s] -- The CXX compiler identification is GNU 11.4.0
[0.178s] -- Detecting C compiler ABI info
[0.273s] -- Detecting C compiler ABI info - done
[0.292s] -- Check for working C compiler: /usr/bin/cc - skipped
[0.292s] -- Detecting C compile features
[0.293s] -- Detecting C compile features - done
[0.297s] -- Detecting CXX compiler ABI info
[0.467s] -- Detecting CXX compiler ABI info - done
[0.491s] -- Check for working CXX compiler: /usr/bin/c++ - skipped
[0.491s] -- Detecting CXX compile features
[0.493s] -- Detecting CXX compile features - done
[0.497s] -- Found ament_cmake: 1.3.14 (/opt/ros/humble/share/ament_cmake/cmake)
[1.000s] -- Found Python3: /usr/bin/python3 (found version "3.10.12") found components: Interpreter 
[1.281s] -- Found rclcpp: 16.0.19 (/opt/ros/humble/share/rclcpp/cmake)
[1.409s] -- Found rosidl_generator_c: 3.1.9 (/opt/ros/humble/share/rosidl_generator_c/cmake)
[1.424s] -- Found rosidl_adapter: 3.1.9 (/opt/ros/humble/share/rosidl_adapter/cmake)
[1.452s] -- Found rosidl_generator_cpp: 3.1.9 (/opt/ros/humble/share/rosidl_generator_cpp/cmake)
[1.494s] -- Using all available rosidl_typesupport_c: rosidl_typesupport_fastrtps_c;rosidl_typesupport_introspection_c
[1.547s] -- Using all available rosidl_typesupport_cpp: rosidl_typesupport_fastrtps_cpp;rosidl_typesupport_introspection_cpp
[1.686s] -- Found rmw_implementation_cmake: 6.1.3 (/opt/ros/humble/share/rmw_implementation_cmake/cmake)
[1.694s] -- Found rmw_fastrtps_cpp: 6.2.10 (/opt/ros/humble/share/rmw_fastrtps_cpp/cmake)
[1.943s] -- Found OpenSSL: /usr/lib/x86_64-linux-gnu/libcrypto.so (found version "3.0.2")  
[2.027s] -- Found FastRTPS: /opt/ros/humble/include  
[2.146s] -- Using RMW implementation 'rmw_fastrtps_cpp' as default
[2.172s] -- Looking for pthread.h
[2.322s] -- Looking for pthread.h - found
[2.323s] -- Performing Test CMAKE_HAVE_LIBC_PTHREAD
[2.468s] -- Performing Test CMAKE_HAVE_LIBC_PTHREAD - Success
[2.472s] -- Found Threads: TRUE  
[2.652s] -- Found geometry_msgs: 4.9.2 (/opt/ros/humble/share/geometry_msgs/cmake)
[2.694s] -- Found mav_msgs: 3.3.3 (/home/bhadha/pico_ws/install/mav_msgs/share/mav_msgs/cmake)
[2.888s] -- Found swift_msgs: 0.0.0 (/home/bhadha/pico_ws/install/swift_msgs/share/swift_msgs/cmake)
[2.928s] -- Found ament_lint_auto: 0.12.15 (/opt/ros/humble/share/ament_lint_auto/cmake)
[3.080s] -- Added test 'cppcheck' to perform static code analysis on C / C++ code
[3.081s] -- Configured cppcheck include dirs: /home/bhadha/pico_ws/src/rotors_simulator/rotors_swift_interface/include
[3.081s] -- Configured cppcheck exclude dirs and/or files: 
[3.082s] -- Added test 'lint_cmake' to check CMake code style
[3.084s] -- Added test 'uncrustify' to check C / C++ code style
[3.084s] -- Configured uncrustify additional arguments: 
[3.085s] -- Added test 'xmllint' to check XML markup files
[3.086s] -- Configuring done
[3.105s] -- Generating done
[3.113s] -- Build files have been written to: /home/bhadha/pico_ws/build/rotors_swift_interface
