-- The C compiler identification is GNU 11.4.0
-- The CXX compiler identification is GNU 11.4.0
-- Detecting C compiler ABI info
-- Detecting C compiler ABI info - done
-- Check for working C compiler: /usr/bin/cc - skipped
-- Detecting C compile features
-- Detecting C compile features - done
-- Detecting CXX compiler ABI info
-- Detecting CXX compiler ABI info - done
-- Check for working CXX compiler: /usr/bin/c++ - skipped
-- Detecting CXX compile features
-- Detecting CXX compile features - done
-- Found std_msgs: 4.9.2 (/opt/ros/humble/share/std_msgs/cmake)
-- Found Python3: /usr/bin/python3 (found version "3.10.12") found components: Interpreter 
-- Found rosidl_generator_c: 3.1.9 (/opt/ros/humble/share/rosidl_generator_c/cmake)
-- Found rosidl_adapter: 3.1.9 (/opt/ros/humble/share/rosidl_adapter/cmake)
-- Found rosidl_generator_cpp: 3.1.9 (/opt/ros/humble/share/rosidl_generator_cpp/cmake)
-- Using all available rosidl_typesupport_c: rosidl_typesupport_fastrtps_c;rosidl_typesupport_introspection_c
-- Using all available rosidl_typesupport_cpp: rosidl_typesupport_fastrtps_cpp;rosidl_typesupport_introspection_cpp
-- Found ament_cmake_ros: 0.10.0 (/opt/ros/humble/share/ament_cmake_ros/cmake)
-- Using all available rosidl_typesupport_c: rosidl_typesupport_fastrtps_c;rosidl_typesupport_introspection_c
-- Using all available rosidl_typesupport_cpp: rosidl_typesupport_fastrtps_cpp;rosidl_typesupport_introspection_cpp
-- Configuring done
-- Generating done
-- Build files have been written to: /home/bhadha/pico_ws/build/mav_system_msgs
[  3%] [34m[1mGenerating C code for ROS interfaces[0m
[  6%] [34m[1mGenerating C++ code for ROS interfaces[0m
[  6%] Built target mav_system_msgs__cpp
[ 10%] [34m[1mGenerating C++ type support for eProsima Fast-RTPS[0m
[ 13%] [34m[1mGenerating C++ type support dispatch for ROS interfaces[0m
[ 17%] [34m[1mGenerating C++ introspection for ROS interfaces[0m
[ 20%] [32mBuilding C object CMakeFiles/mav_system_msgs__rosidl_generator_c.dir/rosidl_generator_c/mav_system_msgs/msg/detail/process_info__functions.c.o[0m
[ 24%] [32mBuilding C object CMakeFiles/mav_system_msgs__rosidl_generator_c.dir/rosidl_generator_c/mav_system_msgs/msg/detail/cpu_info__functions.c.o[0m
[ 27%] [32m[1mLinking C shared library libmav_system_msgs__rosidl_generator_c.so[0m
[ 27%] Built target mav_system_msgs__rosidl_generator_c
[ 31%] [34m[1mGenerating C type support for eProsima Fast-RTPS[0m
[ 34%] [34m[1mGenerating C introspection for ROS interfaces[0m
[ 37%] [34m[1mGenerating C type support dispatch for ROS interfaces[0m
[ 41%] [32mBuilding CXX object CMakeFiles/mav_system_msgs__rosidl_typesupport_fastrtps_cpp.dir/rosidl_typesupport_fastrtps_cpp/mav_system_msgs/msg/detail/dds_fastrtps/cpu_info__type_support.cpp.o[0m
[ 44%] [32mBuilding CXX object CMakeFiles/mav_system_msgs__rosidl_typesupport_fastrtps_cpp.dir/rosidl_typesupport_fastrtps_cpp/mav_system_msgs/msg/detail/dds_fastrtps/process_info__type_support.cpp.o[0m
[ 48%] [32mBuilding CXX object CMakeFiles/mav_system_msgs__rosidl_typesupport_cpp.dir/rosidl_typesupport_cpp/mav_system_msgs/msg/process_info__type_support.cpp.o[0m
[ 51%] [32mBuilding CXX object CMakeFiles/mav_system_msgs__rosidl_typesupport_cpp.dir/rosidl_typesupport_cpp/mav_system_msgs/msg/cpu_info__type_support.cpp.o[0m
[ 55%] [32mBuilding CXX object CMakeFiles/mav_system_msgs__rosidl_typesupport_c.dir/rosidl_typesupport_c/mav_system_msgs/msg/process_info__type_support.cpp.o[0m
[ 58%] [32mBuilding CXX object CMakeFiles/mav_system_msgs__rosidl_typesupport_c.dir/rosidl_typesupport_c/mav_system_msgs/msg/cpu_info__type_support.cpp.o[0m
[ 62%] [32m[1mLinking CXX shared library libmav_system_msgs__rosidl_typesupport_c.so[0m
[ 62%] Built target mav_system_msgs__rosidl_typesupport_c
[ 65%] [32mBuilding CXX object CMakeFiles/mav_system_msgs__rosidl_typesupport_introspection_cpp.dir/rosidl_typesupport_introspection_cpp/mav_system_msgs/msg/detail/cpu_info__type_support.cpp.o[0m
[ 68%] [32mBuilding CXX object CMakeFiles/mav_system_msgs__rosidl_typesupport_introspection_cpp.dir/rosidl_typesupport_introspection_cpp/mav_system_msgs/msg/detail/process_info__type_support.cpp.o[0m
[ 72%] [32m[1mLinking CXX shared library libmav_system_msgs__rosidl_typesupport_cpp.so[0m
[ 72%] Built target mav_system_msgs__rosidl_typesupport_cpp
[ 75%] [32mBuilding C object CMakeFiles/mav_system_msgs__rosidl_typesupport_introspection_c.dir/rosidl_typesupport_introspection_c/mav_system_msgs/msg/detail/process_info__type_support.c.o[0m
[ 79%] [32mBuilding C object CMakeFiles/mav_system_msgs__rosidl_typesupport_introspection_c.dir/rosidl_typesupport_introspection_c/mav_system_msgs/msg/detail/cpu_info__type_support.c.o[0m
[ 82%] [32m[1mLinking C shared library libmav_system_msgs__rosidl_typesupport_introspection_c.so[0m
[ 82%] Built target mav_system_msgs__rosidl_typesupport_introspection_c
[ 86%] [32mBuilding CXX object CMakeFiles/mav_system_msgs__rosidl_typesupport_fastrtps_c.dir/rosidl_typesupport_fastrtps_c/mav_system_msgs/msg/detail/cpu_info__type_support_c.cpp.o[0m
[ 89%] [32mBuilding CXX object CMakeFiles/mav_system_msgs__rosidl_typesupport_fastrtps_c.dir/rosidl_typesupport_fastrtps_c/mav_system_msgs/msg/detail/process_info__type_support_c.cpp.o[0m
[ 93%] [32m[1mLinking CXX shared library libmav_system_msgs__rosidl_typesupport_fastrtps_cpp.so[0m
[ 93%] Built target mav_system_msgs__rosidl_typesupport_fastrtps_cpp
[ 96%] [32m[1mLinking CXX shared library libmav_system_msgs__rosidl_typesupport_introspection_cpp.so[0m
[100%] [32m[1mLinking CXX shared library libmav_system_msgs__rosidl_typesupport_fastrtps_c.so[0m
[100%] Built target mav_system_msgs__rosidl_typesupport_introspection_cpp
[100%] Built target mav_system_msgs__rosidl_typesupport_fastrtps_c
[100%] Built target mav_system_msgs
-- Install configuration: ""
-- Installing: /home/bhadha/pico_ws/install/mav_system_msgs/share/ament_index/resource_index/rosidl_interfaces/mav_system_msgs
-- Installing: /home/bhadha/pico_ws/install/mav_system_msgs/include/mav_system_msgs/mav_system_msgs
-- Installing: /home/bhadha/pico_ws/install/mav_system_msgs/include/mav_system_msgs/mav_system_msgs/msg
-- Installing: /home/bhadha/pico_ws/install/mav_system_msgs/include/mav_system_msgs/mav_system_msgs/msg/detail
-- Installing: /home/bhadha/pico_ws/install/mav_system_msgs/include/mav_system_msgs/mav_system_msgs/msg/detail/process_info__functions.h
-- Installing: /home/bhadha/pico_ws/install/mav_system_msgs/include/mav_system_msgs/mav_system_msgs/msg/detail/cpu_info__struct.h
-- Installing: /home/bhadha/pico_ws/install/mav_system_msgs/include/mav_system_msgs/mav_system_msgs/msg/detail/cpu_info__type_support.h
-- Installing: /home/bhadha/pico_ws/install/mav_system_msgs/include/mav_system_msgs/mav_system_msgs/msg/detail/process_info__functions.c
-- Installing: /home/bhadha/pico_ws/install/mav_system_msgs/include/mav_system_msgs/mav_system_msgs/msg/detail/process_info__type_support.h
-- Installing: /home/bhadha/pico_ws/install/mav_system_msgs/include/mav_system_msgs/mav_system_msgs/msg/detail/cpu_info__functions.c
-- Installing: /home/bhadha/pico_ws/install/mav_system_msgs/include/mav_system_msgs/mav_system_msgs/msg/detail/cpu_info__functions.h
-- Installing: /home/bhadha/pico_ws/install/mav_system_msgs/include/mav_system_msgs/mav_system_msgs/msg/detail/process_info__struct.h
-- Installing: /home/bhadha/pico_ws/install/mav_system_msgs/include/mav_system_msgs/mav_system_msgs/msg/cpu_info.h
-- Installing: /home/bhadha/pico_ws/install/mav_system_msgs/include/mav_system_msgs/mav_system_msgs/msg/rosidl_generator_c__visibility_control.h
-- Installing: /home/bhadha/pico_ws/install/mav_system_msgs/include/mav_system_msgs/mav_system_msgs/msg/process_info.h
-- Installing: /home/bhadha/pico_ws/install/mav_system_msgs/share/mav_system_msgs/environment/library_path.sh
-- Installing: /home/bhadha/pico_ws/install/mav_system_msgs/share/mav_system_msgs/environment/library_path.dsv
-- Installing: /home/bhadha/pico_ws/install/mav_system_msgs/lib/libmav_system_msgs__rosidl_generator_c.so
-- Set runtime path of "/home/bhadha/pico_ws/install/mav_system_msgs/lib/libmav_system_msgs__rosidl_generator_c.so" to ""
-- Up-to-date: /home/bhadha/pico_ws/install/mav_system_msgs/include/mav_system_msgs/mav_system_msgs
-- Up-to-date: /home/bhadha/pico_ws/install/mav_system_msgs/include/mav_system_msgs/mav_system_msgs/msg
-- Up-to-date: /home/bhadha/pico_ws/install/mav_system_msgs/include/mav_system_msgs/mav_system_msgs/msg/detail
-- Installing: /home/bhadha/pico_ws/install/mav_system_msgs/include/mav_system_msgs/mav_system_msgs/msg/detail/cpu_info__rosidl_typesupport_fastrtps_c.h
-- Installing: /home/bhadha/pico_ws/install/mav_system_msgs/include/mav_system_msgs/mav_system_msgs/msg/detail/process_info__rosidl_typesupport_fastrtps_c.h
-- Installing: /home/bhadha/pico_ws/install/mav_system_msgs/include/mav_system_msgs/mav_system_msgs/msg/rosidl_typesupport_fastrtps_c__visibility_control.h
-- Installing: /home/bhadha/pico_ws/install/mav_system_msgs/lib/libmav_system_msgs__rosidl_typesupport_fastrtps_c.so
-- Set runtime path of "/home/bhadha/pico_ws/install/mav_system_msgs/lib/libmav_system_msgs__rosidl_typesupport_fastrtps_c.so" to ""
-- Up-to-date: /home/bhadha/pico_ws/install/mav_system_msgs/include/mav_system_msgs/mav_system_msgs
-- Up-to-date: /home/bhadha/pico_ws/install/mav_system_msgs/include/mav_system_msgs/mav_system_msgs/msg
-- Up-to-date: /home/bhadha/pico_ws/install/mav_system_msgs/include/mav_system_msgs/mav_system_msgs/msg/detail
-- Installing: /home/bhadha/pico_ws/install/mav_system_msgs/include/mav_system_msgs/mav_system_msgs/msg/detail/process_info__builder.hpp
-- Installing: /home/bhadha/pico_ws/install/mav_system_msgs/include/mav_system_msgs/mav_system_msgs/msg/detail/process_info__struct.hpp
-- Installing: /home/bhadha/pico_ws/install/mav_system_msgs/include/mav_system_msgs/mav_system_msgs/msg/detail/process_info__type_support.hpp
-- Installing: /home/bhadha/pico_ws/install/mav_system_msgs/include/mav_system_msgs/mav_system_msgs/msg/detail/cpu_info__traits.hpp
-- Installing: /home/bhadha/pico_ws/install/mav_system_msgs/include/mav_system_msgs/mav_system_msgs/msg/detail/process_info__traits.hpp
-- Installing: /home/bhadha/pico_ws/install/mav_system_msgs/include/mav_system_msgs/mav_system_msgs/msg/detail/cpu_info__struct.hpp
-- Installing: /home/bhadha/pico_ws/install/mav_system_msgs/include/mav_system_msgs/mav_system_msgs/msg/detail/cpu_info__type_support.hpp
-- Installing: /home/bhadha/pico_ws/install/mav_system_msgs/include/mav_system_msgs/mav_system_msgs/msg/detail/cpu_info__builder.hpp
-- Installing: /home/bhadha/pico_ws/install/mav_system_msgs/include/mav_system_msgs/mav_system_msgs/msg/rosidl_generator_cpp__visibility_control.hpp
-- Installing: /home/bhadha/pico_ws/install/mav_system_msgs/include/mav_system_msgs/mav_system_msgs/msg/process_info.hpp
-- Installing: /home/bhadha/pico_ws/install/mav_system_msgs/include/mav_system_msgs/mav_system_msgs/msg/cpu_info.hpp
-- Up-to-date: /home/bhadha/pico_ws/install/mav_system_msgs/include/mav_system_msgs/mav_system_msgs
-- Up-to-date: /home/bhadha/pico_ws/install/mav_system_msgs/include/mav_system_msgs/mav_system_msgs/msg
-- Installing: /home/bhadha/pico_ws/install/mav_system_msgs/include/mav_system_msgs/mav_system_msgs/msg/rosidl_typesupport_fastrtps_cpp__visibility_control.h
-- Up-to-date: /home/bhadha/pico_ws/install/mav_system_msgs/include/mav_system_msgs/mav_system_msgs/msg/detail
-- Installing: /home/bhadha/pico_ws/install/mav_system_msgs/include/mav_system_msgs/mav_system_msgs/msg/detail/dds_fastrtps
-- Installing: /home/bhadha/pico_ws/install/mav_system_msgs/include/mav_system_msgs/mav_system_msgs/msg/detail/process_info__rosidl_typesupport_fastrtps_cpp.hpp
-- Installing: /home/bhadha/pico_ws/install/mav_system_msgs/include/mav_system_msgs/mav_system_msgs/msg/detail/cpu_info__rosidl_typesupport_fastrtps_cpp.hpp
-- Installing: /home/bhadha/pico_ws/install/mav_system_msgs/lib/libmav_system_msgs__rosidl_typesupport_fastrtps_cpp.so
-- Set runtime path of "/home/bhadha/pico_ws/install/mav_system_msgs/lib/libmav_system_msgs__rosidl_typesupport_fastrtps_cpp.so" to ""
-- Up-to-date: /home/bhadha/pico_ws/install/mav_system_msgs/include/mav_system_msgs/mav_system_msgs
-- Up-to-date: /home/bhadha/pico_ws/install/mav_system_msgs/include/mav_system_msgs/mav_system_msgs/msg
-- Up-to-date: /home/bhadha/pico_ws/install/mav_system_msgs/include/mav_system_msgs/mav_system_msgs/msg/detail
-- Installing: /home/bhadha/pico_ws/install/mav_system_msgs/include/mav_system_msgs/mav_system_msgs/msg/detail/process_info__rosidl_typesupport_introspection_c.h
-- Installing: /home/bhadha/pico_ws/install/mav_system_msgs/include/mav_system_msgs/mav_system_msgs/msg/detail/cpu_info__type_support.c
-- Installing: /home/bhadha/pico_ws/install/mav_system_msgs/include/mav_system_msgs/mav_system_msgs/msg/detail/process_info__type_support.c
-- Installing: /home/bhadha/pico_ws/install/mav_system_msgs/include/mav_system_msgs/mav_system_msgs/msg/detail/cpu_info__rosidl_typesupport_introspection_c.h
-- Installing: /home/bhadha/pico_ws/install/mav_system_msgs/include/mav_system_msgs/mav_system_msgs/msg/rosidl_typesupport_introspection_c__visibility_control.h
-- Installing: /home/bhadha/pico_ws/install/mav_system_msgs/lib/libmav_system_msgs__rosidl_typesupport_introspection_c.so
-- Set runtime path of "/home/bhadha/pico_ws/install/mav_system_msgs/lib/libmav_system_msgs__rosidl_typesupport_introspection_c.so" to ""
-- Installing: /home/bhadha/pico_ws/install/mav_system_msgs/lib/libmav_system_msgs__rosidl_typesupport_c.so
-- Set runtime path of "/home/bhadha/pico_ws/install/mav_system_msgs/lib/libmav_system_msgs__rosidl_typesupport_c.so" to ""
-- Up-to-date: /home/bhadha/pico_ws/install/mav_system_msgs/include/mav_system_msgs/mav_system_msgs
-- Up-to-date: /home/bhadha/pico_ws/install/mav_system_msgs/include/mav_system_msgs/mav_system_msgs/msg
-- Up-to-date: /home/bhadha/pico_ws/install/mav_system_msgs/include/mav_system_msgs/mav_system_msgs/msg/detail
-- Installing: /home/bhadha/pico_ws/install/mav_system_msgs/include/mav_system_msgs/mav_system_msgs/msg/detail/cpu_info__rosidl_typesupport_introspection_cpp.hpp
-- Installing: /home/bhadha/pico_ws/install/mav_system_msgs/include/mav_system_msgs/mav_system_msgs/msg/detail/process_info__rosidl_typesupport_introspection_cpp.hpp
-- Installing: /home/bhadha/pico_ws/install/mav_system_msgs/include/mav_system_msgs/mav_system_msgs/msg/detail/process_info__type_support.cpp
-- Installing: /home/bhadha/pico_ws/install/mav_system_msgs/include/mav_system_msgs/mav_system_msgs/msg/detail/cpu_info__type_support.cpp
-- Installing: /home/bhadha/pico_ws/install/mav_system_msgs/lib/libmav_system_msgs__rosidl_typesupport_introspection_cpp.so
-- Set runtime path of "/home/bhadha/pico_ws/install/mav_system_msgs/lib/libmav_system_msgs__rosidl_typesupport_introspection_cpp.so" to ""
-- Installing: /home/bhadha/pico_ws/install/mav_system_msgs/lib/libmav_system_msgs__rosidl_typesupport_cpp.so
-- Set runtime path of "/home/bhadha/pico_ws/install/mav_system_msgs/lib/libmav_system_msgs__rosidl_typesupport_cpp.so" to ""
-- Installing: /home/bhadha/pico_ws/install/mav_system_msgs/share/mav_system_msgs/msg/CpuInfo.idl
-- Installing: /home/bhadha/pico_ws/install/mav_system_msgs/share/mav_system_msgs/msg/ProcessInfo.idl
-- Installing: /home/bhadha/pico_ws/install/mav_system_msgs/share/mav_system_msgs/msg/CpuInfo.msg
-- Installing: /home/bhadha/pico_ws/install/mav_system_msgs/share/mav_system_msgs/msg/ProcessInfo.msg
-- Installing: /home/bhadha/pico_ws/install/mav_system_msgs/share/ament_index/resource_index/package_run_dependencies/mav_system_msgs
-- Installing: /home/bhadha/pico_ws/install/mav_system_msgs/share/ament_index/resource_index/parent_prefix_path/mav_system_msgs
-- Installing: /home/bhadha/pico_ws/install/mav_system_msgs/share/mav_system_msgs/environment/ament_prefix_path.sh
-- Installing: /home/bhadha/pico_ws/install/mav_system_msgs/share/mav_system_msgs/environment/ament_prefix_path.dsv
-- Installing: /home/bhadha/pico_ws/install/mav_system_msgs/share/mav_system_msgs/environment/path.sh
-- Installing: /home/bhadha/pico_ws/install/mav_system_msgs/share/mav_system_msgs/environment/path.dsv
-- Installing: /home/bhadha/pico_ws/install/mav_system_msgs/share/mav_system_msgs/local_setup.bash
-- Installing: /home/bhadha/pico_ws/install/mav_system_msgs/share/mav_system_msgs/local_setup.sh
-- Installing: /home/bhadha/pico_ws/install/mav_system_msgs/share/mav_system_msgs/local_setup.zsh
-- Installing: /home/bhadha/pico_ws/install/mav_system_msgs/share/mav_system_msgs/local_setup.dsv
-- Installing: /home/bhadha/pico_ws/install/mav_system_msgs/share/mav_system_msgs/package.dsv
-- Installing: /home/bhadha/pico_ws/install/mav_system_msgs/share/ament_index/resource_index/packages/mav_system_msgs
-- Installing: /home/bhadha/pico_ws/install/mav_system_msgs/share/mav_system_msgs/cmake/export_mav_system_msgs__rosidl_generator_cExport.cmake
-- Installing: /home/bhadha/pico_ws/install/mav_system_msgs/share/mav_system_msgs/cmake/export_mav_system_msgs__rosidl_generator_cExport-noconfig.cmake
-- Installing: /home/bhadha/pico_ws/install/mav_system_msgs/share/mav_system_msgs/cmake/export_mav_system_msgs__rosidl_typesupport_fastrtps_cExport.cmake
-- Installing: /home/bhadha/pico_ws/install/mav_system_msgs/share/mav_system_msgs/cmake/export_mav_system_msgs__rosidl_typesupport_fastrtps_cExport-noconfig.cmake
-- Installing: /home/bhadha/pico_ws/install/mav_system_msgs/share/mav_system_msgs/cmake/export_mav_system_msgs__rosidl_generator_cppExport.cmake
-- Installing: /home/bhadha/pico_ws/install/mav_system_msgs/share/mav_system_msgs/cmake/export_mav_system_msgs__rosidl_typesupport_fastrtps_cppExport.cmake
-- Installing: /home/bhadha/pico_ws/install/mav_system_msgs/share/mav_system_msgs/cmake/export_mav_system_msgs__rosidl_typesupport_fastrtps_cppExport-noconfig.cmake
-- Installing: /home/bhadha/pico_ws/install/mav_system_msgs/share/mav_system_msgs/cmake/mav_system_msgs__rosidl_typesupport_introspection_cExport.cmake
-- Installing: /home/bhadha/pico_ws/install/mav_system_msgs/share/mav_system_msgs/cmake/mav_system_msgs__rosidl_typesupport_introspection_cExport-noconfig.cmake
-- Installing: /home/bhadha/pico_ws/install/mav_system_msgs/share/mav_system_msgs/cmake/mav_system_msgs__rosidl_typesupport_cExport.cmake
-- Installing: /home/bhadha/pico_ws/install/mav_system_msgs/share/mav_system_msgs/cmake/mav_system_msgs__rosidl_typesupport_cExport-noconfig.cmake
-- Installing: /home/bhadha/pico_ws/install/mav_system_msgs/share/mav_system_msgs/cmake/mav_system_msgs__rosidl_typesupport_introspection_cppExport.cmake
-- Installing: /home/bhadha/pico_ws/install/mav_system_msgs/share/mav_system_msgs/cmake/mav_system_msgs__rosidl_typesupport_introspection_cppExport-noconfig.cmake
-- Installing: /home/bhadha/pico_ws/install/mav_system_msgs/share/mav_system_msgs/cmake/mav_system_msgs__rosidl_typesupport_cppExport.cmake
-- Installing: /home/bhadha/pico_ws/install/mav_system_msgs/share/mav_system_msgs/cmake/mav_system_msgs__rosidl_typesupport_cppExport-noconfig.cmake
-- Installing: /home/bhadha/pico_ws/install/mav_system_msgs/share/mav_system_msgs/cmake/rosidl_cmake-extras.cmake
-- Installing: /home/bhadha/pico_ws/install/mav_system_msgs/share/mav_system_msgs/cmake/ament_cmake_export_dependencies-extras.cmake
-- Installing: /home/bhadha/pico_ws/install/mav_system_msgs/share/mav_system_msgs/cmake/ament_cmake_export_include_directories-extras.cmake
-- Installing: /home/bhadha/pico_ws/install/mav_system_msgs/share/mav_system_msgs/cmake/ament_cmake_export_libraries-extras.cmake
-- Installing: /home/bhadha/pico_ws/install/mav_system_msgs/share/mav_system_msgs/cmake/ament_cmake_export_targets-extras.cmake
-- Installing: /home/bhadha/pico_ws/install/mav_system_msgs/share/mav_system_msgs/cmake/rosidl_cmake_export_typesupport_targets-extras.cmake
-- Installing: /home/bhadha/pico_ws/install/mav_system_msgs/share/mav_system_msgs/cmake/rosidl_cmake_export_typesupport_libraries-extras.cmake
-- Installing: /home/bhadha/pico_ws/install/mav_system_msgs/share/mav_system_msgs/cmake/rosidl_cmake_aggregate_target-extras.cmake
-- Installing: /home/bhadha/pico_ws/install/mav_system_msgs/share/mav_system_msgs/cmake/mav_system_msgsConfig.cmake
-- Installing: /home/bhadha/pico_ws/install/mav_system_msgs/share/mav_system_msgs/cmake/mav_system_msgsConfig-version.cmake
-- Installing: /home/bhadha/pico_ws/install/mav_system_msgs/share/mav_system_msgs/package.xml
