[0.009s] Invoking command in '/home/bhadha/pico_ws/build/whycode': AMENT_PREFIX_PATH=/home/bhadha/pico_ws/install/whycode_interfaces:${AMENT_PREFIX_PATH} CMAKE_PREFIX_PATH=/home/bhadha/pico_ws/install/whycode_interfaces:/opt/ros/humble LD_LIBRARY_PATH=/home/bhadha/pico_ws/install/whycode_interfaces/lib:${LD_LIBRARY_PATH} PYTHONPATH=/home/bhadha/pico_ws/install/whycode_interfaces/local/lib/python3.10/dist-packages:${PYTHONPATH} /usr/bin/cmake /home/bhadha/pico_ws/src/whycode-ros2/whycode-ros2 -DCMAKE_INSTALL_PREFIX=/home/bhadha/pico_ws/install/whycode
[0.073s] -- The C compiler identification is GNU 11.4.0
[0.143s] -- The CXX compiler identification is GNU 11.4.0
[0.152s] -- Detecting C compiler ABI info
[0.234s] -- Detecting C compiler ABI info - done
[0.244s] -- Check for working C compiler: /usr/bin/cc - skipped
[0.244s] -- Detecting C compile features
[0.244s] -- Detecting C compile features - done
[0.248s] -- Detecting CXX compiler ABI info
[0.348s] -- Detecting CXX compiler ABI info - done
[0.357s] -- Check for working CXX compiler: /usr/bin/c++ - skipped
[0.358s] -- Detecting CXX compile features
[0.358s] -- Detecting CXX compile features - done
[0.361s] -- Found ament_cmake: 1.3.14 (/opt/ros/humble/share/ament_cmake/cmake)
[0.552s] -- Found Python3: /usr/bin/python3 (found version "3.10.12") found components: Interpreter 
[0.719s] -- Found rclcpp: 16.0.19 (/opt/ros/humble/share/rclcpp/cmake)
[0.794s] -- Found rosidl_generator_c: 3.1.9 (/opt/ros/humble/share/rosidl_generator_c/cmake)
[0.805s] -- Found rosidl_adapter: 3.1.9 (/opt/ros/humble/share/rosidl_adapter/cmake)
[0.821s] -- Found rosidl_generator_cpp: 3.1.9 (/opt/ros/humble/share/rosidl_generator_cpp/cmake)
[0.846s] -- Using all available rosidl_typesupport_c: rosidl_typesupport_fastrtps_c;rosidl_typesupport_introspection_c
[0.878s] -- Using all available rosidl_typesupport_cpp: rosidl_typesupport_fastrtps_cpp;rosidl_typesupport_introspection_cpp
[0.972s] -- Found rmw_implementation_cmake: 6.1.3 (/opt/ros/humble/share/rmw_implementation_cmake/cmake)
[0.978s] -- Found rmw_fastrtps_cpp: 6.2.10 (/opt/ros/humble/share/rmw_fastrtps_cpp/cmake)
[1.098s] -- Found OpenSSL: /usr/lib/x86_64-linux-gnu/libcrypto.so (found version "3.0.2")  
[1.131s] -- Found FastRTPS: /opt/ros/humble/include  
[1.182s] -- Using RMW implementation 'rmw_fastrtps_cpp' as default
[1.192s] -- Looking for pthread.h
[1.289s] -- Looking for pthread.h - found
[1.290s] -- Performing Test CMAKE_HAVE_LIBC_PTHREAD
[1.382s] -- Performing Test CMAKE_HAVE_LIBC_PTHREAD - Success
[1.383s] -- Found Threads: TRUE  
[1.442s] -- Found sensor_msgs: 4.9.2 (/opt/ros/humble/share/sensor_msgs/cmake)
[1.490s] -- Found image_transport: 3.1.13 (/opt/ros/humble/share/image_transport/cmake)
[1.536s] -- Found whycode_interfaces: 0.0.1 (/home/bhadha/pico_ws/install/whycode_interfaces/share/whycode_interfaces/cmake)
[1.578s] -- Found OpenCV: /usr (found version "4.5.4") 
[1.689s] -- Configuring done
[1.711s] -- Generating done
[1.718s] -- Build files have been written to: /home/bhadha/pico_ws/build/whycode
[1.733s] Invoked command in '/home/bhadha/pico_ws/build/whycode' returned '0': AMENT_PREFIX_PATH=/home/bhadha/pico_ws/install/whycode_interfaces:${AMENT_PREFIX_PATH} CMAKE_PREFIX_PATH=/home/bhadha/pico_ws/install/whycode_interfaces:/opt/ros/humble LD_LIBRARY_PATH=/home/bhadha/pico_ws/install/whycode_interfaces/lib:${LD_LIBRARY_PATH} PYTHONPATH=/home/bhadha/pico_ws/install/whycode_interfaces/local/lib/python3.10/dist-packages:${PYTHONPATH} /usr/bin/cmake /home/bhadha/pico_ws/src/whycode-ros2/whycode-ros2 -DCMAKE_INSTALL_PREFIX=/home/bhadha/pico_ws/install/whycode
[1.735s] Invoking command in '/home/bhadha/pico_ws/build/whycode': AMENT_PREFIX_PATH=/home/bhadha/pico_ws/install/whycode_interfaces:${AMENT_PREFIX_PATH} CMAKE_PREFIX_PATH=/home/bhadha/pico_ws/install/whycode_interfaces:/opt/ros/humble LD_LIBRARY_PATH=/home/bhadha/pico_ws/install/whycode_interfaces/lib:${LD_LIBRARY_PATH} PYTHONPATH=/home/bhadha/pico_ws/install/whycode_interfaces/local/lib/python3.10/dist-packages:${PYTHONPATH} /usr/bin/cmake --build /home/bhadha/pico_ws/build/whycode -- -j12 -l12
[1.809s] [ 12%] [32mBuilding CXX object CMakeFiles/whycode_node.dir/src/whycon/CTransformation.cpp.o[0m
[1.810s] [ 25%] [32mBuilding CXX object CMakeFiles/whycode_node.dir/src/whycon_ros/whycon_ros_node.cpp.o[0m
[1.810s] [ 50%] [32mBuilding CXX object CMakeFiles/whycode_node.dir/src/whycon/CTimer.cpp.o[0m
[1.810s] [ 50%] [32mBuilding CXX object CMakeFiles/whycode_node.dir/src/whycon/CWhycon.cpp.o[0m
[1.810s] [ 62%] [32mBuilding CXX object CMakeFiles/whycode_node.dir/src/whycon/CNecklace.cpp.o[0m
[1.810s] [ 75%] [32mBuilding CXX object CMakeFiles/whycode_node.dir/src/whycon/CCircleDetect.cpp.o[0m
[1.810s] [ 87%] [32mBuilding CXX object CMakeFiles/whycode_node.dir/src/whycon/CRawImage.cpp.o[0m
[18.254s] [100%] [32m[1mLinking CXX executable whycode_node[0m
[18.489s] [100%] Built target whycode_node
