[0.027s] Invoking command in '/home/bhadha/pico_ws/build/mav_state_machine_msgs': CMAKE_PREFIX_PATH=/opt/ros/humble /usr/bin/cmake --build /home/bhadha/pico_ws/build/mav_state_machine_msgs -- -j12 -l12
[0.144s] [35m[1mConsolidate compiler generated dependencies of target mav_state_machine_msgs__rosidl_generator_c[0m
[0.152s] [  3%] Built target mav_state_machine_msgs__cpp
[0.208s] [ 17%] Built target mav_state_machine_msgs__rosidl_generator_c
[0.224s] [35m[1mConsolidate compiler generated dependencies of target mav_state_machine_msgs__rosidl_typesupport_cpp[0m
[0.262s] [35m[1mConsolidate compiler generated dependencies of target mav_state_machine_msgs__rosidl_typesupport_introspection_cpp[0m
[0.262s] [35m[1mConsolidate compiler generated dependencies of target mav_state_machine_msgs__rosidl_typesupport_fastrtps_cpp[0m
[0.268s] [35m[1mConsolidate compiler generated dependencies of target mav_state_machine_msgs__rosidl_typesupport_introspection_c[0m
[0.332s] [35m[1mConsolidate compiler generated dependencies of target mav_state_machine_msgs__rosidl_typesupport_fastrtps_c[0m
[0.370s] [ 31%] Built target mav_state_machine_msgs__rosidl_typesupport_cpp
[0.371s] [35m[1mConsolidate compiler generated dependencies of target mav_state_machine_msgs__rosidl_typesupport_c[0m
[0.378s] [ 44%] Built target mav_state_machine_msgs__rosidl_typesupport_introspection_cpp
[0.378s] [ 58%] Built target mav_state_machine_msgs__rosidl_typesupport_fastrtps_cpp
[0.379s] [ 72%] Built target mav_state_machine_msgs__rosidl_typesupport_introspection_c
[0.391s] [ 86%] Built target mav_state_machine_msgs__rosidl_typesupport_c
[0.392s] [100%] Built target mav_state_machine_msgs__rosidl_typesupport_fastrtps_c
[0.440s] [100%] Built target mav_state_machine_msgs
[0.491s] Invoked command in '/home/bhadha/pico_ws/build/mav_state_machine_msgs' returned '0': CMAKE_PREFIX_PATH=/opt/ros/humble /usr/bin/cmake --build /home/bhadha/pico_ws/build/mav_state_machine_msgs -- -j12 -l12
[0.492s] Invoking command in '/home/bhadha/pico_ws/build/mav_state_machine_msgs': CMAKE_PREFIX_PATH=/opt/ros/humble /usr/bin/cmake --install /home/bhadha/pico_ws/build/mav_state_machine_msgs
[0.508s] -- Install configuration: ""
[0.509s] -- Up-to-date: /home/bhadha/pico_ws/install/mav_state_machine_msgs/share/ament_index/resource_index/rosidl_interfaces/mav_state_machine_msgs
[0.509s] -- Up-to-date: /home/bhadha/pico_ws/install/mav_state_machine_msgs/include/mav_state_machine_msgs/mav_state_machine_msgs
[0.509s] -- Up-to-date: /home/bhadha/pico_ws/install/mav_state_machine_msgs/include/mav_state_machine_msgs/mav_state_machine_msgs/msg
[0.509s] -- Up-to-date: /home/bhadha/pico_ws/install/mav_state_machine_msgs/include/mav_state_machine_msgs/mav_state_machine_msgs/msg/detail
[0.509s] -- Up-to-date: /home/bhadha/pico_ws/install/mav_state_machine_msgs/include/mav_state_machine_msgs/mav_state_machine_msgs/msg/detail/start_stop_task__struct.h
[0.509s] -- Up-to-date: /home/bhadha/pico_ws/install/mav_state_machine_msgs/include/mav_state_machine_msgs/mav_state_machine_msgs/msg/detail/start_stop_task__type_support.h
[0.510s] -- Up-to-date: /home/bhadha/pico_ws/install/mav_state_machine_msgs/include/mav_state_machine_msgs/mav_state_machine_msgs/msg/detail/start_stop_task__functions.c
[0.510s] -- Up-to-date: /home/bhadha/pico_ws/install/mav_state_machine_msgs/include/mav_state_machine_msgs/mav_state_machine_msgs/msg/detail/start_stop_task__functions.h
[0.510s] -- Up-to-date: /home/bhadha/pico_ws/install/mav_state_machine_msgs/include/mav_state_machine_msgs/mav_state_machine_msgs/msg/start_stop_task.h
[0.510s] -- Up-to-date: /home/bhadha/pico_ws/install/mav_state_machine_msgs/include/mav_state_machine_msgs/mav_state_machine_msgs/msg/rosidl_generator_c__visibility_control.h
[0.510s] -- Up-to-date: /home/bhadha/pico_ws/install/mav_state_machine_msgs/include/mav_state_machine_msgs/mav_state_machine_msgs/srv
[0.510s] -- Up-to-date: /home/bhadha/pico_ws/install/mav_state_machine_msgs/include/mav_state_machine_msgs/mav_state_machine_msgs/srv/detail
[0.511s] -- Up-to-date: /home/bhadha/pico_ws/install/mav_state_machine_msgs/include/mav_state_machine_msgs/mav_state_machine_msgs/srv/detail/run_task_service__struct.h
[0.511s] -- Up-to-date: /home/bhadha/pico_ws/install/mav_state_machine_msgs/include/mav_state_machine_msgs/mav_state_machine_msgs/srv/detail/run_task_service__functions.c
[0.511s] -- Up-to-date: /home/bhadha/pico_ws/install/mav_state_machine_msgs/include/mav_state_machine_msgs/mav_state_machine_msgs/srv/detail/run_task_service__functions.h
[0.511s] -- Up-to-date: /home/bhadha/pico_ws/install/mav_state_machine_msgs/include/mav_state_machine_msgs/mav_state_machine_msgs/srv/detail/run_task_service__type_support.h
[0.511s] -- Up-to-date: /home/bhadha/pico_ws/install/mav_state_machine_msgs/include/mav_state_machine_msgs/mav_state_machine_msgs/srv/run_task_service.h
[0.511s] -- Up-to-date: /home/bhadha/pico_ws/install/mav_state_machine_msgs/share/mav_state_machine_msgs/environment/library_path.sh
[0.512s] -- Up-to-date: /home/bhadha/pico_ws/install/mav_state_machine_msgs/share/mav_state_machine_msgs/environment/library_path.dsv
[0.513s] -- Up-to-date: /home/bhadha/pico_ws/install/mav_state_machine_msgs/lib/libmav_state_machine_msgs__rosidl_generator_c.so
[0.513s] -- Up-to-date: /home/bhadha/pico_ws/install/mav_state_machine_msgs/include/mav_state_machine_msgs/mav_state_machine_msgs
[0.513s] -- Up-to-date: /home/bhadha/pico_ws/install/mav_state_machine_msgs/include/mav_state_machine_msgs/mav_state_machine_msgs/msg
[0.513s] -- Up-to-date: /home/bhadha/pico_ws/install/mav_state_machine_msgs/include/mav_state_machine_msgs/mav_state_machine_msgs/msg/detail
[0.513s] -- Up-to-date: /home/bhadha/pico_ws/install/mav_state_machine_msgs/include/mav_state_machine_msgs/mav_state_machine_msgs/msg/detail/start_stop_task__rosidl_typesupport_fastrtps_c.h
[0.514s] -- Up-to-date: /home/bhadha/pico_ws/install/mav_state_machine_msgs/include/mav_state_machine_msgs/mav_state_machine_msgs/msg/rosidl_typesupport_fastrtps_c__visibility_control.h
[0.514s] -- Up-to-date: /home/bhadha/pico_ws/install/mav_state_machine_msgs/include/mav_state_machine_msgs/mav_state_machine_msgs/srv
[0.514s] -- Up-to-date: /home/bhadha/pico_ws/install/mav_state_machine_msgs/include/mav_state_machine_msgs/mav_state_machine_msgs/srv/detail
[0.514s] -- Up-to-date: /home/bhadha/pico_ws/install/mav_state_machine_msgs/include/mav_state_machine_msgs/mav_state_machine_msgs/srv/detail/run_task_service__rosidl_typesupport_fastrtps_c.h
[0.514s] -- Up-to-date: /home/bhadha/pico_ws/install/mav_state_machine_msgs/lib/libmav_state_machine_msgs__rosidl_typesupport_fastrtps_c.so
[0.514s] -- Up-to-date: /home/bhadha/pico_ws/install/mav_state_machine_msgs/include/mav_state_machine_msgs/mav_state_machine_msgs
[0.514s] -- Up-to-date: /home/bhadha/pico_ws/install/mav_state_machine_msgs/include/mav_state_machine_msgs/mav_state_machine_msgs/msg
[0.515s] -- Up-to-date: /home/bhadha/pico_ws/install/mav_state_machine_msgs/include/mav_state_machine_msgs/mav_state_machine_msgs/msg/detail
[0.517s] -- Up-to-date: /home/bhadha/pico_ws/install/mav_state_machine_msgs/include/mav_state_machine_msgs/mav_state_machine_msgs/msg/detail/start_stop_task__traits.hpp
[0.517s] -- Up-to-date: /home/bhadha/pico_ws/install/mav_state_machine_msgs/include/mav_state_machine_msgs/mav_state_machine_msgs/msg/detail/start_stop_task__builder.hpp
[0.518s] -- Up-to-date: /home/bhadha/pico_ws/install/mav_state_machine_msgs/include/mav_state_machine_msgs/mav_state_machine_msgs/msg/detail/start_stop_task__type_support.hpp
[0.518s] -- Up-to-date: /home/bhadha/pico_ws/install/mav_state_machine_msgs/include/mav_state_machine_msgs/mav_state_machine_msgs/msg/detail/start_stop_task__struct.hpp
[0.518s] -- Up-to-date: /home/bhadha/pico_ws/install/mav_state_machine_msgs/include/mav_state_machine_msgs/mav_state_machine_msgs/msg/rosidl_generator_cpp__visibility_control.hpp
[0.518s] -- Up-to-date: /home/bhadha/pico_ws/install/mav_state_machine_msgs/include/mav_state_machine_msgs/mav_state_machine_msgs/msg/start_stop_task.hpp
[0.518s] -- Up-to-date: /home/bhadha/pico_ws/install/mav_state_machine_msgs/include/mav_state_machine_msgs/mav_state_machine_msgs/srv
[0.520s] -- Up-to-date: /home/bhadha/pico_ws/install/mav_state_machine_msgs/include/mav_state_machine_msgs/mav_state_machine_msgs/srv/detail
[0.520s] -- Up-to-date: /home/bhadha/pico_ws/install/mav_state_machine_msgs/include/mav_state_machine_msgs/mav_state_machine_msgs/srv/detail/run_task_service__type_support.hpp
[0.521s] -- Up-to-date: /home/bhadha/pico_ws/install/mav_state_machine_msgs/include/mav_state_machine_msgs/mav_state_machine_msgs/srv/detail/run_task_service__traits.hpp
[0.521s] -- Up-to-date: /home/bhadha/pico_ws/install/mav_state_machine_msgs/include/mav_state_machine_msgs/mav_state_machine_msgs/srv/detail/run_task_service__struct.hpp
[0.521s] -- Up-to-date: /home/bhadha/pico_ws/install/mav_state_machine_msgs/include/mav_state_machine_msgs/mav_state_machine_msgs/srv/detail/run_task_service__builder.hpp
[0.522s] -- Up-to-date: /home/bhadha/pico_ws/install/mav_state_machine_msgs/include/mav_state_machine_msgs/mav_state_machine_msgs/srv/run_task_service.hpp
[0.523s] -- Up-to-date: /home/bhadha/pico_ws/install/mav_state_machine_msgs/include/mav_state_machine_msgs/mav_state_machine_msgs
[0.523s] -- Up-to-date: /home/bhadha/pico_ws/install/mav_state_machine_msgs/include/mav_state_machine_msgs/mav_state_machine_msgs/msg
[0.523s] -- Up-to-date: /home/bhadha/pico_ws/install/mav_state_machine_msgs/include/mav_state_machine_msgs/mav_state_machine_msgs/msg/rosidl_typesupport_fastrtps_cpp__visibility_control.h
[0.525s] -- Up-to-date: /home/bhadha/pico_ws/install/mav_state_machine_msgs/include/mav_state_machine_msgs/mav_state_machine_msgs/msg/detail
[0.525s] -- Up-to-date: /home/bhadha/pico_ws/install/mav_state_machine_msgs/include/mav_state_machine_msgs/mav_state_machine_msgs/msg/detail/dds_fastrtps
[0.526s] -- Up-to-date: /home/bhadha/pico_ws/install/mav_state_machine_msgs/include/mav_state_machine_msgs/mav_state_machine_msgs/msg/detail/start_stop_task__rosidl_typesupport_fastrtps_cpp.hpp
[0.526s] -- Up-to-date: /home/bhadha/pico_ws/install/mav_state_machine_msgs/include/mav_state_machine_msgs/mav_state_machine_msgs/srv
[0.526s] -- Up-to-date: /home/bhadha/pico_ws/install/mav_state_machine_msgs/include/mav_state_machine_msgs/mav_state_machine_msgs/srv/detail
[0.526s] -- Up-to-date: /home/bhadha/pico_ws/install/mav_state_machine_msgs/include/mav_state_machine_msgs/mav_state_machine_msgs/srv/detail/dds_fastrtps
[0.526s] -- Up-to-date: /home/bhadha/pico_ws/install/mav_state_machine_msgs/include/mav_state_machine_msgs/mav_state_machine_msgs/srv/detail/run_task_service__rosidl_typesupport_fastrtps_cpp.hpp
[0.526s] -- Up-to-date: /home/bhadha/pico_ws/install/mav_state_machine_msgs/lib/libmav_state_machine_msgs__rosidl_typesupport_fastrtps_cpp.so
[0.527s] -- Up-to-date: /home/bhadha/pico_ws/install/mav_state_machine_msgs/include/mav_state_machine_msgs/mav_state_machine_msgs
[0.527s] -- Up-to-date: /home/bhadha/pico_ws/install/mav_state_machine_msgs/include/mav_state_machine_msgs/mav_state_machine_msgs/msg
[0.527s] -- Up-to-date: /home/bhadha/pico_ws/install/mav_state_machine_msgs/include/mav_state_machine_msgs/mav_state_machine_msgs/msg/detail
[0.527s] -- Up-to-date: /home/bhadha/pico_ws/install/mav_state_machine_msgs/include/mav_state_machine_msgs/mav_state_machine_msgs/msg/detail/start_stop_task__rosidl_typesupport_introspection_c.h
[0.531s] -- Up-to-date: /home/bhadha/pico_ws/install/mav_state_machine_msgs/include/mav_state_machine_msgs/mav_state_machine_msgs/msg/detail/start_stop_task__type_support.c
[0.532s] -- Up-to-date: /home/bhadha/pico_ws/install/mav_state_machine_msgs/include/mav_state_machine_msgs/mav_state_machine_msgs/msg/rosidl_typesupport_introspection_c__visibility_control.h
[0.532s] -- Up-to-date: /home/bhadha/pico_ws/install/mav_state_machine_msgs/include/mav_state_machine_msgs/mav_state_machine_msgs/srv
[0.532s] -- Up-to-date: /home/bhadha/pico_ws/install/mav_state_machine_msgs/include/mav_state_machine_msgs/mav_state_machine_msgs/srv/detail
[0.532s] -- Up-to-date: /home/bhadha/pico_ws/install/mav_state_machine_msgs/include/mav_state_machine_msgs/mav_state_machine_msgs/srv/detail/run_task_service__type_support.c
[0.532s] -- Up-to-date: /home/bhadha/pico_ws/install/mav_state_machine_msgs/include/mav_state_machine_msgs/mav_state_machine_msgs/srv/detail/run_task_service__rosidl_typesupport_introspection_c.h
[0.532s] -- Up-to-date: /home/bhadha/pico_ws/install/mav_state_machine_msgs/lib/libmav_state_machine_msgs__rosidl_typesupport_introspection_c.so
[0.533s] -- Up-to-date: /home/bhadha/pico_ws/install/mav_state_machine_msgs/lib/libmav_state_machine_msgs__rosidl_typesupport_c.so
[0.533s] -- Up-to-date: /home/bhadha/pico_ws/install/mav_state_machine_msgs/include/mav_state_machine_msgs/mav_state_machine_msgs
[0.533s] -- Up-to-date: /home/bhadha/pico_ws/install/mav_state_machine_msgs/include/mav_state_machine_msgs/mav_state_machine_msgs/msg
[0.533s] -- Up-to-date: /home/bhadha/pico_ws/install/mav_state_machine_msgs/include/mav_state_machine_msgs/mav_state_machine_msgs/msg/detail
[0.533s] -- Up-to-date: /home/bhadha/pico_ws/install/mav_state_machine_msgs/include/mav_state_machine_msgs/mav_state_machine_msgs/msg/detail/start_stop_task__rosidl_typesupport_introspection_cpp.hpp
[0.534s] -- Up-to-date: /home/bhadha/pico_ws/install/mav_state_machine_msgs/include/mav_state_machine_msgs/mav_state_machine_msgs/msg/detail/start_stop_task__type_support.cpp
[0.534s] -- Up-to-date: /home/bhadha/pico_ws/install/mav_state_machine_msgs/include/mav_state_machine_msgs/mav_state_machine_msgs/srv
[0.534s] -- Up-to-date: /home/bhadha/pico_ws/install/mav_state_machine_msgs/include/mav_state_machine_msgs/mav_state_machine_msgs/srv/detail
[0.535s] -- Up-to-date: /home/bhadha/pico_ws/install/mav_state_machine_msgs/include/mav_state_machine_msgs/mav_state_machine_msgs/srv/detail/run_task_service__rosidl_typesupport_introspection_cpp.hpp
[0.536s] -- Up-to-date: /home/bhadha/pico_ws/install/mav_state_machine_msgs/include/mav_state_machine_msgs/mav_state_machine_msgs/srv/detail/run_task_service__type_support.cpp
[0.537s] -- Up-to-date: /home/bhadha/pico_ws/install/mav_state_machine_msgs/lib/libmav_state_machine_msgs__rosidl_typesupport_introspection_cpp.so
[0.537s] -- Up-to-date: /home/bhadha/pico_ws/install/mav_state_machine_msgs/lib/libmav_state_machine_msgs__rosidl_typesupport_cpp.so
[0.537s] -- Up-to-date: /home/bhadha/pico_ws/install/mav_state_machine_msgs/share/mav_state_machine_msgs/msg/StartStopTask.idl
[0.537s] -- Up-to-date: /home/bhadha/pico_ws/install/mav_state_machine_msgs/share/mav_state_machine_msgs/srv/RunTaskService.idl
[0.537s] -- Up-to-date: /home/bhadha/pico_ws/install/mav_state_machine_msgs/share/mav_state_machine_msgs/msg/StartStopTask.msg
[0.537s] -- Up-to-date: /home/bhadha/pico_ws/install/mav_state_machine_msgs/share/mav_state_machine_msgs/srv/RunTaskService.srv
[0.537s] -- Up-to-date: /home/bhadha/pico_ws/install/mav_state_machine_msgs/share/mav_state_machine_msgs/srv/RunTaskService_Request.msg
[0.537s] -- Up-to-date: /home/bhadha/pico_ws/install/mav_state_machine_msgs/share/mav_state_machine_msgs/srv/RunTaskService_Response.msg
[0.537s] -- Up-to-date: /home/bhadha/pico_ws/install/mav_state_machine_msgs/share/ament_index/resource_index/package_run_dependencies/mav_state_machine_msgs
[0.537s] -- Up-to-date: /home/bhadha/pico_ws/install/mav_state_machine_msgs/share/ament_index/resource_index/parent_prefix_path/mav_state_machine_msgs
[0.538s] -- Up-to-date: /home/bhadha/pico_ws/install/mav_state_machine_msgs/share/mav_state_machine_msgs/environment/ament_prefix_path.sh
[0.538s] -- Up-to-date: /home/bhadha/pico_ws/install/mav_state_machine_msgs/share/mav_state_machine_msgs/environment/ament_prefix_path.dsv
[0.538s] -- Up-to-date: /home/bhadha/pico_ws/install/mav_state_machine_msgs/share/mav_state_machine_msgs/environment/path.sh
[0.538s] -- Up-to-date: /home/bhadha/pico_ws/install/mav_state_machine_msgs/share/mav_state_machine_msgs/environment/path.dsv
[0.538s] -- Up-to-date: /home/bhadha/pico_ws/install/mav_state_machine_msgs/share/mav_state_machine_msgs/local_setup.bash
[0.538s] -- Up-to-date: /home/bhadha/pico_ws/install/mav_state_machine_msgs/share/mav_state_machine_msgs/local_setup.sh
[0.538s] -- Up-to-date: /home/bhadha/pico_ws/install/mav_state_machine_msgs/share/mav_state_machine_msgs/local_setup.zsh
[0.539s] -- Up-to-date: /home/bhadha/pico_ws/install/mav_state_machine_msgs/share/mav_state_machine_msgs/local_setup.dsv
[0.539s] -- Installing: /home/bhadha/pico_ws/install/mav_state_machine_msgs/share/mav_state_machine_msgs/package.dsv
[0.539s] -- Up-to-date: /home/bhadha/pico_ws/install/mav_state_machine_msgs/share/ament_index/resource_index/packages/mav_state_machine_msgs
[0.539s] -- Up-to-date: /home/bhadha/pico_ws/install/mav_state_machine_msgs/share/mav_state_machine_msgs/cmake/export_mav_state_machine_msgs__rosidl_generator_cExport.cmake
[0.539s] -- Up-to-date: /home/bhadha/pico_ws/install/mav_state_machine_msgs/share/mav_state_machine_msgs/cmake/export_mav_state_machine_msgs__rosidl_generator_cExport-noconfig.cmake
[0.539s] -- Up-to-date: /home/bhadha/pico_ws/install/mav_state_machine_msgs/share/mav_state_machine_msgs/cmake/export_mav_state_machine_msgs__rosidl_typesupport_fastrtps_cExport.cmake
[0.540s] -- Up-to-date: /home/bhadha/pico_ws/install/mav_state_machine_msgs/share/mav_state_machine_msgs/cmake/export_mav_state_machine_msgs__rosidl_typesupport_fastrtps_cExport-noconfig.cmake
[0.540s] -- Up-to-date: /home/bhadha/pico_ws/install/mav_state_machine_msgs/share/mav_state_machine_msgs/cmake/export_mav_state_machine_msgs__rosidl_generator_cppExport.cmake
[0.540s] -- Up-to-date: /home/bhadha/pico_ws/install/mav_state_machine_msgs/share/mav_state_machine_msgs/cmake/export_mav_state_machine_msgs__rosidl_typesupport_fastrtps_cppExport.cmake
[0.540s] -- Up-to-date: /home/bhadha/pico_ws/install/mav_state_machine_msgs/share/mav_state_machine_msgs/cmake/export_mav_state_machine_msgs__rosidl_typesupport_fastrtps_cppExport-noconfig.cmake
[0.540s] -- Up-to-date: /home/bhadha/pico_ws/install/mav_state_machine_msgs/share/mav_state_machine_msgs/cmake/mav_state_machine_msgs__rosidl_typesupport_introspection_cExport.cmake
[0.540s] -- Up-to-date: /home/bhadha/pico_ws/install/mav_state_machine_msgs/share/mav_state_machine_msgs/cmake/mav_state_machine_msgs__rosidl_typesupport_introspection_cExport-noconfig.cmake
[0.569s] -- Up-to-date: /home/bhadha/pico_ws/install/mav_state_machine_msgs/share/mav_state_machine_msgs/cmake/mav_state_machine_msgs__rosidl_typesupport_cExport.cmake
[0.569s] -- Up-to-date: /home/bhadha/pico_ws/install/mav_state_machine_msgs/share/mav_state_machine_msgs/cmake/mav_state_machine_msgs__rosidl_typesupport_cExport-noconfig.cmake
[0.569s] -- Up-to-date: /home/bhadha/pico_ws/install/mav_state_machine_msgs/share/mav_state_machine_msgs/cmake/mav_state_machine_msgs__rosidl_typesupport_introspection_cppExport.cmake
[0.569s] -- Up-to-date: /home/bhadha/pico_ws/install/mav_state_machine_msgs/share/mav_state_machine_msgs/cmake/mav_state_machine_msgs__rosidl_typesupport_introspection_cppExport-noconfig.cmake
[0.570s] -- Up-to-date: /home/bhadha/pico_ws/install/mav_state_machine_msgs/share/mav_state_machine_msgs/cmake/mav_state_machine_msgs__rosidl_typesupport_cppExport.cmake
[0.570s] -- Up-to-date: /home/bhadha/pico_ws/install/mav_state_machine_msgs/share/mav_state_machine_msgs/cmake/mav_state_machine_msgs__rosidl_typesupport_cppExport-noconfig.cmake
[0.570s] -- Up-to-date: /home/bhadha/pico_ws/install/mav_state_machine_msgs/share/mav_state_machine_msgs/cmake/rosidl_cmake-extras.cmake
[0.570s] -- Up-to-date: /home/bhadha/pico_ws/install/mav_state_machine_msgs/share/mav_state_machine_msgs/cmake/ament_cmake_export_dependencies-extras.cmake
[0.570s] -- Up-to-date: /home/bhadha/pico_ws/install/mav_state_machine_msgs/share/mav_state_machine_msgs/cmake/ament_cmake_export_include_directories-extras.cmake
[0.570s] -- Up-to-date: /home/bhadha/pico_ws/install/mav_state_machine_msgs/share/mav_state_machine_msgs/cmake/ament_cmake_export_libraries-extras.cmake
[0.570s] -- Up-to-date: /home/bhadha/pico_ws/install/mav_state_machine_msgs/share/mav_state_machine_msgs/cmake/ament_cmake_export_targets-extras.cmake
[0.571s] -- Up-to-date: /home/bhadha/pico_ws/install/mav_state_machine_msgs/share/mav_state_machine_msgs/cmake/rosidl_cmake_export_typesupport_targets-extras.cmake
[0.571s] -- Up-to-date: /home/bhadha/pico_ws/install/mav_state_machine_msgs/share/mav_state_machine_msgs/cmake/rosidl_cmake_export_typesupport_libraries-extras.cmake
[0.571s] -- Up-to-date: /home/bhadha/pico_ws/install/mav_state_machine_msgs/share/mav_state_machine_msgs/cmake/rosidl_cmake_aggregate_target-extras.cmake
[0.571s] -- Up-to-date: /home/bhadha/pico_ws/install/mav_state_machine_msgs/share/mav_state_machine_msgs/cmake/mav_state_machine_msgsConfig.cmake
[0.571s] -- Up-to-date: /home/bhadha/pico_ws/install/mav_state_machine_msgs/share/mav_state_machine_msgs/cmake/mav_state_machine_msgsConfig-version.cmake
[0.571s] -- Up-to-date: /home/bhadha/pico_ws/install/mav_state_machine_msgs/share/mav_state_machine_msgs/package.xml
[0.621s] Invoked command in '/home/bhadha/pico_ws/build/mav_state_machine_msgs' returned '0': CMAKE_PREFIX_PATH=/opt/ros/humble /usr/bin/cmake --install /home/bhadha/pico_ws/build/mav_state_machine_msgs
