[35m[1mConsolidate compiler generated dependencies of target whycode_interfaces__rosidl_generator_c[0m
[  1%] Built target whycode_interfaces__rs
[  2%] Built target whycode_interfaces__cpp
[ 13%] Built target whycode_interfaces__rosidl_generator_c
[35m[1mConsolidate compiler generated dependencies of target whycode_interfaces__rosidl_typesupport_c[0m
[35m[1mConsolidate compiler generated dependencies of target whycode_interfaces__rosidl_typesupport_fastrtps_c[0m
[35m[1mConsolidate compiler generated dependencies of target whycode_interfaces__rosidl_typesupport_fastrtps_cpp[0m
[ 13%] Built target ament_cmake_python_copy_whycode_interfaces
[35m[1mConsolidate compiler generated dependencies of target whycode_interfaces__rosidl_typesupport_introspection_cpp[0m
[35m[1mConsolidate compiler generated dependencies of target whycode_interfaces__rosidl_typesupport_introspection_c[0m
[35m[1mConsolidate compiler generated dependencies of target whycode_interfaces__rosidl_typesupport_cpp[0m
[ 25%] Built target whycode_interfaces__rosidl_typesupport_c
[ 36%] Built target whycode_interfaces__rosidl_typesupport_cpp
[ 47%] Built target whycode_interfaces__rosidl_typesupport_fastrtps_cpp
[ 59%] Built target whycode_interfaces__rosidl_typesupport_fastrtps_c
[ 70%] Built target whycode_interfaces__rosidl_typesupport_introspection_c
[ 81%] Built target whycode_interfaces__rosidl_typesupport_introspection_cpp
[ 81%] Built target whycode_interfaces
[ 82%] Built target whycode_interfaces__py
[35m[1mConsolidate compiler generated dependencies of target whycode_interfaces__rosidl_generator_py[0m
[ 93%] Built target whycode_interfaces__rosidl_generator_py
[35m[1mConsolidate compiler generated dependencies of target whycode_interfaces__rosidl_typesupport_introspection_c__pyext[0m
[35m[1mConsolidate compiler generated dependencies of target whycode_interfaces__rosidl_typesupport_c__pyext[0m
[35m[1mConsolidate compiler generated dependencies of target whycode_interfaces__rosidl_typesupport_fastrtps_c__pyext[0m
[ 95%] Built target whycode_interfaces__rosidl_typesupport_introspection_c__pyext
[ 97%] Built target whycode_interfaces__rosidl_typesupport_c__pyext
[100%] Built target whycode_interfaces__rosidl_typesupport_fastrtps_c__pyext
running egg_info
writing whycode_interfaces.egg-info/PKG-INFO
writing dependency_links to whycode_interfaces.egg-info/dependency_links.txt
writing top-level names to whycode_interfaces.egg-info/top_level.txt
reading manifest file 'whycode_interfaces.egg-info/SOURCES.txt'
writing manifest file 'whycode_interfaces.egg-info/SOURCES.txt'
[100%] Built target ament_cmake_python_build_whycode_interfaces_egg
-- Install configuration: ""
-- Up-to-date: /home/bhadha/pico_ws/install/whycode_interfaces/share/ament_index/resource_index/rosidl_interfaces/whycode_interfaces
-- Up-to-date: /home/bhadha/pico_ws/install/whycode_interfaces/include/whycode_interfaces/whycode_interfaces
-- Up-to-date: /home/bhadha/pico_ws/install/whycode_interfaces/include/whycode_interfaces/whycode_interfaces/msg
-- Up-to-date: /home/bhadha/pico_ws/install/whycode_interfaces/include/whycode_interfaces/whycode_interfaces/msg/detail
-- Up-to-date: /home/bhadha/pico_ws/install/whycode_interfaces/include/whycode_interfaces/whycode_interfaces/msg/detail/marker_array__struct.h
-- Up-to-date: /home/bhadha/pico_ws/install/whycode_interfaces/include/whycode_interfaces/whycode_interfaces/msg/detail/marker__type_support.h
-- Up-to-date: /home/bhadha/pico_ws/install/whycode_interfaces/include/whycode_interfaces/whycode_interfaces/msg/detail/marker__functions.h
-- Up-to-date: /home/bhadha/pico_ws/install/whycode_interfaces/include/whycode_interfaces/whycode_interfaces/msg/detail/marker__struct.h
-- Up-to-date: /home/bhadha/pico_ws/install/whycode_interfaces/include/whycode_interfaces/whycode_interfaces/msg/detail/marker__functions.c
-- Up-to-date: /home/bhadha/pico_ws/install/whycode_interfaces/include/whycode_interfaces/whycode_interfaces/msg/detail/marker_array__type_support.h
-- Up-to-date: /home/bhadha/pico_ws/install/whycode_interfaces/include/whycode_interfaces/whycode_interfaces/msg/detail/marker_array__functions.c
-- Up-to-date: /home/bhadha/pico_ws/install/whycode_interfaces/include/whycode_interfaces/whycode_interfaces/msg/detail/marker_array__functions.h
-- Up-to-date: /home/bhadha/pico_ws/install/whycode_interfaces/include/whycode_interfaces/whycode_interfaces/msg/rosidl_generator_c__visibility_control.h
-- Up-to-date: /home/bhadha/pico_ws/install/whycode_interfaces/include/whycode_interfaces/whycode_interfaces/msg/marker.h
-- Up-to-date: /home/bhadha/pico_ws/install/whycode_interfaces/include/whycode_interfaces/whycode_interfaces/msg/marker_array.h
-- Up-to-date: /home/bhadha/pico_ws/install/whycode_interfaces/include/whycode_interfaces/whycode_interfaces/srv
-- Up-to-date: /home/bhadha/pico_ws/install/whycode_interfaces/include/whycode_interfaces/whycode_interfaces/srv/detail
-- Up-to-date: /home/bhadha/pico_ws/install/whycode_interfaces/include/whycode_interfaces/whycode_interfaces/srv/detail/select_marker__struct.h
-- Up-to-date: /home/bhadha/pico_ws/install/whycode_interfaces/include/whycode_interfaces/whycode_interfaces/srv/detail/get_gui_settings__type_support.h
-- Up-to-date: /home/bhadha/pico_ws/install/whycode_interfaces/include/whycode_interfaces/whycode_interfaces/srv/detail/get_gui_settings__functions.c
-- Up-to-date: /home/bhadha/pico_ws/install/whycode_interfaces/include/whycode_interfaces/whycode_interfaces/srv/detail/set_calib_method__functions.h
-- Up-to-date: /home/bhadha/pico_ws/install/whycode_interfaces/include/whycode_interfaces/whycode_interfaces/srv/detail/select_marker__type_support.h
-- Up-to-date: /home/bhadha/pico_ws/install/whycode_interfaces/include/whycode_interfaces/whycode_interfaces/srv/detail/set_calib_path__struct.h
-- Up-to-date: /home/bhadha/pico_ws/install/whycode_interfaces/include/whycode_interfaces/whycode_interfaces/srv/detail/set_calib_path__type_support.h
-- Up-to-date: /home/bhadha/pico_ws/install/whycode_interfaces/include/whycode_interfaces/whycode_interfaces/srv/detail/set_calib_method__type_support.h
-- Up-to-date: /home/bhadha/pico_ws/install/whycode_interfaces/include/whycode_interfaces/whycode_interfaces/srv/detail/set_calib_method__struct.h
-- Up-to-date: /home/bhadha/pico_ws/install/whycode_interfaces/include/whycode_interfaces/whycode_interfaces/srv/detail/get_gui_settings__struct.h
-- Up-to-date: /home/bhadha/pico_ws/install/whycode_interfaces/include/whycode_interfaces/whycode_interfaces/srv/detail/set_calib_method__functions.c
-- Up-to-date: /home/bhadha/pico_ws/install/whycode_interfaces/include/whycode_interfaces/whycode_interfaces/srv/detail/set_drawing__functions.c
-- Up-to-date: /home/bhadha/pico_ws/install/whycode_interfaces/include/whycode_interfaces/whycode_interfaces/srv/detail/set_coords__type_support.h
-- Up-to-date: /home/bhadha/pico_ws/install/whycode_interfaces/include/whycode_interfaces/whycode_interfaces/srv/detail/get_gui_settings__functions.h
-- Up-to-date: /home/bhadha/pico_ws/install/whycode_interfaces/include/whycode_interfaces/whycode_interfaces/srv/detail/set_drawing__functions.h
-- Up-to-date: /home/bhadha/pico_ws/install/whycode_interfaces/include/whycode_interfaces/whycode_interfaces/srv/detail/set_calib_path__functions.c
-- Up-to-date: /home/bhadha/pico_ws/install/whycode_interfaces/include/whycode_interfaces/whycode_interfaces/srv/detail/set_drawing__type_support.h
-- Up-to-date: /home/bhadha/pico_ws/install/whycode_interfaces/include/whycode_interfaces/whycode_interfaces/srv/detail/set_drawing__struct.h
-- Up-to-date: /home/bhadha/pico_ws/install/whycode_interfaces/include/whycode_interfaces/whycode_interfaces/srv/detail/set_coords__struct.h
-- Up-to-date: /home/bhadha/pico_ws/install/whycode_interfaces/include/whycode_interfaces/whycode_interfaces/srv/detail/set_coords__functions.c
-- Up-to-date: /home/bhadha/pico_ws/install/whycode_interfaces/include/whycode_interfaces/whycode_interfaces/srv/detail/set_calib_path__functions.h
-- Up-to-date: /home/bhadha/pico_ws/install/whycode_interfaces/include/whycode_interfaces/whycode_interfaces/srv/detail/select_marker__functions.c
-- Up-to-date: /home/bhadha/pico_ws/install/whycode_interfaces/include/whycode_interfaces/whycode_interfaces/srv/detail/set_coords__functions.h
-- Up-to-date: /home/bhadha/pico_ws/install/whycode_interfaces/include/whycode_interfaces/whycode_interfaces/srv/detail/select_marker__functions.h
-- Up-to-date: /home/bhadha/pico_ws/install/whycode_interfaces/include/whycode_interfaces/whycode_interfaces/srv/select_marker.h
-- Up-to-date: /home/bhadha/pico_ws/install/whycode_interfaces/include/whycode_interfaces/whycode_interfaces/srv/get_gui_settings.h
-- Up-to-date: /home/bhadha/pico_ws/install/whycode_interfaces/include/whycode_interfaces/whycode_interfaces/srv/set_calib_method.h
-- Up-to-date: /home/bhadha/pico_ws/install/whycode_interfaces/include/whycode_interfaces/whycode_interfaces/srv/set_drawing.h
-- Up-to-date: /home/bhadha/pico_ws/install/whycode_interfaces/include/whycode_interfaces/whycode_interfaces/srv/set_calib_path.h
-- Up-to-date: /home/bhadha/pico_ws/install/whycode_interfaces/include/whycode_interfaces/whycode_interfaces/srv/set_coords.h
-- Up-to-date: /home/bhadha/pico_ws/install/whycode_interfaces/share/whycode_interfaces/environment/library_path.sh
-- Up-to-date: /home/bhadha/pico_ws/install/whycode_interfaces/share/whycode_interfaces/environment/library_path.dsv
-- Up-to-date: /home/bhadha/pico_ws/install/whycode_interfaces/lib/libwhycode_interfaces__rosidl_generator_c.so
-- Up-to-date: /home/bhadha/pico_ws/install/whycode_interfaces/include/whycode_interfaces/whycode_interfaces
-- Up-to-date: /home/bhadha/pico_ws/install/whycode_interfaces/include/whycode_interfaces/whycode_interfaces/msg
-- Up-to-date: /home/bhadha/pico_ws/install/whycode_interfaces/include/whycode_interfaces/whycode_interfaces/msg/detail
-- Up-to-date: /home/bhadha/pico_ws/install/whycode_interfaces/include/whycode_interfaces/whycode_interfaces/msg/detail/marker_array__rosidl_typesupport_fastrtps_c.h
-- Up-to-date: /home/bhadha/pico_ws/install/whycode_interfaces/include/whycode_interfaces/whycode_interfaces/msg/detail/marker__rosidl_typesupport_fastrtps_c.h
-- Up-to-date: /home/bhadha/pico_ws/install/whycode_interfaces/include/whycode_interfaces/whycode_interfaces/msg/rosidl_typesupport_fastrtps_c__visibility_control.h
-- Up-to-date: /home/bhadha/pico_ws/install/whycode_interfaces/include/whycode_interfaces/whycode_interfaces/srv
-- Up-to-date: /home/bhadha/pico_ws/install/whycode_interfaces/include/whycode_interfaces/whycode_interfaces/srv/detail
-- Up-to-date: /home/bhadha/pico_ws/install/whycode_interfaces/include/whycode_interfaces/whycode_interfaces/srv/detail/set_drawing__rosidl_typesupport_fastrtps_c.h
-- Up-to-date: /home/bhadha/pico_ws/install/whycode_interfaces/include/whycode_interfaces/whycode_interfaces/srv/detail/set_calib_path__rosidl_typesupport_fastrtps_c.h
-- Up-to-date: /home/bhadha/pico_ws/install/whycode_interfaces/include/whycode_interfaces/whycode_interfaces/srv/detail/get_gui_settings__rosidl_typesupport_fastrtps_c.h
-- Up-to-date: /home/bhadha/pico_ws/install/whycode_interfaces/include/whycode_interfaces/whycode_interfaces/srv/detail/set_calib_method__rosidl_typesupport_fastrtps_c.h
-- Up-to-date: /home/bhadha/pico_ws/install/whycode_interfaces/include/whycode_interfaces/whycode_interfaces/srv/detail/select_marker__rosidl_typesupport_fastrtps_c.h
-- Up-to-date: /home/bhadha/pico_ws/install/whycode_interfaces/include/whycode_interfaces/whycode_interfaces/srv/detail/set_coords__rosidl_typesupport_fastrtps_c.h
-- Up-to-date: /home/bhadha/pico_ws/install/whycode_interfaces/lib/libwhycode_interfaces__rosidl_typesupport_fastrtps_c.so
-- Up-to-date: /home/bhadha/pico_ws/install/whycode_interfaces/include/whycode_interfaces/whycode_interfaces
-- Up-to-date: /home/bhadha/pico_ws/install/whycode_interfaces/include/whycode_interfaces/whycode_interfaces/msg
-- Up-to-date: /home/bhadha/pico_ws/install/whycode_interfaces/include/whycode_interfaces/whycode_interfaces/msg/detail
-- Up-to-date: /home/bhadha/pico_ws/install/whycode_interfaces/include/whycode_interfaces/whycode_interfaces/msg/detail/marker_array__type_support.c
-- Up-to-date: /home/bhadha/pico_ws/install/whycode_interfaces/include/whycode_interfaces/whycode_interfaces/msg/detail/marker__rosidl_typesupport_introspection_c.h
-- Up-to-date: /home/bhadha/pico_ws/install/whycode_interfaces/include/whycode_interfaces/whycode_interfaces/msg/detail/marker__type_support.c
-- Up-to-date: /home/bhadha/pico_ws/install/whycode_interfaces/include/whycode_interfaces/whycode_interfaces/msg/detail/marker_array__rosidl_typesupport_introspection_c.h
-- Up-to-date: /home/bhadha/pico_ws/install/whycode_interfaces/include/whycode_interfaces/whycode_interfaces/msg/rosidl_typesupport_introspection_c__visibility_control.h
-- Up-to-date: /home/bhadha/pico_ws/install/whycode_interfaces/include/whycode_interfaces/whycode_interfaces/srv
-- Up-to-date: /home/bhadha/pico_ws/install/whycode_interfaces/include/whycode_interfaces/whycode_interfaces/srv/detail
-- Up-to-date: /home/bhadha/pico_ws/install/whycode_interfaces/include/whycode_interfaces/whycode_interfaces/srv/detail/get_gui_settings__type_support.c
-- Up-to-date: /home/bhadha/pico_ws/install/whycode_interfaces/include/whycode_interfaces/whycode_interfaces/srv/detail/set_drawing__rosidl_typesupport_introspection_c.h
-- Up-to-date: /home/bhadha/pico_ws/install/whycode_interfaces/include/whycode_interfaces/whycode_interfaces/srv/detail/set_calib_method__type_support.c
-- Up-to-date: /home/bhadha/pico_ws/install/whycode_interfaces/include/whycode_interfaces/whycode_interfaces/srv/detail/select_marker__rosidl_typesupport_introspection_c.h
-- Up-to-date: /home/bhadha/pico_ws/install/whycode_interfaces/include/whycode_interfaces/whycode_interfaces/srv/detail/get_gui_settings__rosidl_typesupport_introspection_c.h
-- Up-to-date: /home/bhadha/pico_ws/install/whycode_interfaces/include/whycode_interfaces/whycode_interfaces/srv/detail/set_coords__type_support.c
-- Up-to-date: /home/bhadha/pico_ws/install/whycode_interfaces/include/whycode_interfaces/whycode_interfaces/srv/detail/select_marker__type_support.c
-- Up-to-date: /home/bhadha/pico_ws/install/whycode_interfaces/include/whycode_interfaces/whycode_interfaces/srv/detail/set_calib_path__type_support.c
-- Up-to-date: /home/bhadha/pico_ws/install/whycode_interfaces/include/whycode_interfaces/whycode_interfaces/srv/detail/set_coords__rosidl_typesupport_introspection_c.h
-- Up-to-date: /home/bhadha/pico_ws/install/whycode_interfaces/include/whycode_interfaces/whycode_interfaces/srv/detail/set_drawing__type_support.c
-- Up-to-date: /home/bhadha/pico_ws/install/whycode_interfaces/include/whycode_interfaces/whycode_interfaces/srv/detail/set_calib_path__rosidl_typesupport_introspection_c.h
-- Up-to-date: /home/bhadha/pico_ws/install/whycode_interfaces/include/whycode_interfaces/whycode_interfaces/srv/detail/set_calib_method__rosidl_typesupport_introspection_c.h
-- Up-to-date: /home/bhadha/pico_ws/install/whycode_interfaces/lib/libwhycode_interfaces__rosidl_typesupport_introspection_c.so
-- Up-to-date: /home/bhadha/pico_ws/install/whycode_interfaces/lib/libwhycode_interfaces__rosidl_typesupport_c.so
-- Up-to-date: /home/bhadha/pico_ws/install/whycode_interfaces/include/whycode_interfaces/whycode_interfaces
-- Up-to-date: /home/bhadha/pico_ws/install/whycode_interfaces/include/whycode_interfaces/whycode_interfaces/msg
-- Up-to-date: /home/bhadha/pico_ws/install/whycode_interfaces/include/whycode_interfaces/whycode_interfaces/msg/detail
-- Up-to-date: /home/bhadha/pico_ws/install/whycode_interfaces/include/whycode_interfaces/whycode_interfaces/msg/detail/marker__struct.hpp
-- Up-to-date: /home/bhadha/pico_ws/install/whycode_interfaces/include/whycode_interfaces/whycode_interfaces/msg/detail/marker_array__type_support.hpp
-- Up-to-date: /home/bhadha/pico_ws/install/whycode_interfaces/include/whycode_interfaces/whycode_interfaces/msg/detail/marker_array__traits.hpp
-- Up-to-date: /home/bhadha/pico_ws/install/whycode_interfaces/include/whycode_interfaces/whycode_interfaces/msg/detail/marker_array__struct.hpp
-- Up-to-date: /home/bhadha/pico_ws/install/whycode_interfaces/include/whycode_interfaces/whycode_interfaces/msg/detail/marker__type_support.hpp
-- Up-to-date: /home/bhadha/pico_ws/install/whycode_interfaces/include/whycode_interfaces/whycode_interfaces/msg/detail/marker__traits.hpp
-- Up-to-date: /home/bhadha/pico_ws/install/whycode_interfaces/include/whycode_interfaces/whycode_interfaces/msg/detail/marker_array__builder.hpp
-- Up-to-date: /home/bhadha/pico_ws/install/whycode_interfaces/include/whycode_interfaces/whycode_interfaces/msg/detail/marker__builder.hpp
-- Up-to-date: /home/bhadha/pico_ws/install/whycode_interfaces/include/whycode_interfaces/whycode_interfaces/msg/rosidl_generator_cpp__visibility_control.hpp
-- Up-to-date: /home/bhadha/pico_ws/install/whycode_interfaces/include/whycode_interfaces/whycode_interfaces/msg/marker_array.hpp
-- Up-to-date: /home/bhadha/pico_ws/install/whycode_interfaces/include/whycode_interfaces/whycode_interfaces/msg/marker.hpp
-- Up-to-date: /home/bhadha/pico_ws/install/whycode_interfaces/include/whycode_interfaces/whycode_interfaces/srv
-- Up-to-date: /home/bhadha/pico_ws/install/whycode_interfaces/include/whycode_interfaces/whycode_interfaces/srv/detail
-- Up-to-date: /home/bhadha/pico_ws/install/whycode_interfaces/include/whycode_interfaces/whycode_interfaces/srv/detail/set_calib_path__traits.hpp
-- Up-to-date: /home/bhadha/pico_ws/install/whycode_interfaces/include/whycode_interfaces/whycode_interfaces/srv/detail/set_calib_path__type_support.hpp
-- Up-to-date: /home/bhadha/pico_ws/install/whycode_interfaces/include/whycode_interfaces/whycode_interfaces/srv/detail/set_calib_path__builder.hpp
-- Up-to-date: /home/bhadha/pico_ws/install/whycode_interfaces/include/whycode_interfaces/whycode_interfaces/srv/detail/set_calib_method__builder.hpp
-- Up-to-date: /home/bhadha/pico_ws/install/whycode_interfaces/include/whycode_interfaces/whycode_interfaces/srv/detail/set_drawing__type_support.hpp
-- Up-to-date: /home/bhadha/pico_ws/install/whycode_interfaces/include/whycode_interfaces/whycode_interfaces/srv/detail/set_drawing__traits.hpp
-- Up-to-date: /home/bhadha/pico_ws/install/whycode_interfaces/include/whycode_interfaces/whycode_interfaces/srv/detail/set_drawing__builder.hpp
-- Up-to-date: /home/bhadha/pico_ws/install/whycode_interfaces/include/whycode_interfaces/whycode_interfaces/srv/detail/set_calib_method__struct.hpp
-- Up-to-date: /home/bhadha/pico_ws/install/whycode_interfaces/include/whycode_interfaces/whycode_interfaces/srv/detail/set_calib_path__struct.hpp
-- Up-to-date: /home/bhadha/pico_ws/install/whycode_interfaces/include/whycode_interfaces/whycode_interfaces/srv/detail/get_gui_settings__traits.hpp
-- Up-to-date: /home/bhadha/pico_ws/install/whycode_interfaces/include/whycode_interfaces/whycode_interfaces/srv/detail/get_gui_settings__builder.hpp
-- Up-to-date: /home/bhadha/pico_ws/install/whycode_interfaces/include/whycode_interfaces/whycode_interfaces/srv/detail/set_calib_method__type_support.hpp
-- Up-to-date: /home/bhadha/pico_ws/install/whycode_interfaces/include/whycode_interfaces/whycode_interfaces/srv/detail/select_marker__struct.hpp
-- Up-to-date: /home/bhadha/pico_ws/install/whycode_interfaces/include/whycode_interfaces/whycode_interfaces/srv/detail/set_calib_method__traits.hpp
-- Up-to-date: /home/bhadha/pico_ws/install/whycode_interfaces/include/whycode_interfaces/whycode_interfaces/srv/detail/set_coords__type_support.hpp
-- Up-to-date: /home/bhadha/pico_ws/install/whycode_interfaces/include/whycode_interfaces/whycode_interfaces/srv/detail/set_coords__traits.hpp
-- Up-to-date: /home/bhadha/pico_ws/install/whycode_interfaces/include/whycode_interfaces/whycode_interfaces/srv/detail/get_gui_settings__struct.hpp
-- Up-to-date: /home/bhadha/pico_ws/install/whycode_interfaces/include/whycode_interfaces/whycode_interfaces/srv/detail/set_coords__builder.hpp
-- Up-to-date: /home/bhadha/pico_ws/install/whycode_interfaces/include/whycode_interfaces/whycode_interfaces/srv/detail/select_marker__builder.hpp
-- Up-to-date: /home/bhadha/pico_ws/install/whycode_interfaces/include/whycode_interfaces/whycode_interfaces/srv/detail/select_marker__traits.hpp
-- Up-to-date: /home/bhadha/pico_ws/install/whycode_interfaces/include/whycode_interfaces/whycode_interfaces/srv/detail/set_coords__struct.hpp
-- Up-to-date: /home/bhadha/pico_ws/install/whycode_interfaces/include/whycode_interfaces/whycode_interfaces/srv/detail/get_gui_settings__type_support.hpp
-- Up-to-date: /home/bhadha/pico_ws/install/whycode_interfaces/include/whycode_interfaces/whycode_interfaces/srv/detail/set_drawing__struct.hpp
-- Up-to-date: /home/bhadha/pico_ws/install/whycode_interfaces/include/whycode_interfaces/whycode_interfaces/srv/detail/select_marker__type_support.hpp
-- Up-to-date: /home/bhadha/pico_ws/install/whycode_interfaces/include/whycode_interfaces/whycode_interfaces/srv/set_coords.hpp
-- Up-to-date: /home/bhadha/pico_ws/install/whycode_interfaces/include/whycode_interfaces/whycode_interfaces/srv/set_calib_path.hpp
-- Up-to-date: /home/bhadha/pico_ws/install/whycode_interfaces/include/whycode_interfaces/whycode_interfaces/srv/select_marker.hpp
-- Up-to-date: /home/bhadha/pico_ws/install/whycode_interfaces/include/whycode_interfaces/whycode_interfaces/srv/get_gui_settings.hpp
-- Up-to-date: /home/bhadha/pico_ws/install/whycode_interfaces/include/whycode_interfaces/whycode_interfaces/srv/set_drawing.hpp
-- Up-to-date: /home/bhadha/pico_ws/install/whycode_interfaces/include/whycode_interfaces/whycode_interfaces/srv/set_calib_method.hpp
-- Up-to-date: /home/bhadha/pico_ws/install/whycode_interfaces/include/whycode_interfaces/whycode_interfaces
-- Up-to-date: /home/bhadha/pico_ws/install/whycode_interfaces/include/whycode_interfaces/whycode_interfaces/msg
-- Up-to-date: /home/bhadha/pico_ws/install/whycode_interfaces/include/whycode_interfaces/whycode_interfaces/msg/rosidl_typesupport_fastrtps_cpp__visibility_control.h
-- Up-to-date: /home/bhadha/pico_ws/install/whycode_interfaces/include/whycode_interfaces/whycode_interfaces/msg/detail
-- Up-to-date: /home/bhadha/pico_ws/install/whycode_interfaces/include/whycode_interfaces/whycode_interfaces/msg/detail/dds_fastrtps
-- Up-to-date: /home/bhadha/pico_ws/install/whycode_interfaces/include/whycode_interfaces/whycode_interfaces/msg/detail/marker_array__rosidl_typesupport_fastrtps_cpp.hpp
-- Up-to-date: /home/bhadha/pico_ws/install/whycode_interfaces/include/whycode_interfaces/whycode_interfaces/msg/detail/marker__rosidl_typesupport_fastrtps_cpp.hpp
-- Up-to-date: /home/bhadha/pico_ws/install/whycode_interfaces/include/whycode_interfaces/whycode_interfaces/srv
-- Up-to-date: /home/bhadha/pico_ws/install/whycode_interfaces/include/whycode_interfaces/whycode_interfaces/srv/detail
-- Up-to-date: /home/bhadha/pico_ws/install/whycode_interfaces/include/whycode_interfaces/whycode_interfaces/srv/detail/set_calib_method__rosidl_typesupport_fastrtps_cpp.hpp
-- Up-to-date: /home/bhadha/pico_ws/install/whycode_interfaces/include/whycode_interfaces/whycode_interfaces/srv/detail/select_marker__rosidl_typesupport_fastrtps_cpp.hpp
-- Up-to-date: /home/bhadha/pico_ws/install/whycode_interfaces/include/whycode_interfaces/whycode_interfaces/srv/detail/set_drawing__rosidl_typesupport_fastrtps_cpp.hpp
-- Up-to-date: /home/bhadha/pico_ws/install/whycode_interfaces/include/whycode_interfaces/whycode_interfaces/srv/detail/dds_fastrtps
-- Up-to-date: /home/bhadha/pico_ws/install/whycode_interfaces/include/whycode_interfaces/whycode_interfaces/srv/detail/set_coords__rosidl_typesupport_fastrtps_cpp.hpp
-- Up-to-date: /home/bhadha/pico_ws/install/whycode_interfaces/include/whycode_interfaces/whycode_interfaces/srv/detail/get_gui_settings__rosidl_typesupport_fastrtps_cpp.hpp
-- Up-to-date: /home/bhadha/pico_ws/install/whycode_interfaces/include/whycode_interfaces/whycode_interfaces/srv/detail/set_calib_path__rosidl_typesupport_fastrtps_cpp.hpp
-- Up-to-date: /home/bhadha/pico_ws/install/whycode_interfaces/lib/libwhycode_interfaces__rosidl_typesupport_fastrtps_cpp.so
-- Up-to-date: /home/bhadha/pico_ws/install/whycode_interfaces/include/whycode_interfaces/whycode_interfaces
-- Up-to-date: /home/bhadha/pico_ws/install/whycode_interfaces/include/whycode_interfaces/whycode_interfaces/msg
-- Up-to-date: /home/bhadha/pico_ws/install/whycode_interfaces/include/whycode_interfaces/whycode_interfaces/msg/detail
-- Up-to-date: /home/bhadha/pico_ws/install/whycode_interfaces/include/whycode_interfaces/whycode_interfaces/msg/detail/marker_array__type_support.cpp
-- Up-to-date: /home/bhadha/pico_ws/install/whycode_interfaces/include/whycode_interfaces/whycode_interfaces/msg/detail/marker__rosidl_typesupport_introspection_cpp.hpp
-- Up-to-date: /home/bhadha/pico_ws/install/whycode_interfaces/include/whycode_interfaces/whycode_interfaces/msg/detail/marker__type_support.cpp
-- Up-to-date: /home/bhadha/pico_ws/install/whycode_interfaces/include/whycode_interfaces/whycode_interfaces/msg/detail/marker_array__rosidl_typesupport_introspection_cpp.hpp
-- Up-to-date: /home/bhadha/pico_ws/install/whycode_interfaces/include/whycode_interfaces/whycode_interfaces/srv
-- Up-to-date: /home/bhadha/pico_ws/install/whycode_interfaces/include/whycode_interfaces/whycode_interfaces/srv/detail
-- Up-to-date: /home/bhadha/pico_ws/install/whycode_interfaces/include/whycode_interfaces/whycode_interfaces/srv/detail/set_calib_path__rosidl_typesupport_introspection_cpp.hpp
-- Up-to-date: /home/bhadha/pico_ws/install/whycode_interfaces/include/whycode_interfaces/whycode_interfaces/srv/detail/set_coords__rosidl_typesupport_introspection_cpp.hpp
-- Up-to-date: /home/bhadha/pico_ws/install/whycode_interfaces/include/whycode_interfaces/whycode_interfaces/srv/detail/get_gui_settings__type_support.cpp
-- Up-to-date: /home/bhadha/pico_ws/install/whycode_interfaces/include/whycode_interfaces/whycode_interfaces/srv/detail/set_calib_path__type_support.cpp
-- Up-to-date: /home/bhadha/pico_ws/install/whycode_interfaces/include/whycode_interfaces/whycode_interfaces/srv/detail/get_gui_settings__rosidl_typesupport_introspection_cpp.hpp
-- Up-to-date: /home/bhadha/pico_ws/install/whycode_interfaces/include/whycode_interfaces/whycode_interfaces/srv/detail/select_marker__type_support.cpp
-- Up-to-date: /home/bhadha/pico_ws/install/whycode_interfaces/include/whycode_interfaces/whycode_interfaces/srv/detail/set_calib_method__rosidl_typesupport_introspection_cpp.hpp
-- Up-to-date: /home/bhadha/pico_ws/install/whycode_interfaces/include/whycode_interfaces/whycode_interfaces/srv/detail/select_marker__rosidl_typesupport_introspection_cpp.hpp
-- Up-to-date: /home/bhadha/pico_ws/install/whycode_interfaces/include/whycode_interfaces/whycode_interfaces/srv/detail/set_drawing__type_support.cpp
-- Up-to-date: /home/bhadha/pico_ws/install/whycode_interfaces/include/whycode_interfaces/whycode_interfaces/srv/detail/set_coords__type_support.cpp
-- Up-to-date: /home/bhadha/pico_ws/install/whycode_interfaces/include/whycode_interfaces/whycode_interfaces/srv/detail/set_drawing__rosidl_typesupport_introspection_cpp.hpp
-- Up-to-date: /home/bhadha/pico_ws/install/whycode_interfaces/include/whycode_interfaces/whycode_interfaces/srv/detail/set_calib_method__type_support.cpp
-- Up-to-date: /home/bhadha/pico_ws/install/whycode_interfaces/lib/libwhycode_interfaces__rosidl_typesupport_introspection_cpp.so
-- Up-to-date: /home/bhadha/pico_ws/install/whycode_interfaces/lib/libwhycode_interfaces__rosidl_typesupport_cpp.so
-- Up-to-date: /home/bhadha/pico_ws/install/whycode_interfaces/share/whycode_interfaces/environment/pythonpath.sh
-- Up-to-date: /home/bhadha/pico_ws/install/whycode_interfaces/share/whycode_interfaces/environment/pythonpath.dsv
-- Up-to-date: /home/bhadha/pico_ws/install/whycode_interfaces/local/lib/python3.10/dist-packages/whycode_interfaces-0.0.1-py3.10.egg-info
-- Installing: /home/bhadha/pico_ws/install/whycode_interfaces/local/lib/python3.10/dist-packages/whycode_interfaces-0.0.1-py3.10.egg-info/SOURCES.txt
-- Installing: /home/bhadha/pico_ws/install/whycode_interfaces/local/lib/python3.10/dist-packages/whycode_interfaces-0.0.1-py3.10.egg-info/PKG-INFO
-- Installing: /home/bhadha/pico_ws/install/whycode_interfaces/local/lib/python3.10/dist-packages/whycode_interfaces-0.0.1-py3.10.egg-info/top_level.txt
-- Installing: /home/bhadha/pico_ws/install/whycode_interfaces/local/lib/python3.10/dist-packages/whycode_interfaces-0.0.1-py3.10.egg-info/dependency_links.txt
-- Up-to-date: /home/bhadha/pico_ws/install/whycode_interfaces/local/lib/python3.10/dist-packages/whycode_interfaces
-- Up-to-date: /home/bhadha/pico_ws/install/whycode_interfaces/local/lib/python3.10/dist-packages/whycode_interfaces/libwhycode_interfaces__rosidl_generator_py.so
-- Up-to-date: /home/bhadha/pico_ws/install/whycode_interfaces/local/lib/python3.10/dist-packages/whycode_interfaces/msg
-- Up-to-date: /home/bhadha/pico_ws/install/whycode_interfaces/local/lib/python3.10/dist-packages/whycode_interfaces/msg/_marker_array_s.c
-- Up-to-date: /home/bhadha/pico_ws/install/whycode_interfaces/local/lib/python3.10/dist-packages/whycode_interfaces/msg/_marker_array.py
-- Up-to-date: /home/bhadha/pico_ws/install/whycode_interfaces/local/lib/python3.10/dist-packages/whycode_interfaces/msg/__init__.py
-- Up-to-date: /home/bhadha/pico_ws/install/whycode_interfaces/local/lib/python3.10/dist-packages/whycode_interfaces/msg/_marker.py
-- Up-to-date: /home/bhadha/pico_ws/install/whycode_interfaces/local/lib/python3.10/dist-packages/whycode_interfaces/msg/_marker_s.c
-- Up-to-date: /home/bhadha/pico_ws/install/whycode_interfaces/local/lib/python3.10/dist-packages/whycode_interfaces/_whycode_interfaces_s.ep.rosidl_typesupport_fastrtps_c.c
-- Up-to-date: /home/bhadha/pico_ws/install/whycode_interfaces/local/lib/python3.10/dist-packages/whycode_interfaces/__init__.py
-- Up-to-date: /home/bhadha/pico_ws/install/whycode_interfaces/local/lib/python3.10/dist-packages/whycode_interfaces/whycode_interfaces_s__rosidl_typesupport_fastrtps_c.cpython-310-x86_64-linux-gnu.so
-- Up-to-date: /home/bhadha/pico_ws/install/whycode_interfaces/local/lib/python3.10/dist-packages/whycode_interfaces/srv
-- Up-to-date: /home/bhadha/pico_ws/install/whycode_interfaces/local/lib/python3.10/dist-packages/whycode_interfaces/srv/_set_drawing.py
-- Up-to-date: /home/bhadha/pico_ws/install/whycode_interfaces/local/lib/python3.10/dist-packages/whycode_interfaces/srv/_set_drawing_s.c
-- Up-to-date: /home/bhadha/pico_ws/install/whycode_interfaces/local/lib/python3.10/dist-packages/whycode_interfaces/srv/__init__.py
-- Up-to-date: /home/bhadha/pico_ws/install/whycode_interfaces/local/lib/python3.10/dist-packages/whycode_interfaces/srv/_get_gui_settings_s.c
-- Up-to-date: /home/bhadha/pico_ws/install/whycode_interfaces/local/lib/python3.10/dist-packages/whycode_interfaces/srv/_set_coords_s.c
-- Up-to-date: /home/bhadha/pico_ws/install/whycode_interfaces/local/lib/python3.10/dist-packages/whycode_interfaces/srv/_select_marker_s.c
-- Up-to-date: /home/bhadha/pico_ws/install/whycode_interfaces/local/lib/python3.10/dist-packages/whycode_interfaces/srv/_get_gui_settings.py
-- Up-to-date: /home/bhadha/pico_ws/install/whycode_interfaces/local/lib/python3.10/dist-packages/whycode_interfaces/srv/_set_calib_path_s.c
-- Up-to-date: /home/bhadha/pico_ws/install/whycode_interfaces/local/lib/python3.10/dist-packages/whycode_interfaces/srv/_set_calib_method.py
-- Up-to-date: /home/bhadha/pico_ws/install/whycode_interfaces/local/lib/python3.10/dist-packages/whycode_interfaces/srv/_set_calib_method_s.c
-- Up-to-date: /home/bhadha/pico_ws/install/whycode_interfaces/local/lib/python3.10/dist-packages/whycode_interfaces/srv/_set_coords.py
-- Up-to-date: /home/bhadha/pico_ws/install/whycode_interfaces/local/lib/python3.10/dist-packages/whycode_interfaces/srv/_select_marker.py
-- Up-to-date: /home/bhadha/pico_ws/install/whycode_interfaces/local/lib/python3.10/dist-packages/whycode_interfaces/srv/_set_calib_path.py
-- Up-to-date: /home/bhadha/pico_ws/install/whycode_interfaces/local/lib/python3.10/dist-packages/whycode_interfaces/_whycode_interfaces_s.ep.rosidl_typesupport_c.c
-- Up-to-date: /home/bhadha/pico_ws/install/whycode_interfaces/local/lib/python3.10/dist-packages/whycode_interfaces/whycode_interfaces_s__rosidl_typesupport_introspection_c.cpython-310-x86_64-linux-gnu.so
-- Up-to-date: /home/bhadha/pico_ws/install/whycode_interfaces/local/lib/python3.10/dist-packages/whycode_interfaces/_whycode_interfaces_s.ep.rosidl_typesupport_introspection_c.c
-- Up-to-date: /home/bhadha/pico_ws/install/whycode_interfaces/local/lib/python3.10/dist-packages/whycode_interfaces/whycode_interfaces_s__rosidl_typesupport_c.cpython-310-x86_64-linux-gnu.so
Listing '/home/bhadha/pico_ws/install/whycode_interfaces/local/lib/python3.10/dist-packages/whycode_interfaces'...
Listing '/home/bhadha/pico_ws/install/whycode_interfaces/local/lib/python3.10/dist-packages/whycode_interfaces/msg'...
Listing '/home/bhadha/pico_ws/install/whycode_interfaces/local/lib/python3.10/dist-packages/whycode_interfaces/srv'...
-- Up-to-date: /home/bhadha/pico_ws/install/whycode_interfaces/local/lib/python3.10/dist-packages/whycode_interfaces/whycode_interfaces_s__rosidl_typesupport_fastrtps_c.cpython-310-x86_64-linux-gnu.so
-- Up-to-date: /home/bhadha/pico_ws/install/whycode_interfaces/local/lib/python3.10/dist-packages/whycode_interfaces/whycode_interfaces_s__rosidl_typesupport_introspection_c.cpython-310-x86_64-linux-gnu.so
-- Up-to-date: /home/bhadha/pico_ws/install/whycode_interfaces/local/lib/python3.10/dist-packages/whycode_interfaces/whycode_interfaces_s__rosidl_typesupport_c.cpython-310-x86_64-linux-gnu.so
-- Up-to-date: /home/bhadha/pico_ws/install/whycode_interfaces/lib/libwhycode_interfaces__rosidl_generator_py.so
-- Up-to-date: /home/bhadha/pico_ws/install/whycode_interfaces/share/ament_index/resource_index/rust_packages/whycode_interfaces
-- Up-to-date: /home/bhadha/pico_ws/install/whycode_interfaces/share/whycode_interfaces/rust
-- Up-to-date: /home/bhadha/pico_ws/install/whycode_interfaces/share/whycode_interfaces/rust/build.rs
-- Up-to-date: /home/bhadha/pico_ws/install/whycode_interfaces/share/whycode_interfaces/rust/src
-- Up-to-date: /home/bhadha/pico_ws/install/whycode_interfaces/share/whycode_interfaces/rust/src/msg
-- Up-to-date: /home/bhadha/pico_ws/install/whycode_interfaces/share/whycode_interfaces/rust/src/msg/rmw.rs
-- Up-to-date: /home/bhadha/pico_ws/install/whycode_interfaces/share/whycode_interfaces/rust/src/srv
-- Up-to-date: /home/bhadha/pico_ws/install/whycode_interfaces/share/whycode_interfaces/rust/src/srv/rmw.rs
-- Up-to-date: /home/bhadha/pico_ws/install/whycode_interfaces/share/whycode_interfaces/rust/src/lib.rs
-- Up-to-date: /home/bhadha/pico_ws/install/whycode_interfaces/share/whycode_interfaces/rust/src/msg.rs
-- Up-to-date: /home/bhadha/pico_ws/install/whycode_interfaces/share/whycode_interfaces/rust/src/srv.rs
-- Up-to-date: /home/bhadha/pico_ws/install/whycode_interfaces/share/whycode_interfaces/rust/Cargo.toml
-- Up-to-date: /home/bhadha/pico_ws/install/whycode_interfaces/share/whycode_interfaces/msg/Marker.idl
-- Up-to-date: /home/bhadha/pico_ws/install/whycode_interfaces/share/whycode_interfaces/msg/MarkerArray.idl
-- Up-to-date: /home/bhadha/pico_ws/install/whycode_interfaces/share/whycode_interfaces/srv/SelectMarker.idl
-- Up-to-date: /home/bhadha/pico_ws/install/whycode_interfaces/share/whycode_interfaces/srv/SetCalibMethod.idl
-- Up-to-date: /home/bhadha/pico_ws/install/whycode_interfaces/share/whycode_interfaces/srv/SetCalibPath.idl
-- Up-to-date: /home/bhadha/pico_ws/install/whycode_interfaces/share/whycode_interfaces/srv/SetCoords.idl
-- Up-to-date: /home/bhadha/pico_ws/install/whycode_interfaces/share/whycode_interfaces/srv/SetDrawing.idl
-- Up-to-date: /home/bhadha/pico_ws/install/whycode_interfaces/share/whycode_interfaces/srv/GetGuiSettings.idl
-- Up-to-date: /home/bhadha/pico_ws/install/whycode_interfaces/share/whycode_interfaces/msg/Marker.msg
-- Up-to-date: /home/bhadha/pico_ws/install/whycode_interfaces/share/whycode_interfaces/msg/MarkerArray.msg
-- Up-to-date: /home/bhadha/pico_ws/install/whycode_interfaces/share/whycode_interfaces/srv/SelectMarker.srv
-- Up-to-date: /home/bhadha/pico_ws/install/whycode_interfaces/share/whycode_interfaces/srv/SelectMarker_Request.msg
-- Up-to-date: /home/bhadha/pico_ws/install/whycode_interfaces/share/whycode_interfaces/srv/SelectMarker_Response.msg
-- Up-to-date: /home/bhadha/pico_ws/install/whycode_interfaces/share/whycode_interfaces/srv/SetCalibMethod.srv
-- Up-to-date: /home/bhadha/pico_ws/install/whycode_interfaces/share/whycode_interfaces/srv/SetCalibMethod_Request.msg
-- Up-to-date: /home/bhadha/pico_ws/install/whycode_interfaces/share/whycode_interfaces/srv/SetCalibMethod_Response.msg
-- Up-to-date: /home/bhadha/pico_ws/install/whycode_interfaces/share/whycode_interfaces/srv/SetCalibPath.srv
-- Up-to-date: /home/bhadha/pico_ws/install/whycode_interfaces/share/whycode_interfaces/srv/SetCalibPath_Request.msg
-- Up-to-date: /home/bhadha/pico_ws/install/whycode_interfaces/share/whycode_interfaces/srv/SetCalibPath_Response.msg
-- Up-to-date: /home/bhadha/pico_ws/install/whycode_interfaces/share/whycode_interfaces/srv/SetCoords.srv
-- Up-to-date: /home/bhadha/pico_ws/install/whycode_interfaces/share/whycode_interfaces/srv/SetCoords_Request.msg
-- Up-to-date: /home/bhadha/pico_ws/install/whycode_interfaces/share/whycode_interfaces/srv/SetCoords_Response.msg
-- Up-to-date: /home/bhadha/pico_ws/install/whycode_interfaces/share/whycode_interfaces/srv/SetDrawing.srv
-- Up-to-date: /home/bhadha/pico_ws/install/whycode_interfaces/share/whycode_interfaces/srv/SetDrawing_Request.msg
-- Up-to-date: /home/bhadha/pico_ws/install/whycode_interfaces/share/whycode_interfaces/srv/SetDrawing_Response.msg
-- Up-to-date: /home/bhadha/pico_ws/install/whycode_interfaces/share/whycode_interfaces/srv/GetGuiSettings.srv
-- Up-to-date: /home/bhadha/pico_ws/install/whycode_interfaces/share/whycode_interfaces/srv/GetGuiSettings_Request.msg
-- Up-to-date: /home/bhadha/pico_ws/install/whycode_interfaces/share/whycode_interfaces/srv/GetGuiSettings_Response.msg
-- Up-to-date: /home/bhadha/pico_ws/install/whycode_interfaces/share/ament_index/resource_index/package_run_dependencies/whycode_interfaces
-- Up-to-date: /home/bhadha/pico_ws/install/whycode_interfaces/share/ament_index/resource_index/parent_prefix_path/whycode_interfaces
-- Up-to-date: /home/bhadha/pico_ws/install/whycode_interfaces/share/whycode_interfaces/environment/ament_prefix_path.sh
-- Up-to-date: /home/bhadha/pico_ws/install/whycode_interfaces/share/whycode_interfaces/environment/ament_prefix_path.dsv
-- Up-to-date: /home/bhadha/pico_ws/install/whycode_interfaces/share/whycode_interfaces/environment/path.sh
-- Up-to-date: /home/bhadha/pico_ws/install/whycode_interfaces/share/whycode_interfaces/environment/path.dsv
-- Up-to-date: /home/bhadha/pico_ws/install/whycode_interfaces/share/whycode_interfaces/local_setup.bash
-- Up-to-date: /home/bhadha/pico_ws/install/whycode_interfaces/share/whycode_interfaces/local_setup.sh
-- Up-to-date: /home/bhadha/pico_ws/install/whycode_interfaces/share/whycode_interfaces/local_setup.zsh
-- Up-to-date: /home/bhadha/pico_ws/install/whycode_interfaces/share/whycode_interfaces/local_setup.dsv
-- Installing: /home/bhadha/pico_ws/install/whycode_interfaces/share/whycode_interfaces/package.dsv
-- Up-to-date: /home/bhadha/pico_ws/install/whycode_interfaces/share/ament_index/resource_index/packages/whycode_interfaces
-- Up-to-date: /home/bhadha/pico_ws/install/whycode_interfaces/share/whycode_interfaces/cmake/export_whycode_interfaces__rosidl_generator_cExport.cmake
-- Up-to-date: /home/bhadha/pico_ws/install/whycode_interfaces/share/whycode_interfaces/cmake/export_whycode_interfaces__rosidl_generator_cExport-noconfig.cmake
-- Up-to-date: /home/bhadha/pico_ws/install/whycode_interfaces/share/whycode_interfaces/cmake/export_whycode_interfaces__rosidl_typesupport_fastrtps_cExport.cmake
-- Up-to-date: /home/bhadha/pico_ws/install/whycode_interfaces/share/whycode_interfaces/cmake/export_whycode_interfaces__rosidl_typesupport_fastrtps_cExport-noconfig.cmake
-- Up-to-date: /home/bhadha/pico_ws/install/whycode_interfaces/share/whycode_interfaces/cmake/whycode_interfaces__rosidl_typesupport_introspection_cExport.cmake
-- Up-to-date: /home/bhadha/pico_ws/install/whycode_interfaces/share/whycode_interfaces/cmake/whycode_interfaces__rosidl_typesupport_introspection_cExport-noconfig.cmake
-- Up-to-date: /home/bhadha/pico_ws/install/whycode_interfaces/share/whycode_interfaces/cmake/whycode_interfaces__rosidl_typesupport_cExport.cmake
-- Up-to-date: /home/bhadha/pico_ws/install/whycode_interfaces/share/whycode_interfaces/cmake/whycode_interfaces__rosidl_typesupport_cExport-noconfig.cmake
-- Up-to-date: /home/bhadha/pico_ws/install/whycode_interfaces/share/whycode_interfaces/cmake/export_whycode_interfaces__rosidl_generator_cppExport.cmake
-- Up-to-date: /home/bhadha/pico_ws/install/whycode_interfaces/share/whycode_interfaces/cmake/export_whycode_interfaces__rosidl_typesupport_fastrtps_cppExport.cmake
-- Up-to-date: /home/bhadha/pico_ws/install/whycode_interfaces/share/whycode_interfaces/cmake/export_whycode_interfaces__rosidl_typesupport_fastrtps_cppExport-noconfig.cmake
-- Up-to-date: /home/bhadha/pico_ws/install/whycode_interfaces/share/whycode_interfaces/cmake/whycode_interfaces__rosidl_typesupport_introspection_cppExport.cmake
-- Up-to-date: /home/bhadha/pico_ws/install/whycode_interfaces/share/whycode_interfaces/cmake/whycode_interfaces__rosidl_typesupport_introspection_cppExport-noconfig.cmake
-- Up-to-date: /home/bhadha/pico_ws/install/whycode_interfaces/share/whycode_interfaces/cmake/whycode_interfaces__rosidl_typesupport_cppExport.cmake
-- Up-to-date: /home/bhadha/pico_ws/install/whycode_interfaces/share/whycode_interfaces/cmake/whycode_interfaces__rosidl_typesupport_cppExport-noconfig.cmake
-- Up-to-date: /home/bhadha/pico_ws/install/whycode_interfaces/share/whycode_interfaces/cmake/export_whycode_interfaces__rosidl_generator_pyExport.cmake
-- Up-to-date: /home/bhadha/pico_ws/install/whycode_interfaces/share/whycode_interfaces/cmake/export_whycode_interfaces__rosidl_generator_pyExport-noconfig.cmake
-- Up-to-date: /home/bhadha/pico_ws/install/whycode_interfaces/share/whycode_interfaces/cmake/rosidl_cmake-extras.cmake
-- Up-to-date: /home/bhadha/pico_ws/install/whycode_interfaces/share/whycode_interfaces/cmake/ament_cmake_export_dependencies-extras.cmake
-- Up-to-date: /home/bhadha/pico_ws/install/whycode_interfaces/share/whycode_interfaces/cmake/ament_cmake_export_include_directories-extras.cmake
-- Up-to-date: /home/bhadha/pico_ws/install/whycode_interfaces/share/whycode_interfaces/cmake/ament_cmake_export_libraries-extras.cmake
-- Up-to-date: /home/bhadha/pico_ws/install/whycode_interfaces/share/whycode_interfaces/cmake/ament_cmake_export_targets-extras.cmake
-- Up-to-date: /home/bhadha/pico_ws/install/whycode_interfaces/share/whycode_interfaces/cmake/rosidl_cmake_export_typesupport_targets-extras.cmake
-- Up-to-date: /home/bhadha/pico_ws/install/whycode_interfaces/share/whycode_interfaces/cmake/rosidl_cmake_export_typesupport_libraries-extras.cmake
-- Up-to-date: /home/bhadha/pico_ws/install/whycode_interfaces/share/whycode_interfaces/cmake/rosidl_cmake_aggregate_target-extras.cmake
-- Up-to-date: /home/bhadha/pico_ws/install/whycode_interfaces/share/whycode_interfaces/cmake/whycode_interfacesConfig.cmake
-- Up-to-date: /home/bhadha/pico_ws/install/whycode_interfaces/share/whycode_interfaces/cmake/whycode_interfacesConfig-version.cmake
-- Up-to-date: /home/bhadha/pico_ws/install/whycode_interfaces/share/whycode_interfaces/package.xml
