[0.027s] Invoking command in '/home/bhadha/pico_ws/build/whycode_interfaces': CMAKE_PREFIX_PATH=/opt/ros/humble /usr/bin/cmake --build /home/bhadha/pico_ws/build/whycode_interfaces -- -j12 -l12
[0.146s] [35m[1mConsolidate compiler generated dependencies of target whycode_interfaces__rosidl_generator_c[0m
[0.167s] [  1%] Built target whycode_interfaces__rs
[0.200s] [  2%] Built target whycode_interfaces__cpp
[0.217s] [ 13%] Built target whycode_interfaces__rosidl_generator_c
[0.313s] [35m[1mConsolidate compiler generated dependencies of target whycode_interfaces__rosidl_typesupport_c[0m
[0.313s] [35m[1mConsolidate compiler generated dependencies of target whycode_interfaces__rosidl_typesupport_fastrtps_c[0m
[0.313s] [35m[1mConsolidate compiler generated dependencies of target whycode_interfaces__rosidl_typesupport_fastrtps_cpp[0m
[0.346s] [ 13%] Built target ament_cmake_python_copy_whycode_interfaces
[0.372s] [35m[1mConsolidate compiler generated dependencies of target whycode_interfaces__rosidl_typesupport_introspection_cpp[0m
[0.374s] [35m[1mConsolidate compiler generated dependencies of target whycode_interfaces__rosidl_typesupport_introspection_c[0m
[0.374s] [35m[1mConsolidate compiler generated dependencies of target whycode_interfaces__rosidl_typesupport_cpp[0m
[0.381s] [ 25%] Built target whycode_interfaces__rosidl_typesupport_c
[0.409s] [ 36%] Built target whycode_interfaces__rosidl_typesupport_cpp
[0.413s] [ 47%] Built target whycode_interfaces__rosidl_typesupport_fastrtps_cpp
[0.413s] [ 59%] Built target whycode_interfaces__rosidl_typesupport_fastrtps_c
[0.416s] [ 70%] Built target whycode_interfaces__rosidl_typesupport_introspection_c
[0.431s] [ 81%] Built target whycode_interfaces__rosidl_typesupport_introspection_cpp
[0.494s] [ 81%] Built target whycode_interfaces
[0.596s] [ 82%] Built target whycode_interfaces__py
[0.597s] [35m[1mConsolidate compiler generated dependencies of target whycode_interfaces__rosidl_generator_py[0m
[0.620s] [ 93%] Built target whycode_interfaces__rosidl_generator_py
[0.651s] [35m[1mConsolidate compiler generated dependencies of target whycode_interfaces__rosidl_typesupport_introspection_c__pyext[0m
[0.653s] [35m[1mConsolidate compiler generated dependencies of target whycode_interfaces__rosidl_typesupport_c__pyext[0m
[0.666s] [35m[1mConsolidate compiler generated dependencies of target whycode_interfaces__rosidl_typesupport_fastrtps_c__pyext[0m
[0.682s] [ 95%] Built target whycode_interfaces__rosidl_typesupport_introspection_c__pyext
[0.684s] [ 97%] Built target whycode_interfaces__rosidl_typesupport_c__pyext
[0.693s] [100%] Built target whycode_interfaces__rosidl_typesupport_fastrtps_c__pyext
[0.874s] running egg_info
[0.875s] writing whycode_interfaces.egg-info/PKG-INFO
[0.876s] writing dependency_links to whycode_interfaces.egg-info/dependency_links.txt
[0.876s] writing top-level names to whycode_interfaces.egg-info/top_level.txt
[0.880s] reading manifest file 'whycode_interfaces.egg-info/SOURCES.txt'
[0.881s] writing manifest file 'whycode_interfaces.egg-info/SOURCES.txt'
[0.924s] [100%] Built target ament_cmake_python_build_whycode_interfaces_egg
[0.954s] Invoked command in '/home/bhadha/pico_ws/build/whycode_interfaces' returned '0': CMAKE_PREFIX_PATH=/opt/ros/humble /usr/bin/cmake --build /home/bhadha/pico_ws/build/whycode_interfaces -- -j12 -l12
[0.955s] Invoking command in '/home/bhadha/pico_ws/build/whycode_interfaces': CMAKE_PREFIX_PATH=/opt/ros/humble /usr/bin/cmake --install /home/bhadha/pico_ws/build/whycode_interfaces
[0.958s] -- Install configuration: ""
[0.958s] -- Up-to-date: /home/bhadha/pico_ws/install/whycode_interfaces/share/ament_index/resource_index/rosidl_interfaces/whycode_interfaces
[0.958s] -- Up-to-date: /home/bhadha/pico_ws/install/whycode_interfaces/include/whycode_interfaces/whycode_interfaces
[0.958s] -- Up-to-date: /home/bhadha/pico_ws/install/whycode_interfaces/include/whycode_interfaces/whycode_interfaces/msg
[0.959s] -- Up-to-date: /home/bhadha/pico_ws/install/whycode_interfaces/include/whycode_interfaces/whycode_interfaces/msg/detail
[0.959s] -- Up-to-date: /home/bhadha/pico_ws/install/whycode_interfaces/include/whycode_interfaces/whycode_interfaces/msg/detail/marker_array__struct.h
[0.959s] -- Up-to-date: /home/bhadha/pico_ws/install/whycode_interfaces/include/whycode_interfaces/whycode_interfaces/msg/detail/marker__type_support.h
[0.959s] -- Up-to-date: /home/bhadha/pico_ws/install/whycode_interfaces/include/whycode_interfaces/whycode_interfaces/msg/detail/marker__functions.h
[0.959s] -- Up-to-date: /home/bhadha/pico_ws/install/whycode_interfaces/include/whycode_interfaces/whycode_interfaces/msg/detail/marker__struct.h
[0.959s] -- Up-to-date: /home/bhadha/pico_ws/install/whycode_interfaces/include/whycode_interfaces/whycode_interfaces/msg/detail/marker__functions.c
[0.959s] -- Up-to-date: /home/bhadha/pico_ws/install/whycode_interfaces/include/whycode_interfaces/whycode_interfaces/msg/detail/marker_array__type_support.h
[0.960s] -- Up-to-date: /home/bhadha/pico_ws/install/whycode_interfaces/include/whycode_interfaces/whycode_interfaces/msg/detail/marker_array__functions.c
[0.960s] -- Up-to-date: /home/bhadha/pico_ws/install/whycode_interfaces/include/whycode_interfaces/whycode_interfaces/msg/detail/marker_array__functions.h
[0.960s] -- Up-to-date: /home/bhadha/pico_ws/install/whycode_interfaces/include/whycode_interfaces/whycode_interfaces/msg/rosidl_generator_c__visibility_control.h
[0.960s] -- Up-to-date: /home/bhadha/pico_ws/install/whycode_interfaces/include/whycode_interfaces/whycode_interfaces/msg/marker.h
[0.960s] -- Up-to-date: /home/bhadha/pico_ws/install/whycode_interfaces/include/whycode_interfaces/whycode_interfaces/msg/marker_array.h
[0.960s] -- Up-to-date: /home/bhadha/pico_ws/install/whycode_interfaces/include/whycode_interfaces/whycode_interfaces/srv
[0.961s] -- Up-to-date: /home/bhadha/pico_ws/install/whycode_interfaces/include/whycode_interfaces/whycode_interfaces/srv/detail
[0.961s] -- Up-to-date: /home/bhadha/pico_ws/install/whycode_interfaces/include/whycode_interfaces/whycode_interfaces/srv/detail/select_marker__struct.h
[0.961s] -- Up-to-date: /home/bhadha/pico_ws/install/whycode_interfaces/include/whycode_interfaces/whycode_interfaces/srv/detail/get_gui_settings__type_support.h
[0.961s] -- Up-to-date: /home/bhadha/pico_ws/install/whycode_interfaces/include/whycode_interfaces/whycode_interfaces/srv/detail/get_gui_settings__functions.c
[0.961s] -- Up-to-date: /home/bhadha/pico_ws/install/whycode_interfaces/include/whycode_interfaces/whycode_interfaces/srv/detail/set_calib_method__functions.h
[0.961s] -- Up-to-date: /home/bhadha/pico_ws/install/whycode_interfaces/include/whycode_interfaces/whycode_interfaces/srv/detail/select_marker__type_support.h
[0.961s] -- Up-to-date: /home/bhadha/pico_ws/install/whycode_interfaces/include/whycode_interfaces/whycode_interfaces/srv/detail/set_calib_path__struct.h
[0.961s] -- Up-to-date: /home/bhadha/pico_ws/install/whycode_interfaces/include/whycode_interfaces/whycode_interfaces/srv/detail/set_calib_path__type_support.h
[0.961s] -- Up-to-date: /home/bhadha/pico_ws/install/whycode_interfaces/include/whycode_interfaces/whycode_interfaces/srv/detail/set_calib_method__type_support.h
[0.961s] -- Up-to-date: /home/bhadha/pico_ws/install/whycode_interfaces/include/whycode_interfaces/whycode_interfaces/srv/detail/set_calib_method__struct.h
[0.961s] -- Up-to-date: /home/bhadha/pico_ws/install/whycode_interfaces/include/whycode_interfaces/whycode_interfaces/srv/detail/get_gui_settings__struct.h
[0.961s] -- Up-to-date: /home/bhadha/pico_ws/install/whycode_interfaces/include/whycode_interfaces/whycode_interfaces/srv/detail/set_calib_method__functions.c
[0.962s] -- Up-to-date: /home/bhadha/pico_ws/install/whycode_interfaces/include/whycode_interfaces/whycode_interfaces/srv/detail/set_drawing__functions.c
[0.962s] -- Up-to-date: /home/bhadha/pico_ws/install/whycode_interfaces/include/whycode_interfaces/whycode_interfaces/srv/detail/set_coords__type_support.h
[0.962s] -- Up-to-date: /home/bhadha/pico_ws/install/whycode_interfaces/include/whycode_interfaces/whycode_interfaces/srv/detail/get_gui_settings__functions.h
[0.963s] -- Up-to-date: /home/bhadha/pico_ws/install/whycode_interfaces/include/whycode_interfaces/whycode_interfaces/srv/detail/set_drawing__functions.h
[0.963s] -- Up-to-date: /home/bhadha/pico_ws/install/whycode_interfaces/include/whycode_interfaces/whycode_interfaces/srv/detail/set_calib_path__functions.c
[0.964s] -- Up-to-date: /home/bhadha/pico_ws/install/whycode_interfaces/include/whycode_interfaces/whycode_interfaces/srv/detail/set_drawing__type_support.h
[0.964s] -- Up-to-date: /home/bhadha/pico_ws/install/whycode_interfaces/include/whycode_interfaces/whycode_interfaces/srv/detail/set_drawing__struct.h
[0.964s] -- Up-to-date: /home/bhadha/pico_ws/install/whycode_interfaces/include/whycode_interfaces/whycode_interfaces/srv/detail/set_coords__struct.h
[0.965s] -- Up-to-date: /home/bhadha/pico_ws/install/whycode_interfaces/include/whycode_interfaces/whycode_interfaces/srv/detail/set_coords__functions.c
[0.965s] -- Up-to-date: /home/bhadha/pico_ws/install/whycode_interfaces/include/whycode_interfaces/whycode_interfaces/srv/detail/set_calib_path__functions.h
[0.965s] -- Up-to-date: /home/bhadha/pico_ws/install/whycode_interfaces/include/whycode_interfaces/whycode_interfaces/srv/detail/select_marker__functions.c
[0.965s] -- Up-to-date: /home/bhadha/pico_ws/install/whycode_interfaces/include/whycode_interfaces/whycode_interfaces/srv/detail/set_coords__functions.h
[0.966s] -- Up-to-date: /home/bhadha/pico_ws/install/whycode_interfaces/include/whycode_interfaces/whycode_interfaces/srv/detail/select_marker__functions.h
[0.966s] -- Up-to-date: /home/bhadha/pico_ws/install/whycode_interfaces/include/whycode_interfaces/whycode_interfaces/srv/select_marker.h
[0.966s] -- Up-to-date: /home/bhadha/pico_ws/install/whycode_interfaces/include/whycode_interfaces/whycode_interfaces/srv/get_gui_settings.h
[0.966s] -- Up-to-date: /home/bhadha/pico_ws/install/whycode_interfaces/include/whycode_interfaces/whycode_interfaces/srv/set_calib_method.h
[0.966s] -- Up-to-date: /home/bhadha/pico_ws/install/whycode_interfaces/include/whycode_interfaces/whycode_interfaces/srv/set_drawing.h
[0.966s] -- Up-to-date: /home/bhadha/pico_ws/install/whycode_interfaces/include/whycode_interfaces/whycode_interfaces/srv/set_calib_path.h
[0.966s] -- Up-to-date: /home/bhadha/pico_ws/install/whycode_interfaces/include/whycode_interfaces/whycode_interfaces/srv/set_coords.h
[0.966s] -- Up-to-date: /home/bhadha/pico_ws/install/whycode_interfaces/share/whycode_interfaces/environment/library_path.sh
[0.966s] -- Up-to-date: /home/bhadha/pico_ws/install/whycode_interfaces/share/whycode_interfaces/environment/library_path.dsv
[0.966s] -- Up-to-date: /home/bhadha/pico_ws/install/whycode_interfaces/lib/libwhycode_interfaces__rosidl_generator_c.so
[0.966s] -- Up-to-date: /home/bhadha/pico_ws/install/whycode_interfaces/include/whycode_interfaces/whycode_interfaces
[0.966s] -- Up-to-date: /home/bhadha/pico_ws/install/whycode_interfaces/include/whycode_interfaces/whycode_interfaces/msg
[0.966s] -- Up-to-date: /home/bhadha/pico_ws/install/whycode_interfaces/include/whycode_interfaces/whycode_interfaces/msg/detail
[0.966s] -- Up-to-date: /home/bhadha/pico_ws/install/whycode_interfaces/include/whycode_interfaces/whycode_interfaces/msg/detail/marker_array__rosidl_typesupport_fastrtps_c.h
[0.967s] -- Up-to-date: /home/bhadha/pico_ws/install/whycode_interfaces/include/whycode_interfaces/whycode_interfaces/msg/detail/marker__rosidl_typesupport_fastrtps_c.h
[0.967s] -- Up-to-date: /home/bhadha/pico_ws/install/whycode_interfaces/include/whycode_interfaces/whycode_interfaces/msg/rosidl_typesupport_fastrtps_c__visibility_control.h
[0.967s] -- Up-to-date: /home/bhadha/pico_ws/install/whycode_interfaces/include/whycode_interfaces/whycode_interfaces/srv
[0.967s] -- Up-to-date: /home/bhadha/pico_ws/install/whycode_interfaces/include/whycode_interfaces/whycode_interfaces/srv/detail
[0.967s] -- Up-to-date: /home/bhadha/pico_ws/install/whycode_interfaces/include/whycode_interfaces/whycode_interfaces/srv/detail/set_drawing__rosidl_typesupport_fastrtps_c.h
[0.967s] -- Up-to-date: /home/bhadha/pico_ws/install/whycode_interfaces/include/whycode_interfaces/whycode_interfaces/srv/detail/set_calib_path__rosidl_typesupport_fastrtps_c.h
[0.967s] -- Up-to-date: /home/bhadha/pico_ws/install/whycode_interfaces/include/whycode_interfaces/whycode_interfaces/srv/detail/get_gui_settings__rosidl_typesupport_fastrtps_c.h
[0.968s] -- Up-to-date: /home/bhadha/pico_ws/install/whycode_interfaces/include/whycode_interfaces/whycode_interfaces/srv/detail/set_calib_method__rosidl_typesupport_fastrtps_c.h
[0.968s] -- Up-to-date: /home/bhadha/pico_ws/install/whycode_interfaces/include/whycode_interfaces/whycode_interfaces/srv/detail/select_marker__rosidl_typesupport_fastrtps_c.h
[0.968s] -- Up-to-date: /home/bhadha/pico_ws/install/whycode_interfaces/include/whycode_interfaces/whycode_interfaces/srv/detail/set_coords__rosidl_typesupport_fastrtps_c.h
[0.968s] -- Up-to-date: /home/bhadha/pico_ws/install/whycode_interfaces/lib/libwhycode_interfaces__rosidl_typesupport_fastrtps_c.so
[0.968s] -- Up-to-date: /home/bhadha/pico_ws/install/whycode_interfaces/include/whycode_interfaces/whycode_interfaces
[0.968s] -- Up-to-date: /home/bhadha/pico_ws/install/whycode_interfaces/include/whycode_interfaces/whycode_interfaces/msg
[0.968s] -- Up-to-date: /home/bhadha/pico_ws/install/whycode_interfaces/include/whycode_interfaces/whycode_interfaces/msg/detail
[0.969s] -- Up-to-date: /home/bhadha/pico_ws/install/whycode_interfaces/include/whycode_interfaces/whycode_interfaces/msg/detail/marker_array__type_support.c
[0.969s] -- Up-to-date: /home/bhadha/pico_ws/install/whycode_interfaces/include/whycode_interfaces/whycode_interfaces/msg/detail/marker__rosidl_typesupport_introspection_c.h
[0.969s] -- Up-to-date: /home/bhadha/pico_ws/install/whycode_interfaces/include/whycode_interfaces/whycode_interfaces/msg/detail/marker__type_support.c
[0.969s] -- Up-to-date: /home/bhadha/pico_ws/install/whycode_interfaces/include/whycode_interfaces/whycode_interfaces/msg/detail/marker_array__rosidl_typesupport_introspection_c.h
[0.969s] -- Up-to-date: /home/bhadha/pico_ws/install/whycode_interfaces/include/whycode_interfaces/whycode_interfaces/msg/rosidl_typesupport_introspection_c__visibility_control.h
[0.969s] -- Up-to-date: /home/bhadha/pico_ws/install/whycode_interfaces/include/whycode_interfaces/whycode_interfaces/srv
[0.969s] -- Up-to-date: /home/bhadha/pico_ws/install/whycode_interfaces/include/whycode_interfaces/whycode_interfaces/srv/detail
[0.969s] -- Up-to-date: /home/bhadha/pico_ws/install/whycode_interfaces/include/whycode_interfaces/whycode_interfaces/srv/detail/get_gui_settings__type_support.c
[0.969s] -- Up-to-date: /home/bhadha/pico_ws/install/whycode_interfaces/include/whycode_interfaces/whycode_interfaces/srv/detail/set_drawing__rosidl_typesupport_introspection_c.h
[0.969s] -- Up-to-date: /home/bhadha/pico_ws/install/whycode_interfaces/include/whycode_interfaces/whycode_interfaces/srv/detail/set_calib_method__type_support.c
[0.969s] -- Up-to-date: /home/bhadha/pico_ws/install/whycode_interfaces/include/whycode_interfaces/whycode_interfaces/srv/detail/select_marker__rosidl_typesupport_introspection_c.h
[0.970s] -- Up-to-date: /home/bhadha/pico_ws/install/whycode_interfaces/include/whycode_interfaces/whycode_interfaces/srv/detail/get_gui_settings__rosidl_typesupport_introspection_c.h
[0.970s] -- Up-to-date: /home/bhadha/pico_ws/install/whycode_interfaces/include/whycode_interfaces/whycode_interfaces/srv/detail/set_coords__type_support.c
[0.970s] -- Up-to-date: /home/bhadha/pico_ws/install/whycode_interfaces/include/whycode_interfaces/whycode_interfaces/srv/detail/select_marker__type_support.c
[0.970s] -- Up-to-date: /home/bhadha/pico_ws/install/whycode_interfaces/include/whycode_interfaces/whycode_interfaces/srv/detail/set_calib_path__type_support.c
[0.970s] -- Up-to-date: /home/bhadha/pico_ws/install/whycode_interfaces/include/whycode_interfaces/whycode_interfaces/srv/detail/set_coords__rosidl_typesupport_introspection_c.h
[0.970s] -- Up-to-date: /home/bhadha/pico_ws/install/whycode_interfaces/include/whycode_interfaces/whycode_interfaces/srv/detail/set_drawing__type_support.c
[0.970s] -- Up-to-date: /home/bhadha/pico_ws/install/whycode_interfaces/include/whycode_interfaces/whycode_interfaces/srv/detail/set_calib_path__rosidl_typesupport_introspection_c.h
[0.970s] -- Up-to-date: /home/bhadha/pico_ws/install/whycode_interfaces/include/whycode_interfaces/whycode_interfaces/srv/detail/set_calib_method__rosidl_typesupport_introspection_c.h
[0.970s] -- Up-to-date: /home/bhadha/pico_ws/install/whycode_interfaces/lib/libwhycode_interfaces__rosidl_typesupport_introspection_c.so
[0.971s] -- Up-to-date: /home/bhadha/pico_ws/install/whycode_interfaces/lib/libwhycode_interfaces__rosidl_typesupport_c.so
[0.971s] -- Up-to-date: /home/bhadha/pico_ws/install/whycode_interfaces/include/whycode_interfaces/whycode_interfaces
[0.971s] -- Up-to-date: /home/bhadha/pico_ws/install/whycode_interfaces/include/whycode_interfaces/whycode_interfaces/msg
[0.971s] -- Up-to-date: /home/bhadha/pico_ws/install/whycode_interfaces/include/whycode_interfaces/whycode_interfaces/msg/detail
[0.971s] -- Up-to-date: /home/bhadha/pico_ws/install/whycode_interfaces/include/whycode_interfaces/whycode_interfaces/msg/detail/marker__struct.hpp
[0.971s] -- Up-to-date: /home/bhadha/pico_ws/install/whycode_interfaces/include/whycode_interfaces/whycode_interfaces/msg/detail/marker_array__type_support.hpp
[0.971s] -- Up-to-date: /home/bhadha/pico_ws/install/whycode_interfaces/include/whycode_interfaces/whycode_interfaces/msg/detail/marker_array__traits.hpp
[0.971s] -- Up-to-date: /home/bhadha/pico_ws/install/whycode_interfaces/include/whycode_interfaces/whycode_interfaces/msg/detail/marker_array__struct.hpp
[0.971s] -- Up-to-date: /home/bhadha/pico_ws/install/whycode_interfaces/include/whycode_interfaces/whycode_interfaces/msg/detail/marker__type_support.hpp
[0.971s] -- Up-to-date: /home/bhadha/pico_ws/install/whycode_interfaces/include/whycode_interfaces/whycode_interfaces/msg/detail/marker__traits.hpp
[0.971s] -- Up-to-date: /home/bhadha/pico_ws/install/whycode_interfaces/include/whycode_interfaces/whycode_interfaces/msg/detail/marker_array__builder.hpp
[0.971s] -- Up-to-date: /home/bhadha/pico_ws/install/whycode_interfaces/include/whycode_interfaces/whycode_interfaces/msg/detail/marker__builder.hpp
[0.971s] -- Up-to-date: /home/bhadha/pico_ws/install/whycode_interfaces/include/whycode_interfaces/whycode_interfaces/msg/rosidl_generator_cpp__visibility_control.hpp
[0.972s] -- Up-to-date: /home/bhadha/pico_ws/install/whycode_interfaces/include/whycode_interfaces/whycode_interfaces/msg/marker_array.hpp
[0.972s] -- Up-to-date: /home/bhadha/pico_ws/install/whycode_interfaces/include/whycode_interfaces/whycode_interfaces/msg/marker.hpp
[0.972s] -- Up-to-date: /home/bhadha/pico_ws/install/whycode_interfaces/include/whycode_interfaces/whycode_interfaces/srv
[0.972s] -- Up-to-date: /home/bhadha/pico_ws/install/whycode_interfaces/include/whycode_interfaces/whycode_interfaces/srv/detail
[0.972s] -- Up-to-date: /home/bhadha/pico_ws/install/whycode_interfaces/include/whycode_interfaces/whycode_interfaces/srv/detail/set_calib_path__traits.hpp
[0.972s] -- Up-to-date: /home/bhadha/pico_ws/install/whycode_interfaces/include/whycode_interfaces/whycode_interfaces/srv/detail/set_calib_path__type_support.hpp
[0.972s] -- Up-to-date: /home/bhadha/pico_ws/install/whycode_interfaces/include/whycode_interfaces/whycode_interfaces/srv/detail/set_calib_path__builder.hpp
[0.972s] -- Up-to-date: /home/bhadha/pico_ws/install/whycode_interfaces/include/whycode_interfaces/whycode_interfaces/srv/detail/set_calib_method__builder.hpp
[0.972s] -- Up-to-date: /home/bhadha/pico_ws/install/whycode_interfaces/include/whycode_interfaces/whycode_interfaces/srv/detail/set_drawing__type_support.hpp
[0.972s] -- Up-to-date: /home/bhadha/pico_ws/install/whycode_interfaces/include/whycode_interfaces/whycode_interfaces/srv/detail/set_drawing__traits.hpp
[0.972s] -- Up-to-date: /home/bhadha/pico_ws/install/whycode_interfaces/include/whycode_interfaces/whycode_interfaces/srv/detail/set_drawing__builder.hpp
[0.972s] -- Up-to-date: /home/bhadha/pico_ws/install/whycode_interfaces/include/whycode_interfaces/whycode_interfaces/srv/detail/set_calib_method__struct.hpp
[0.972s] -- Up-to-date: /home/bhadha/pico_ws/install/whycode_interfaces/include/whycode_interfaces/whycode_interfaces/srv/detail/set_calib_path__struct.hpp
[0.972s] -- Up-to-date: /home/bhadha/pico_ws/install/whycode_interfaces/include/whycode_interfaces/whycode_interfaces/srv/detail/get_gui_settings__traits.hpp
[0.972s] -- Up-to-date: /home/bhadha/pico_ws/install/whycode_interfaces/include/whycode_interfaces/whycode_interfaces/srv/detail/get_gui_settings__builder.hpp
[0.972s] -- Up-to-date: /home/bhadha/pico_ws/install/whycode_interfaces/include/whycode_interfaces/whycode_interfaces/srv/detail/set_calib_method__type_support.hpp
[0.973s] -- Up-to-date: /home/bhadha/pico_ws/install/whycode_interfaces/include/whycode_interfaces/whycode_interfaces/srv/detail/select_marker__struct.hpp
[0.973s] -- Up-to-date: /home/bhadha/pico_ws/install/whycode_interfaces/include/whycode_interfaces/whycode_interfaces/srv/detail/set_calib_method__traits.hpp
[0.973s] -- Up-to-date: /home/bhadha/pico_ws/install/whycode_interfaces/include/whycode_interfaces/whycode_interfaces/srv/detail/set_coords__type_support.hpp
[0.973s] -- Up-to-date: /home/bhadha/pico_ws/install/whycode_interfaces/include/whycode_interfaces/whycode_interfaces/srv/detail/set_coords__traits.hpp
[0.973s] -- Up-to-date: /home/bhadha/pico_ws/install/whycode_interfaces/include/whycode_interfaces/whycode_interfaces/srv/detail/get_gui_settings__struct.hpp
[0.973s] -- Up-to-date: /home/bhadha/pico_ws/install/whycode_interfaces/include/whycode_interfaces/whycode_interfaces/srv/detail/set_coords__builder.hpp
[0.973s] -- Up-to-date: /home/bhadha/pico_ws/install/whycode_interfaces/include/whycode_interfaces/whycode_interfaces/srv/detail/select_marker__builder.hpp
[0.973s] -- Up-to-date: /home/bhadha/pico_ws/install/whycode_interfaces/include/whycode_interfaces/whycode_interfaces/srv/detail/select_marker__traits.hpp
[0.974s] -- Up-to-date: /home/bhadha/pico_ws/install/whycode_interfaces/include/whycode_interfaces/whycode_interfaces/srv/detail/set_coords__struct.hpp
[0.974s] -- Up-to-date: /home/bhadha/pico_ws/install/whycode_interfaces/include/whycode_interfaces/whycode_interfaces/srv/detail/get_gui_settings__type_support.hpp
[0.974s] -- Up-to-date: /home/bhadha/pico_ws/install/whycode_interfaces/include/whycode_interfaces/whycode_interfaces/srv/detail/set_drawing__struct.hpp
[0.974s] -- Up-to-date: /home/bhadha/pico_ws/install/whycode_interfaces/include/whycode_interfaces/whycode_interfaces/srv/detail/select_marker__type_support.hpp
[0.974s] -- Up-to-date: /home/bhadha/pico_ws/install/whycode_interfaces/include/whycode_interfaces/whycode_interfaces/srv/set_coords.hpp
[0.974s] -- Up-to-date: /home/bhadha/pico_ws/install/whycode_interfaces/include/whycode_interfaces/whycode_interfaces/srv/set_calib_path.hpp
[0.974s] -- Up-to-date: /home/bhadha/pico_ws/install/whycode_interfaces/include/whycode_interfaces/whycode_interfaces/srv/select_marker.hpp
[0.974s] -- Up-to-date: /home/bhadha/pico_ws/install/whycode_interfaces/include/whycode_interfaces/whycode_interfaces/srv/get_gui_settings.hpp
[0.974s] -- Up-to-date: /home/bhadha/pico_ws/install/whycode_interfaces/include/whycode_interfaces/whycode_interfaces/srv/set_drawing.hpp
[0.974s] -- Up-to-date: /home/bhadha/pico_ws/install/whycode_interfaces/include/whycode_interfaces/whycode_interfaces/srv/set_calib_method.hpp
[0.975s] -- Up-to-date: /home/bhadha/pico_ws/install/whycode_interfaces/include/whycode_interfaces/whycode_interfaces
[0.975s] -- Up-to-date: /home/bhadha/pico_ws/install/whycode_interfaces/include/whycode_interfaces/whycode_interfaces/msg
[0.975s] -- Up-to-date: /home/bhadha/pico_ws/install/whycode_interfaces/include/whycode_interfaces/whycode_interfaces/msg/rosidl_typesupport_fastrtps_cpp__visibility_control.h
[0.975s] -- Up-to-date: /home/bhadha/pico_ws/install/whycode_interfaces/include/whycode_interfaces/whycode_interfaces/msg/detail
[0.975s] -- Up-to-date: /home/bhadha/pico_ws/install/whycode_interfaces/include/whycode_interfaces/whycode_interfaces/msg/detail/dds_fastrtps
[0.975s] -- Up-to-date: /home/bhadha/pico_ws/install/whycode_interfaces/include/whycode_interfaces/whycode_interfaces/msg/detail/marker_array__rosidl_typesupport_fastrtps_cpp.hpp
[0.975s] -- Up-to-date: /home/bhadha/pico_ws/install/whycode_interfaces/include/whycode_interfaces/whycode_interfaces/msg/detail/marker__rosidl_typesupport_fastrtps_cpp.hpp
[0.975s] -- Up-to-date: /home/bhadha/pico_ws/install/whycode_interfaces/include/whycode_interfaces/whycode_interfaces/srv
[0.976s] -- Up-to-date: /home/bhadha/pico_ws/install/whycode_interfaces/include/whycode_interfaces/whycode_interfaces/srv/detail
[0.976s] -- Up-to-date: /home/bhadha/pico_ws/install/whycode_interfaces/include/whycode_interfaces/whycode_interfaces/srv/detail/set_calib_method__rosidl_typesupport_fastrtps_cpp.hpp
[0.976s] -- Up-to-date: /home/bhadha/pico_ws/install/whycode_interfaces/include/whycode_interfaces/whycode_interfaces/srv/detail/select_marker__rosidl_typesupport_fastrtps_cpp.hpp
[0.976s] -- Up-to-date: /home/bhadha/pico_ws/install/whycode_interfaces/include/whycode_interfaces/whycode_interfaces/srv/detail/set_drawing__rosidl_typesupport_fastrtps_cpp.hpp
[0.976s] -- Up-to-date: /home/bhadha/pico_ws/install/whycode_interfaces/include/whycode_interfaces/whycode_interfaces/srv/detail/dds_fastrtps
[0.976s] -- Up-to-date: /home/bhadha/pico_ws/install/whycode_interfaces/include/whycode_interfaces/whycode_interfaces/srv/detail/set_coords__rosidl_typesupport_fastrtps_cpp.hpp
[0.976s] -- Up-to-date: /home/bhadha/pico_ws/install/whycode_interfaces/include/whycode_interfaces/whycode_interfaces/srv/detail/get_gui_settings__rosidl_typesupport_fastrtps_cpp.hpp
[0.976s] -- Up-to-date: /home/bhadha/pico_ws/install/whycode_interfaces/include/whycode_interfaces/whycode_interfaces/srv/detail/set_calib_path__rosidl_typesupport_fastrtps_cpp.hpp
[0.976s] -- Up-to-date: /home/bhadha/pico_ws/install/whycode_interfaces/lib/libwhycode_interfaces__rosidl_typesupport_fastrtps_cpp.so
[0.976s] -- Up-to-date: /home/bhadha/pico_ws/install/whycode_interfaces/include/whycode_interfaces/whycode_interfaces
[0.976s] -- Up-to-date: /home/bhadha/pico_ws/install/whycode_interfaces/include/whycode_interfaces/whycode_interfaces/msg
[0.977s] -- Up-to-date: /home/bhadha/pico_ws/install/whycode_interfaces/include/whycode_interfaces/whycode_interfaces/msg/detail
[0.977s] -- Up-to-date: /home/bhadha/pico_ws/install/whycode_interfaces/include/whycode_interfaces/whycode_interfaces/msg/detail/marker_array__type_support.cpp
[0.977s] -- Up-to-date: /home/bhadha/pico_ws/install/whycode_interfaces/include/whycode_interfaces/whycode_interfaces/msg/detail/marker__rosidl_typesupport_introspection_cpp.hpp
[0.977s] -- Up-to-date: /home/bhadha/pico_ws/install/whycode_interfaces/include/whycode_interfaces/whycode_interfaces/msg/detail/marker__type_support.cpp
[0.977s] -- Up-to-date: /home/bhadha/pico_ws/install/whycode_interfaces/include/whycode_interfaces/whycode_interfaces/msg/detail/marker_array__rosidl_typesupport_introspection_cpp.hpp
[0.977s] -- Up-to-date: /home/bhadha/pico_ws/install/whycode_interfaces/include/whycode_interfaces/whycode_interfaces/srv
[0.977s] -- Up-to-date: /home/bhadha/pico_ws/install/whycode_interfaces/include/whycode_interfaces/whycode_interfaces/srv/detail
[0.977s] -- Up-to-date: /home/bhadha/pico_ws/install/whycode_interfaces/include/whycode_interfaces/whycode_interfaces/srv/detail/set_calib_path__rosidl_typesupport_introspection_cpp.hpp
[0.977s] -- Up-to-date: /home/bhadha/pico_ws/install/whycode_interfaces/include/whycode_interfaces/whycode_interfaces/srv/detail/set_coords__rosidl_typesupport_introspection_cpp.hpp
[0.978s] -- Up-to-date: /home/bhadha/pico_ws/install/whycode_interfaces/include/whycode_interfaces/whycode_interfaces/srv/detail/get_gui_settings__type_support.cpp
[0.978s] -- Up-to-date: /home/bhadha/pico_ws/install/whycode_interfaces/include/whycode_interfaces/whycode_interfaces/srv/detail/set_calib_path__type_support.cpp
[0.978s] -- Up-to-date: /home/bhadha/pico_ws/install/whycode_interfaces/include/whycode_interfaces/whycode_interfaces/srv/detail/get_gui_settings__rosidl_typesupport_introspection_cpp.hpp
[0.978s] -- Up-to-date: /home/bhadha/pico_ws/install/whycode_interfaces/include/whycode_interfaces/whycode_interfaces/srv/detail/select_marker__type_support.cpp
[0.978s] -- Up-to-date: /home/bhadha/pico_ws/install/whycode_interfaces/include/whycode_interfaces/whycode_interfaces/srv/detail/set_calib_method__rosidl_typesupport_introspection_cpp.hpp
[0.978s] -- Up-to-date: /home/bhadha/pico_ws/install/whycode_interfaces/include/whycode_interfaces/whycode_interfaces/srv/detail/select_marker__rosidl_typesupport_introspection_cpp.hpp
[0.978s] -- Up-to-date: /home/bhadha/pico_ws/install/whycode_interfaces/include/whycode_interfaces/whycode_interfaces/srv/detail/set_drawing__type_support.cpp
[0.978s] -- Up-to-date: /home/bhadha/pico_ws/install/whycode_interfaces/include/whycode_interfaces/whycode_interfaces/srv/detail/set_coords__type_support.cpp
[0.978s] -- Up-to-date: /home/bhadha/pico_ws/install/whycode_interfaces/include/whycode_interfaces/whycode_interfaces/srv/detail/set_drawing__rosidl_typesupport_introspection_cpp.hpp
[0.978s] -- Up-to-date: /home/bhadha/pico_ws/install/whycode_interfaces/include/whycode_interfaces/whycode_interfaces/srv/detail/set_calib_method__type_support.cpp
[0.979s] -- Up-to-date: /home/bhadha/pico_ws/install/whycode_interfaces/lib/libwhycode_interfaces__rosidl_typesupport_introspection_cpp.so
[0.979s] -- Up-to-date: /home/bhadha/pico_ws/install/whycode_interfaces/lib/libwhycode_interfaces__rosidl_typesupport_cpp.so
[0.979s] -- Up-to-date: /home/bhadha/pico_ws/install/whycode_interfaces/share/whycode_interfaces/environment/pythonpath.sh
[0.979s] -- Up-to-date: /home/bhadha/pico_ws/install/whycode_interfaces/share/whycode_interfaces/environment/pythonpath.dsv
[0.979s] -- Up-to-date: /home/bhadha/pico_ws/install/whycode_interfaces/local/lib/python3.10/dist-packages/whycode_interfaces-0.0.1-py3.10.egg-info
[0.979s] -- Installing: /home/bhadha/pico_ws/install/whycode_interfaces/local/lib/python3.10/dist-packages/whycode_interfaces-0.0.1-py3.10.egg-info/SOURCES.txt
[0.979s] -- Installing: /home/bhadha/pico_ws/install/whycode_interfaces/local/lib/python3.10/dist-packages/whycode_interfaces-0.0.1-py3.10.egg-info/PKG-INFO
[0.979s] -- Installing: /home/bhadha/pico_ws/install/whycode_interfaces/local/lib/python3.10/dist-packages/whycode_interfaces-0.0.1-py3.10.egg-info/top_level.txt
[0.980s] -- Installing: /home/bhadha/pico_ws/install/whycode_interfaces/local/lib/python3.10/dist-packages/whycode_interfaces-0.0.1-py3.10.egg-info/dependency_links.txt
[0.980s] -- Up-to-date: /home/bhadha/pico_ws/install/whycode_interfaces/local/lib/python3.10/dist-packages/whycode_interfaces
[0.980s] -- Up-to-date: /home/bhadha/pico_ws/install/whycode_interfaces/local/lib/python3.10/dist-packages/whycode_interfaces/libwhycode_interfaces__rosidl_generator_py.so
[0.980s] -- Up-to-date: /home/bhadha/pico_ws/install/whycode_interfaces/local/lib/python3.10/dist-packages/whycode_interfaces/msg
[0.980s] -- Up-to-date: /home/bhadha/pico_ws/install/whycode_interfaces/local/lib/python3.10/dist-packages/whycode_interfaces/msg/_marker_array_s.c
[0.980s] -- Up-to-date: /home/bhadha/pico_ws/install/whycode_interfaces/local/lib/python3.10/dist-packages/whycode_interfaces/msg/_marker_array.py
[0.980s] -- Up-to-date: /home/bhadha/pico_ws/install/whycode_interfaces/local/lib/python3.10/dist-packages/whycode_interfaces/msg/__init__.py
[0.981s] -- Up-to-date: /home/bhadha/pico_ws/install/whycode_interfaces/local/lib/python3.10/dist-packages/whycode_interfaces/msg/_marker.py
[0.981s] -- Up-to-date: /home/bhadha/pico_ws/install/whycode_interfaces/local/lib/python3.10/dist-packages/whycode_interfaces/msg/_marker_s.c
[0.981s] -- Up-to-date: /home/bhadha/pico_ws/install/whycode_interfaces/local/lib/python3.10/dist-packages/whycode_interfaces/_whycode_interfaces_s.ep.rosidl_typesupport_fastrtps_c.c
[0.981s] -- Up-to-date: /home/bhadha/pico_ws/install/whycode_interfaces/local/lib/python3.10/dist-packages/whycode_interfaces/__init__.py
[0.981s] -- Up-to-date: /home/bhadha/pico_ws/install/whycode_interfaces/local/lib/python3.10/dist-packages/whycode_interfaces/whycode_interfaces_s__rosidl_typesupport_fastrtps_c.cpython-310-x86_64-linux-gnu.so
[0.981s] -- Up-to-date: /home/bhadha/pico_ws/install/whycode_interfaces/local/lib/python3.10/dist-packages/whycode_interfaces/srv
[0.981s] -- Up-to-date: /home/bhadha/pico_ws/install/whycode_interfaces/local/lib/python3.10/dist-packages/whycode_interfaces/srv/_set_drawing.py
[0.981s] -- Up-to-date: /home/bhadha/pico_ws/install/whycode_interfaces/local/lib/python3.10/dist-packages/whycode_interfaces/srv/_set_drawing_s.c
[0.981s] -- Up-to-date: /home/bhadha/pico_ws/install/whycode_interfaces/local/lib/python3.10/dist-packages/whycode_interfaces/srv/__init__.py
[0.981s] -- Up-to-date: /home/bhadha/pico_ws/install/whycode_interfaces/local/lib/python3.10/dist-packages/whycode_interfaces/srv/_get_gui_settings_s.c
[0.982s] -- Up-to-date: /home/bhadha/pico_ws/install/whycode_interfaces/local/lib/python3.10/dist-packages/whycode_interfaces/srv/_set_coords_s.c
[0.982s] -- Up-to-date: /home/bhadha/pico_ws/install/whycode_interfaces/local/lib/python3.10/dist-packages/whycode_interfaces/srv/_select_marker_s.c
[0.982s] -- Up-to-date: /home/bhadha/pico_ws/install/whycode_interfaces/local/lib/python3.10/dist-packages/whycode_interfaces/srv/_get_gui_settings.py
[0.982s] -- Up-to-date: /home/bhadha/pico_ws/install/whycode_interfaces/local/lib/python3.10/dist-packages/whycode_interfaces/srv/_set_calib_path_s.c
[0.982s] -- Up-to-date: /home/bhadha/pico_ws/install/whycode_interfaces/local/lib/python3.10/dist-packages/whycode_interfaces/srv/_set_calib_method.py
[0.982s] -- Up-to-date: /home/bhadha/pico_ws/install/whycode_interfaces/local/lib/python3.10/dist-packages/whycode_interfaces/srv/_set_calib_method_s.c
[0.982s] -- Up-to-date: /home/bhadha/pico_ws/install/whycode_interfaces/local/lib/python3.10/dist-packages/whycode_interfaces/srv/_set_coords.py
[0.982s] -- Up-to-date: /home/bhadha/pico_ws/install/whycode_interfaces/local/lib/python3.10/dist-packages/whycode_interfaces/srv/_select_marker.py
[0.982s] -- Up-to-date: /home/bhadha/pico_ws/install/whycode_interfaces/local/lib/python3.10/dist-packages/whycode_interfaces/srv/_set_calib_path.py
[0.982s] -- Up-to-date: /home/bhadha/pico_ws/install/whycode_interfaces/local/lib/python3.10/dist-packages/whycode_interfaces/_whycode_interfaces_s.ep.rosidl_typesupport_c.c
[0.982s] -- Up-to-date: /home/bhadha/pico_ws/install/whycode_interfaces/local/lib/python3.10/dist-packages/whycode_interfaces/whycode_interfaces_s__rosidl_typesupport_introspection_c.cpython-310-x86_64-linux-gnu.so
[0.983s] -- Up-to-date: /home/bhadha/pico_ws/install/whycode_interfaces/local/lib/python3.10/dist-packages/whycode_interfaces/_whycode_interfaces_s.ep.rosidl_typesupport_introspection_c.c
[0.983s] -- Up-to-date: /home/bhadha/pico_ws/install/whycode_interfaces/local/lib/python3.10/dist-packages/whycode_interfaces/whycode_interfaces_s__rosidl_typesupport_c.cpython-310-x86_64-linux-gnu.so
[1.030s] Listing '/home/bhadha/pico_ws/install/whycode_interfaces/local/lib/python3.10/dist-packages/whycode_interfaces'...
[1.031s] Listing '/home/bhadha/pico_ws/install/whycode_interfaces/local/lib/python3.10/dist-packages/whycode_interfaces/msg'...
[1.031s] Listing '/home/bhadha/pico_ws/install/whycode_interfaces/local/lib/python3.10/dist-packages/whycode_interfaces/srv'...
[1.031s] -- Up-to-date: /home/bhadha/pico_ws/install/whycode_interfaces/local/lib/python3.10/dist-packages/whycode_interfaces/whycode_interfaces_s__rosidl_typesupport_fastrtps_c.cpython-310-x86_64-linux-gnu.so
[1.031s] -- Up-to-date: /home/bhadha/pico_ws/install/whycode_interfaces/local/lib/python3.10/dist-packages/whycode_interfaces/whycode_interfaces_s__rosidl_typesupport_introspection_c.cpython-310-x86_64-linux-gnu.so
[1.031s] -- Up-to-date: /home/bhadha/pico_ws/install/whycode_interfaces/local/lib/python3.10/dist-packages/whycode_interfaces/whycode_interfaces_s__rosidl_typesupport_c.cpython-310-x86_64-linux-gnu.so
[1.031s] -- Up-to-date: /home/bhadha/pico_ws/install/whycode_interfaces/lib/libwhycode_interfaces__rosidl_generator_py.so
[1.032s] -- Up-to-date: /home/bhadha/pico_ws/install/whycode_interfaces/share/ament_index/resource_index/rust_packages/whycode_interfaces
[1.032s] -- Up-to-date: /home/bhadha/pico_ws/install/whycode_interfaces/share/whycode_interfaces/rust
[1.032s] -- Up-to-date: /home/bhadha/pico_ws/install/whycode_interfaces/share/whycode_interfaces/rust/build.rs
[1.032s] -- Up-to-date: /home/bhadha/pico_ws/install/whycode_interfaces/share/whycode_interfaces/rust/src
[1.032s] -- Up-to-date: /home/bhadha/pico_ws/install/whycode_interfaces/share/whycode_interfaces/rust/src/msg
[1.032s] -- Up-to-date: /home/bhadha/pico_ws/install/whycode_interfaces/share/whycode_interfaces/rust/src/msg/rmw.rs
[1.033s] -- Up-to-date: /home/bhadha/pico_ws/install/whycode_interfaces/share/whycode_interfaces/rust/src/srv
[1.033s] -- Up-to-date: /home/bhadha/pico_ws/install/whycode_interfaces/share/whycode_interfaces/rust/src/srv/rmw.rs
[1.033s] -- Up-to-date: /home/bhadha/pico_ws/install/whycode_interfaces/share/whycode_interfaces/rust/src/lib.rs
[1.033s] -- Up-to-date: /home/bhadha/pico_ws/install/whycode_interfaces/share/whycode_interfaces/rust/src/msg.rs
[1.033s] -- Up-to-date: /home/bhadha/pico_ws/install/whycode_interfaces/share/whycode_interfaces/rust/src/srv.rs
[1.033s] -- Up-to-date: /home/bhadha/pico_ws/install/whycode_interfaces/share/whycode_interfaces/rust/Cargo.toml
[1.033s] -- Up-to-date: /home/bhadha/pico_ws/install/whycode_interfaces/share/whycode_interfaces/msg/Marker.idl
[1.033s] -- Up-to-date: /home/bhadha/pico_ws/install/whycode_interfaces/share/whycode_interfaces/msg/MarkerArray.idl
[1.033s] -- Up-to-date: /home/bhadha/pico_ws/install/whycode_interfaces/share/whycode_interfaces/srv/SelectMarker.idl
[1.033s] -- Up-to-date: /home/bhadha/pico_ws/install/whycode_interfaces/share/whycode_interfaces/srv/SetCalibMethod.idl
[1.033s] -- Up-to-date: /home/bhadha/pico_ws/install/whycode_interfaces/share/whycode_interfaces/srv/SetCalibPath.idl
[1.033s] -- Up-to-date: /home/bhadha/pico_ws/install/whycode_interfaces/share/whycode_interfaces/srv/SetCoords.idl
[1.033s] -- Up-to-date: /home/bhadha/pico_ws/install/whycode_interfaces/share/whycode_interfaces/srv/SetDrawing.idl
[1.033s] -- Up-to-date: /home/bhadha/pico_ws/install/whycode_interfaces/share/whycode_interfaces/srv/GetGuiSettings.idl
[1.033s] -- Up-to-date: /home/bhadha/pico_ws/install/whycode_interfaces/share/whycode_interfaces/msg/Marker.msg
[1.033s] -- Up-to-date: /home/bhadha/pico_ws/install/whycode_interfaces/share/whycode_interfaces/msg/MarkerArray.msg
[1.033s] -- Up-to-date: /home/bhadha/pico_ws/install/whycode_interfaces/share/whycode_interfaces/srv/SelectMarker.srv
[1.034s] -- Up-to-date: /home/bhadha/pico_ws/install/whycode_interfaces/share/whycode_interfaces/srv/SelectMarker_Request.msg
[1.034s] -- Up-to-date: /home/bhadha/pico_ws/install/whycode_interfaces/share/whycode_interfaces/srv/SelectMarker_Response.msg
[1.034s] -- Up-to-date: /home/bhadha/pico_ws/install/whycode_interfaces/share/whycode_interfaces/srv/SetCalibMethod.srv
[1.034s] -- Up-to-date: /home/bhadha/pico_ws/install/whycode_interfaces/share/whycode_interfaces/srv/SetCalibMethod_Request.msg
[1.034s] -- Up-to-date: /home/bhadha/pico_ws/install/whycode_interfaces/share/whycode_interfaces/srv/SetCalibMethod_Response.msg
[1.034s] -- Up-to-date: /home/bhadha/pico_ws/install/whycode_interfaces/share/whycode_interfaces/srv/SetCalibPath.srv
[1.034s] -- Up-to-date: /home/bhadha/pico_ws/install/whycode_interfaces/share/whycode_interfaces/srv/SetCalibPath_Request.msg
[1.034s] -- Up-to-date: /home/bhadha/pico_ws/install/whycode_interfaces/share/whycode_interfaces/srv/SetCalibPath_Response.msg
[1.034s] -- Up-to-date: /home/bhadha/pico_ws/install/whycode_interfaces/share/whycode_interfaces/srv/SetCoords.srv
[1.034s] -- Up-to-date: /home/bhadha/pico_ws/install/whycode_interfaces/share/whycode_interfaces/srv/SetCoords_Request.msg
[1.034s] -- Up-to-date: /home/bhadha/pico_ws/install/whycode_interfaces/share/whycode_interfaces/srv/SetCoords_Response.msg
[1.034s] -- Up-to-date: /home/bhadha/pico_ws/install/whycode_interfaces/share/whycode_interfaces/srv/SetDrawing.srv
[1.034s] -- Up-to-date: /home/bhadha/pico_ws/install/whycode_interfaces/share/whycode_interfaces/srv/SetDrawing_Request.msg
[1.035s] -- Up-to-date: /home/bhadha/pico_ws/install/whycode_interfaces/share/whycode_interfaces/srv/SetDrawing_Response.msg
[1.035s] -- Up-to-date: /home/bhadha/pico_ws/install/whycode_interfaces/share/whycode_interfaces/srv/GetGuiSettings.srv
[1.035s] -- Up-to-date: /home/bhadha/pico_ws/install/whycode_interfaces/share/whycode_interfaces/srv/GetGuiSettings_Request.msg
[1.035s] -- Up-to-date: /home/bhadha/pico_ws/install/whycode_interfaces/share/whycode_interfaces/srv/GetGuiSettings_Response.msg
[1.035s] -- Up-to-date: /home/bhadha/pico_ws/install/whycode_interfaces/share/ament_index/resource_index/package_run_dependencies/whycode_interfaces
[1.035s] -- Up-to-date: /home/bhadha/pico_ws/install/whycode_interfaces/share/ament_index/resource_index/parent_prefix_path/whycode_interfaces
[1.035s] -- Up-to-date: /home/bhadha/pico_ws/install/whycode_interfaces/share/whycode_interfaces/environment/ament_prefix_path.sh
[1.035s] -- Up-to-date: /home/bhadha/pico_ws/install/whycode_interfaces/share/whycode_interfaces/environment/ament_prefix_path.dsv
[1.035s] -- Up-to-date: /home/bhadha/pico_ws/install/whycode_interfaces/share/whycode_interfaces/environment/path.sh
[1.035s] -- Up-to-date: /home/bhadha/pico_ws/install/whycode_interfaces/share/whycode_interfaces/environment/path.dsv
[1.035s] -- Up-to-date: /home/bhadha/pico_ws/install/whycode_interfaces/share/whycode_interfaces/local_setup.bash
[1.035s] -- Up-to-date: /home/bhadha/pico_ws/install/whycode_interfaces/share/whycode_interfaces/local_setup.sh
[1.035s] -- Up-to-date: /home/bhadha/pico_ws/install/whycode_interfaces/share/whycode_interfaces/local_setup.zsh
[1.035s] -- Up-to-date: /home/bhadha/pico_ws/install/whycode_interfaces/share/whycode_interfaces/local_setup.dsv
[1.035s] -- Installing: /home/bhadha/pico_ws/install/whycode_interfaces/share/whycode_interfaces/package.dsv
[1.035s] -- Up-to-date: /home/bhadha/pico_ws/install/whycode_interfaces/share/ament_index/resource_index/packages/whycode_interfaces
[1.035s] -- Up-to-date: /home/bhadha/pico_ws/install/whycode_interfaces/share/whycode_interfaces/cmake/export_whycode_interfaces__rosidl_generator_cExport.cmake
[1.036s] -- Up-to-date: /home/bhadha/pico_ws/install/whycode_interfaces/share/whycode_interfaces/cmake/export_whycode_interfaces__rosidl_generator_cExport-noconfig.cmake
[1.036s] -- Up-to-date: /home/bhadha/pico_ws/install/whycode_interfaces/share/whycode_interfaces/cmake/export_whycode_interfaces__rosidl_typesupport_fastrtps_cExport.cmake
[1.036s] -- Up-to-date: /home/bhadha/pico_ws/install/whycode_interfaces/share/whycode_interfaces/cmake/export_whycode_interfaces__rosidl_typesupport_fastrtps_cExport-noconfig.cmake
[1.036s] -- Up-to-date: /home/bhadha/pico_ws/install/whycode_interfaces/share/whycode_interfaces/cmake/whycode_interfaces__rosidl_typesupport_introspection_cExport.cmake
[1.036s] -- Up-to-date: /home/bhadha/pico_ws/install/whycode_interfaces/share/whycode_interfaces/cmake/whycode_interfaces__rosidl_typesupport_introspection_cExport-noconfig.cmake
[1.036s] -- Up-to-date: /home/bhadha/pico_ws/install/whycode_interfaces/share/whycode_interfaces/cmake/whycode_interfaces__rosidl_typesupport_cExport.cmake
[1.036s] -- Up-to-date: /home/bhadha/pico_ws/install/whycode_interfaces/share/whycode_interfaces/cmake/whycode_interfaces__rosidl_typesupport_cExport-noconfig.cmake
[1.036s] -- Up-to-date: /home/bhadha/pico_ws/install/whycode_interfaces/share/whycode_interfaces/cmake/export_whycode_interfaces__rosidl_generator_cppExport.cmake
[1.036s] -- Up-to-date: /home/bhadha/pico_ws/install/whycode_interfaces/share/whycode_interfaces/cmake/export_whycode_interfaces__rosidl_typesupport_fastrtps_cppExport.cmake
[1.036s] -- Up-to-date: /home/bhadha/pico_ws/install/whycode_interfaces/share/whycode_interfaces/cmake/export_whycode_interfaces__rosidl_typesupport_fastrtps_cppExport-noconfig.cmake
[1.036s] -- Up-to-date: /home/bhadha/pico_ws/install/whycode_interfaces/share/whycode_interfaces/cmake/whycode_interfaces__rosidl_typesupport_introspection_cppExport.cmake
[1.036s] -- Up-to-date: /home/bhadha/pico_ws/install/whycode_interfaces/share/whycode_interfaces/cmake/whycode_interfaces__rosidl_typesupport_introspection_cppExport-noconfig.cmake
[1.037s] -- Up-to-date: /home/bhadha/pico_ws/install/whycode_interfaces/share/whycode_interfaces/cmake/whycode_interfaces__rosidl_typesupport_cppExport.cmake
[1.037s] -- Up-to-date: /home/bhadha/pico_ws/install/whycode_interfaces/share/whycode_interfaces/cmake/whycode_interfaces__rosidl_typesupport_cppExport-noconfig.cmake
[1.037s] -- Up-to-date: /home/bhadha/pico_ws/install/whycode_interfaces/share/whycode_interfaces/cmake/export_whycode_interfaces__rosidl_generator_pyExport.cmake
[1.037s] -- Up-to-date: /home/bhadha/pico_ws/install/whycode_interfaces/share/whycode_interfaces/cmake/export_whycode_interfaces__rosidl_generator_pyExport-noconfig.cmake
[1.037s] -- Up-to-date: /home/bhadha/pico_ws/install/whycode_interfaces/share/whycode_interfaces/cmake/rosidl_cmake-extras.cmake
[1.037s] -- Up-to-date: /home/bhadha/pico_ws/install/whycode_interfaces/share/whycode_interfaces/cmake/ament_cmake_export_dependencies-extras.cmake
[1.037s] -- Up-to-date: /home/bhadha/pico_ws/install/whycode_interfaces/share/whycode_interfaces/cmake/ament_cmake_export_include_directories-extras.cmake
[1.037s] -- Up-to-date: /home/bhadha/pico_ws/install/whycode_interfaces/share/whycode_interfaces/cmake/ament_cmake_export_libraries-extras.cmake
[1.037s] -- Up-to-date: /home/bhadha/pico_ws/install/whycode_interfaces/share/whycode_interfaces/cmake/ament_cmake_export_targets-extras.cmake
[1.037s] -- Up-to-date: /home/bhadha/pico_ws/install/whycode_interfaces/share/whycode_interfaces/cmake/rosidl_cmake_export_typesupport_targets-extras.cmake
[1.037s] -- Up-to-date: /home/bhadha/pico_ws/install/whycode_interfaces/share/whycode_interfaces/cmake/rosidl_cmake_export_typesupport_libraries-extras.cmake
[1.037s] -- Up-to-date: /home/bhadha/pico_ws/install/whycode_interfaces/share/whycode_interfaces/cmake/rosidl_cmake_aggregate_target-extras.cmake
[1.037s] -- Up-to-date: /home/bhadha/pico_ws/install/whycode_interfaces/share/whycode_interfaces/cmake/whycode_interfacesConfig.cmake
[1.037s] -- Up-to-date: /home/bhadha/pico_ws/install/whycode_interfaces/share/whycode_interfaces/cmake/whycode_interfacesConfig-version.cmake
[1.037s] -- Up-to-date: /home/bhadha/pico_ws/install/whycode_interfaces/share/whycode_interfaces/package.xml
[1.094s] Invoked command in '/home/bhadha/pico_ws/build/whycode_interfaces' returned '0': CMAKE_PREFIX_PATH=/opt/ros/humble /usr/bin/cmake --install /home/bhadha/pico_ws/build/whycode_interfaces
