[0.012s] Invoking command in '/home/bhadha/pico_ws/build/rotors_control': AMENT_PREFIX_PATH=/home/bhadha/pico_ws/install/mav_msgs:${AMENT_PREFIX_PATH} CMAKE_PREFIX_PATH=/home/bhadha/pico_ws/install/mav_msgs:/opt/ros/humble LD_LIBRARY_PATH=/home/bhadha/pico_ws/install/mav_msgs/lib:${LD_LIBRARY_PATH} PYTHONPATH=/home/bhadha/pico_ws/install/mav_msgs/local/lib/python3.10/dist-packages:${PYTHONPATH} /usr/bin/cmake /home/bhadha/pico_ws/src/rotors_simulator/rotors_control -DCMAKE_INSTALL_PREFIX=/home/bhadha/pico_ws/install/rotors_control
[0.077s] -- The C compiler identification is GNU 11.4.0
[0.154s] -- The CXX compiler identification is GNU 11.4.0
[0.164s] -- Detecting C compiler ABI info
[0.258s] -- Detecting C compiler ABI info - done
[0.272s] -- Check for working C compiler: /usr/bin/cc - skipped
[0.272s] -- Detecting C compile features
[0.272s] -- Detecting C compile features - done
[0.279s] -- Detecting CXX compiler ABI info
[0.438s] -- Detecting CXX compiler ABI info - done
[0.471s] -- Check for working CXX compiler: /usr/bin/c++ - skipped
[0.471s] -- Detecting CXX compile features
[0.471s] -- Detecting CXX compile features - done
[0.477s] -- Found ament_cmake: 1.3.14 (/opt/ros/humble/share/ament_cmake/cmake)
[0.841s] -- Found Python3: /usr/bin/python3 (found version "3.10.12") found components: Interpreter 
[1.084s] -- Found mav_msgs: 3.3.3 (/home/bhadha/pico_ws/install/mav_msgs/share/mav_msgs/cmake)
[1.170s] -- Found rosidl_generator_c: 3.1.9 (/opt/ros/humble/share/rosidl_generator_c/cmake)
[1.179s] -- Found rosidl_adapter: 3.1.9 (/opt/ros/humble/share/rosidl_adapter/cmake)
[1.197s] -- Found rosidl_generator_cpp: 3.1.9 (/opt/ros/humble/share/rosidl_generator_cpp/cmake)
[1.222s] -- Using all available rosidl_typesupport_c: rosidl_typesupport_fastrtps_c;rosidl_typesupport_introspection_c
[1.260s] -- Using all available rosidl_typesupport_cpp: rosidl_typesupport_fastrtps_cpp;rosidl_typesupport_introspection_cpp
[1.453s] -- Found rclcpp: 16.0.19 (/opt/ros/humble/share/rclcpp/cmake)
[1.521s] -- Found rmw_implementation_cmake: 6.1.3 (/opt/ros/humble/share/rmw_implementation_cmake/cmake)
[1.525s] -- Found rmw_fastrtps_cpp: 6.2.10 (/opt/ros/humble/share/rmw_fastrtps_cpp/cmake)
[1.682s] -- Found OpenSSL: /usr/lib/x86_64-linux-gnu/libcrypto.so (found version "3.0.2")  
[1.753s] -- Found FastRTPS: /opt/ros/humble/include  
[1.871s] -- Using RMW implementation 'rmw_fastrtps_cpp' as default
[1.895s] -- Looking for pthread.h
[2.069s] -- Looking for pthread.h - found
[2.070s] -- Performing Test CMAKE_HAVE_LIBC_PTHREAD
[2.212s] -- Performing Test CMAKE_HAVE_LIBC_PTHREAD - Success
[2.216s] -- Found Threads: TRUE  
[2.386s] [31mCMake Error at CMakeLists.txt:17 (find_package):
[2.386s]   By not providing "Findactuator_msgs.cmake" in CMAKE_MODULE_PATH this
[2.387s]   project has asked CMake to find a package configuration file provided by
[2.387s]   "actuator_msgs", but CMake did not find one.
[2.387s] 
[2.387s]   Could not find a package configuration file provided by "actuator_msgs"
[2.387s]   with any of the following names:
[2.388s] 
[2.388s]     actuator_msgsConfig.cmake
[2.388s]     actuator_msgs-config.cmake
[2.388s] 
[2.388s]   Add the installation prefix of "actuator_msgs" to CMAKE_PREFIX_PATH or set
[2.389s]   "actuator_msgs_DIR" to a directory containing one of the above files.  If
[2.389s]   "actuator_msgs" provides a separate development package or SDK, be sure it
[2.389s]   has been installed.
[2.389s] 
[2.389s] [0m
[2.390s] -- Configuring incomplete, errors occurred!
[2.390s] See also "/home/bhadha/pico_ws/build/rotors_control/CMakeFiles/CMakeOutput.log".
[2.412s] Invoked command in '/home/bhadha/pico_ws/build/rotors_control' returned '1': AMENT_PREFIX_PATH=/home/bhadha/pico_ws/install/mav_msgs:${AMENT_PREFIX_PATH} CMAKE_PREFIX_PATH=/home/bhadha/pico_ws/install/mav_msgs:/opt/ros/humble LD_LIBRARY_PATH=/home/bhadha/pico_ws/install/mav_msgs/lib:${LD_LIBRARY_PATH} PYTHONPATH=/home/bhadha/pico_ws/install/mav_msgs/local/lib/python3.10/dist-packages:${PYTHONPATH} /usr/bin/cmake /home/bhadha/pico_ws/src/rotors_simulator/rotors_control -DCMAKE_INSTALL_PREFIX=/home/bhadha/pico_ws/install/rotors_control
