[35m[1mConsolidate compiler generated dependencies of target controller_msg__rosidl_generator_c[0m
[  3%] Built target controller_msg__rs
[  6%] Built target controller_msg__cpp
[ 15%] Built target controller_msg__rosidl_generator_c
[ 15%] Built target ament_cmake_python_copy_controller_msg
[35m[1mConsolidate compiler generated dependencies of target controller_msg__rosidl_typesupport_fastrtps_cpp[0m
[35m[1mConsolidate compiler generated dependencies of target controller_msg__rosidl_typesupport_cpp[0m
[35m[1mConsolidate compiler generated dependencies of target controller_msg__rosidl_typesupport_fastrtps_c[0m
[35m[1mConsolidate compiler generated dependencies of target controller_msg__rosidl_typesupport_introspection_c[0m
[35m[1mConsolidate compiler generated dependencies of target controller_msg__rosidl_typesupport_introspection_cpp[0m
[35m[1mConsolidate compiler generated dependencies of target controller_msg__rosidl_typesupport_c[0m
[ 25%] Built target controller_msg__rosidl_typesupport_fastrtps_cpp
[ 34%] Built target controller_msg__rosidl_typesupport_fastrtps_c
[ 43%] Built target controller_msg__rosidl_typesupport_cpp
[ 53%] Built target controller_msg__rosidl_typesupport_introspection_cpp
[ 62%] Built target controller_msg__rosidl_typesupport_c
[ 71%] Built target controller_msg__rosidl_typesupport_introspection_c
[ 71%] Built target controller_msg
[ 75%] Built target controller_msg__py
[35m[1mConsolidate compiler generated dependencies of target controller_msg__rosidl_generator_py[0m
[ 81%] Built target controller_msg__rosidl_generator_py
[35m[1mConsolidate compiler generated dependencies of target controller_msg__rosidl_typesupport_fastrtps_c__pyext[0m
[35m[1mConsolidate compiler generated dependencies of target controller_msg__rosidl_typesupport_c__pyext[0m
[35m[1mConsolidate compiler generated dependencies of target controller_msg__rosidl_typesupport_introspection_c__pyext[0m
[ 87%] Built target controller_msg__rosidl_typesupport_fastrtps_c__pyext
[ 93%] Built target controller_msg__rosidl_typesupport_introspection_c__pyext
[100%] Built target controller_msg__rosidl_typesupport_c__pyext
running egg_info
writing controller_msg.egg-info/PKG-INFO
writing dependency_links to controller_msg.egg-info/dependency_links.txt
writing top-level names to controller_msg.egg-info/top_level.txt
reading manifest file 'controller_msg.egg-info/SOURCES.txt'
writing manifest file 'controller_msg.egg-info/SOURCES.txt'
[100%] Built target ament_cmake_python_build_controller_msg_egg
-- Install configuration: ""
-- Up-to-date: /home/bhadha/pico_ws/install/controller_msg/share/ament_index/resource_index/rosidl_interfaces/controller_msg
-- Up-to-date: /home/bhadha/pico_ws/install/controller_msg/include/controller_msg/controller_msg
-- Up-to-date: /home/bhadha/pico_ws/install/controller_msg/include/controller_msg/controller_msg/msg
-- Up-to-date: /home/bhadha/pico_ws/install/controller_msg/include/controller_msg/controller_msg/msg/detail
-- Up-to-date: /home/bhadha/pico_ws/install/controller_msg/include/controller_msg/controller_msg/msg/detail/pid_tune__type_support.h
-- Up-to-date: /home/bhadha/pico_ws/install/controller_msg/include/controller_msg/controller_msg/msg/detail/pid_tune__struct.h
-- Up-to-date: /home/bhadha/pico_ws/install/controller_msg/include/controller_msg/controller_msg/msg/detail/pid_tune__functions.c
-- Up-to-date: /home/bhadha/pico_ws/install/controller_msg/include/controller_msg/controller_msg/msg/detail/pid_tune__functions.h
-- Up-to-date: /home/bhadha/pico_ws/install/controller_msg/include/controller_msg/controller_msg/msg/rosidl_generator_c__visibility_control.h
-- Up-to-date: /home/bhadha/pico_ws/install/controller_msg/include/controller_msg/controller_msg/msg/pid_tune.h
-- Up-to-date: /home/bhadha/pico_ws/install/controller_msg/share/controller_msg/environment/library_path.sh
-- Up-to-date: /home/bhadha/pico_ws/install/controller_msg/share/controller_msg/environment/library_path.dsv
-- Up-to-date: /home/bhadha/pico_ws/install/controller_msg/lib/libcontroller_msg__rosidl_generator_c.so
-- Up-to-date: /home/bhadha/pico_ws/install/controller_msg/include/controller_msg/controller_msg
-- Up-to-date: /home/bhadha/pico_ws/install/controller_msg/include/controller_msg/controller_msg/msg
-- Up-to-date: /home/bhadha/pico_ws/install/controller_msg/include/controller_msg/controller_msg/msg/detail
-- Up-to-date: /home/bhadha/pico_ws/install/controller_msg/include/controller_msg/controller_msg/msg/detail/pid_tune__rosidl_typesupport_fastrtps_c.h
-- Up-to-date: /home/bhadha/pico_ws/install/controller_msg/include/controller_msg/controller_msg/msg/rosidl_typesupport_fastrtps_c__visibility_control.h
-- Up-to-date: /home/bhadha/pico_ws/install/controller_msg/lib/libcontroller_msg__rosidl_typesupport_fastrtps_c.so
-- Up-to-date: /home/bhadha/pico_ws/install/controller_msg/include/controller_msg/controller_msg
-- Up-to-date: /home/bhadha/pico_ws/install/controller_msg/include/controller_msg/controller_msg/msg
-- Up-to-date: /home/bhadha/pico_ws/install/controller_msg/include/controller_msg/controller_msg/msg/detail
-- Up-to-date: /home/bhadha/pico_ws/install/controller_msg/include/controller_msg/controller_msg/msg/detail/pid_tune__type_support.hpp
-- Up-to-date: /home/bhadha/pico_ws/install/controller_msg/include/controller_msg/controller_msg/msg/detail/pid_tune__struct.hpp
-- Up-to-date: /home/bhadha/pico_ws/install/controller_msg/include/controller_msg/controller_msg/msg/detail/pid_tune__builder.hpp
-- Up-to-date: /home/bhadha/pico_ws/install/controller_msg/include/controller_msg/controller_msg/msg/detail/pid_tune__traits.hpp
-- Up-to-date: /home/bhadha/pico_ws/install/controller_msg/include/controller_msg/controller_msg/msg/rosidl_generator_cpp__visibility_control.hpp
-- Up-to-date: /home/bhadha/pico_ws/install/controller_msg/include/controller_msg/controller_msg/msg/pid_tune.hpp
-- Up-to-date: /home/bhadha/pico_ws/install/controller_msg/include/controller_msg/controller_msg
-- Up-to-date: /home/bhadha/pico_ws/install/controller_msg/include/controller_msg/controller_msg/msg
-- Up-to-date: /home/bhadha/pico_ws/install/controller_msg/include/controller_msg/controller_msg/msg/rosidl_typesupport_fastrtps_cpp__visibility_control.h
-- Up-to-date: /home/bhadha/pico_ws/install/controller_msg/include/controller_msg/controller_msg/msg/detail
-- Up-to-date: /home/bhadha/pico_ws/install/controller_msg/include/controller_msg/controller_msg/msg/detail/dds_fastrtps
-- Up-to-date: /home/bhadha/pico_ws/install/controller_msg/include/controller_msg/controller_msg/msg/detail/pid_tune__rosidl_typesupport_fastrtps_cpp.hpp
-- Up-to-date: /home/bhadha/pico_ws/install/controller_msg/lib/libcontroller_msg__rosidl_typesupport_fastrtps_cpp.so
-- Up-to-date: /home/bhadha/pico_ws/install/controller_msg/include/controller_msg/controller_msg
-- Up-to-date: /home/bhadha/pico_ws/install/controller_msg/include/controller_msg/controller_msg/msg
-- Up-to-date: /home/bhadha/pico_ws/install/controller_msg/include/controller_msg/controller_msg/msg/detail
-- Up-to-date: /home/bhadha/pico_ws/install/controller_msg/include/controller_msg/controller_msg/msg/detail/pid_tune__rosidl_typesupport_introspection_c.h
-- Up-to-date: /home/bhadha/pico_ws/install/controller_msg/include/controller_msg/controller_msg/msg/detail/pid_tune__type_support.c
-- Up-to-date: /home/bhadha/pico_ws/install/controller_msg/include/controller_msg/controller_msg/msg/rosidl_typesupport_introspection_c__visibility_control.h
-- Up-to-date: /home/bhadha/pico_ws/install/controller_msg/lib/libcontroller_msg__rosidl_typesupport_introspection_c.so
-- Up-to-date: /home/bhadha/pico_ws/install/controller_msg/lib/libcontroller_msg__rosidl_typesupport_c.so
-- Up-to-date: /home/bhadha/pico_ws/install/controller_msg/include/controller_msg/controller_msg
-- Up-to-date: /home/bhadha/pico_ws/install/controller_msg/include/controller_msg/controller_msg/msg
-- Up-to-date: /home/bhadha/pico_ws/install/controller_msg/include/controller_msg/controller_msg/msg/detail
-- Up-to-date: /home/bhadha/pico_ws/install/controller_msg/include/controller_msg/controller_msg/msg/detail/pid_tune__rosidl_typesupport_introspection_cpp.hpp
-- Up-to-date: /home/bhadha/pico_ws/install/controller_msg/include/controller_msg/controller_msg/msg/detail/pid_tune__type_support.cpp
-- Up-to-date: /home/bhadha/pico_ws/install/controller_msg/lib/libcontroller_msg__rosidl_typesupport_introspection_cpp.so
-- Up-to-date: /home/bhadha/pico_ws/install/controller_msg/lib/libcontroller_msg__rosidl_typesupport_cpp.so
-- Up-to-date: /home/bhadha/pico_ws/install/controller_msg/share/controller_msg/environment/pythonpath.sh
-- Up-to-date: /home/bhadha/pico_ws/install/controller_msg/share/controller_msg/environment/pythonpath.dsv
-- Up-to-date: /home/bhadha/pico_ws/install/controller_msg/local/lib/python3.10/dist-packages/controller_msg-0.0.0-py3.10.egg-info
-- Installing: /home/bhadha/pico_ws/install/controller_msg/local/lib/python3.10/dist-packages/controller_msg-0.0.0-py3.10.egg-info/SOURCES.txt
-- Installing: /home/bhadha/pico_ws/install/controller_msg/local/lib/python3.10/dist-packages/controller_msg-0.0.0-py3.10.egg-info/PKG-INFO
-- Installing: /home/bhadha/pico_ws/install/controller_msg/local/lib/python3.10/dist-packages/controller_msg-0.0.0-py3.10.egg-info/top_level.txt
-- Installing: /home/bhadha/pico_ws/install/controller_msg/local/lib/python3.10/dist-packages/controller_msg-0.0.0-py3.10.egg-info/dependency_links.txt
-- Up-to-date: /home/bhadha/pico_ws/install/controller_msg/local/lib/python3.10/dist-packages/controller_msg
-- Up-to-date: /home/bhadha/pico_ws/install/controller_msg/local/lib/python3.10/dist-packages/controller_msg/msg
-- Up-to-date: /home/bhadha/pico_ws/install/controller_msg/local/lib/python3.10/dist-packages/controller_msg/msg/_pid_tune.py
-- Up-to-date: /home/bhadha/pico_ws/install/controller_msg/local/lib/python3.10/dist-packages/controller_msg/msg/_pid_tune_s.c
-- Up-to-date: /home/bhadha/pico_ws/install/controller_msg/local/lib/python3.10/dist-packages/controller_msg/msg/__init__.py
-- Up-to-date: /home/bhadha/pico_ws/install/controller_msg/local/lib/python3.10/dist-packages/controller_msg/__init__.py
-- Up-to-date: /home/bhadha/pico_ws/install/controller_msg/local/lib/python3.10/dist-packages/controller_msg/_controller_msg_s.ep.rosidl_typesupport_fastrtps_c.c
-- Up-to-date: /home/bhadha/pico_ws/install/controller_msg/local/lib/python3.10/dist-packages/controller_msg/_controller_msg_s.ep.rosidl_typesupport_introspection_c.c
-- Up-to-date: /home/bhadha/pico_ws/install/controller_msg/local/lib/python3.10/dist-packages/controller_msg/_controller_msg_s.ep.rosidl_typesupport_c.c
-- Up-to-date: /home/bhadha/pico_ws/install/controller_msg/local/lib/python3.10/dist-packages/controller_msg/controller_msg_s__rosidl_typesupport_c.cpython-310-x86_64-linux-gnu.so
-- Up-to-date: /home/bhadha/pico_ws/install/controller_msg/local/lib/python3.10/dist-packages/controller_msg/controller_msg_s__rosidl_typesupport_fastrtps_c.cpython-310-x86_64-linux-gnu.so
-- Up-to-date: /home/bhadha/pico_ws/install/controller_msg/local/lib/python3.10/dist-packages/controller_msg/libcontroller_msg__rosidl_generator_py.so
-- Up-to-date: /home/bhadha/pico_ws/install/controller_msg/local/lib/python3.10/dist-packages/controller_msg/controller_msg_s__rosidl_typesupport_introspection_c.cpython-310-x86_64-linux-gnu.so
Listing '/home/bhadha/pico_ws/install/controller_msg/local/lib/python3.10/dist-packages/controller_msg'...
Listing '/home/bhadha/pico_ws/install/controller_msg/local/lib/python3.10/dist-packages/controller_msg/msg'...
-- Up-to-date: /home/bhadha/pico_ws/install/controller_msg/local/lib/python3.10/dist-packages/controller_msg/controller_msg_s__rosidl_typesupport_fastrtps_c.cpython-310-x86_64-linux-gnu.so
-- Up-to-date: /home/bhadha/pico_ws/install/controller_msg/local/lib/python3.10/dist-packages/controller_msg/controller_msg_s__rosidl_typesupport_introspection_c.cpython-310-x86_64-linux-gnu.so
-- Up-to-date: /home/bhadha/pico_ws/install/controller_msg/local/lib/python3.10/dist-packages/controller_msg/controller_msg_s__rosidl_typesupport_c.cpython-310-x86_64-linux-gnu.so
-- Up-to-date: /home/bhadha/pico_ws/install/controller_msg/lib/libcontroller_msg__rosidl_generator_py.so
-- Up-to-date: /home/bhadha/pico_ws/install/controller_msg/share/ament_index/resource_index/rust_packages/controller_msg
-- Up-to-date: /home/bhadha/pico_ws/install/controller_msg/share/controller_msg/rust
-- Up-to-date: /home/bhadha/pico_ws/install/controller_msg/share/controller_msg/rust/build.rs
-- Up-to-date: /home/bhadha/pico_ws/install/controller_msg/share/controller_msg/rust/src
-- Up-to-date: /home/bhadha/pico_ws/install/controller_msg/share/controller_msg/rust/src/msg
-- Up-to-date: /home/bhadha/pico_ws/install/controller_msg/share/controller_msg/rust/src/msg/rmw.rs
-- Up-to-date: /home/bhadha/pico_ws/install/controller_msg/share/controller_msg/rust/src/lib.rs
-- Up-to-date: /home/bhadha/pico_ws/install/controller_msg/share/controller_msg/rust/src/msg.rs
-- Up-to-date: /home/bhadha/pico_ws/install/controller_msg/share/controller_msg/rust/Cargo.toml
-- Up-to-date: /home/bhadha/pico_ws/install/controller_msg/share/controller_msg/msg/PIDTune.idl
-- Up-to-date: /home/bhadha/pico_ws/install/controller_msg/share/controller_msg/msg/PIDTune.msg
-- Up-to-date: /home/bhadha/pico_ws/install/controller_msg/share/ament_index/resource_index/package_run_dependencies/controller_msg
-- Up-to-date: /home/bhadha/pico_ws/install/controller_msg/share/ament_index/resource_index/parent_prefix_path/controller_msg
-- Up-to-date: /home/bhadha/pico_ws/install/controller_msg/share/controller_msg/environment/ament_prefix_path.sh
-- Up-to-date: /home/bhadha/pico_ws/install/controller_msg/share/controller_msg/environment/ament_prefix_path.dsv
-- Up-to-date: /home/bhadha/pico_ws/install/controller_msg/share/controller_msg/environment/path.sh
-- Up-to-date: /home/bhadha/pico_ws/install/controller_msg/share/controller_msg/environment/path.dsv
-- Up-to-date: /home/bhadha/pico_ws/install/controller_msg/share/controller_msg/local_setup.bash
-- Up-to-date: /home/bhadha/pico_ws/install/controller_msg/share/controller_msg/local_setup.sh
-- Up-to-date: /home/bhadha/pico_ws/install/controller_msg/share/controller_msg/local_setup.zsh
-- Up-to-date: /home/bhadha/pico_ws/install/controller_msg/share/controller_msg/local_setup.dsv
-- Installing: /home/bhadha/pico_ws/install/controller_msg/share/controller_msg/package.dsv
-- Up-to-date: /home/bhadha/pico_ws/install/controller_msg/share/ament_index/resource_index/packages/controller_msg
-- Up-to-date: /home/bhadha/pico_ws/install/controller_msg/share/controller_msg/cmake/export_controller_msg__rosidl_generator_cExport.cmake
-- Up-to-date: /home/bhadha/pico_ws/install/controller_msg/share/controller_msg/cmake/export_controller_msg__rosidl_generator_cExport-noconfig.cmake
-- Up-to-date: /home/bhadha/pico_ws/install/controller_msg/share/controller_msg/cmake/export_controller_msg__rosidl_typesupport_fastrtps_cExport.cmake
-- Up-to-date: /home/bhadha/pico_ws/install/controller_msg/share/controller_msg/cmake/export_controller_msg__rosidl_typesupport_fastrtps_cExport-noconfig.cmake
-- Up-to-date: /home/bhadha/pico_ws/install/controller_msg/share/controller_msg/cmake/export_controller_msg__rosidl_generator_cppExport.cmake
-- Up-to-date: /home/bhadha/pico_ws/install/controller_msg/share/controller_msg/cmake/export_controller_msg__rosidl_typesupport_fastrtps_cppExport.cmake
-- Up-to-date: /home/bhadha/pico_ws/install/controller_msg/share/controller_msg/cmake/export_controller_msg__rosidl_typesupport_fastrtps_cppExport-noconfig.cmake
-- Up-to-date: /home/bhadha/pico_ws/install/controller_msg/share/controller_msg/cmake/controller_msg__rosidl_typesupport_introspection_cExport.cmake
-- Up-to-date: /home/bhadha/pico_ws/install/controller_msg/share/controller_msg/cmake/controller_msg__rosidl_typesupport_introspection_cExport-noconfig.cmake
-- Up-to-date: /home/bhadha/pico_ws/install/controller_msg/share/controller_msg/cmake/controller_msg__rosidl_typesupport_cExport.cmake
-- Up-to-date: /home/bhadha/pico_ws/install/controller_msg/share/controller_msg/cmake/controller_msg__rosidl_typesupport_cExport-noconfig.cmake
-- Up-to-date: /home/bhadha/pico_ws/install/controller_msg/share/controller_msg/cmake/controller_msg__rosidl_typesupport_introspection_cppExport.cmake
-- Up-to-date: /home/bhadha/pico_ws/install/controller_msg/share/controller_msg/cmake/controller_msg__rosidl_typesupport_introspection_cppExport-noconfig.cmake
-- Up-to-date: /home/bhadha/pico_ws/install/controller_msg/share/controller_msg/cmake/controller_msg__rosidl_typesupport_cppExport.cmake
-- Up-to-date: /home/bhadha/pico_ws/install/controller_msg/share/controller_msg/cmake/controller_msg__rosidl_typesupport_cppExport-noconfig.cmake
-- Up-to-date: /home/bhadha/pico_ws/install/controller_msg/share/controller_msg/cmake/export_controller_msg__rosidl_generator_pyExport.cmake
-- Up-to-date: /home/bhadha/pico_ws/install/controller_msg/share/controller_msg/cmake/export_controller_msg__rosidl_generator_pyExport-noconfig.cmake
-- Up-to-date: /home/bhadha/pico_ws/install/controller_msg/share/controller_msg/cmake/rosidl_cmake-extras.cmake
-- Up-to-date: /home/bhadha/pico_ws/install/controller_msg/share/controller_msg/cmake/ament_cmake_export_dependencies-extras.cmake
-- Up-to-date: /home/bhadha/pico_ws/install/controller_msg/share/controller_msg/cmake/ament_cmake_export_include_directories-extras.cmake
-- Up-to-date: /home/bhadha/pico_ws/install/controller_msg/share/controller_msg/cmake/ament_cmake_export_libraries-extras.cmake
-- Up-to-date: /home/bhadha/pico_ws/install/controller_msg/share/controller_msg/cmake/ament_cmake_export_targets-extras.cmake
-- Up-to-date: /home/bhadha/pico_ws/install/controller_msg/share/controller_msg/cmake/rosidl_cmake_export_typesupport_targets-extras.cmake
-- Up-to-date: /home/bhadha/pico_ws/install/controller_msg/share/controller_msg/cmake/rosidl_cmake_export_typesupport_libraries-extras.cmake
-- Up-to-date: /home/bhadha/pico_ws/install/controller_msg/share/controller_msg/cmake/rosidl_cmake_aggregate_target-extras.cmake
-- Up-to-date: /home/bhadha/pico_ws/install/controller_msg/share/controller_msg/cmake/controller_msgConfig.cmake
-- Up-to-date: /home/bhadha/pico_ws/install/controller_msg/share/controller_msg/cmake/controller_msgConfig-version.cmake
-- Up-to-date: /home/bhadha/pico_ws/install/controller_msg/share/controller_msg/package.xml
