[0.027s] Invoking command in '/home/bhadha/pico_ws/build/controller_msg': CMAKE_PREFIX_PATH=/opt/ros/humble /usr/bin/cmake --build /home/bhadha/pico_ws/build/controller_msg -- -j12 -l12
[0.096s] [35m[1mConsolidate compiler generated dependencies of target controller_msg__rosidl_generator_c[0m
[0.125s] [  3%] Built target controller_msg__rs
[0.129s] [  6%] Built target controller_msg__cpp
[0.141s] [ 15%] Built target controller_msg__rosidl_generator_c
[0.175s] [ 15%] Built target ament_cmake_python_copy_controller_msg
[0.175s] [35m[1mConsolidate compiler generated dependencies of target controller_msg__rosidl_typesupport_fastrtps_cpp[0m
[0.207s] [35m[1mConsolidate compiler generated dependencies of target controller_msg__rosidl_typesupport_cpp[0m
[0.208s] [35m[1mConsolidate compiler generated dependencies of target controller_msg__rosidl_typesupport_fastrtps_c[0m
[0.208s] [35m[1mConsolidate compiler generated dependencies of target controller_msg__rosidl_typesupport_introspection_c[0m
[0.216s] [35m[1mConsolidate compiler generated dependencies of target controller_msg__rosidl_typesupport_introspection_cpp[0m
[0.216s] [35m[1mConsolidate compiler generated dependencies of target controller_msg__rosidl_typesupport_c[0m
[0.320s] [ 25%] Built target controller_msg__rosidl_typesupport_fastrtps_cpp
[0.321s] [ 34%] Built target controller_msg__rosidl_typesupport_fastrtps_c
[0.321s] [ 43%] Built target controller_msg__rosidl_typesupport_cpp
[0.379s] [ 53%] Built target controller_msg__rosidl_typesupport_introspection_cpp
[0.381s] [ 62%] Built target controller_msg__rosidl_typesupport_c
[0.381s] [ 71%] Built target controller_msg__rosidl_typesupport_introspection_c
[0.451s] [ 71%] Built target controller_msg
[0.503s] [ 75%] Built target controller_msg__py
[0.543s] [35m[1mConsolidate compiler generated dependencies of target controller_msg__rosidl_generator_py[0m
[0.604s] [ 81%] Built target controller_msg__rosidl_generator_py
[0.609s] [35m[1mConsolidate compiler generated dependencies of target controller_msg__rosidl_typesupport_fastrtps_c__pyext[0m
[0.614s] [35m[1mConsolidate compiler generated dependencies of target controller_msg__rosidl_typesupport_c__pyext[0m
[0.626s] [35m[1mConsolidate compiler generated dependencies of target controller_msg__rosidl_typesupport_introspection_c__pyext[0m
[0.652s] [ 87%] Built target controller_msg__rosidl_typesupport_fastrtps_c__pyext
[0.663s] [ 93%] Built target controller_msg__rosidl_typesupport_introspection_c__pyext
[0.670s] [100%] Built target controller_msg__rosidl_typesupport_c__pyext
[0.871s] running egg_info
[0.871s] writing controller_msg.egg-info/PKG-INFO
[0.872s] writing dependency_links to controller_msg.egg-info/dependency_links.txt
[0.872s] writing top-level names to controller_msg.egg-info/top_level.txt
[0.875s] reading manifest file 'controller_msg.egg-info/SOURCES.txt'
[0.876s] writing manifest file 'controller_msg.egg-info/SOURCES.txt'
[0.917s] [100%] Built target ament_cmake_python_build_controller_msg_egg
[0.932s] Invoked command in '/home/bhadha/pico_ws/build/controller_msg' returned '0': CMAKE_PREFIX_PATH=/opt/ros/humble /usr/bin/cmake --build /home/bhadha/pico_ws/build/controller_msg -- -j12 -l12
[0.933s] Invoking command in '/home/bhadha/pico_ws/build/controller_msg': CMAKE_PREFIX_PATH=/opt/ros/humble /usr/bin/cmake --install /home/bhadha/pico_ws/build/controller_msg
[0.944s] -- Install configuration: ""
[0.944s] -- Up-to-date: /home/bhadha/pico_ws/install/controller_msg/share/ament_index/resource_index/rosidl_interfaces/controller_msg
[0.944s] -- Up-to-date: /home/bhadha/pico_ws/install/controller_msg/include/controller_msg/controller_msg
[0.944s] -- Up-to-date: /home/bhadha/pico_ws/install/controller_msg/include/controller_msg/controller_msg/msg
[0.944s] -- Up-to-date: /home/bhadha/pico_ws/install/controller_msg/include/controller_msg/controller_msg/msg/detail
[0.945s] -- Up-to-date: /home/bhadha/pico_ws/install/controller_msg/include/controller_msg/controller_msg/msg/detail/pid_tune__type_support.h
[0.945s] -- Up-to-date: /home/bhadha/pico_ws/install/controller_msg/include/controller_msg/controller_msg/msg/detail/pid_tune__struct.h
[0.945s] -- Up-to-date: /home/bhadha/pico_ws/install/controller_msg/include/controller_msg/controller_msg/msg/detail/pid_tune__functions.c
[0.945s] -- Up-to-date: /home/bhadha/pico_ws/install/controller_msg/include/controller_msg/controller_msg/msg/detail/pid_tune__functions.h
[0.945s] -- Up-to-date: /home/bhadha/pico_ws/install/controller_msg/include/controller_msg/controller_msg/msg/rosidl_generator_c__visibility_control.h
[0.945s] -- Up-to-date: /home/bhadha/pico_ws/install/controller_msg/include/controller_msg/controller_msg/msg/pid_tune.h
[0.945s] -- Up-to-date: /home/bhadha/pico_ws/install/controller_msg/share/controller_msg/environment/library_path.sh
[0.946s] -- Up-to-date: /home/bhadha/pico_ws/install/controller_msg/share/controller_msg/environment/library_path.dsv
[0.946s] -- Up-to-date: /home/bhadha/pico_ws/install/controller_msg/lib/libcontroller_msg__rosidl_generator_c.so
[0.946s] -- Up-to-date: /home/bhadha/pico_ws/install/controller_msg/include/controller_msg/controller_msg
[0.946s] -- Up-to-date: /home/bhadha/pico_ws/install/controller_msg/include/controller_msg/controller_msg/msg
[0.947s] -- Up-to-date: /home/bhadha/pico_ws/install/controller_msg/include/controller_msg/controller_msg/msg/detail
[0.947s] -- Up-to-date: /home/bhadha/pico_ws/install/controller_msg/include/controller_msg/controller_msg/msg/detail/pid_tune__rosidl_typesupport_fastrtps_c.h
[0.947s] -- Up-to-date: /home/bhadha/pico_ws/install/controller_msg/include/controller_msg/controller_msg/msg/rosidl_typesupport_fastrtps_c__visibility_control.h
[0.947s] -- Up-to-date: /home/bhadha/pico_ws/install/controller_msg/lib/libcontroller_msg__rosidl_typesupport_fastrtps_c.so
[0.947s] -- Up-to-date: /home/bhadha/pico_ws/install/controller_msg/include/controller_msg/controller_msg
[0.947s] -- Up-to-date: /home/bhadha/pico_ws/install/controller_msg/include/controller_msg/controller_msg/msg
[0.947s] -- Up-to-date: /home/bhadha/pico_ws/install/controller_msg/include/controller_msg/controller_msg/msg/detail
[0.948s] -- Up-to-date: /home/bhadha/pico_ws/install/controller_msg/include/controller_msg/controller_msg/msg/detail/pid_tune__type_support.hpp
[0.948s] -- Up-to-date: /home/bhadha/pico_ws/install/controller_msg/include/controller_msg/controller_msg/msg/detail/pid_tune__struct.hpp
[0.949s] -- Up-to-date: /home/bhadha/pico_ws/install/controller_msg/include/controller_msg/controller_msg/msg/detail/pid_tune__builder.hpp
[0.949s] -- Up-to-date: /home/bhadha/pico_ws/install/controller_msg/include/controller_msg/controller_msg/msg/detail/pid_tune__traits.hpp
[0.949s] -- Up-to-date: /home/bhadha/pico_ws/install/controller_msg/include/controller_msg/controller_msg/msg/rosidl_generator_cpp__visibility_control.hpp
[0.949s] -- Up-to-date: /home/bhadha/pico_ws/install/controller_msg/include/controller_msg/controller_msg/msg/pid_tune.hpp
[0.949s] -- Up-to-date: /home/bhadha/pico_ws/install/controller_msg/include/controller_msg/controller_msg
[0.949s] -- Up-to-date: /home/bhadha/pico_ws/install/controller_msg/include/controller_msg/controller_msg/msg
[0.950s] -- Up-to-date: /home/bhadha/pico_ws/install/controller_msg/include/controller_msg/controller_msg/msg/rosidl_typesupport_fastrtps_cpp__visibility_control.h
[0.950s] -- Up-to-date: /home/bhadha/pico_ws/install/controller_msg/include/controller_msg/controller_msg/msg/detail
[0.950s] -- Up-to-date: /home/bhadha/pico_ws/install/controller_msg/include/controller_msg/controller_msg/msg/detail/dds_fastrtps
[0.950s] -- Up-to-date: /home/bhadha/pico_ws/install/controller_msg/include/controller_msg/controller_msg/msg/detail/pid_tune__rosidl_typesupport_fastrtps_cpp.hpp
[0.950s] -- Up-to-date: /home/bhadha/pico_ws/install/controller_msg/lib/libcontroller_msg__rosidl_typesupport_fastrtps_cpp.so
[0.950s] -- Up-to-date: /home/bhadha/pico_ws/install/controller_msg/include/controller_msg/controller_msg
[0.950s] -- Up-to-date: /home/bhadha/pico_ws/install/controller_msg/include/controller_msg/controller_msg/msg
[0.950s] -- Up-to-date: /home/bhadha/pico_ws/install/controller_msg/include/controller_msg/controller_msg/msg/detail
[0.951s] -- Up-to-date: /home/bhadha/pico_ws/install/controller_msg/include/controller_msg/controller_msg/msg/detail/pid_tune__rosidl_typesupport_introspection_c.h
[0.951s] -- Up-to-date: /home/bhadha/pico_ws/install/controller_msg/include/controller_msg/controller_msg/msg/detail/pid_tune__type_support.c
[0.951s] -- Up-to-date: /home/bhadha/pico_ws/install/controller_msg/include/controller_msg/controller_msg/msg/rosidl_typesupport_introspection_c__visibility_control.h
[0.952s] -- Up-to-date: /home/bhadha/pico_ws/install/controller_msg/lib/libcontroller_msg__rosidl_typesupport_introspection_c.so
[0.954s] -- Up-to-date: /home/bhadha/pico_ws/install/controller_msg/lib/libcontroller_msg__rosidl_typesupport_c.so
[0.954s] -- Up-to-date: /home/bhadha/pico_ws/install/controller_msg/include/controller_msg/controller_msg
[0.954s] -- Up-to-date: /home/bhadha/pico_ws/install/controller_msg/include/controller_msg/controller_msg/msg
[0.954s] -- Up-to-date: /home/bhadha/pico_ws/install/controller_msg/include/controller_msg/controller_msg/msg/detail
[0.954s] -- Up-to-date: /home/bhadha/pico_ws/install/controller_msg/include/controller_msg/controller_msg/msg/detail/pid_tune__rosidl_typesupport_introspection_cpp.hpp
[0.955s] -- Up-to-date: /home/bhadha/pico_ws/install/controller_msg/include/controller_msg/controller_msg/msg/detail/pid_tune__type_support.cpp
[0.955s] -- Up-to-date: /home/bhadha/pico_ws/install/controller_msg/lib/libcontroller_msg__rosidl_typesupport_introspection_cpp.so
[0.955s] -- Up-to-date: /home/bhadha/pico_ws/install/controller_msg/lib/libcontroller_msg__rosidl_typesupport_cpp.so
[0.955s] -- Up-to-date: /home/bhadha/pico_ws/install/controller_msg/share/controller_msg/environment/pythonpath.sh
[0.956s] -- Up-to-date: /home/bhadha/pico_ws/install/controller_msg/share/controller_msg/environment/pythonpath.dsv
[0.956s] -- Up-to-date: /home/bhadha/pico_ws/install/controller_msg/local/lib/python3.10/dist-packages/controller_msg-0.0.0-py3.10.egg-info
[0.956s] -- Installing: /home/bhadha/pico_ws/install/controller_msg/local/lib/python3.10/dist-packages/controller_msg-0.0.0-py3.10.egg-info/SOURCES.txt
[0.956s] -- Installing: /home/bhadha/pico_ws/install/controller_msg/local/lib/python3.10/dist-packages/controller_msg-0.0.0-py3.10.egg-info/PKG-INFO
[0.956s] -- Installing: /home/bhadha/pico_ws/install/controller_msg/local/lib/python3.10/dist-packages/controller_msg-0.0.0-py3.10.egg-info/top_level.txt
[0.956s] -- Installing: /home/bhadha/pico_ws/install/controller_msg/local/lib/python3.10/dist-packages/controller_msg-0.0.0-py3.10.egg-info/dependency_links.txt
[0.957s] -- Up-to-date: /home/bhadha/pico_ws/install/controller_msg/local/lib/python3.10/dist-packages/controller_msg
[0.957s] -- Up-to-date: /home/bhadha/pico_ws/install/controller_msg/local/lib/python3.10/dist-packages/controller_msg/msg
[0.957s] -- Up-to-date: /home/bhadha/pico_ws/install/controller_msg/local/lib/python3.10/dist-packages/controller_msg/msg/_pid_tune.py
[0.957s] -- Up-to-date: /home/bhadha/pico_ws/install/controller_msg/local/lib/python3.10/dist-packages/controller_msg/msg/_pid_tune_s.c
[0.958s] -- Up-to-date: /home/bhadha/pico_ws/install/controller_msg/local/lib/python3.10/dist-packages/controller_msg/msg/__init__.py
[0.958s] -- Up-to-date: /home/bhadha/pico_ws/install/controller_msg/local/lib/python3.10/dist-packages/controller_msg/__init__.py
[0.958s] -- Up-to-date: /home/bhadha/pico_ws/install/controller_msg/local/lib/python3.10/dist-packages/controller_msg/_controller_msg_s.ep.rosidl_typesupport_fastrtps_c.c
[0.958s] -- Up-to-date: /home/bhadha/pico_ws/install/controller_msg/local/lib/python3.10/dist-packages/controller_msg/_controller_msg_s.ep.rosidl_typesupport_introspection_c.c
[0.958s] -- Up-to-date: /home/bhadha/pico_ws/install/controller_msg/local/lib/python3.10/dist-packages/controller_msg/_controller_msg_s.ep.rosidl_typesupport_c.c
[0.958s] -- Up-to-date: /home/bhadha/pico_ws/install/controller_msg/local/lib/python3.10/dist-packages/controller_msg/controller_msg_s__rosidl_typesupport_c.cpython-310-x86_64-linux-gnu.so
[0.958s] -- Up-to-date: /home/bhadha/pico_ws/install/controller_msg/local/lib/python3.10/dist-packages/controller_msg/controller_msg_s__rosidl_typesupport_fastrtps_c.cpython-310-x86_64-linux-gnu.so
[0.958s] -- Up-to-date: /home/bhadha/pico_ws/install/controller_msg/local/lib/python3.10/dist-packages/controller_msg/libcontroller_msg__rosidl_generator_py.so
[0.958s] -- Up-to-date: /home/bhadha/pico_ws/install/controller_msg/local/lib/python3.10/dist-packages/controller_msg/controller_msg_s__rosidl_typesupport_introspection_c.cpython-310-x86_64-linux-gnu.so
[1.024s] Listing '/home/bhadha/pico_ws/install/controller_msg/local/lib/python3.10/dist-packages/controller_msg'...
[1.025s] Listing '/home/bhadha/pico_ws/install/controller_msg/local/lib/python3.10/dist-packages/controller_msg/msg'...
[1.028s] -- Up-to-date: /home/bhadha/pico_ws/install/controller_msg/local/lib/python3.10/dist-packages/controller_msg/controller_msg_s__rosidl_typesupport_fastrtps_c.cpython-310-x86_64-linux-gnu.so
[1.028s] -- Up-to-date: /home/bhadha/pico_ws/install/controller_msg/local/lib/python3.10/dist-packages/controller_msg/controller_msg_s__rosidl_typesupport_introspection_c.cpython-310-x86_64-linux-gnu.so
[1.028s] -- Up-to-date: /home/bhadha/pico_ws/install/controller_msg/local/lib/python3.10/dist-packages/controller_msg/controller_msg_s__rosidl_typesupport_c.cpython-310-x86_64-linux-gnu.so
[1.028s] -- Up-to-date: /home/bhadha/pico_ws/install/controller_msg/lib/libcontroller_msg__rosidl_generator_py.so
[1.028s] -- Up-to-date: /home/bhadha/pico_ws/install/controller_msg/share/ament_index/resource_index/rust_packages/controller_msg
[1.028s] -- Up-to-date: /home/bhadha/pico_ws/install/controller_msg/share/controller_msg/rust
[1.028s] -- Up-to-date: /home/bhadha/pico_ws/install/controller_msg/share/controller_msg/rust/build.rs
[1.028s] -- Up-to-date: /home/bhadha/pico_ws/install/controller_msg/share/controller_msg/rust/src
[1.028s] -- Up-to-date: /home/bhadha/pico_ws/install/controller_msg/share/controller_msg/rust/src/msg
[1.029s] -- Up-to-date: /home/bhadha/pico_ws/install/controller_msg/share/controller_msg/rust/src/msg/rmw.rs
[1.029s] -- Up-to-date: /home/bhadha/pico_ws/install/controller_msg/share/controller_msg/rust/src/lib.rs
[1.029s] -- Up-to-date: /home/bhadha/pico_ws/install/controller_msg/share/controller_msg/rust/src/msg.rs
[1.029s] -- Up-to-date: /home/bhadha/pico_ws/install/controller_msg/share/controller_msg/rust/Cargo.toml
[1.029s] -- Up-to-date: /home/bhadha/pico_ws/install/controller_msg/share/controller_msg/msg/PIDTune.idl
[1.029s] -- Up-to-date: /home/bhadha/pico_ws/install/controller_msg/share/controller_msg/msg/PIDTune.msg
[1.029s] -- Up-to-date: /home/bhadha/pico_ws/install/controller_msg/share/ament_index/resource_index/package_run_dependencies/controller_msg
[1.029s] -- Up-to-date: /home/bhadha/pico_ws/install/controller_msg/share/ament_index/resource_index/parent_prefix_path/controller_msg
[1.029s] -- Up-to-date: /home/bhadha/pico_ws/install/controller_msg/share/controller_msg/environment/ament_prefix_path.sh
[1.029s] -- Up-to-date: /home/bhadha/pico_ws/install/controller_msg/share/controller_msg/environment/ament_prefix_path.dsv
[1.029s] -- Up-to-date: /home/bhadha/pico_ws/install/controller_msg/share/controller_msg/environment/path.sh
[1.030s] -- Up-to-date: /home/bhadha/pico_ws/install/controller_msg/share/controller_msg/environment/path.dsv
[1.030s] -- Up-to-date: /home/bhadha/pico_ws/install/controller_msg/share/controller_msg/local_setup.bash
[1.030s] -- Up-to-date: /home/bhadha/pico_ws/install/controller_msg/share/controller_msg/local_setup.sh
[1.030s] -- Up-to-date: /home/bhadha/pico_ws/install/controller_msg/share/controller_msg/local_setup.zsh
[1.030s] -- Up-to-date: /home/bhadha/pico_ws/install/controller_msg/share/controller_msg/local_setup.dsv
[1.030s] -- Installing: /home/bhadha/pico_ws/install/controller_msg/share/controller_msg/package.dsv
[1.030s] -- Up-to-date: /home/bhadha/pico_ws/install/controller_msg/share/ament_index/resource_index/packages/controller_msg
[1.031s] -- Up-to-date: /home/bhadha/pico_ws/install/controller_msg/share/controller_msg/cmake/export_controller_msg__rosidl_generator_cExport.cmake
[1.031s] -- Up-to-date: /home/bhadha/pico_ws/install/controller_msg/share/controller_msg/cmake/export_controller_msg__rosidl_generator_cExport-noconfig.cmake
[1.031s] -- Up-to-date: /home/bhadha/pico_ws/install/controller_msg/share/controller_msg/cmake/export_controller_msg__rosidl_typesupport_fastrtps_cExport.cmake
[1.031s] -- Up-to-date: /home/bhadha/pico_ws/install/controller_msg/share/controller_msg/cmake/export_controller_msg__rosidl_typesupport_fastrtps_cExport-noconfig.cmake
[1.031s] -- Up-to-date: /home/bhadha/pico_ws/install/controller_msg/share/controller_msg/cmake/export_controller_msg__rosidl_generator_cppExport.cmake
[1.031s] -- Up-to-date: /home/bhadha/pico_ws/install/controller_msg/share/controller_msg/cmake/export_controller_msg__rosidl_typesupport_fastrtps_cppExport.cmake
[1.031s] -- Up-to-date: /home/bhadha/pico_ws/install/controller_msg/share/controller_msg/cmake/export_controller_msg__rosidl_typesupport_fastrtps_cppExport-noconfig.cmake
[1.033s] -- Up-to-date: /home/bhadha/pico_ws/install/controller_msg/share/controller_msg/cmake/controller_msg__rosidl_typesupport_introspection_cExport.cmake
[1.034s] -- Up-to-date: /home/bhadha/pico_ws/install/controller_msg/share/controller_msg/cmake/controller_msg__rosidl_typesupport_introspection_cExport-noconfig.cmake
[1.034s] -- Up-to-date: /home/bhadha/pico_ws/install/controller_msg/share/controller_msg/cmake/controller_msg__rosidl_typesupport_cExport.cmake
[1.034s] -- Up-to-date: /home/bhadha/pico_ws/install/controller_msg/share/controller_msg/cmake/controller_msg__rosidl_typesupport_cExport-noconfig.cmake
[1.034s] -- Up-to-date: /home/bhadha/pico_ws/install/controller_msg/share/controller_msg/cmake/controller_msg__rosidl_typesupport_introspection_cppExport.cmake
[1.034s] -- Up-to-date: /home/bhadha/pico_ws/install/controller_msg/share/controller_msg/cmake/controller_msg__rosidl_typesupport_introspection_cppExport-noconfig.cmake
[1.034s] -- Up-to-date: /home/bhadha/pico_ws/install/controller_msg/share/controller_msg/cmake/controller_msg__rosidl_typesupport_cppExport.cmake
[1.034s] -- Up-to-date: /home/bhadha/pico_ws/install/controller_msg/share/controller_msg/cmake/controller_msg__rosidl_typesupport_cppExport-noconfig.cmake
[1.034s] -- Up-to-date: /home/bhadha/pico_ws/install/controller_msg/share/controller_msg/cmake/export_controller_msg__rosidl_generator_pyExport.cmake
[1.035s] -- Up-to-date: /home/bhadha/pico_ws/install/controller_msg/share/controller_msg/cmake/export_controller_msg__rosidl_generator_pyExport-noconfig.cmake
[1.035s] -- Up-to-date: /home/bhadha/pico_ws/install/controller_msg/share/controller_msg/cmake/rosidl_cmake-extras.cmake
[1.035s] -- Up-to-date: /home/bhadha/pico_ws/install/controller_msg/share/controller_msg/cmake/ament_cmake_export_dependencies-extras.cmake
[1.035s] -- Up-to-date: /home/bhadha/pico_ws/install/controller_msg/share/controller_msg/cmake/ament_cmake_export_include_directories-extras.cmake
[1.035s] -- Up-to-date: /home/bhadha/pico_ws/install/controller_msg/share/controller_msg/cmake/ament_cmake_export_libraries-extras.cmake
[1.035s] -- Up-to-date: /home/bhadha/pico_ws/install/controller_msg/share/controller_msg/cmake/ament_cmake_export_targets-extras.cmake
[1.035s] -- Up-to-date: /home/bhadha/pico_ws/install/controller_msg/share/controller_msg/cmake/rosidl_cmake_export_typesupport_targets-extras.cmake
[1.035s] -- Up-to-date: /home/bhadha/pico_ws/install/controller_msg/share/controller_msg/cmake/rosidl_cmake_export_typesupport_libraries-extras.cmake
[1.035s] -- Up-to-date: /home/bhadha/pico_ws/install/controller_msg/share/controller_msg/cmake/rosidl_cmake_aggregate_target-extras.cmake
[1.035s] -- Up-to-date: /home/bhadha/pico_ws/install/controller_msg/share/controller_msg/cmake/controller_msgConfig.cmake
[1.035s] -- Up-to-date: /home/bhadha/pico_ws/install/controller_msg/share/controller_msg/cmake/controller_msgConfig-version.cmake
[1.036s] -- Up-to-date: /home/bhadha/pico_ws/install/controller_msg/share/controller_msg/package.xml
[1.061s] Invoked command in '/home/bhadha/pico_ws/build/controller_msg' returned '0': CMAKE_PREFIX_PATH=/opt/ros/humble /usr/bin/cmake --install /home/bhadha/pico_ws/build/controller_msg
