[0.018s] Invoking command in '/home/bhadha/pico_ws/build/mav_planning_msgs': AMENT_PREFIX_PATH=/home/bhadha/pico_ws/install/mav_msgs:${AMENT_PREFIX_PATH} CMAKE_PREFIX_PATH=/home/bhadha/pico_ws/install/mav_msgs:/opt/ros/humble LD_LIBRARY_PATH=/home/bhadha/pico_ws/install/mav_msgs/lib:${LD_LIBRARY_PATH} PYTHONPATH=/home/bhadha/pico_ws/install/mav_msgs/local/lib/python3.10/dist-packages:${PYTHONPATH} /usr/bin/cmake --build /home/bhadha/pico_ws/build/mav_planning_msgs -- -j12 -l12
[0.080s] [  1%] [34m[1mGenerating C code for ROS interfaces[0m
[0.094s] [  1%] [34m[1mGenerating C++ code for ROS interfaces[0m
[0.097s] [  2%] [34m[1mGenerating Rust code for ROS interfaces[0m
[0.101s] [  2%] Built target ament_cmake_python_copy_mav_planning_msgs
[0.500s] running egg_info
[0.501s] creating mav_planning_msgs.egg-info
[0.501s] writing mav_planning_msgs.egg-info/PKG-INFO
[0.501s] writing dependency_links to mav_planning_msgs.egg-info/dependency_links.txt
[0.501s] writing top-level names to mav_planning_msgs.egg-info/top_level.txt
[0.502s] writing manifest file 'mav_planning_msgs.egg-info/SOURCES.txt'
[0.504s] reading manifest file 'mav_planning_msgs.egg-info/SOURCES.txt'
[0.505s] writing manifest file 'mav_planning_msgs.egg-info/SOURCES.txt'
[0.545s] [  2%] Built target ament_cmake_python_build_mav_planning_msgs_egg
[1.168s] [  2%] Built target mav_planning_msgs__rs
[1.962s] [  2%] Built target mav_planning_msgs__cpp
[1.994s] [  3%] [34m[1mGenerating C++ type support for eProsima Fast-RTPS[0m
[1.994s] [  4%] [34m[1mGenerating C++ introspection for ROS interfaces[0m
[1.997s] [  5%] [34m[1mGenerating C++ type support dispatch for ROS interfaces[0m
[2.086s] [  6%] [32mBuilding C object CMakeFiles/mav_planning_msgs__rosidl_generator_c.dir/rosidl_generator_c/mav_planning_msgs/msg/detail/point2_d__functions.c.o[0m
[2.086s] [  7%] [32mBuilding C object CMakeFiles/mav_planning_msgs__rosidl_generator_c.dir/rosidl_generator_c/mav_planning_msgs/msg/detail/point_cloud_with_pose__functions.c.o[0m
[2.087s] [  8%] [32mBuilding C object CMakeFiles/mav_planning_msgs__rosidl_generator_c.dir/rosidl_generator_c/mav_planning_msgs/msg/detail/polygon2_d__functions.c.o[0m
[2.087s] [  9%] [32mBuilding C object CMakeFiles/mav_planning_msgs__rosidl_generator_c.dir/rosidl_generator_c/mav_planning_msgs/msg/detail/polygon_with_holes_stamped__functions.c.o[0m
[2.088s] [ 10%] [32mBuilding C object CMakeFiles/mav_planning_msgs__rosidl_generator_c.dir/rosidl_generator_c/mav_planning_msgs/msg/detail/polynomial_segment__functions.c.o[0m
[2.088s] [ 11%] [32mBuilding C object CMakeFiles/mav_planning_msgs__rosidl_generator_c.dir/rosidl_generator_c/mav_planning_msgs/msg/detail/polynomial_segment4_d__functions.c.o[0m
[2.095s] [ 11%] [32mBuilding C object CMakeFiles/mav_planning_msgs__rosidl_generator_c.dir/rosidl_generator_c/mav_planning_msgs/msg/detail/polygon_with_holes__functions.c.o[0m
[2.101s] [ 12%] [32mBuilding C object CMakeFiles/mav_planning_msgs__rosidl_generator_c.dir/rosidl_generator_c/mav_planning_msgs/msg/detail/polynomial_trajectory__functions.c.o[0m
[2.105s] [ 13%] [32mBuilding C object CMakeFiles/mav_planning_msgs__rosidl_generator_c.dir/rosidl_generator_c/mav_planning_msgs/msg/detail/polynomial_trajectory4_d__functions.c.o[0m
[2.261s] [ 13%] [32mBuilding C object CMakeFiles/mav_planning_msgs__rosidl_generator_c.dir/rosidl_generator_c/mav_planning_msgs/srv/detail/planner_service__functions.c.o[0m
[2.264s] [ 14%] [32mBuilding C object CMakeFiles/mav_planning_msgs__rosidl_generator_c.dir/rosidl_generator_c/mav_planning_msgs/srv/detail/polygon_service__functions.c.o[0m
[2.276s] [ 15%] [32mBuilding C object CMakeFiles/mav_planning_msgs__rosidl_generator_c.dir/rosidl_generator_c/mav_planning_msgs/srv/detail/change_name_service__functions.c.o[0m
[2.459s] [ 16%] [32m[1mLinking C shared library libmav_planning_msgs__rosidl_generator_c.so[0m
[2.530s] [ 16%] Built target mav_planning_msgs__rosidl_generator_c
[2.551s] [ 17%] [34m[1mGenerating C type support for eProsima Fast-RTPS[0m
[2.556s] [ 18%] [34m[1mGenerating C introspection for ROS interfaces[0m
[2.557s] [ 19%] [34m[1mGenerating C type support dispatch for ROS interfaces[0m
[3.746s] [ 20%] [32mBuilding CXX object CMakeFiles/mav_planning_msgs__rosidl_typesupport_cpp.dir/rosidl_typesupport_cpp/mav_planning_msgs/msg/point_cloud_with_pose__type_support.cpp.o[0m
[3.746s] [ 20%] [32mBuilding CXX object CMakeFiles/mav_planning_msgs__rosidl_typesupport_cpp.dir/rosidl_typesupport_cpp/mav_planning_msgs/msg/polygon2_d__type_support.cpp.o[0m
[3.748s] [ 21%] [32mBuilding CXX object CMakeFiles/mav_planning_msgs__rosidl_typesupport_cpp.dir/rosidl_typesupport_cpp/mav_planning_msgs/msg/polygon_with_holes_stamped__type_support.cpp.o[0m
[3.758s] [ 22%] [32mBuilding CXX object CMakeFiles/mav_planning_msgs__rosidl_typesupport_cpp.dir/rosidl_typesupport_cpp/mav_planning_msgs/msg/polygon_with_holes__type_support.cpp.o[0m
[3.759s] [ 23%] [32mBuilding CXX object CMakeFiles/mav_planning_msgs__rosidl_typesupport_cpp.dir/rosidl_typesupport_cpp/mav_planning_msgs/msg/point2_d__type_support.cpp.o[0m
[3.762s] [ 24%] [32mBuilding CXX object CMakeFiles/mav_planning_msgs__rosidl_typesupport_cpp.dir/rosidl_typesupport_cpp/mav_planning_msgs/msg/polynomial_segment__type_support.cpp.o[0m
[3.776s] [ 25%] [32mBuilding CXX object CMakeFiles/mav_planning_msgs__rosidl_typesupport_cpp.dir/rosidl_typesupport_cpp/mav_planning_msgs/msg/polynomial_segment4_d__type_support.cpp.o[0m
[4.678s] [ 26%] [32mBuilding CXX object CMakeFiles/mav_planning_msgs__rosidl_typesupport_cpp.dir/rosidl_typesupport_cpp/mav_planning_msgs/msg/polynomial_trajectory__type_support.cpp.o[0m
[4.688s] [ 26%] [32mBuilding CXX object CMakeFiles/mav_planning_msgs__rosidl_typesupport_cpp.dir/rosidl_typesupport_cpp/mav_planning_msgs/msg/polynomial_trajectory4_d__type_support.cpp.o[0m
[4.752s] [ 27%] [32mBuilding CXX object CMakeFiles/mav_planning_msgs__rosidl_typesupport_cpp.dir/rosidl_typesupport_cpp/mav_planning_msgs/srv/planner_service__type_support.cpp.o[0m
[4.884s] [ 28%] [32mBuilding CXX object CMakeFiles/mav_planning_msgs__rosidl_typesupport_cpp.dir/rosidl_typesupport_cpp/mav_planning_msgs/srv/polygon_service__type_support.cpp.o[0m
[5.068s] [ 29%] [32mBuilding CXX object CMakeFiles/mav_planning_msgs__rosidl_typesupport_cpp.dir/rosidl_typesupport_cpp/mav_planning_msgs/srv/change_name_service__type_support.cpp.o[0m
[5.294s] [ 29%] [32mBuilding CXX object CMakeFiles/mav_planning_msgs__rosidl_typesupport_fastrtps_cpp.dir/rosidl_typesupport_fastrtps_cpp/mav_planning_msgs/msg/detail/dds_fastrtps/polygon2_d__type_support.cpp.o[0m
[5.311s] [ 30%] [32mBuilding CXX object CMakeFiles/mav_planning_msgs__rosidl_typesupport_fastrtps_cpp.dir/rosidl_typesupport_fastrtps_cpp/mav_planning_msgs/msg/detail/dds_fastrtps/point2_d__type_support.cpp.o[0m
[5.318s] [ 31%] [32mBuilding CXX object CMakeFiles/mav_planning_msgs__rosidl_typesupport_fastrtps_cpp.dir/rosidl_typesupport_fastrtps_cpp/mav_planning_msgs/msg/detail/dds_fastrtps/point_cloud_with_pose__type_support.cpp.o[0m
[5.593s] [ 32%] [32mBuilding CXX object CMakeFiles/mav_planning_msgs__rosidl_typesupport_fastrtps_cpp.dir/rosidl_typesupport_fastrtps_cpp/mav_planning_msgs/msg/detail/dds_fastrtps/polygon_with_holes__type_support.cpp.o[0m
[5.665s] [ 33%] [32mBuilding CXX object CMakeFiles/mav_planning_msgs__rosidl_typesupport_fastrtps_cpp.dir/rosidl_typesupport_fastrtps_cpp/mav_planning_msgs/msg/detail/dds_fastrtps/polygon_with_holes_stamped__type_support.cpp.o[0m
[5.902s] [ 34%] [32mBuilding CXX object CMakeFiles/mav_planning_msgs__rosidl_typesupport_fastrtps_cpp.dir/rosidl_typesupport_fastrtps_cpp/mav_planning_msgs/msg/detail/dds_fastrtps/polynomial_segment4_d__type_support.cpp.o[0m
[5.904s] [ 35%] [32mBuilding CXX object CMakeFiles/mav_planning_msgs__rosidl_typesupport_fastrtps_cpp.dir/rosidl_typesupport_fastrtps_cpp/mav_planning_msgs/msg/detail/dds_fastrtps/polynomial_segment__type_support.cpp.o[0m
[5.938s] [ 36%] [32mBuilding CXX object CMakeFiles/mav_planning_msgs__rosidl_typesupport_introspection_cpp.dir/rosidl_typesupport_introspection_cpp/mav_planning_msgs/msg/detail/point2_d__type_support.cpp.o[0m
[6.110s] [ 36%] [32mBuilding CXX object CMakeFiles/mav_planning_msgs__rosidl_typesupport_c.dir/rosidl_typesupport_c/mav_planning_msgs/msg/point2_d__type_support.cpp.o[0m
[6.245s] [ 37%] [32mBuilding CXX object CMakeFiles/mav_planning_msgs__rosidl_typesupport_c.dir/rosidl_typesupport_c/mav_planning_msgs/msg/point_cloud_with_pose__type_support.cpp.o[0m
[6.274s] [ 38%] [32m[1mLinking CXX shared library libmav_planning_msgs__rosidl_typesupport_cpp.so[0m
[6.347s] [ 39%] [32mBuilding CXX object CMakeFiles/mav_planning_msgs__rosidl_typesupport_c.dir/rosidl_typesupport_c/mav_planning_msgs/msg/polygon2_d__type_support.cpp.o[0m
[6.396s] [ 39%] Built target mav_planning_msgs__rosidl_typesupport_cpp
[6.413s] [ 40%] [32mBuilding CXX object CMakeFiles/mav_planning_msgs__rosidl_typesupport_c.dir/rosidl_typesupport_c/mav_planning_msgs/msg/polygon_with_holes__type_support.cpp.o[0m
[6.438s] [ 41%] [32mBuilding CXX object CMakeFiles/mav_planning_msgs__rosidl_typesupport_introspection_cpp.dir/rosidl_typesupport_introspection_cpp/mav_planning_msgs/msg/detail/point_cloud_with_pose__type_support.cpp.o[0m
[6.512s] [ 42%] [32mBuilding CXX object CMakeFiles/mav_planning_msgs__rosidl_typesupport_c.dir/rosidl_typesupport_c/mav_planning_msgs/msg/polygon_with_holes_stamped__type_support.cpp.o[0m
[6.614s] [ 43%] [32mBuilding CXX object CMakeFiles/mav_planning_msgs__rosidl_typesupport_c.dir/rosidl_typesupport_c/mav_planning_msgs/msg/polynomial_segment__type_support.cpp.o[0m
[6.739s] [ 43%] [32mBuilding CXX object CMakeFiles/mav_planning_msgs__rosidl_typesupport_c.dir/rosidl_typesupport_c/mav_planning_msgs/msg/polynomial_segment4_d__type_support.cpp.o[0m
[6.840s] [ 44%] [32mBuilding CXX object CMakeFiles/mav_planning_msgs__rosidl_typesupport_c.dir/rosidl_typesupport_c/mav_planning_msgs/msg/polynomial_trajectory__type_support.cpp.o[0m
[6.860s] [ 45%] [32mBuilding CXX object CMakeFiles/mav_planning_msgs__rosidl_typesupport_c.dir/rosidl_typesupport_c/mav_planning_msgs/msg/polynomial_trajectory4_d__type_support.cpp.o[0m
[6.876s] [ 45%] [32mBuilding CXX object CMakeFiles/mav_planning_msgs__rosidl_typesupport_introspection_cpp.dir/rosidl_typesupport_introspection_cpp/mav_planning_msgs/msg/detail/polygon2_d__type_support.cpp.o[0m
[6.899s] [ 46%] [32mBuilding CXX object CMakeFiles/mav_planning_msgs__rosidl_typesupport_c.dir/rosidl_typesupport_c/mav_planning_msgs/srv/planner_service__type_support.cpp.o[0m
[6.978s] [ 47%] [32mBuilding CXX object CMakeFiles/mav_planning_msgs__rosidl_typesupport_fastrtps_cpp.dir/rosidl_typesupport_fastrtps_cpp/mav_planning_msgs/msg/detail/dds_fastrtps/polynomial_trajectory__type_support.cpp.o[0m
[7.097s] [ 48%] [32mBuilding CXX object CMakeFiles/mav_planning_msgs__rosidl_typesupport_c.dir/rosidl_typesupport_c/mav_planning_msgs/srv/polygon_service__type_support.cpp.o[0m
[7.098s] [ 48%] [32mBuilding CXX object CMakeFiles/mav_planning_msgs__rosidl_typesupport_fastrtps_cpp.dir/rosidl_typesupport_fastrtps_cpp/mav_planning_msgs/msg/detail/dds_fastrtps/polynomial_trajectory4_d__type_support.cpp.o[0m
[7.160s] [ 49%] [32mBuilding CXX object CMakeFiles/mav_planning_msgs__rosidl_typesupport_c.dir/rosidl_typesupport_c/mav_planning_msgs/srv/change_name_service__type_support.cpp.o[0m
[7.210s] [ 50%] [32mBuilding CXX object CMakeFiles/mav_planning_msgs__rosidl_typesupport_fastrtps_cpp.dir/rosidl_typesupport_fastrtps_cpp/mav_planning_msgs/srv/detail/dds_fastrtps/planner_service__type_support.cpp.o[0m
[7.219s] [ 51%] [32mBuilding CXX object CMakeFiles/mav_planning_msgs__rosidl_typesupport_introspection_cpp.dir/rosidl_typesupport_introspection_cpp/mav_planning_msgs/msg/detail/polygon_with_holes__type_support.cpp.o[0m
[7.336s] [ 51%] [32m[1mLinking CXX shared library libmav_planning_msgs__rosidl_typesupport_c.so[0m
[7.410s] [ 52%] [32mBuilding CXX object CMakeFiles/mav_planning_msgs__rosidl_typesupport_introspection_cpp.dir/rosidl_typesupport_introspection_cpp/mav_planning_msgs/msg/detail/polygon_with_holes_stamped__type_support.cpp.o[0m
[7.490s] [ 53%] [32mBuilding CXX object CMakeFiles/mav_planning_msgs__rosidl_typesupport_fastrtps_cpp.dir/rosidl_typesupport_fastrtps_cpp/mav_planning_msgs/srv/detail/dds_fastrtps/polygon_service__type_support.cpp.o[0m
[7.540s] [ 53%] Built target mav_planning_msgs__rosidl_typesupport_c
[7.549s] [ 54%] [32mBuilding CXX object CMakeFiles/mav_planning_msgs__rosidl_typesupport_introspection_cpp.dir/rosidl_typesupport_introspection_cpp/mav_planning_msgs/msg/detail/polynomial_segment__type_support.cpp.o[0m
[7.573s] [ 55%] [32mBuilding CXX object CMakeFiles/mav_planning_msgs__rosidl_typesupport_introspection_cpp.dir/rosidl_typesupport_introspection_cpp/mav_planning_msgs/msg/detail/polynomial_segment4_d__type_support.cpp.o[0m
[7.624s] [ 55%] [32mBuilding C object CMakeFiles/mav_planning_msgs__rosidl_typesupport_introspection_c.dir/rosidl_typesupport_introspection_c/mav_planning_msgs/msg/detail/point2_d__type_support.c.o[0m
[7.853s] [ 56%] [32mBuilding C object CMakeFiles/mav_planning_msgs__rosidl_typesupport_introspection_c.dir/rosidl_typesupport_introspection_c/mav_planning_msgs/msg/detail/point_cloud_with_pose__type_support.c.o[0m
[7.891s] [ 57%] [32mBuilding C object CMakeFiles/mav_planning_msgs__rosidl_typesupport_introspection_c.dir/rosidl_typesupport_introspection_c/mav_planning_msgs/msg/detail/polygon2_d__type_support.c.o[0m
[8.074s] [ 58%] [32mBuilding CXX object CMakeFiles/mav_planning_msgs__rosidl_typesupport_introspection_cpp.dir/rosidl_typesupport_introspection_cpp/mav_planning_msgs/msg/detail/polynomial_trajectory__type_support.cpp.o[0m
[8.117s] [ 58%] [32mBuilding CXX object CMakeFiles/mav_planning_msgs__rosidl_typesupport_fastrtps_c.dir/rosidl_typesupport_fastrtps_c/mav_planning_msgs/msg/detail/point2_d__type_support_c.cpp.o[0m
[8.130s] [ 59%] [32mBuilding C object CMakeFiles/mav_planning_msgs__rosidl_typesupport_introspection_c.dir/rosidl_typesupport_introspection_c/mav_planning_msgs/msg/detail/polygon_with_holes__type_support.c.o[0m
[8.312s] [ 60%] [32mBuilding C object CMakeFiles/mav_planning_msgs__rosidl_typesupport_introspection_c.dir/rosidl_typesupport_introspection_c/mav_planning_msgs/msg/detail/polygon_with_holes_stamped__type_support.c.o[0m
[8.388s] [ 61%] [32mBuilding CXX object CMakeFiles/mav_planning_msgs__rosidl_typesupport_fastrtps_cpp.dir/rosidl_typesupport_fastrtps_cpp/mav_planning_msgs/srv/detail/dds_fastrtps/change_name_service__type_support.cpp.o[0m
[8.452s] [ 62%] [32mBuilding C object CMakeFiles/mav_planning_msgs__rosidl_typesupport_introspection_c.dir/rosidl_typesupport_introspection_c/mav_planning_msgs/msg/detail/polynomial_segment__type_support.c.o[0m
[8.671s] [ 63%] [32mBuilding CXX object CMakeFiles/mav_planning_msgs__rosidl_typesupport_fastrtps_c.dir/rosidl_typesupport_fastrtps_c/mav_planning_msgs/msg/detail/point_cloud_with_pose__type_support_c.cpp.o[0m
[8.737s] [ 64%] [32mBuilding CXX object CMakeFiles/mav_planning_msgs__rosidl_typesupport_fastrtps_c.dir/rosidl_typesupport_fastrtps_c/mav_planning_msgs/msg/detail/polygon2_d__type_support_c.cpp.o[0m
[8.785s] [ 64%] [32mBuilding C object CMakeFiles/mav_planning_msgs__rosidl_typesupport_introspection_c.dir/rosidl_typesupport_introspection_c/mav_planning_msgs/msg/detail/polynomial_segment4_d__type_support.c.o[0m
[8.840s] [ 65%] [32mBuilding CXX object CMakeFiles/mav_planning_msgs__rosidl_typesupport_fastrtps_c.dir/rosidl_typesupport_fastrtps_c/mav_planning_msgs/msg/detail/polygon_with_holes__type_support_c.cpp.o[0m
[8.953s] [ 66%] [32mBuilding C object CMakeFiles/mav_planning_msgs__rosidl_typesupport_introspection_c.dir/rosidl_typesupport_introspection_c/mav_planning_msgs/msg/detail/polynomial_trajectory__type_support.c.o[0m
[8.997s] [ 67%] [32mBuilding CXX object CMakeFiles/mav_planning_msgs__rosidl_typesupport_fastrtps_c.dir/rosidl_typesupport_fastrtps_c/mav_planning_msgs/msg/detail/polynomial_segment__type_support_c.cpp.o[0m
[9.016s] [ 68%] [32mBuilding CXX object CMakeFiles/mav_planning_msgs__rosidl_typesupport_fastrtps_c.dir/rosidl_typesupport_fastrtps_c/mav_planning_msgs/msg/detail/polygon_with_holes_stamped__type_support_c.cpp.o[0m
[9.038s] [ 69%] [32mBuilding C object CMakeFiles/mav_planning_msgs__rosidl_typesupport_introspection_c.dir/rosidl_typesupport_introspection_c/mav_planning_msgs/msg/detail/polynomial_trajectory4_d__type_support.c.o[0m
[9.095s] [ 70%] [32mBuilding C object CMakeFiles/mav_planning_msgs__rosidl_typesupport_introspection_c.dir/rosidl_typesupport_introspection_c/mav_planning_msgs/srv/detail/planner_service__type_support.c.o[0m
[9.203s] [ 70%] [32mBuilding CXX object CMakeFiles/mav_planning_msgs__rosidl_typesupport_fastrtps_c.dir/rosidl_typesupport_fastrtps_c/mav_planning_msgs/msg/detail/polynomial_segment4_d__type_support_c.cpp.o[0m
[9.228s] [ 71%] [32mBuilding CXX object CMakeFiles/mav_planning_msgs__rosidl_typesupport_fastrtps_c.dir/rosidl_typesupport_fastrtps_c/mav_planning_msgs/msg/detail/polynomial_trajectory__type_support_c.cpp.o[0m
[9.231s] [ 71%] [32mBuilding CXX object CMakeFiles/mav_planning_msgs__rosidl_typesupport_introspection_cpp.dir/rosidl_typesupport_introspection_cpp/mav_planning_msgs/msg/detail/polynomial_trajectory4_d__type_support.cpp.o[0m
[9.387s] [ 72%] [32mBuilding C object CMakeFiles/mav_planning_msgs__rosidl_typesupport_introspection_c.dir/rosidl_typesupport_introspection_c/mav_planning_msgs/srv/detail/polygon_service__type_support.c.o[0m
[9.614s] [ 73%] [32mBuilding CXX object CMakeFiles/mav_planning_msgs__rosidl_typesupport_introspection_cpp.dir/rosidl_typesupport_introspection_cpp/mav_planning_msgs/srv/detail/planner_service__type_support.cpp.o[0m
[9.632s] [ 74%] [32mBuilding C object CMakeFiles/mav_planning_msgs__rosidl_typesupport_introspection_c.dir/rosidl_typesupport_introspection_c/mav_planning_msgs/srv/detail/change_name_service__type_support.c.o[0m
[9.764s] [ 75%] [32mBuilding CXX object CMakeFiles/mav_planning_msgs__rosidl_typesupport_fastrtps_c.dir/rosidl_typesupport_fastrtps_c/mav_planning_msgs/msg/detail/polynomial_trajectory4_d__type_support_c.cpp.o[0m
[9.776s] [ 75%] [32m[1mLinking C shared library libmav_planning_msgs__rosidl_typesupport_introspection_c.so[0m
[9.797s] [ 76%] [32mBuilding CXX object CMakeFiles/mav_planning_msgs__rosidl_typesupport_fastrtps_c.dir/rosidl_typesupport_fastrtps_c/mav_planning_msgs/srv/detail/planner_service__type_support_c.cpp.o[0m
[9.881s] [ 76%] Built target mav_planning_msgs__rosidl_typesupport_introspection_c
[9.905s] [ 77%] [32mBuilding CXX object CMakeFiles/mav_planning_msgs__rosidl_typesupport_introspection_cpp.dir/rosidl_typesupport_introspection_cpp/mav_planning_msgs/srv/detail/polygon_service__type_support.cpp.o[0m
[10.047s] [ 78%] [32m[1mLinking CXX shared library libmav_planning_msgs__rosidl_typesupport_fastrtps_cpp.so[0m
[10.066s] [ 79%] [32mBuilding CXX object CMakeFiles/mav_planning_msgs__rosidl_typesupport_introspection_cpp.dir/rosidl_typesupport_introspection_cpp/mav_planning_msgs/srv/detail/change_name_service__type_support.cpp.o[0m
[10.308s] [ 79%] Built target mav_planning_msgs__rosidl_typesupport_fastrtps_cpp
[10.327s] [ 80%] [32mBuilding CXX object CMakeFiles/mav_planning_msgs__rosidl_typesupport_fastrtps_c.dir/rosidl_typesupport_fastrtps_c/mav_planning_msgs/srv/detail/polygon_service__type_support_c.cpp.o[0m
[10.356s] [ 81%] [32mBuilding CXX object CMakeFiles/mav_planning_msgs__rosidl_typesupport_fastrtps_c.dir/rosidl_typesupport_fastrtps_c/mav_planning_msgs/srv/detail/change_name_service__type_support_c.cpp.o[0m
[11.231s] [ 82%] [32m[1mLinking CXX shared library libmav_planning_msgs__rosidl_typesupport_introspection_cpp.so[0m
[11.317s] [ 82%] [32m[1mLinking CXX shared library libmav_planning_msgs__rosidl_typesupport_fastrtps_c.so[0m
[11.362s] [ 82%] Built target mav_planning_msgs__rosidl_typesupport_introspection_cpp
[11.422s] [ 82%] Built target mav_planning_msgs__rosidl_typesupport_fastrtps_c
[11.445s] [ 82%] Built target mav_planning_msgs
[11.470s] [ 83%] [34m[1mGenerating Python code for ROS interfaces[0m
[13.817s] [ 83%] Built target mav_planning_msgs__py
[13.846s] [ 84%] [32mBuilding C object CMakeFiles/mav_planning_msgs__rosidl_generator_py.dir/rosidl_generator_py/mav_planning_msgs/msg/_point_cloud_with_pose_s.c.o[0m
[13.848s] [ 84%] [32mBuilding C object CMakeFiles/mav_planning_msgs__rosidl_generator_py.dir/rosidl_generator_py/mav_planning_msgs/msg/_polygon2_d_s.c.o[0m
[13.849s] [ 85%] [32mBuilding C object CMakeFiles/mav_planning_msgs__rosidl_generator_py.dir/rosidl_generator_py/mav_planning_msgs/msg/_polygon_with_holes_stamped_s.c.o[0m
[13.849s] [ 87%] [32mBuilding C object CMakeFiles/mav_planning_msgs__rosidl_generator_py.dir/rosidl_generator_py/mav_planning_msgs/msg/_polynomial_trajectory_s.c.o[0m
[13.849s] [ 87%] [32mBuilding C object CMakeFiles/mav_planning_msgs__rosidl_generator_py.dir/rosidl_generator_py/mav_planning_msgs/msg/_polynomial_segment4_d_s.c.o[0m
[13.849s] [ 87%] [32mBuilding C object CMakeFiles/mav_planning_msgs__rosidl_generator_py.dir/rosidl_generator_py/mav_planning_msgs/msg/_polynomial_trajectory4_d_s.c.o[0m
[13.852s] [ 88%] [32mBuilding C object CMakeFiles/mav_planning_msgs__rosidl_generator_py.dir/rosidl_generator_py/mav_planning_msgs/msg/_point2_d_s.c.o[0m
[13.861s] [ 89%] [32mBuilding C object CMakeFiles/mav_planning_msgs__rosidl_generator_py.dir/rosidl_generator_py/mav_planning_msgs/msg/_polynomial_segment_s.c.o[0m
[13.861s] [ 90%] [32mBuilding C object CMakeFiles/mav_planning_msgs__rosidl_generator_py.dir/rosidl_generator_py/mav_planning_msgs/msg/_polygon_with_holes_s.c.o[0m
[13.861s] [ 91%] [32mBuilding C object CMakeFiles/mav_planning_msgs__rosidl_generator_py.dir/rosidl_generator_py/mav_planning_msgs/srv/_planner_service_s.c.o[0m
[13.862s] [ 92%] [32mBuilding C object CMakeFiles/mav_planning_msgs__rosidl_generator_py.dir/rosidl_generator_py/mav_planning_msgs/srv/_change_name_service_s.c.o[0m
[13.862s] [ 93%] [32mBuilding C object CMakeFiles/mav_planning_msgs__rosidl_generator_py.dir/rosidl_generator_py/mav_planning_msgs/srv/_polygon_service_s.c.o[0m
[14.413s] [ 94%] [32m[1mLinking C shared library rosidl_generator_py/mav_planning_msgs/libmav_planning_msgs__rosidl_generator_py.so[0m
[14.473s] [ 94%] Built target mav_planning_msgs__rosidl_generator_py
[14.497s] [ 97%] [32mBuilding C object CMakeFiles/mav_planning_msgs__rosidl_typesupport_introspection_c__pyext.dir/rosidl_generator_py/mav_planning_msgs/_mav_planning_msgs_s.ep.rosidl_typesupport_introspection_c.c.o[0m
[14.497s] [ 97%] [32mBuilding C object CMakeFiles/mav_planning_msgs__rosidl_typesupport_fastrtps_c__pyext.dir/rosidl_generator_py/mav_planning_msgs/_mav_planning_msgs_s.ep.rosidl_typesupport_fastrtps_c.c.o[0m
[14.498s] [ 97%] [32mBuilding C object CMakeFiles/mav_planning_msgs__rosidl_typesupport_c__pyext.dir/rosidl_generator_py/mav_planning_msgs/_mav_planning_msgs_s.ep.rosidl_typesupport_c.c.o[0m
[14.717s] [ 99%] [32m[1mLinking C shared library rosidl_generator_py/mav_planning_msgs/mav_planning_msgs_s__rosidl_typesupport_introspection_c.cpython-310-x86_64-linux-gnu.so[0m
[14.717s] [100%] [32m[1mLinking C shared library rosidl_generator_py/mav_planning_msgs/mav_planning_msgs_s__rosidl_typesupport_c.cpython-310-x86_64-linux-gnu.so[0m
[14.717s] [100%] [32m[1mLinking C shared library rosidl_generator_py/mav_planning_msgs/mav_planning_msgs_s__rosidl_typesupport_fastrtps_c.cpython-310-x86_64-linux-gnu.so[0m
[14.791s] [100%] Built target mav_planning_msgs__rosidl_typesupport_c__pyext
[14.791s] [100%] Built target mav_planning_msgs__rosidl_typesupport_introspection_c__pyext
[14.792s] [100%] Built target mav_planning_msgs__rosidl_typesupport_fastrtps_c__pyext
[14.810s] Invoked command in '/home/bhadha/pico_ws/build/mav_planning_msgs' returned '0': AMENT_PREFIX_PATH=/home/bhadha/pico_ws/install/mav_msgs:${AMENT_PREFIX_PATH} CMAKE_PREFIX_PATH=/home/bhadha/pico_ws/install/mav_msgs:/opt/ros/humble LD_LIBRARY_PATH=/home/bhadha/pico_ws/install/mav_msgs/lib:${LD_LIBRARY_PATH} PYTHONPATH=/home/bhadha/pico_ws/install/mav_msgs/local/lib/python3.10/dist-packages:${PYTHONPATH} /usr/bin/cmake --build /home/bhadha/pico_ws/build/mav_planning_msgs -- -j12 -l12
[14.812s] Invoking command in '/home/bhadha/pico_ws/build/mav_planning_msgs': AMENT_PREFIX_PATH=/home/bhadha/pico_ws/install/mav_msgs:${AMENT_PREFIX_PATH} CMAKE_PREFIX_PATH=/home/bhadha/pico_ws/install/mav_msgs:/opt/ros/humble LD_LIBRARY_PATH=/home/bhadha/pico_ws/install/mav_msgs/lib:${LD_LIBRARY_PATH} PYTHONPATH=/home/bhadha/pico_ws/install/mav_msgs/local/lib/python3.10/dist-packages:${PYTHONPATH} /usr/bin/cmake --install /home/bhadha/pico_ws/build/mav_planning_msgs
[14.824s] -- Install configuration: ""
[14.824s] -- Installing: /home/bhadha/pico_ws/install/mav_planning_msgs/share/ament_index/resource_index/rosidl_interfaces/mav_planning_msgs
[14.824s] -- Installing: /home/bhadha/pico_ws/install/mav_planning_msgs/include/mav_planning_msgs/mav_planning_msgs
[14.824s] -- Installing: /home/bhadha/pico_ws/install/mav_planning_msgs/include/mav_planning_msgs/mav_planning_msgs/msg
[14.824s] -- Installing: /home/bhadha/pico_ws/install/mav_planning_msgs/include/mav_planning_msgs/mav_planning_msgs/msg/detail
[14.824s] -- Installing: /home/bhadha/pico_ws/install/mav_planning_msgs/include/mav_planning_msgs/mav_planning_msgs/msg/detail/polygon_with_holes__struct.h
[14.825s] -- Installing: /home/bhadha/pico_ws/install/mav_planning_msgs/include/mav_planning_msgs/mav_planning_msgs/msg/detail/point_cloud_with_pose__functions.h
[14.825s] -- Installing: /home/bhadha/pico_ws/install/mav_planning_msgs/include/mav_planning_msgs/mav_planning_msgs/msg/detail/point2_d__functions.h
[14.825s] -- Installing: /home/bhadha/pico_ws/install/mav_planning_msgs/include/mav_planning_msgs/mav_planning_msgs/msg/detail/polygon_with_holes__type_support.h
[14.825s] -- Installing: /home/bhadha/pico_ws/install/mav_planning_msgs/include/mav_planning_msgs/mav_planning_msgs/msg/detail/polygon_with_holes_stamped__functions.c
[14.825s] -- Installing: /home/bhadha/pico_ws/install/mav_planning_msgs/include/mav_planning_msgs/mav_planning_msgs/msg/detail/polygon_with_holes_stamped__type_support.h
[14.825s] -- Installing: /home/bhadha/pico_ws/install/mav_planning_msgs/include/mav_planning_msgs/mav_planning_msgs/msg/detail/polygon2_d__functions.h
[14.825s] -- Installing: /home/bhadha/pico_ws/install/mav_planning_msgs/include/mav_planning_msgs/mav_planning_msgs/msg/detail/polynomial_trajectory__type_support.h
[14.825s] -- Installing: /home/bhadha/pico_ws/install/mav_planning_msgs/include/mav_planning_msgs/mav_planning_msgs/msg/detail/polynomial_segment4_d__functions.c
[14.826s] -- Installing: /home/bhadha/pico_ws/install/mav_planning_msgs/include/mav_planning_msgs/mav_planning_msgs/msg/detail/polygon2_d__struct.h
[14.826s] -- Installing: /home/bhadha/pico_ws/install/mav_planning_msgs/include/mav_planning_msgs/mav_planning_msgs/msg/detail/polynomial_segment__functions.c
[14.826s] -- Installing: /home/bhadha/pico_ws/install/mav_planning_msgs/include/mav_planning_msgs/mav_planning_msgs/msg/detail/polynomial_segment__struct.h
[14.826s] -- Installing: /home/bhadha/pico_ws/install/mav_planning_msgs/include/mav_planning_msgs/mav_planning_msgs/msg/detail/point2_d__struct.h
[14.826s] -- Installing: /home/bhadha/pico_ws/install/mav_planning_msgs/include/mav_planning_msgs/mav_planning_msgs/msg/detail/polynomial_segment__type_support.h
[14.826s] -- Installing: /home/bhadha/pico_ws/install/mav_planning_msgs/include/mav_planning_msgs/mav_planning_msgs/msg/detail/polynomial_segment4_d__struct.h
[14.826s] -- Installing: /home/bhadha/pico_ws/install/mav_planning_msgs/include/mav_planning_msgs/mav_planning_msgs/msg/detail/polygon2_d__functions.c
[14.826s] -- Installing: /home/bhadha/pico_ws/install/mav_planning_msgs/include/mav_planning_msgs/mav_planning_msgs/msg/detail/point_cloud_with_pose__type_support.h
[14.826s] -- Installing: /home/bhadha/pico_ws/install/mav_planning_msgs/include/mav_planning_msgs/mav_planning_msgs/msg/detail/point2_d__type_support.h
[14.827s] -- Installing: /home/bhadha/pico_ws/install/mav_planning_msgs/include/mav_planning_msgs/mav_planning_msgs/msg/detail/point2_d__functions.c
[14.827s] -- Installing: /home/bhadha/pico_ws/install/mav_planning_msgs/include/mav_planning_msgs/mav_planning_msgs/msg/detail/polygon2_d__type_support.h
[14.827s] -- Installing: /home/bhadha/pico_ws/install/mav_planning_msgs/include/mav_planning_msgs/mav_planning_msgs/msg/detail/polygon_with_holes_stamped__struct.h
[14.827s] -- Installing: /home/bhadha/pico_ws/install/mav_planning_msgs/include/mav_planning_msgs/mav_planning_msgs/msg/detail/polygon_with_holes__functions.h
[14.827s] -- Installing: /home/bhadha/pico_ws/install/mav_planning_msgs/include/mav_planning_msgs/mav_planning_msgs/msg/detail/polynomial_trajectory__struct.h
[14.827s] -- Installing: /home/bhadha/pico_ws/install/mav_planning_msgs/include/mav_planning_msgs/mav_planning_msgs/msg/detail/polynomial_trajectory4_d__struct.h
[14.827s] -- Installing: /home/bhadha/pico_ws/install/mav_planning_msgs/include/mav_planning_msgs/mav_planning_msgs/msg/detail/polynomial_trajectory4_d__functions.h
[14.827s] -- Installing: /home/bhadha/pico_ws/install/mav_planning_msgs/include/mav_planning_msgs/mav_planning_msgs/msg/detail/polygon_with_holes_stamped__functions.h
[14.827s] -- Installing: /home/bhadha/pico_ws/install/mav_planning_msgs/include/mav_planning_msgs/mav_planning_msgs/msg/detail/polynomial_trajectory__functions.c
[14.827s] -- Installing: /home/bhadha/pico_ws/install/mav_planning_msgs/include/mav_planning_msgs/mav_planning_msgs/msg/detail/point_cloud_with_pose__functions.c
[14.828s] -- Installing: /home/bhadha/pico_ws/install/mav_planning_msgs/include/mav_planning_msgs/mav_planning_msgs/msg/detail/polynomial_segment__functions.h
[14.828s] -- Installing: /home/bhadha/pico_ws/install/mav_planning_msgs/include/mav_planning_msgs/mav_planning_msgs/msg/detail/point_cloud_with_pose__struct.h
[14.828s] -- Installing: /home/bhadha/pico_ws/install/mav_planning_msgs/include/mav_planning_msgs/mav_planning_msgs/msg/detail/polynomial_segment4_d__type_support.h
[14.828s] -- Installing: /home/bhadha/pico_ws/install/mav_planning_msgs/include/mav_planning_msgs/mav_planning_msgs/msg/detail/polynomial_trajectory4_d__type_support.h
[14.828s] -- Installing: /home/bhadha/pico_ws/install/mav_planning_msgs/include/mav_planning_msgs/mav_planning_msgs/msg/detail/polygon_with_holes__functions.c
[14.828s] -- Installing: /home/bhadha/pico_ws/install/mav_planning_msgs/include/mav_planning_msgs/mav_planning_msgs/msg/detail/polynomial_segment4_d__functions.h
[14.828s] -- Installing: /home/bhadha/pico_ws/install/mav_planning_msgs/include/mav_planning_msgs/mav_planning_msgs/msg/detail/polynomial_trajectory4_d__functions.c
[14.828s] -- Installing: /home/bhadha/pico_ws/install/mav_planning_msgs/include/mav_planning_msgs/mav_planning_msgs/msg/detail/polynomial_trajectory__functions.h
[14.828s] -- Installing: /home/bhadha/pico_ws/install/mav_planning_msgs/include/mav_planning_msgs/mav_planning_msgs/msg/polygon_with_holes_stamped.h
[14.828s] -- Installing: /home/bhadha/pico_ws/install/mav_planning_msgs/include/mav_planning_msgs/mav_planning_msgs/msg/rosidl_generator_c__visibility_control.h
[14.828s] -- Installing: /home/bhadha/pico_ws/install/mav_planning_msgs/include/mav_planning_msgs/mav_planning_msgs/msg/polynomial_segment.h
[14.829s] -- Installing: /home/bhadha/pico_ws/install/mav_planning_msgs/include/mav_planning_msgs/mav_planning_msgs/msg/point2_d.h
[14.829s] -- Installing: /home/bhadha/pico_ws/install/mav_planning_msgs/include/mav_planning_msgs/mav_planning_msgs/msg/polygon_with_holes.h
[14.829s] -- Installing: /home/bhadha/pico_ws/install/mav_planning_msgs/include/mav_planning_msgs/mav_planning_msgs/msg/polynomial_segment4_d.h
[14.829s] -- Installing: /home/bhadha/pico_ws/install/mav_planning_msgs/include/mav_planning_msgs/mav_planning_msgs/msg/polynomial_trajectory.h
[14.829s] -- Installing: /home/bhadha/pico_ws/install/mav_planning_msgs/include/mav_planning_msgs/mav_planning_msgs/msg/polynomial_trajectory4_d.h
[14.829s] -- Installing: /home/bhadha/pico_ws/install/mav_planning_msgs/include/mav_planning_msgs/mav_planning_msgs/msg/point_cloud_with_pose.h
[14.829s] -- Installing: /home/bhadha/pico_ws/install/mav_planning_msgs/include/mav_planning_msgs/mav_planning_msgs/msg/polygon2_d.h
[14.829s] -- Installing: /home/bhadha/pico_ws/install/mav_planning_msgs/include/mav_planning_msgs/mav_planning_msgs/srv
[14.829s] -- Installing: /home/bhadha/pico_ws/install/mav_planning_msgs/include/mav_planning_msgs/mav_planning_msgs/srv/polygon_service.h
[14.829s] -- Installing: /home/bhadha/pico_ws/install/mav_planning_msgs/include/mav_planning_msgs/mav_planning_msgs/srv/detail
[14.830s] -- Installing: /home/bhadha/pico_ws/install/mav_planning_msgs/include/mav_planning_msgs/mav_planning_msgs/srv/detail/change_name_service__struct.h
[14.830s] -- Installing: /home/bhadha/pico_ws/install/mav_planning_msgs/include/mav_planning_msgs/mav_planning_msgs/srv/detail/change_name_service__type_support.h
[14.830s] -- Installing: /home/bhadha/pico_ws/install/mav_planning_msgs/include/mav_planning_msgs/mav_planning_msgs/srv/detail/planner_service__type_support.h
[14.830s] -- Installing: /home/bhadha/pico_ws/install/mav_planning_msgs/include/mav_planning_msgs/mav_planning_msgs/srv/detail/change_name_service__functions.h
[14.830s] -- Installing: /home/bhadha/pico_ws/install/mav_planning_msgs/include/mav_planning_msgs/mav_planning_msgs/srv/detail/planner_service__functions.h
[14.830s] -- Installing: /home/bhadha/pico_ws/install/mav_planning_msgs/include/mav_planning_msgs/mav_planning_msgs/srv/detail/planner_service__struct.h
[14.830s] -- Installing: /home/bhadha/pico_ws/install/mav_planning_msgs/include/mav_planning_msgs/mav_planning_msgs/srv/detail/planner_service__functions.c
[14.830s] -- Installing: /home/bhadha/pico_ws/install/mav_planning_msgs/include/mav_planning_msgs/mav_planning_msgs/srv/detail/polygon_service__functions.h
[14.830s] -- Installing: /home/bhadha/pico_ws/install/mav_planning_msgs/include/mav_planning_msgs/mav_planning_msgs/srv/detail/change_name_service__functions.c
[14.830s] -- Installing: /home/bhadha/pico_ws/install/mav_planning_msgs/include/mav_planning_msgs/mav_planning_msgs/srv/detail/polygon_service__functions.c
[14.831s] -- Installing: /home/bhadha/pico_ws/install/mav_planning_msgs/include/mav_planning_msgs/mav_planning_msgs/srv/detail/polygon_service__struct.h
[14.831s] -- Installing: /home/bhadha/pico_ws/install/mav_planning_msgs/include/mav_planning_msgs/mav_planning_msgs/srv/detail/polygon_service__type_support.h
[14.831s] -- Installing: /home/bhadha/pico_ws/install/mav_planning_msgs/include/mav_planning_msgs/mav_planning_msgs/srv/change_name_service.h
[14.831s] -- Installing: /home/bhadha/pico_ws/install/mav_planning_msgs/include/mav_planning_msgs/mav_planning_msgs/srv/planner_service.h
[14.831s] -- Installing: /home/bhadha/pico_ws/install/mav_planning_msgs/share/mav_planning_msgs/environment/library_path.sh
[14.831s] -- Installing: /home/bhadha/pico_ws/install/mav_planning_msgs/share/mav_planning_msgs/environment/library_path.dsv
[14.831s] -- Installing: /home/bhadha/pico_ws/install/mav_planning_msgs/lib/libmav_planning_msgs__rosidl_generator_c.so
[14.831s] -- Set runtime path of "/home/bhadha/pico_ws/install/mav_planning_msgs/lib/libmav_planning_msgs__rosidl_generator_c.so" to ""
[14.832s] -- Up-to-date: /home/bhadha/pico_ws/install/mav_planning_msgs/include/mav_planning_msgs/mav_planning_msgs
[14.832s] -- Up-to-date: /home/bhadha/pico_ws/install/mav_planning_msgs/include/mav_planning_msgs/mav_planning_msgs/msg
[14.832s] -- Up-to-date: /home/bhadha/pico_ws/install/mav_planning_msgs/include/mav_planning_msgs/mav_planning_msgs/msg/detail
[14.832s] -- Installing: /home/bhadha/pico_ws/install/mav_planning_msgs/include/mav_planning_msgs/mav_planning_msgs/msg/detail/polynomial_segment__rosidl_typesupport_fastrtps_c.h
[14.832s] -- Installing: /home/bhadha/pico_ws/install/mav_planning_msgs/include/mav_planning_msgs/mav_planning_msgs/msg/detail/polygon_with_holes__rosidl_typesupport_fastrtps_c.h
[14.832s] -- Installing: /home/bhadha/pico_ws/install/mav_planning_msgs/include/mav_planning_msgs/mav_planning_msgs/msg/detail/polynomial_segment4_d__rosidl_typesupport_fastrtps_c.h
[14.832s] -- Installing: /home/bhadha/pico_ws/install/mav_planning_msgs/include/mav_planning_msgs/mav_planning_msgs/msg/detail/polygon_with_holes_stamped__rosidl_typesupport_fastrtps_c.h
[14.832s] -- Installing: /home/bhadha/pico_ws/install/mav_planning_msgs/include/mav_planning_msgs/mav_planning_msgs/msg/detail/polynomial_trajectory__rosidl_typesupport_fastrtps_c.h
[14.833s] -- Installing: /home/bhadha/pico_ws/install/mav_planning_msgs/include/mav_planning_msgs/mav_planning_msgs/msg/detail/point_cloud_with_pose__rosidl_typesupport_fastrtps_c.h
[14.833s] -- Installing: /home/bhadha/pico_ws/install/mav_planning_msgs/include/mav_planning_msgs/mav_planning_msgs/msg/detail/polynomial_trajectory4_d__rosidl_typesupport_fastrtps_c.h
[14.833s] -- Installing: /home/bhadha/pico_ws/install/mav_planning_msgs/include/mav_planning_msgs/mav_planning_msgs/msg/detail/point2_d__rosidl_typesupport_fastrtps_c.h
[14.833s] -- Installing: /home/bhadha/pico_ws/install/mav_planning_msgs/include/mav_planning_msgs/mav_planning_msgs/msg/detail/polygon2_d__rosidl_typesupport_fastrtps_c.h
[14.833s] -- Installing: /home/bhadha/pico_ws/install/mav_planning_msgs/include/mav_planning_msgs/mav_planning_msgs/msg/rosidl_typesupport_fastrtps_c__visibility_control.h
[14.833s] -- Up-to-date: /home/bhadha/pico_ws/install/mav_planning_msgs/include/mav_planning_msgs/mav_planning_msgs/srv
[14.833s] -- Up-to-date: /home/bhadha/pico_ws/install/mav_planning_msgs/include/mav_planning_msgs/mav_planning_msgs/srv/detail
[14.833s] -- Installing: /home/bhadha/pico_ws/install/mav_planning_msgs/include/mav_planning_msgs/mav_planning_msgs/srv/detail/polygon_service__rosidl_typesupport_fastrtps_c.h
[14.833s] -- Installing: /home/bhadha/pico_ws/install/mav_planning_msgs/include/mav_planning_msgs/mav_planning_msgs/srv/detail/planner_service__rosidl_typesupport_fastrtps_c.h
[14.833s] -- Installing: /home/bhadha/pico_ws/install/mav_planning_msgs/include/mav_planning_msgs/mav_planning_msgs/srv/detail/change_name_service__rosidl_typesupport_fastrtps_c.h
[14.834s] -- Installing: /home/bhadha/pico_ws/install/mav_planning_msgs/lib/libmav_planning_msgs__rosidl_typesupport_fastrtps_c.so
[14.834s] -- Set runtime path of "/home/bhadha/pico_ws/install/mav_planning_msgs/lib/libmav_planning_msgs__rosidl_typesupport_fastrtps_c.so" to ""
[14.834s] -- Up-to-date: /home/bhadha/pico_ws/install/mav_planning_msgs/include/mav_planning_msgs/mav_planning_msgs
[14.834s] -- Up-to-date: /home/bhadha/pico_ws/install/mav_planning_msgs/include/mav_planning_msgs/mav_planning_msgs/msg
[14.834s] -- Up-to-date: /home/bhadha/pico_ws/install/mav_planning_msgs/include/mav_planning_msgs/mav_planning_msgs/msg/detail
[14.834s] -- Installing: /home/bhadha/pico_ws/install/mav_planning_msgs/include/mav_planning_msgs/mav_planning_msgs/msg/detail/polygon_with_holes__rosidl_typesupport_introspection_c.h
[14.834s] -- Installing: /home/bhadha/pico_ws/install/mav_planning_msgs/include/mav_planning_msgs/mav_planning_msgs/msg/detail/polynomial_segment__rosidl_typesupport_introspection_c.h
[14.834s] -- Installing: /home/bhadha/pico_ws/install/mav_planning_msgs/include/mav_planning_msgs/mav_planning_msgs/msg/detail/point2_d__type_support.c
[14.834s] -- Installing: /home/bhadha/pico_ws/install/mav_planning_msgs/include/mav_planning_msgs/mav_planning_msgs/msg/detail/polynomial_segment4_d__type_support.c
[14.835s] -- Installing: /home/bhadha/pico_ws/install/mav_planning_msgs/include/mav_planning_msgs/mav_planning_msgs/msg/detail/point_cloud_with_pose__rosidl_typesupport_introspection_c.h
[14.835s] -- Installing: /home/bhadha/pico_ws/install/mav_planning_msgs/include/mav_planning_msgs/mav_planning_msgs/msg/detail/point_cloud_with_pose__type_support.c
[14.835s] -- Installing: /home/bhadha/pico_ws/install/mav_planning_msgs/include/mav_planning_msgs/mav_planning_msgs/msg/detail/polygon2_d__rosidl_typesupport_introspection_c.h
[14.835s] -- Installing: /home/bhadha/pico_ws/install/mav_planning_msgs/include/mav_planning_msgs/mav_planning_msgs/msg/detail/polygon_with_holes_stamped__type_support.c
[14.835s] -- Installing: /home/bhadha/pico_ws/install/mav_planning_msgs/include/mav_planning_msgs/mav_planning_msgs/msg/detail/polynomial_trajectory__type_support.c
[14.835s] -- Installing: /home/bhadha/pico_ws/install/mav_planning_msgs/include/mav_planning_msgs/mav_planning_msgs/msg/detail/polynomial_trajectory4_d__rosidl_typesupport_introspection_c.h
[14.835s] -- Installing: /home/bhadha/pico_ws/install/mav_planning_msgs/include/mav_planning_msgs/mav_planning_msgs/msg/detail/polygon_with_holes_stamped__rosidl_typesupport_introspection_c.h
[14.835s] -- Installing: /home/bhadha/pico_ws/install/mav_planning_msgs/include/mav_planning_msgs/mav_planning_msgs/msg/detail/polynomial_segment4_d__rosidl_typesupport_introspection_c.h
[14.835s] -- Installing: /home/bhadha/pico_ws/install/mav_planning_msgs/include/mav_planning_msgs/mav_planning_msgs/msg/detail/polynomial_trajectory4_d__type_support.c
[14.836s] -- Installing: /home/bhadha/pico_ws/install/mav_planning_msgs/include/mav_planning_msgs/mav_planning_msgs/msg/detail/polygon_with_holes__type_support.c
[14.836s] -- Installing: /home/bhadha/pico_ws/install/mav_planning_msgs/include/mav_planning_msgs/mav_planning_msgs/msg/detail/polynomial_trajectory__rosidl_typesupport_introspection_c.h
[14.836s] -- Installing: /home/bhadha/pico_ws/install/mav_planning_msgs/include/mav_planning_msgs/mav_planning_msgs/msg/detail/polygon2_d__type_support.c
[14.836s] -- Installing: /home/bhadha/pico_ws/install/mav_planning_msgs/include/mav_planning_msgs/mav_planning_msgs/msg/detail/polynomial_segment__type_support.c
[14.836s] -- Installing: /home/bhadha/pico_ws/install/mav_planning_msgs/include/mav_planning_msgs/mav_planning_msgs/msg/detail/point2_d__rosidl_typesupport_introspection_c.h
[14.836s] -- Installing: /home/bhadha/pico_ws/install/mav_planning_msgs/include/mav_planning_msgs/mav_planning_msgs/msg/rosidl_typesupport_introspection_c__visibility_control.h
[14.836s] -- Up-to-date: /home/bhadha/pico_ws/install/mav_planning_msgs/include/mav_planning_msgs/mav_planning_msgs/srv
[14.836s] -- Up-to-date: /home/bhadha/pico_ws/install/mav_planning_msgs/include/mav_planning_msgs/mav_planning_msgs/srv/detail
[14.836s] -- Installing: /home/bhadha/pico_ws/install/mav_planning_msgs/include/mav_planning_msgs/mav_planning_msgs/srv/detail/polygon_service__rosidl_typesupport_introspection_c.h
[14.836s] -- Installing: /home/bhadha/pico_ws/install/mav_planning_msgs/include/mav_planning_msgs/mav_planning_msgs/srv/detail/planner_service__type_support.c
[14.837s] -- Installing: /home/bhadha/pico_ws/install/mav_planning_msgs/include/mav_planning_msgs/mav_planning_msgs/srv/detail/change_name_service__rosidl_typesupport_introspection_c.h
[14.837s] -- Installing: /home/bhadha/pico_ws/install/mav_planning_msgs/include/mav_planning_msgs/mav_planning_msgs/srv/detail/polygon_service__type_support.c
[14.837s] -- Installing: /home/bhadha/pico_ws/install/mav_planning_msgs/include/mav_planning_msgs/mav_planning_msgs/srv/detail/planner_service__rosidl_typesupport_introspection_c.h
[14.837s] -- Installing: /home/bhadha/pico_ws/install/mav_planning_msgs/include/mav_planning_msgs/mav_planning_msgs/srv/detail/change_name_service__type_support.c
[14.837s] -- Installing: /home/bhadha/pico_ws/install/mav_planning_msgs/lib/libmav_planning_msgs__rosidl_typesupport_introspection_c.so
[14.837s] -- Set runtime path of "/home/bhadha/pico_ws/install/mav_planning_msgs/lib/libmav_planning_msgs__rosidl_typesupport_introspection_c.so" to ""
[14.837s] -- Installing: /home/bhadha/pico_ws/install/mav_planning_msgs/lib/libmav_planning_msgs__rosidl_typesupport_c.so
[14.838s] -- Set runtime path of "/home/bhadha/pico_ws/install/mav_planning_msgs/lib/libmav_planning_msgs__rosidl_typesupport_c.so" to ""
[14.838s] -- Up-to-date: /home/bhadha/pico_ws/install/mav_planning_msgs/include/mav_planning_msgs/mav_planning_msgs
[14.838s] -- Up-to-date: /home/bhadha/pico_ws/install/mav_planning_msgs/include/mav_planning_msgs/mav_planning_msgs/msg
[14.838s] -- Installing: /home/bhadha/pico_ws/install/mav_planning_msgs/include/mav_planning_msgs/mav_planning_msgs/msg/polynomial_trajectory.hpp
[14.838s] -- Installing: /home/bhadha/pico_ws/install/mav_planning_msgs/include/mav_planning_msgs/mav_planning_msgs/msg/polynomial_trajectory4_d.hpp
[14.838s] -- Up-to-date: /home/bhadha/pico_ws/install/mav_planning_msgs/include/mav_planning_msgs/mav_planning_msgs/msg/detail
[14.839s] -- Installing: /home/bhadha/pico_ws/install/mav_planning_msgs/include/mav_planning_msgs/mav_planning_msgs/msg/detail/polynomial_segment__struct.hpp
[14.839s] -- Installing: /home/bhadha/pico_ws/install/mav_planning_msgs/include/mav_planning_msgs/mav_planning_msgs/msg/detail/polygon_with_holes__type_support.hpp
[14.839s] -- Installing: /home/bhadha/pico_ws/install/mav_planning_msgs/include/mav_planning_msgs/mav_planning_msgs/msg/detail/polygon_with_holes__struct.hpp
[14.839s] -- Installing: /home/bhadha/pico_ws/install/mav_planning_msgs/include/mav_planning_msgs/mav_planning_msgs/msg/detail/polynomial_trajectory4_d__builder.hpp
[14.839s] -- Installing: /home/bhadha/pico_ws/install/mav_planning_msgs/include/mav_planning_msgs/mav_planning_msgs/msg/detail/point2_d__traits.hpp
[14.839s] -- Installing: /home/bhadha/pico_ws/install/mav_planning_msgs/include/mav_planning_msgs/mav_planning_msgs/msg/detail/polynomial_segment4_d__traits.hpp
[14.839s] -- Installing: /home/bhadha/pico_ws/install/mav_planning_msgs/include/mav_planning_msgs/mav_planning_msgs/msg/detail/polygon2_d__traits.hpp
[14.839s] -- Installing: /home/bhadha/pico_ws/install/mav_planning_msgs/include/mav_planning_msgs/mav_planning_msgs/msg/detail/point_cloud_with_pose__builder.hpp
[14.839s] -- Installing: /home/bhadha/pico_ws/install/mav_planning_msgs/include/mav_planning_msgs/mav_planning_msgs/msg/detail/polynomial_segment4_d__builder.hpp
[14.839s] -- Installing: /home/bhadha/pico_ws/install/mav_planning_msgs/include/mav_planning_msgs/mav_planning_msgs/msg/detail/polygon_with_holes__builder.hpp
[14.839s] -- Installing: /home/bhadha/pico_ws/install/mav_planning_msgs/include/mav_planning_msgs/mav_planning_msgs/msg/detail/polygon2_d__struct.hpp
[14.840s] -- Installing: /home/bhadha/pico_ws/install/mav_planning_msgs/include/mav_planning_msgs/mav_planning_msgs/msg/detail/polynomial_segment__type_support.hpp
[14.840s] -- Installing: /home/bhadha/pico_ws/install/mav_planning_msgs/include/mav_planning_msgs/mav_planning_msgs/msg/detail/point2_d__builder.hpp
[14.840s] -- Installing: /home/bhadha/pico_ws/install/mav_planning_msgs/include/mav_planning_msgs/mav_planning_msgs/msg/detail/polynomial_trajectory__builder.hpp
[14.840s] -- Installing: /home/bhadha/pico_ws/install/mav_planning_msgs/include/mav_planning_msgs/mav_planning_msgs/msg/detail/point_cloud_with_pose__struct.hpp
[14.840s] -- Installing: /home/bhadha/pico_ws/install/mav_planning_msgs/include/mav_planning_msgs/mav_planning_msgs/msg/detail/polynomial_segment4_d__struct.hpp
[14.840s] -- Installing: /home/bhadha/pico_ws/install/mav_planning_msgs/include/mav_planning_msgs/mav_planning_msgs/msg/detail/polynomial_segment4_d__type_support.hpp
[14.840s] -- Installing: /home/bhadha/pico_ws/install/mav_planning_msgs/include/mav_planning_msgs/mav_planning_msgs/msg/detail/polynomial_trajectory4_d__struct.hpp
[14.840s] -- Installing: /home/bhadha/pico_ws/install/mav_planning_msgs/include/mav_planning_msgs/mav_planning_msgs/msg/detail/polynomial_trajectory4_d__type_support.hpp
[14.841s] -- Installing: /home/bhadha/pico_ws/install/mav_planning_msgs/include/mav_planning_msgs/mav_planning_msgs/msg/detail/polynomial_trajectory__type_support.hpp
[14.841s] -- Installing: /home/bhadha/pico_ws/install/mav_planning_msgs/include/mav_planning_msgs/mav_planning_msgs/msg/detail/polynomial_segment__builder.hpp
[14.841s] -- Installing: /home/bhadha/pico_ws/install/mav_planning_msgs/include/mav_planning_msgs/mav_planning_msgs/msg/detail/polynomial_trajectory4_d__traits.hpp
[14.841s] -- Installing: /home/bhadha/pico_ws/install/mav_planning_msgs/include/mav_planning_msgs/mav_planning_msgs/msg/detail/polygon_with_holes_stamped__type_support.hpp
[14.841s] -- Installing: /home/bhadha/pico_ws/install/mav_planning_msgs/include/mav_planning_msgs/mav_planning_msgs/msg/detail/point2_d__struct.hpp
[14.841s] -- Installing: /home/bhadha/pico_ws/install/mav_planning_msgs/include/mav_planning_msgs/mav_planning_msgs/msg/detail/polygon_with_holes_stamped__traits.hpp
[14.841s] -- Installing: /home/bhadha/pico_ws/install/mav_planning_msgs/include/mav_planning_msgs/mav_planning_msgs/msg/detail/polynomial_segment__traits.hpp
[14.841s] -- Installing: /home/bhadha/pico_ws/install/mav_planning_msgs/include/mav_planning_msgs/mav_planning_msgs/msg/detail/polygon_with_holes__traits.hpp
[14.841s] -- Installing: /home/bhadha/pico_ws/install/mav_planning_msgs/include/mav_planning_msgs/mav_planning_msgs/msg/detail/polygon_with_holes_stamped__builder.hpp
[14.841s] -- Installing: /home/bhadha/pico_ws/install/mav_planning_msgs/include/mav_planning_msgs/mav_planning_msgs/msg/detail/point_cloud_with_pose__traits.hpp
[14.842s] -- Installing: /home/bhadha/pico_ws/install/mav_planning_msgs/include/mav_planning_msgs/mav_planning_msgs/msg/detail/polynomial_trajectory__struct.hpp
[14.842s] -- Installing: /home/bhadha/pico_ws/install/mav_planning_msgs/include/mav_planning_msgs/mav_planning_msgs/msg/detail/polygon_with_holes_stamped__struct.hpp
[14.842s] -- Installing: /home/bhadha/pico_ws/install/mav_planning_msgs/include/mav_planning_msgs/mav_planning_msgs/msg/detail/point2_d__type_support.hpp
[14.842s] -- Installing: /home/bhadha/pico_ws/install/mav_planning_msgs/include/mav_planning_msgs/mav_planning_msgs/msg/detail/polynomial_trajectory__traits.hpp
[14.842s] -- Installing: /home/bhadha/pico_ws/install/mav_planning_msgs/include/mav_planning_msgs/mav_planning_msgs/msg/detail/polygon2_d__builder.hpp
[14.842s] -- Installing: /home/bhadha/pico_ws/install/mav_planning_msgs/include/mav_planning_msgs/mav_planning_msgs/msg/detail/point_cloud_with_pose__type_support.hpp
[14.842s] -- Installing: /home/bhadha/pico_ws/install/mav_planning_msgs/include/mav_planning_msgs/mav_planning_msgs/msg/detail/polygon2_d__type_support.hpp
[14.843s] -- Installing: /home/bhadha/pico_ws/install/mav_planning_msgs/include/mav_planning_msgs/mav_planning_msgs/msg/polynomial_segment4_d.hpp
[14.843s] -- Installing: /home/bhadha/pico_ws/install/mav_planning_msgs/include/mav_planning_msgs/mav_planning_msgs/msg/polygon_with_holes_stamped.hpp
[14.843s] -- Installing: /home/bhadha/pico_ws/install/mav_planning_msgs/include/mav_planning_msgs/mav_planning_msgs/msg/polynomial_segment.hpp
[14.843s] -- Installing: /home/bhadha/pico_ws/install/mav_planning_msgs/include/mav_planning_msgs/mav_planning_msgs/msg/polygon2_d.hpp
[14.843s] -- Installing: /home/bhadha/pico_ws/install/mav_planning_msgs/include/mav_planning_msgs/mav_planning_msgs/msg/polygon_with_holes.hpp
[14.843s] -- Installing: /home/bhadha/pico_ws/install/mav_planning_msgs/include/mav_planning_msgs/mav_planning_msgs/msg/rosidl_generator_cpp__visibility_control.hpp
[14.843s] -- Installing: /home/bhadha/pico_ws/install/mav_planning_msgs/include/mav_planning_msgs/mav_planning_msgs/msg/point2_d.hpp
[14.843s] -- Installing: /home/bhadha/pico_ws/install/mav_planning_msgs/include/mav_planning_msgs/mav_planning_msgs/msg/point_cloud_with_pose.hpp
[14.843s] -- Up-to-date: /home/bhadha/pico_ws/install/mav_planning_msgs/include/mav_planning_msgs/mav_planning_msgs/srv
[14.843s] -- Installing: /home/bhadha/pico_ws/install/mav_planning_msgs/include/mav_planning_msgs/mav_planning_msgs/srv/polygon_service.hpp
[14.844s] -- Up-to-date: /home/bhadha/pico_ws/install/mav_planning_msgs/include/mav_planning_msgs/mav_planning_msgs/srv/detail
[14.844s] -- Installing: /home/bhadha/pico_ws/install/mav_planning_msgs/include/mav_planning_msgs/mav_planning_msgs/srv/detail/change_name_service__traits.hpp
[14.844s] -- Installing: /home/bhadha/pico_ws/install/mav_planning_msgs/include/mav_planning_msgs/mav_planning_msgs/srv/detail/planner_service__builder.hpp
[14.844s] -- Installing: /home/bhadha/pico_ws/install/mav_planning_msgs/include/mav_planning_msgs/mav_planning_msgs/srv/detail/change_name_service__struct.hpp
[14.844s] -- Installing: /home/bhadha/pico_ws/install/mav_planning_msgs/include/mav_planning_msgs/mav_planning_msgs/srv/detail/polygon_service__builder.hpp
[14.844s] -- Installing: /home/bhadha/pico_ws/install/mav_planning_msgs/include/mav_planning_msgs/mav_planning_msgs/srv/detail/change_name_service__builder.hpp
[14.844s] -- Installing: /home/bhadha/pico_ws/install/mav_planning_msgs/include/mav_planning_msgs/mav_planning_msgs/srv/detail/polygon_service__type_support.hpp
[14.844s] -- Installing: /home/bhadha/pico_ws/install/mav_planning_msgs/include/mav_planning_msgs/mav_planning_msgs/srv/detail/polygon_service__traits.hpp
[14.844s] -- Installing: /home/bhadha/pico_ws/install/mav_planning_msgs/include/mav_planning_msgs/mav_planning_msgs/srv/detail/change_name_service__type_support.hpp
[14.844s] -- Installing: /home/bhadha/pico_ws/install/mav_planning_msgs/include/mav_planning_msgs/mav_planning_msgs/srv/detail/polygon_service__struct.hpp
[14.845s] -- Installing: /home/bhadha/pico_ws/install/mav_planning_msgs/include/mav_planning_msgs/mav_planning_msgs/srv/detail/planner_service__type_support.hpp
[14.845s] -- Installing: /home/bhadha/pico_ws/install/mav_planning_msgs/include/mav_planning_msgs/mav_planning_msgs/srv/detail/planner_service__struct.hpp
[14.845s] -- Installing: /home/bhadha/pico_ws/install/mav_planning_msgs/include/mav_planning_msgs/mav_planning_msgs/srv/detail/planner_service__traits.hpp
[14.845s] -- Installing: /home/bhadha/pico_ws/install/mav_planning_msgs/include/mav_planning_msgs/mav_planning_msgs/srv/planner_service.hpp
[14.845s] -- Installing: /home/bhadha/pico_ws/install/mav_planning_msgs/include/mav_planning_msgs/mav_planning_msgs/srv/change_name_service.hpp
[14.845s] -- Up-to-date: /home/bhadha/pico_ws/install/mav_planning_msgs/include/mav_planning_msgs/mav_planning_msgs
[14.845s] -- Up-to-date: /home/bhadha/pico_ws/install/mav_planning_msgs/include/mav_planning_msgs/mav_planning_msgs/msg
[14.845s] -- Installing: /home/bhadha/pico_ws/install/mav_planning_msgs/include/mav_planning_msgs/mav_planning_msgs/msg/rosidl_typesupport_fastrtps_cpp__visibility_control.h
[14.845s] -- Up-to-date: /home/bhadha/pico_ws/install/mav_planning_msgs/include/mav_planning_msgs/mav_planning_msgs/msg/detail
[14.846s] -- Installing: /home/bhadha/pico_ws/install/mav_planning_msgs/include/mav_planning_msgs/mav_planning_msgs/msg/detail/polynomial_segment4_d__rosidl_typesupport_fastrtps_cpp.hpp
[14.846s] -- Installing: /home/bhadha/pico_ws/install/mav_planning_msgs/include/mav_planning_msgs/mav_planning_msgs/msg/detail/polygon_with_holes_stamped__rosidl_typesupport_fastrtps_cpp.hpp
[14.846s] -- Installing: /home/bhadha/pico_ws/install/mav_planning_msgs/include/mav_planning_msgs/mav_planning_msgs/msg/detail/polynomial_segment__rosidl_typesupport_fastrtps_cpp.hpp
[14.846s] -- Installing: /home/bhadha/pico_ws/install/mav_planning_msgs/include/mav_planning_msgs/mav_planning_msgs/msg/detail/polynomial_trajectory4_d__rosidl_typesupport_fastrtps_cpp.hpp
[14.846s] -- Installing: /home/bhadha/pico_ws/install/mav_planning_msgs/include/mav_planning_msgs/mav_planning_msgs/msg/detail/dds_fastrtps
[14.846s] -- Installing: /home/bhadha/pico_ws/install/mav_planning_msgs/include/mav_planning_msgs/mav_planning_msgs/msg/detail/polygon2_d__rosidl_typesupport_fastrtps_cpp.hpp
[14.846s] -- Installing: /home/bhadha/pico_ws/install/mav_planning_msgs/include/mav_planning_msgs/mav_planning_msgs/msg/detail/point_cloud_with_pose__rosidl_typesupport_fastrtps_cpp.hpp
[14.846s] -- Installing: /home/bhadha/pico_ws/install/mav_planning_msgs/include/mav_planning_msgs/mav_planning_msgs/msg/detail/polygon_with_holes__rosidl_typesupport_fastrtps_cpp.hpp
[14.846s] -- Installing: /home/bhadha/pico_ws/install/mav_planning_msgs/include/mav_planning_msgs/mav_planning_msgs/msg/detail/point2_d__rosidl_typesupport_fastrtps_cpp.hpp
[14.846s] -- Installing: /home/bhadha/pico_ws/install/mav_planning_msgs/include/mav_planning_msgs/mav_planning_msgs/msg/detail/polynomial_trajectory__rosidl_typesupport_fastrtps_cpp.hpp
[14.847s] -- Up-to-date: /home/bhadha/pico_ws/install/mav_planning_msgs/include/mav_planning_msgs/mav_planning_msgs/srv
[14.847s] -- Up-to-date: /home/bhadha/pico_ws/install/mav_planning_msgs/include/mav_planning_msgs/mav_planning_msgs/srv/detail
[14.847s] -- Installing: /home/bhadha/pico_ws/install/mav_planning_msgs/include/mav_planning_msgs/mav_planning_msgs/srv/detail/planner_service__rosidl_typesupport_fastrtps_cpp.hpp
[14.847s] -- Installing: /home/bhadha/pico_ws/install/mav_planning_msgs/include/mav_planning_msgs/mav_planning_msgs/srv/detail/change_name_service__rosidl_typesupport_fastrtps_cpp.hpp
[14.847s] -- Installing: /home/bhadha/pico_ws/install/mav_planning_msgs/include/mav_planning_msgs/mav_planning_msgs/srv/detail/dds_fastrtps
[14.847s] -- Installing: /home/bhadha/pico_ws/install/mav_planning_msgs/include/mav_planning_msgs/mav_planning_msgs/srv/detail/polygon_service__rosidl_typesupport_fastrtps_cpp.hpp
[14.847s] -- Installing: /home/bhadha/pico_ws/install/mav_planning_msgs/lib/libmav_planning_msgs__rosidl_typesupport_fastrtps_cpp.so
[14.847s] -- Set runtime path of "/home/bhadha/pico_ws/install/mav_planning_msgs/lib/libmav_planning_msgs__rosidl_typesupport_fastrtps_cpp.so" to ""
[14.848s] -- Up-to-date: /home/bhadha/pico_ws/install/mav_planning_msgs/include/mav_planning_msgs/mav_planning_msgs
[14.848s] -- Up-to-date: /home/bhadha/pico_ws/install/mav_planning_msgs/include/mav_planning_msgs/mav_planning_msgs/msg
[14.848s] -- Up-to-date: /home/bhadha/pico_ws/install/mav_planning_msgs/include/mav_planning_msgs/mav_planning_msgs/msg/detail
[14.848s] -- Installing: /home/bhadha/pico_ws/install/mav_planning_msgs/include/mav_planning_msgs/mav_planning_msgs/msg/detail/polynomial_segment4_d__type_support.cpp
[14.848s] -- Installing: /home/bhadha/pico_ws/install/mav_planning_msgs/include/mav_planning_msgs/mav_planning_msgs/msg/detail/polynomial_segment__type_support.cpp
[14.848s] -- Installing: /home/bhadha/pico_ws/install/mav_planning_msgs/include/mav_planning_msgs/mav_planning_msgs/msg/detail/polynomial_segment4_d__rosidl_typesupport_introspection_cpp.hpp
[14.848s] -- Installing: /home/bhadha/pico_ws/install/mav_planning_msgs/include/mav_planning_msgs/mav_planning_msgs/msg/detail/polygon_with_holes__type_support.cpp
[14.848s] -- Installing: /home/bhadha/pico_ws/install/mav_planning_msgs/include/mav_planning_msgs/mav_planning_msgs/msg/detail/point2_d__rosidl_typesupport_introspection_cpp.hpp
[14.848s] -- Installing: /home/bhadha/pico_ws/install/mav_planning_msgs/include/mav_planning_msgs/mav_planning_msgs/msg/detail/polynomial_trajectory4_d__type_support.cpp
[14.849s] -- Installing: /home/bhadha/pico_ws/install/mav_planning_msgs/include/mav_planning_msgs/mav_planning_msgs/msg/detail/polynomial_trajectory__type_support.cpp
[14.849s] -- Installing: /home/bhadha/pico_ws/install/mav_planning_msgs/include/mav_planning_msgs/mav_planning_msgs/msg/detail/polynomial_segment__rosidl_typesupport_introspection_cpp.hpp
[14.849s] -- Installing: /home/bhadha/pico_ws/install/mav_planning_msgs/include/mav_planning_msgs/mav_planning_msgs/msg/detail/polygon2_d__rosidl_typesupport_introspection_cpp.hpp
[14.849s] -- Installing: /home/bhadha/pico_ws/install/mav_planning_msgs/include/mav_planning_msgs/mav_planning_msgs/msg/detail/polynomial_trajectory__rosidl_typesupport_introspection_cpp.hpp
[14.849s] -- Installing: /home/bhadha/pico_ws/install/mav_planning_msgs/include/mav_planning_msgs/mav_planning_msgs/msg/detail/polygon2_d__type_support.cpp
[14.849s] -- Installing: /home/bhadha/pico_ws/install/mav_planning_msgs/include/mav_planning_msgs/mav_planning_msgs/msg/detail/polynomial_trajectory4_d__rosidl_typesupport_introspection_cpp.hpp
[14.849s] -- Installing: /home/bhadha/pico_ws/install/mav_planning_msgs/include/mav_planning_msgs/mav_planning_msgs/msg/detail/point_cloud_with_pose__rosidl_typesupport_introspection_cpp.hpp
[14.849s] -- Installing: /home/bhadha/pico_ws/install/mav_planning_msgs/include/mav_planning_msgs/mav_planning_msgs/msg/detail/polygon_with_holes__rosidl_typesupport_introspection_cpp.hpp
[14.849s] -- Installing: /home/bhadha/pico_ws/install/mav_planning_msgs/include/mav_planning_msgs/mav_planning_msgs/msg/detail/polygon_with_holes_stamped__type_support.cpp
[14.849s] -- Installing: /home/bhadha/pico_ws/install/mav_planning_msgs/include/mav_planning_msgs/mav_planning_msgs/msg/detail/polygon_with_holes_stamped__rosidl_typesupport_introspection_cpp.hpp
[14.850s] -- Installing: /home/bhadha/pico_ws/install/mav_planning_msgs/include/mav_planning_msgs/mav_planning_msgs/msg/detail/point_cloud_with_pose__type_support.cpp
[14.850s] -- Installing: /home/bhadha/pico_ws/install/mav_planning_msgs/include/mav_planning_msgs/mav_planning_msgs/msg/detail/point2_d__type_support.cpp
[14.850s] -- Up-to-date: /home/bhadha/pico_ws/install/mav_planning_msgs/include/mav_planning_msgs/mav_planning_msgs/srv
[14.850s] -- Up-to-date: /home/bhadha/pico_ws/install/mav_planning_msgs/include/mav_planning_msgs/mav_planning_msgs/srv/detail
[14.850s] -- Installing: /home/bhadha/pico_ws/install/mav_planning_msgs/include/mav_planning_msgs/mav_planning_msgs/srv/detail/polygon_service__rosidl_typesupport_introspection_cpp.hpp
[14.850s] -- Installing: /home/bhadha/pico_ws/install/mav_planning_msgs/include/mav_planning_msgs/mav_planning_msgs/srv/detail/planner_service__type_support.cpp
[14.850s] -- Installing: /home/bhadha/pico_ws/install/mav_planning_msgs/include/mav_planning_msgs/mav_planning_msgs/srv/detail/change_name_service__type_support.cpp
[14.850s] -- Installing: /home/bhadha/pico_ws/install/mav_planning_msgs/include/mav_planning_msgs/mav_planning_msgs/srv/detail/polygon_service__type_support.cpp
[14.851s] -- Installing: /home/bhadha/pico_ws/install/mav_planning_msgs/include/mav_planning_msgs/mav_planning_msgs/srv/detail/planner_service__rosidl_typesupport_introspection_cpp.hpp
[14.851s] -- Installing: /home/bhadha/pico_ws/install/mav_planning_msgs/include/mav_planning_msgs/mav_planning_msgs/srv/detail/change_name_service__rosidl_typesupport_introspection_cpp.hpp
[14.851s] -- Installing: /home/bhadha/pico_ws/install/mav_planning_msgs/lib/libmav_planning_msgs__rosidl_typesupport_introspection_cpp.so
[14.851s] -- Set runtime path of "/home/bhadha/pico_ws/install/mav_planning_msgs/lib/libmav_planning_msgs__rosidl_typesupport_introspection_cpp.so" to ""
[14.851s] -- Installing: /home/bhadha/pico_ws/install/mav_planning_msgs/lib/libmav_planning_msgs__rosidl_typesupport_cpp.so
[14.852s] -- Set runtime path of "/home/bhadha/pico_ws/install/mav_planning_msgs/lib/libmav_planning_msgs__rosidl_typesupport_cpp.so" to ""
[14.852s] -- Installing: /home/bhadha/pico_ws/install/mav_planning_msgs/share/mav_planning_msgs/environment/pythonpath.sh
[14.852s] -- Installing: /home/bhadha/pico_ws/install/mav_planning_msgs/share/mav_planning_msgs/environment/pythonpath.dsv
[14.852s] -- Installing: /home/bhadha/pico_ws/install/mav_planning_msgs/local/lib/python3.10/dist-packages/mav_planning_msgs-3.3.3-py3.10.egg-info
[14.852s] -- Installing: /home/bhadha/pico_ws/install/mav_planning_msgs/local/lib/python3.10/dist-packages/mav_planning_msgs-3.3.3-py3.10.egg-info/SOURCES.txt
[14.852s] -- Installing: /home/bhadha/pico_ws/install/mav_planning_msgs/local/lib/python3.10/dist-packages/mav_planning_msgs-3.3.3-py3.10.egg-info/PKG-INFO
[14.852s] -- Installing: /home/bhadha/pico_ws/install/mav_planning_msgs/local/lib/python3.10/dist-packages/mav_planning_msgs-3.3.3-py3.10.egg-info/top_level.txt
[14.853s] -- Installing: /home/bhadha/pico_ws/install/mav_planning_msgs/local/lib/python3.10/dist-packages/mav_planning_msgs-3.3.3-py3.10.egg-info/dependency_links.txt
[14.853s] -- Installing: /home/bhadha/pico_ws/install/mav_planning_msgs/local/lib/python3.10/dist-packages/mav_planning_msgs
[14.853s] -- Installing: /home/bhadha/pico_ws/install/mav_planning_msgs/local/lib/python3.10/dist-packages/mav_planning_msgs/msg
[14.853s] -- Installing: /home/bhadha/pico_ws/install/mav_planning_msgs/local/lib/python3.10/dist-packages/mav_planning_msgs/msg/_polygon2_d.py
[14.853s] -- Installing: /home/bhadha/pico_ws/install/mav_planning_msgs/local/lib/python3.10/dist-packages/mav_planning_msgs/msg/_polynomial_segment.py
[14.853s] -- Installing: /home/bhadha/pico_ws/install/mav_planning_msgs/local/lib/python3.10/dist-packages/mav_planning_msgs/msg/_polynomial_trajectory4_d_s.c
[14.853s] -- Installing: /home/bhadha/pico_ws/install/mav_planning_msgs/local/lib/python3.10/dist-packages/mav_planning_msgs/msg/_polynomial_segment4_d.py
[14.853s] -- Installing: /home/bhadha/pico_ws/install/mav_planning_msgs/local/lib/python3.10/dist-packages/mav_planning_msgs/msg/_point_cloud_with_pose_s.c
[14.853s] -- Installing: /home/bhadha/pico_ws/install/mav_planning_msgs/local/lib/python3.10/dist-packages/mav_planning_msgs/msg/_point2_d.py
[14.854s] -- Installing: /home/bhadha/pico_ws/install/mav_planning_msgs/local/lib/python3.10/dist-packages/mav_planning_msgs/msg/__init__.py
[14.854s] -- Installing: /home/bhadha/pico_ws/install/mav_planning_msgs/local/lib/python3.10/dist-packages/mav_planning_msgs/msg/_polynomial_trajectory.py
[14.854s] -- Installing: /home/bhadha/pico_ws/install/mav_planning_msgs/local/lib/python3.10/dist-packages/mav_planning_msgs/msg/_polynomial_trajectory_s.c
[14.854s] -- Installing: /home/bhadha/pico_ws/install/mav_planning_msgs/local/lib/python3.10/dist-packages/mav_planning_msgs/msg/_polynomial_trajectory4_d.py
[14.854s] -- Installing: /home/bhadha/pico_ws/install/mav_planning_msgs/local/lib/python3.10/dist-packages/mav_planning_msgs/msg/_polygon_with_holes_stamped.py
[14.854s] -- Installing: /home/bhadha/pico_ws/install/mav_planning_msgs/local/lib/python3.10/dist-packages/mav_planning_msgs/msg/_point_cloud_with_pose.py
[14.854s] -- Installing: /home/bhadha/pico_ws/install/mav_planning_msgs/local/lib/python3.10/dist-packages/mav_planning_msgs/msg/_polynomial_segment_s.c
[14.854s] -- Installing: /home/bhadha/pico_ws/install/mav_planning_msgs/local/lib/python3.10/dist-packages/mav_planning_msgs/msg/_polygon2_d_s.c
[14.855s] -- Installing: /home/bhadha/pico_ws/install/mav_planning_msgs/local/lib/python3.10/dist-packages/mav_planning_msgs/msg/_polygon_with_holes.py
[14.855s] -- Installing: /home/bhadha/pico_ws/install/mav_planning_msgs/local/lib/python3.10/dist-packages/mav_planning_msgs/msg/_polygon_with_holes_s.c
[14.855s] -- Installing: /home/bhadha/pico_ws/install/mav_planning_msgs/local/lib/python3.10/dist-packages/mav_planning_msgs/msg/_polygon_with_holes_stamped_s.c
[14.855s] -- Installing: /home/bhadha/pico_ws/install/mav_planning_msgs/local/lib/python3.10/dist-packages/mav_planning_msgs/msg/_polynomial_segment4_d_s.c
[14.855s] -- Installing: /home/bhadha/pico_ws/install/mav_planning_msgs/local/lib/python3.10/dist-packages/mav_planning_msgs/msg/_point2_d_s.c
[14.855s] -- Installing: /home/bhadha/pico_ws/install/mav_planning_msgs/local/lib/python3.10/dist-packages/mav_planning_msgs/__init__.py
[14.855s] -- Installing: /home/bhadha/pico_ws/install/mav_planning_msgs/local/lib/python3.10/dist-packages/mav_planning_msgs/srv
[14.855s] -- Installing: /home/bhadha/pico_ws/install/mav_planning_msgs/local/lib/python3.10/dist-packages/mav_planning_msgs/srv/_polygon_service.py
[14.855s] -- Installing: /home/bhadha/pico_ws/install/mav_planning_msgs/local/lib/python3.10/dist-packages/mav_planning_msgs/srv/__init__.py
[14.855s] -- Installing: /home/bhadha/pico_ws/install/mav_planning_msgs/local/lib/python3.10/dist-packages/mav_planning_msgs/srv/_change_name_service_s.c
[14.856s] -- Installing: /home/bhadha/pico_ws/install/mav_planning_msgs/local/lib/python3.10/dist-packages/mav_planning_msgs/srv/_polygon_service_s.c
[14.856s] -- Installing: /home/bhadha/pico_ws/install/mav_planning_msgs/local/lib/python3.10/dist-packages/mav_planning_msgs/srv/_planner_service_s.c
[14.856s] -- Installing: /home/bhadha/pico_ws/install/mav_planning_msgs/local/lib/python3.10/dist-packages/mav_planning_msgs/srv/_planner_service.py
[14.856s] -- Installing: /home/bhadha/pico_ws/install/mav_planning_msgs/local/lib/python3.10/dist-packages/mav_planning_msgs/srv/_change_name_service.py
[14.856s] -- Installing: /home/bhadha/pico_ws/install/mav_planning_msgs/local/lib/python3.10/dist-packages/mav_planning_msgs/_mav_planning_msgs_s.ep.rosidl_typesupport_c.c
[14.856s] -- Installing: /home/bhadha/pico_ws/install/mav_planning_msgs/local/lib/python3.10/dist-packages/mav_planning_msgs/_mav_planning_msgs_s.ep.rosidl_typesupport_fastrtps_c.c
[14.856s] -- Installing: /home/bhadha/pico_ws/install/mav_planning_msgs/local/lib/python3.10/dist-packages/mav_planning_msgs/mav_planning_msgs_s__rosidl_typesupport_fastrtps_c.cpython-310-x86_64-linux-gnu.so
[14.856s] -- Installing: /home/bhadha/pico_ws/install/mav_planning_msgs/local/lib/python3.10/dist-packages/mav_planning_msgs/_mav_planning_msgs_s.ep.rosidl_typesupport_introspection_c.c
[14.856s] -- Installing: /home/bhadha/pico_ws/install/mav_planning_msgs/local/lib/python3.10/dist-packages/mav_planning_msgs/mav_planning_msgs_s__rosidl_typesupport_introspection_c.cpython-310-x86_64-linux-gnu.so
[14.857s] -- Installing: /home/bhadha/pico_ws/install/mav_planning_msgs/local/lib/python3.10/dist-packages/mav_planning_msgs/libmav_planning_msgs__rosidl_generator_py.so
[14.857s] -- Installing: /home/bhadha/pico_ws/install/mav_planning_msgs/local/lib/python3.10/dist-packages/mav_planning_msgs/mav_planning_msgs_s__rosidl_typesupport_c.cpython-310-x86_64-linux-gnu.so
[14.922s] Listing '/home/bhadha/pico_ws/install/mav_planning_msgs/local/lib/python3.10/dist-packages/mav_planning_msgs'...
[14.922s] Compiling '/home/bhadha/pico_ws/install/mav_planning_msgs/local/lib/python3.10/dist-packages/mav_planning_msgs/__init__.py'...
[14.922s] Listing '/home/bhadha/pico_ws/install/mav_planning_msgs/local/lib/python3.10/dist-packages/mav_planning_msgs/msg'...
[14.922s] Compiling '/home/bhadha/pico_ws/install/mav_planning_msgs/local/lib/python3.10/dist-packages/mav_planning_msgs/msg/__init__.py'...
[14.922s] Compiling '/home/bhadha/pico_ws/install/mav_planning_msgs/local/lib/python3.10/dist-packages/mav_planning_msgs/msg/_point2_d.py'...
[14.923s] Compiling '/home/bhadha/pico_ws/install/mav_planning_msgs/local/lib/python3.10/dist-packages/mav_planning_msgs/msg/_point_cloud_with_pose.py'...
[14.923s] Compiling '/home/bhadha/pico_ws/install/mav_planning_msgs/local/lib/python3.10/dist-packages/mav_planning_msgs/msg/_polygon2_d.py'...
[14.923s] Compiling '/home/bhadha/pico_ws/install/mav_planning_msgs/local/lib/python3.10/dist-packages/mav_planning_msgs/msg/_polygon_with_holes.py'...
[14.923s] Compiling '/home/bhadha/pico_ws/install/mav_planning_msgs/local/lib/python3.10/dist-packages/mav_planning_msgs/msg/_polygon_with_holes_stamped.py'...
[14.923s] Compiling '/home/bhadha/pico_ws/install/mav_planning_msgs/local/lib/python3.10/dist-packages/mav_planning_msgs/msg/_polynomial_segment.py'...
[14.923s] Compiling '/home/bhadha/pico_ws/install/mav_planning_msgs/local/lib/python3.10/dist-packages/mav_planning_msgs/msg/_polynomial_segment4_d.py'...
[14.923s] Compiling '/home/bhadha/pico_ws/install/mav_planning_msgs/local/lib/python3.10/dist-packages/mav_planning_msgs/msg/_polynomial_trajectory.py'...
[14.923s] Compiling '/home/bhadha/pico_ws/install/mav_planning_msgs/local/lib/python3.10/dist-packages/mav_planning_msgs/msg/_polynomial_trajectory4_d.py'...
[14.923s] Listing '/home/bhadha/pico_ws/install/mav_planning_msgs/local/lib/python3.10/dist-packages/mav_planning_msgs/srv'...
[14.924s] Compiling '/home/bhadha/pico_ws/install/mav_planning_msgs/local/lib/python3.10/dist-packages/mav_planning_msgs/srv/__init__.py'...
[14.924s] Compiling '/home/bhadha/pico_ws/install/mav_planning_msgs/local/lib/python3.10/dist-packages/mav_planning_msgs/srv/_change_name_service.py'...
[14.924s] Compiling '/home/bhadha/pico_ws/install/mav_planning_msgs/local/lib/python3.10/dist-packages/mav_planning_msgs/srv/_planner_service.py'...
[14.924s] Compiling '/home/bhadha/pico_ws/install/mav_planning_msgs/local/lib/python3.10/dist-packages/mav_planning_msgs/srv/_polygon_service.py'...
[14.929s] -- Installing: /home/bhadha/pico_ws/install/mav_planning_msgs/local/lib/python3.10/dist-packages/mav_planning_msgs/mav_planning_msgs_s__rosidl_typesupport_fastrtps_c.cpython-310-x86_64-linux-gnu.so
[14.929s] -- Set runtime path of "/home/bhadha/pico_ws/install/mav_planning_msgs/local/lib/python3.10/dist-packages/mav_planning_msgs/mav_planning_msgs_s__rosidl_typesupport_fastrtps_c.cpython-310-x86_64-linux-gnu.so" to ""
[14.929s] -- Installing: /home/bhadha/pico_ws/install/mav_planning_msgs/local/lib/python3.10/dist-packages/mav_planning_msgs/mav_planning_msgs_s__rosidl_typesupport_introspection_c.cpython-310-x86_64-linux-gnu.so
[14.929s] -- Set runtime path of "/home/bhadha/pico_ws/install/mav_planning_msgs/local/lib/python3.10/dist-packages/mav_planning_msgs/mav_planning_msgs_s__rosidl_typesupport_introspection_c.cpython-310-x86_64-linux-gnu.so" to ""
[14.929s] -- Installing: /home/bhadha/pico_ws/install/mav_planning_msgs/local/lib/python3.10/dist-packages/mav_planning_msgs/mav_planning_msgs_s__rosidl_typesupport_c.cpython-310-x86_64-linux-gnu.so
[14.930s] -- Set runtime path of "/home/bhadha/pico_ws/install/mav_planning_msgs/local/lib/python3.10/dist-packages/mav_planning_msgs/mav_planning_msgs_s__rosidl_typesupport_c.cpython-310-x86_64-linux-gnu.so" to ""
[14.930s] -- Installing: /home/bhadha/pico_ws/install/mav_planning_msgs/lib/libmav_planning_msgs__rosidl_generator_py.so
[14.930s] -- Set runtime path of "/home/bhadha/pico_ws/install/mav_planning_msgs/lib/libmav_planning_msgs__rosidl_generator_py.so" to ""
[14.930s] -- Installing: /home/bhadha/pico_ws/install/mav_planning_msgs/share/ament_index/resource_index/rust_packages/mav_planning_msgs
[14.931s] -- Installing: /home/bhadha/pico_ws/install/mav_planning_msgs/share/mav_planning_msgs/rust
[14.931s] -- Installing: /home/bhadha/pico_ws/install/mav_planning_msgs/share/mav_planning_msgs/rust/build.rs
[14.931s] -- Installing: /home/bhadha/pico_ws/install/mav_planning_msgs/share/mav_planning_msgs/rust/src
[14.931s] -- Installing: /home/bhadha/pico_ws/install/mav_planning_msgs/share/mav_planning_msgs/rust/src/msg
[14.931s] -- Installing: /home/bhadha/pico_ws/install/mav_planning_msgs/share/mav_planning_msgs/rust/src/msg/rmw.rs
[14.931s] -- Installing: /home/bhadha/pico_ws/install/mav_planning_msgs/share/mav_planning_msgs/rust/src/srv
[14.931s] -- Installing: /home/bhadha/pico_ws/install/mav_planning_msgs/share/mav_planning_msgs/rust/src/srv/rmw.rs
[14.931s] -- Installing: /home/bhadha/pico_ws/install/mav_planning_msgs/share/mav_planning_msgs/rust/src/lib.rs
[14.931s] -- Installing: /home/bhadha/pico_ws/install/mav_planning_msgs/share/mav_planning_msgs/rust/src/msg.rs
[14.931s] -- Installing: /home/bhadha/pico_ws/install/mav_planning_msgs/share/mav_planning_msgs/rust/src/srv.rs
[14.932s] -- Installing: /home/bhadha/pico_ws/install/mav_planning_msgs/share/mav_planning_msgs/rust/Cargo.toml
[14.932s] -- Installing: /home/bhadha/pico_ws/install/mav_planning_msgs/share/mav_planning_msgs/msg/Point2D.idl
[14.932s] -- Installing: /home/bhadha/pico_ws/install/mav_planning_msgs/share/mav_planning_msgs/msg/PointCloudWithPose.idl
[14.932s] -- Installing: /home/bhadha/pico_ws/install/mav_planning_msgs/share/mav_planning_msgs/msg/Polygon2D.idl
[14.932s] -- Installing: /home/bhadha/pico_ws/install/mav_planning_msgs/share/mav_planning_msgs/msg/PolygonWithHoles.idl
[14.932s] -- Installing: /home/bhadha/pico_ws/install/mav_planning_msgs/share/mav_planning_msgs/msg/PolygonWithHolesStamped.idl
[14.932s] -- Installing: /home/bhadha/pico_ws/install/mav_planning_msgs/share/mav_planning_msgs/msg/PolynomialSegment.idl
[14.932s] -- Installing: /home/bhadha/pico_ws/install/mav_planning_msgs/share/mav_planning_msgs/msg/PolynomialSegment4D.idl
[14.932s] -- Installing: /home/bhadha/pico_ws/install/mav_planning_msgs/share/mav_planning_msgs/msg/PolynomialTrajectory.idl
[14.933s] -- Installing: /home/bhadha/pico_ws/install/mav_planning_msgs/share/mav_planning_msgs/msg/PolynomialTrajectory4D.idl
[14.933s] -- Installing: /home/bhadha/pico_ws/install/mav_planning_msgs/share/mav_planning_msgs/srv/PlannerService.idl
[14.933s] -- Installing: /home/bhadha/pico_ws/install/mav_planning_msgs/share/mav_planning_msgs/srv/PolygonService.idl
[14.933s] -- Installing: /home/bhadha/pico_ws/install/mav_planning_msgs/share/mav_planning_msgs/srv/ChangeNameService.idl
[14.933s] -- Installing: /home/bhadha/pico_ws/install/mav_planning_msgs/share/mav_planning_msgs/msg/Point2D.msg
[14.933s] -- Installing: /home/bhadha/pico_ws/install/mav_planning_msgs/share/mav_planning_msgs/msg/PointCloudWithPose.msg
[14.933s] -- Installing: /home/bhadha/pico_ws/install/mav_planning_msgs/share/mav_planning_msgs/msg/Polygon2D.msg
[14.934s] -- Installing: /home/bhadha/pico_ws/install/mav_planning_msgs/share/mav_planning_msgs/msg/PolygonWithHoles.msg
[14.934s] -- Installing: /home/bhadha/pico_ws/install/mav_planning_msgs/share/mav_planning_msgs/msg/PolygonWithHolesStamped.msg
[14.934s] -- Installing: /home/bhadha/pico_ws/install/mav_planning_msgs/share/mav_planning_msgs/msg/PolynomialSegment.msg
[14.934s] -- Installing: /home/bhadha/pico_ws/install/mav_planning_msgs/share/mav_planning_msgs/msg/PolynomialSegment4D.msg
[14.934s] -- Installing: /home/bhadha/pico_ws/install/mav_planning_msgs/share/mav_planning_msgs/msg/PolynomialTrajectory.msg
[14.934s] -- Installing: /home/bhadha/pico_ws/install/mav_planning_msgs/share/mav_planning_msgs/msg/PolynomialTrajectory4D.msg
[14.934s] -- Installing: /home/bhadha/pico_ws/install/mav_planning_msgs/share/mav_planning_msgs/srv/PlannerService.srv
[14.934s] -- Installing: /home/bhadha/pico_ws/install/mav_planning_msgs/share/mav_planning_msgs/srv/PlannerService_Request.msg
[14.935s] -- Installing: /home/bhadha/pico_ws/install/mav_planning_msgs/share/mav_planning_msgs/srv/PlannerService_Response.msg
[14.935s] -- Installing: /home/bhadha/pico_ws/install/mav_planning_msgs/share/mav_planning_msgs/srv/PolygonService.srv
[14.935s] -- Installing: /home/bhadha/pico_ws/install/mav_planning_msgs/share/mav_planning_msgs/srv/PolygonService_Request.msg
[14.935s] -- Installing: /home/bhadha/pico_ws/install/mav_planning_msgs/share/mav_planning_msgs/srv/PolygonService_Response.msg
[14.935s] -- Installing: /home/bhadha/pico_ws/install/mav_planning_msgs/share/mav_planning_msgs/srv/ChangeNameService.srv
[14.935s] -- Installing: /home/bhadha/pico_ws/install/mav_planning_msgs/share/mav_planning_msgs/srv/ChangeNameService_Request.msg
[14.935s] -- Installing: /home/bhadha/pico_ws/install/mav_planning_msgs/share/mav_planning_msgs/srv/ChangeNameService_Response.msg
[14.935s] -- Up-to-date: /home/bhadha/pico_ws/install/mav_planning_msgs/include/mav_planning_msgs
[14.936s] -- Installing: /home/bhadha/pico_ws/install/mav_planning_msgs/include/mav_planning_msgs/conversions_deprecated.hpp
[14.936s] -- Installing: /home/bhadha/pico_ws/install/mav_planning_msgs/include/mav_planning_msgs/eigen_planning_msgs.hpp
[14.936s] -- Installing: /home/bhadha/pico_ws/install/mav_planning_msgs/include/mav_planning_msgs/conversions.hpp
[14.936s] -- Installing: /home/bhadha/pico_ws/install/mav_planning_msgs/share/ament_index/resource_index/package_run_dependencies/mav_planning_msgs
[14.936s] -- Installing: /home/bhadha/pico_ws/install/mav_planning_msgs/share/ament_index/resource_index/parent_prefix_path/mav_planning_msgs
[14.936s] -- Installing: /home/bhadha/pico_ws/install/mav_planning_msgs/share/mav_planning_msgs/environment/ament_prefix_path.sh
[14.936s] -- Installing: /home/bhadha/pico_ws/install/mav_planning_msgs/share/mav_planning_msgs/environment/ament_prefix_path.dsv
[14.936s] -- Installing: /home/bhadha/pico_ws/install/mav_planning_msgs/share/mav_planning_msgs/environment/path.sh
[14.937s] -- Installing: /home/bhadha/pico_ws/install/mav_planning_msgs/share/mav_planning_msgs/environment/path.dsv
[14.937s] -- Installing: /home/bhadha/pico_ws/install/mav_planning_msgs/share/mav_planning_msgs/local_setup.bash
[14.937s] -- Installing: /home/bhadha/pico_ws/install/mav_planning_msgs/share/mav_planning_msgs/local_setup.sh
[14.937s] -- Installing: /home/bhadha/pico_ws/install/mav_planning_msgs/share/mav_planning_msgs/local_setup.zsh
[14.937s] -- Installing: /home/bhadha/pico_ws/install/mav_planning_msgs/share/mav_planning_msgs/local_setup.dsv
[14.937s] -- Installing: /home/bhadha/pico_ws/install/mav_planning_msgs/share/mav_planning_msgs/package.dsv
[14.937s] -- Installing: /home/bhadha/pico_ws/install/mav_planning_msgs/share/ament_index/resource_index/packages/mav_planning_msgs
[14.938s] -- Installing: /home/bhadha/pico_ws/install/mav_planning_msgs/share/mav_planning_msgs/cmake/export_mav_planning_msgs__rosidl_generator_cExport.cmake
[14.938s] -- Installing: /home/bhadha/pico_ws/install/mav_planning_msgs/share/mav_planning_msgs/cmake/export_mav_planning_msgs__rosidl_generator_cExport-noconfig.cmake
[14.938s] -- Installing: /home/bhadha/pico_ws/install/mav_planning_msgs/share/mav_planning_msgs/cmake/export_mav_planning_msgs__rosidl_typesupport_fastrtps_cExport.cmake
[14.938s] -- Installing: /home/bhadha/pico_ws/install/mav_planning_msgs/share/mav_planning_msgs/cmake/export_mav_planning_msgs__rosidl_typesupport_fastrtps_cExport-noconfig.cmake
[14.938s] -- Installing: /home/bhadha/pico_ws/install/mav_planning_msgs/share/mav_planning_msgs/cmake/mav_planning_msgs__rosidl_typesupport_introspection_cExport.cmake
[14.938s] -- Installing: /home/bhadha/pico_ws/install/mav_planning_msgs/share/mav_planning_msgs/cmake/mav_planning_msgs__rosidl_typesupport_introspection_cExport-noconfig.cmake
[14.938s] -- Installing: /home/bhadha/pico_ws/install/mav_planning_msgs/share/mav_planning_msgs/cmake/mav_planning_msgs__rosidl_typesupport_cExport.cmake
[14.939s] -- Installing: /home/bhadha/pico_ws/install/mav_planning_msgs/share/mav_planning_msgs/cmake/mav_planning_msgs__rosidl_typesupport_cExport-noconfig.cmake
[14.939s] -- Installing: /home/bhadha/pico_ws/install/mav_planning_msgs/share/mav_planning_msgs/cmake/export_mav_planning_msgs__rosidl_generator_cppExport.cmake
[14.939s] -- Installing: /home/bhadha/pico_ws/install/mav_planning_msgs/share/mav_planning_msgs/cmake/export_mav_planning_msgs__rosidl_typesupport_fastrtps_cppExport.cmake
[14.939s] -- Installing: /home/bhadha/pico_ws/install/mav_planning_msgs/share/mav_planning_msgs/cmake/export_mav_planning_msgs__rosidl_typesupport_fastrtps_cppExport-noconfig.cmake
[14.939s] -- Installing: /home/bhadha/pico_ws/install/mav_planning_msgs/share/mav_planning_msgs/cmake/mav_planning_msgs__rosidl_typesupport_introspection_cppExport.cmake
[14.939s] -- Installing: /home/bhadha/pico_ws/install/mav_planning_msgs/share/mav_planning_msgs/cmake/mav_planning_msgs__rosidl_typesupport_introspection_cppExport-noconfig.cmake
[14.939s] -- Installing: /home/bhadha/pico_ws/install/mav_planning_msgs/share/mav_planning_msgs/cmake/mav_planning_msgs__rosidl_typesupport_cppExport.cmake
[14.940s] -- Installing: /home/bhadha/pico_ws/install/mav_planning_msgs/share/mav_planning_msgs/cmake/mav_planning_msgs__rosidl_typesupport_cppExport-noconfig.cmake
[14.940s] -- Installing: /home/bhadha/pico_ws/install/mav_planning_msgs/share/mav_planning_msgs/cmake/export_mav_planning_msgs__rosidl_generator_pyExport.cmake
[14.940s] -- Installing: /home/bhadha/pico_ws/install/mav_planning_msgs/share/mav_planning_msgs/cmake/export_mav_planning_msgs__rosidl_generator_pyExport-noconfig.cmake
[14.940s] -- Installing: /home/bhadha/pico_ws/install/mav_planning_msgs/share/mav_planning_msgs/cmake/rosidl_cmake-extras.cmake
[14.940s] -- Installing: /home/bhadha/pico_ws/install/mav_planning_msgs/share/mav_planning_msgs/cmake/ament_cmake_export_dependencies-extras.cmake
[14.940s] -- Installing: /home/bhadha/pico_ws/install/mav_planning_msgs/share/mav_planning_msgs/cmake/ament_cmake_export_include_directories-extras.cmake
[14.940s] -- Installing: /home/bhadha/pico_ws/install/mav_planning_msgs/share/mav_planning_msgs/cmake/ament_cmake_export_libraries-extras.cmake
[14.941s] -- Installing: /home/bhadha/pico_ws/install/mav_planning_msgs/share/mav_planning_msgs/cmake/ament_cmake_export_targets-extras.cmake
[14.941s] -- Installing: /home/bhadha/pico_ws/install/mav_planning_msgs/share/mav_planning_msgs/cmake/rosidl_cmake_export_typesupport_targets-extras.cmake
[14.941s] -- Installing: /home/bhadha/pico_ws/install/mav_planning_msgs/share/mav_planning_msgs/cmake/rosidl_cmake_export_typesupport_libraries-extras.cmake
[14.941s] -- Installing: /home/bhadha/pico_ws/install/mav_planning_msgs/share/mav_planning_msgs/cmake/rosidl_cmake_aggregate_target-extras.cmake
[14.941s] -- Installing: /home/bhadha/pico_ws/install/mav_planning_msgs/share/mav_planning_msgs/cmake/mav_planning_msgsConfig.cmake
[14.941s] -- Installing: /home/bhadha/pico_ws/install/mav_planning_msgs/share/mav_planning_msgs/cmake/mav_planning_msgsConfig-version.cmake
[14.941s] -- Installing: /home/bhadha/pico_ws/install/mav_planning_msgs/share/mav_planning_msgs/package.xml
[14.944s] Invoked command in '/home/bhadha/pico_ws/build/mav_planning_msgs' returned '0': AMENT_PREFIX_PATH=/home/bhadha/pico_ws/install/mav_msgs:${AMENT_PREFIX_PATH} CMAKE_PREFIX_PATH=/home/bhadha/pico_ws/install/mav_msgs:/opt/ros/humble LD_LIBRARY_PATH=/home/bhadha/pico_ws/install/mav_msgs/lib:${LD_LIBRARY_PATH} PYTHONPATH=/home/bhadha/pico_ws/install/mav_msgs/local/lib/python3.10/dist-packages:${PYTHONPATH} /usr/bin/cmake --install /home/bhadha/pico_ws/build/mav_planning_msgs
