[35m[1mConsolidate compiler generated dependencies of target error_msg__rosidl_generator_c[0m
[  3%] Built target error_msg__rs
[ 12%] Built target error_msg__rosidl_generator_c
[ 15%] Built target error_msg__cpp
[35m[1mConsolidate compiler generated dependencies of target error_msg__rosidl_typesupport_c[0m
[35m[1mConsolidate compiler generated dependencies of target error_msg__rosidl_typesupport_fastrtps_c[0m
[35m[1mConsolidate compiler generated dependencies of target error_msg__rosidl_typesupport_introspection_cpp[0m
[35m[1mConsolidate compiler generated dependencies of target error_msg__rosidl_typesupport_introspection_c[0m
[ 15%] Built target ament_cmake_python_copy_error_msg
[35m[1mConsolidate compiler generated dependencies of target error_msg__rosidl_typesupport_fastrtps_cpp[0m
[35m[1mConsolidate compiler generated dependencies of target error_msg__rosidl_typesupport_cpp[0m
[ 25%] Built target error_msg__rosidl_typesupport_introspection_c
[ 34%] Built target error_msg__rosidl_typesupport_fastrtps_c
[ 43%] Built target error_msg__rosidl_typesupport_introspection_cpp
[ 53%] Built target error_msg__rosidl_typesupport_c
[ 62%] Built target error_msg__rosidl_typesupport_fastrtps_cpp
[ 71%] Built target error_msg__rosidl_typesupport_cpp
[ 71%] Built target error_msg
[ 75%] Built target error_msg__py
[35m[1mConsolidate compiler generated dependencies of target error_msg__rosidl_generator_py[0m
[ 81%] Built target error_msg__rosidl_generator_py
[35m[1mConsolidate compiler generated dependencies of target error_msg__rosidl_typesupport_introspection_c__pyext[0m
[35m[1mConsolidate compiler generated dependencies of target error_msg__rosidl_typesupport_fastrtps_c__pyext[0m
[35m[1mConsolidate compiler generated dependencies of target error_msg__rosidl_typesupport_c__pyext[0m
[ 87%] Built target error_msg__rosidl_typesupport_introspection_c__pyext
[ 93%] Built target error_msg__rosidl_typesupport_fastrtps_c__pyext
[100%] Built target error_msg__rosidl_typesupport_c__pyext
running egg_info
writing error_msg.egg-info/PKG-INFO
writing dependency_links to error_msg.egg-info/dependency_links.txt
writing top-level names to error_msg.egg-info/top_level.txt
reading manifest file 'error_msg.egg-info/SOURCES.txt'
writing manifest file 'error_msg.egg-info/SOURCES.txt'
[100%] Built target ament_cmake_python_build_error_msg_egg
-- Install configuration: ""
-- Up-to-date: /home/bhadha/pico_ws/install/error_msg/share/ament_index/resource_index/rosidl_interfaces/error_msg
-- Up-to-date: /home/bhadha/pico_ws/install/error_msg/include/error_msg/error_msg
-- Up-to-date: /home/bhadha/pico_ws/install/error_msg/include/error_msg/error_msg/msg
-- Up-to-date: /home/bhadha/pico_ws/install/error_msg/include/error_msg/error_msg/msg/detail
-- Up-to-date: /home/bhadha/pico_ws/install/error_msg/include/error_msg/error_msg/msg/detail/error__functions.h
-- Up-to-date: /home/bhadha/pico_ws/install/error_msg/include/error_msg/error_msg/msg/detail/error__type_support.h
-- Up-to-date: /home/bhadha/pico_ws/install/error_msg/include/error_msg/error_msg/msg/detail/error__functions.c
-- Up-to-date: /home/bhadha/pico_ws/install/error_msg/include/error_msg/error_msg/msg/detail/error__struct.h
-- Up-to-date: /home/bhadha/pico_ws/install/error_msg/include/error_msg/error_msg/msg/rosidl_generator_c__visibility_control.h
-- Up-to-date: /home/bhadha/pico_ws/install/error_msg/include/error_msg/error_msg/msg/error.h
-- Up-to-date: /home/bhadha/pico_ws/install/error_msg/share/error_msg/environment/library_path.sh
-- Up-to-date: /home/bhadha/pico_ws/install/error_msg/share/error_msg/environment/library_path.dsv
-- Up-to-date: /home/bhadha/pico_ws/install/error_msg/lib/liberror_msg__rosidl_generator_c.so
-- Up-to-date: /home/bhadha/pico_ws/install/error_msg/include/error_msg/error_msg
-- Up-to-date: /home/bhadha/pico_ws/install/error_msg/include/error_msg/error_msg/msg
-- Up-to-date: /home/bhadha/pico_ws/install/error_msg/include/error_msg/error_msg/msg/detail
-- Up-to-date: /home/bhadha/pico_ws/install/error_msg/include/error_msg/error_msg/msg/detail/error__rosidl_typesupport_fastrtps_c.h
-- Up-to-date: /home/bhadha/pico_ws/install/error_msg/include/error_msg/error_msg/msg/rosidl_typesupport_fastrtps_c__visibility_control.h
-- Up-to-date: /home/bhadha/pico_ws/install/error_msg/lib/liberror_msg__rosidl_typesupport_fastrtps_c.so
-- Up-to-date: /home/bhadha/pico_ws/install/error_msg/include/error_msg/error_msg
-- Up-to-date: /home/bhadha/pico_ws/install/error_msg/include/error_msg/error_msg/msg
-- Up-to-date: /home/bhadha/pico_ws/install/error_msg/include/error_msg/error_msg/msg/error.hpp
-- Up-to-date: /home/bhadha/pico_ws/install/error_msg/include/error_msg/error_msg/msg/detail
-- Up-to-date: /home/bhadha/pico_ws/install/error_msg/include/error_msg/error_msg/msg/detail/error__traits.hpp
-- Up-to-date: /home/bhadha/pico_ws/install/error_msg/include/error_msg/error_msg/msg/detail/error__type_support.hpp
-- Up-to-date: /home/bhadha/pico_ws/install/error_msg/include/error_msg/error_msg/msg/detail/error__builder.hpp
-- Up-to-date: /home/bhadha/pico_ws/install/error_msg/include/error_msg/error_msg/msg/detail/error__struct.hpp
-- Up-to-date: /home/bhadha/pico_ws/install/error_msg/include/error_msg/error_msg/msg/rosidl_generator_cpp__visibility_control.hpp
-- Up-to-date: /home/bhadha/pico_ws/install/error_msg/include/error_msg/error_msg
-- Up-to-date: /home/bhadha/pico_ws/install/error_msg/include/error_msg/error_msg/msg
-- Up-to-date: /home/bhadha/pico_ws/install/error_msg/include/error_msg/error_msg/msg/rosidl_typesupport_fastrtps_cpp__visibility_control.h
-- Up-to-date: /home/bhadha/pico_ws/install/error_msg/include/error_msg/error_msg/msg/detail
-- Up-to-date: /home/bhadha/pico_ws/install/error_msg/include/error_msg/error_msg/msg/detail/dds_fastrtps
-- Up-to-date: /home/bhadha/pico_ws/install/error_msg/include/error_msg/error_msg/msg/detail/error__rosidl_typesupport_fastrtps_cpp.hpp
-- Up-to-date: /home/bhadha/pico_ws/install/error_msg/lib/liberror_msg__rosidl_typesupport_fastrtps_cpp.so
-- Up-to-date: /home/bhadha/pico_ws/install/error_msg/include/error_msg/error_msg
-- Up-to-date: /home/bhadha/pico_ws/install/error_msg/include/error_msg/error_msg/msg
-- Up-to-date: /home/bhadha/pico_ws/install/error_msg/include/error_msg/error_msg/msg/detail
-- Up-to-date: /home/bhadha/pico_ws/install/error_msg/include/error_msg/error_msg/msg/detail/error__rosidl_typesupport_introspection_c.h
-- Up-to-date: /home/bhadha/pico_ws/install/error_msg/include/error_msg/error_msg/msg/detail/error__type_support.c
-- Up-to-date: /home/bhadha/pico_ws/install/error_msg/include/error_msg/error_msg/msg/rosidl_typesupport_introspection_c__visibility_control.h
-- Up-to-date: /home/bhadha/pico_ws/install/error_msg/lib/liberror_msg__rosidl_typesupport_introspection_c.so
-- Up-to-date: /home/bhadha/pico_ws/install/error_msg/lib/liberror_msg__rosidl_typesupport_c.so
-- Up-to-date: /home/bhadha/pico_ws/install/error_msg/include/error_msg/error_msg
-- Up-to-date: /home/bhadha/pico_ws/install/error_msg/include/error_msg/error_msg/msg
-- Up-to-date: /home/bhadha/pico_ws/install/error_msg/include/error_msg/error_msg/msg/detail
-- Up-to-date: /home/bhadha/pico_ws/install/error_msg/include/error_msg/error_msg/msg/detail/error__type_support.cpp
-- Up-to-date: /home/bhadha/pico_ws/install/error_msg/include/error_msg/error_msg/msg/detail/error__rosidl_typesupport_introspection_cpp.hpp
-- Up-to-date: /home/bhadha/pico_ws/install/error_msg/lib/liberror_msg__rosidl_typesupport_introspection_cpp.so
-- Up-to-date: /home/bhadha/pico_ws/install/error_msg/lib/liberror_msg__rosidl_typesupport_cpp.so
-- Up-to-date: /home/bhadha/pico_ws/install/error_msg/share/error_msg/environment/pythonpath.sh
-- Up-to-date: /home/bhadha/pico_ws/install/error_msg/share/error_msg/environment/pythonpath.dsv
-- Up-to-date: /home/bhadha/pico_ws/install/error_msg/local/lib/python3.10/dist-packages/error_msg-0.0.0-py3.10.egg-info
-- Installing: /home/bhadha/pico_ws/install/error_msg/local/lib/python3.10/dist-packages/error_msg-0.0.0-py3.10.egg-info/SOURCES.txt
-- Installing: /home/bhadha/pico_ws/install/error_msg/local/lib/python3.10/dist-packages/error_msg-0.0.0-py3.10.egg-info/PKG-INFO
-- Installing: /home/bhadha/pico_ws/install/error_msg/local/lib/python3.10/dist-packages/error_msg-0.0.0-py3.10.egg-info/top_level.txt
-- Installing: /home/bhadha/pico_ws/install/error_msg/local/lib/python3.10/dist-packages/error_msg-0.0.0-py3.10.egg-info/dependency_links.txt
-- Up-to-date: /home/bhadha/pico_ws/install/error_msg/local/lib/python3.10/dist-packages/error_msg
-- Up-to-date: /home/bhadha/pico_ws/install/error_msg/local/lib/python3.10/dist-packages/error_msg/error_msg_s__rosidl_typesupport_introspection_c.cpython-310-x86_64-linux-gnu.so
-- Up-to-date: /home/bhadha/pico_ws/install/error_msg/local/lib/python3.10/dist-packages/error_msg/msg
-- Up-to-date: /home/bhadha/pico_ws/install/error_msg/local/lib/python3.10/dist-packages/error_msg/msg/_error_s.c
-- Up-to-date: /home/bhadha/pico_ws/install/error_msg/local/lib/python3.10/dist-packages/error_msg/msg/_error.py
-- Up-to-date: /home/bhadha/pico_ws/install/error_msg/local/lib/python3.10/dist-packages/error_msg/msg/__init__.py
-- Up-to-date: /home/bhadha/pico_ws/install/error_msg/local/lib/python3.10/dist-packages/error_msg/_error_msg_s.ep.rosidl_typesupport_fastrtps_c.c
-- Up-to-date: /home/bhadha/pico_ws/install/error_msg/local/lib/python3.10/dist-packages/error_msg/error_msg_s__rosidl_typesupport_c.cpython-310-x86_64-linux-gnu.so
-- Up-to-date: /home/bhadha/pico_ws/install/error_msg/local/lib/python3.10/dist-packages/error_msg/error_msg_s__rosidl_typesupport_fastrtps_c.cpython-310-x86_64-linux-gnu.so
-- Up-to-date: /home/bhadha/pico_ws/install/error_msg/local/lib/python3.10/dist-packages/error_msg/__init__.py
-- Up-to-date: /home/bhadha/pico_ws/install/error_msg/local/lib/python3.10/dist-packages/error_msg/_error_msg_s.ep.rosidl_typesupport_c.c
-- Up-to-date: /home/bhadha/pico_ws/install/error_msg/local/lib/python3.10/dist-packages/error_msg/liberror_msg__rosidl_generator_py.so
-- Up-to-date: /home/bhadha/pico_ws/install/error_msg/local/lib/python3.10/dist-packages/error_msg/_error_msg_s.ep.rosidl_typesupport_introspection_c.c
Listing '/home/bhadha/pico_ws/install/error_msg/local/lib/python3.10/dist-packages/error_msg'...
Listing '/home/bhadha/pico_ws/install/error_msg/local/lib/python3.10/dist-packages/error_msg/msg'...
-- Up-to-date: /home/bhadha/pico_ws/install/error_msg/local/lib/python3.10/dist-packages/error_msg/error_msg_s__rosidl_typesupport_fastrtps_c.cpython-310-x86_64-linux-gnu.so
-- Up-to-date: /home/bhadha/pico_ws/install/error_msg/local/lib/python3.10/dist-packages/error_msg/error_msg_s__rosidl_typesupport_introspection_c.cpython-310-x86_64-linux-gnu.so
-- Up-to-date: /home/bhadha/pico_ws/install/error_msg/local/lib/python3.10/dist-packages/error_msg/error_msg_s__rosidl_typesupport_c.cpython-310-x86_64-linux-gnu.so
-- Up-to-date: /home/bhadha/pico_ws/install/error_msg/lib/liberror_msg__rosidl_generator_py.so
-- Up-to-date: /home/bhadha/pico_ws/install/error_msg/share/ament_index/resource_index/rust_packages/error_msg
-- Up-to-date: /home/bhadha/pico_ws/install/error_msg/share/error_msg/rust
-- Up-to-date: /home/bhadha/pico_ws/install/error_msg/share/error_msg/rust/build.rs
-- Up-to-date: /home/bhadha/pico_ws/install/error_msg/share/error_msg/rust/src
-- Up-to-date: /home/bhadha/pico_ws/install/error_msg/share/error_msg/rust/src/msg
-- Up-to-date: /home/bhadha/pico_ws/install/error_msg/share/error_msg/rust/src/msg/rmw.rs
-- Up-to-date: /home/bhadha/pico_ws/install/error_msg/share/error_msg/rust/src/lib.rs
-- Up-to-date: /home/bhadha/pico_ws/install/error_msg/share/error_msg/rust/src/msg.rs
-- Up-to-date: /home/bhadha/pico_ws/install/error_msg/share/error_msg/rust/Cargo.toml
-- Up-to-date: /home/bhadha/pico_ws/install/error_msg/share/error_msg/msg/Error.idl
-- Up-to-date: /home/bhadha/pico_ws/install/error_msg/share/error_msg/msg/Error.msg
-- Up-to-date: /home/bhadha/pico_ws/install/error_msg/share/ament_index/resource_index/package_run_dependencies/error_msg
-- Up-to-date: /home/bhadha/pico_ws/install/error_msg/share/ament_index/resource_index/parent_prefix_path/error_msg
-- Up-to-date: /home/bhadha/pico_ws/install/error_msg/share/error_msg/environment/ament_prefix_path.sh
-- Up-to-date: /home/bhadha/pico_ws/install/error_msg/share/error_msg/environment/ament_prefix_path.dsv
-- Up-to-date: /home/bhadha/pico_ws/install/error_msg/share/error_msg/environment/path.sh
-- Up-to-date: /home/bhadha/pico_ws/install/error_msg/share/error_msg/environment/path.dsv
-- Up-to-date: /home/bhadha/pico_ws/install/error_msg/share/error_msg/local_setup.bash
-- Up-to-date: /home/bhadha/pico_ws/install/error_msg/share/error_msg/local_setup.sh
-- Up-to-date: /home/bhadha/pico_ws/install/error_msg/share/error_msg/local_setup.zsh
-- Up-to-date: /home/bhadha/pico_ws/install/error_msg/share/error_msg/local_setup.dsv
-- Installing: /home/bhadha/pico_ws/install/error_msg/share/error_msg/package.dsv
-- Up-to-date: /home/bhadha/pico_ws/install/error_msg/share/ament_index/resource_index/packages/error_msg
-- Up-to-date: /home/bhadha/pico_ws/install/error_msg/share/error_msg/cmake/export_error_msg__rosidl_generator_cExport.cmake
-- Up-to-date: /home/bhadha/pico_ws/install/error_msg/share/error_msg/cmake/export_error_msg__rosidl_generator_cExport-noconfig.cmake
-- Up-to-date: /home/bhadha/pico_ws/install/error_msg/share/error_msg/cmake/export_error_msg__rosidl_typesupport_fastrtps_cExport.cmake
-- Up-to-date: /home/bhadha/pico_ws/install/error_msg/share/error_msg/cmake/export_error_msg__rosidl_typesupport_fastrtps_cExport-noconfig.cmake
-- Up-to-date: /home/bhadha/pico_ws/install/error_msg/share/error_msg/cmake/export_error_msg__rosidl_generator_cppExport.cmake
-- Up-to-date: /home/bhadha/pico_ws/install/error_msg/share/error_msg/cmake/export_error_msg__rosidl_typesupport_fastrtps_cppExport.cmake
-- Up-to-date: /home/bhadha/pico_ws/install/error_msg/share/error_msg/cmake/export_error_msg__rosidl_typesupport_fastrtps_cppExport-noconfig.cmake
-- Up-to-date: /home/bhadha/pico_ws/install/error_msg/share/error_msg/cmake/error_msg__rosidl_typesupport_introspection_cExport.cmake
-- Up-to-date: /home/bhadha/pico_ws/install/error_msg/share/error_msg/cmake/error_msg__rosidl_typesupport_introspection_cExport-noconfig.cmake
-- Up-to-date: /home/bhadha/pico_ws/install/error_msg/share/error_msg/cmake/error_msg__rosidl_typesupport_cExport.cmake
-- Up-to-date: /home/bhadha/pico_ws/install/error_msg/share/error_msg/cmake/error_msg__rosidl_typesupport_cExport-noconfig.cmake
-- Up-to-date: /home/bhadha/pico_ws/install/error_msg/share/error_msg/cmake/error_msg__rosidl_typesupport_introspection_cppExport.cmake
-- Up-to-date: /home/bhadha/pico_ws/install/error_msg/share/error_msg/cmake/error_msg__rosidl_typesupport_introspection_cppExport-noconfig.cmake
-- Up-to-date: /home/bhadha/pico_ws/install/error_msg/share/error_msg/cmake/error_msg__rosidl_typesupport_cppExport.cmake
-- Up-to-date: /home/bhadha/pico_ws/install/error_msg/share/error_msg/cmake/error_msg__rosidl_typesupport_cppExport-noconfig.cmake
-- Up-to-date: /home/bhadha/pico_ws/install/error_msg/share/error_msg/cmake/export_error_msg__rosidl_generator_pyExport.cmake
-- Up-to-date: /home/bhadha/pico_ws/install/error_msg/share/error_msg/cmake/export_error_msg__rosidl_generator_pyExport-noconfig.cmake
-- Up-to-date: /home/bhadha/pico_ws/install/error_msg/share/error_msg/cmake/rosidl_cmake-extras.cmake
-- Up-to-date: /home/bhadha/pico_ws/install/error_msg/share/error_msg/cmake/ament_cmake_export_dependencies-extras.cmake
-- Up-to-date: /home/bhadha/pico_ws/install/error_msg/share/error_msg/cmake/ament_cmake_export_include_directories-extras.cmake
-- Up-to-date: /home/bhadha/pico_ws/install/error_msg/share/error_msg/cmake/ament_cmake_export_libraries-extras.cmake
-- Up-to-date: /home/bhadha/pico_ws/install/error_msg/share/error_msg/cmake/ament_cmake_export_targets-extras.cmake
-- Up-to-date: /home/bhadha/pico_ws/install/error_msg/share/error_msg/cmake/rosidl_cmake_export_typesupport_targets-extras.cmake
-- Up-to-date: /home/bhadha/pico_ws/install/error_msg/share/error_msg/cmake/rosidl_cmake_export_typesupport_libraries-extras.cmake
-- Up-to-date: /home/bhadha/pico_ws/install/error_msg/share/error_msg/cmake/rosidl_cmake_aggregate_target-extras.cmake
-- Up-to-date: /home/bhadha/pico_ws/install/error_msg/share/error_msg/cmake/error_msgConfig.cmake
-- Up-to-date: /home/bhadha/pico_ws/install/error_msg/share/error_msg/cmake/error_msgConfig-version.cmake
-- Up-to-date: /home/bhadha/pico_ws/install/error_msg/share/error_msg/package.xml
