[0.027s] Invoking command in '/home/bhadha/pico_ws/build/error_msg': CMAKE_PREFIX_PATH=/opt/ros/humble /usr/bin/cmake --build /home/bhadha/pico_ws/build/error_msg -- -j12 -l12
[0.106s] [35m[1mConsolidate compiler generated dependencies of target error_msg__rosidl_generator_c[0m
[0.159s] [  3%] Built target error_msg__rs
[0.175s] [ 12%] Built target error_msg__rosidl_generator_c
[0.206s] [ 15%] Built target error_msg__cpp
[0.247s] [35m[1mConsolidate compiler generated dependencies of target error_msg__rosidl_typesupport_c[0m
[0.247s] [35m[1mConsolidate compiler generated dependencies of target error_msg__rosidl_typesupport_fastrtps_c[0m
[0.264s] [35m[1mConsolidate compiler generated dependencies of target error_msg__rosidl_typesupport_introspection_cpp[0m
[0.270s] [35m[1mConsolidate compiler generated dependencies of target error_msg__rosidl_typesupport_introspection_c[0m
[0.292s] [ 15%] Built target ament_cmake_python_copy_error_msg
[0.317s] [35m[1mConsolidate compiler generated dependencies of target error_msg__rosidl_typesupport_fastrtps_cpp[0m
[0.338s] [35m[1mConsolidate compiler generated dependencies of target error_msg__rosidl_typesupport_cpp[0m
[0.351s] [ 25%] Built target error_msg__rosidl_typesupport_introspection_c
[0.378s] [ 34%] Built target error_msg__rosidl_typesupport_fastrtps_c
[0.378s] [ 43%] Built target error_msg__rosidl_typesupport_introspection_cpp
[0.379s] [ 53%] Built target error_msg__rosidl_typesupport_c
[0.379s] [ 62%] Built target error_msg__rosidl_typesupport_fastrtps_cpp
[0.392s] [ 71%] Built target error_msg__rosidl_typesupport_cpp
[0.467s] [ 71%] Built target error_msg
[0.522s] [ 75%] Built target error_msg__py
[0.595s] [35m[1mConsolidate compiler generated dependencies of target error_msg__rosidl_generator_py[0m
[0.601s] [ 81%] Built target error_msg__rosidl_generator_py
[0.602s] [35m[1mConsolidate compiler generated dependencies of target error_msg__rosidl_typesupport_introspection_c__pyext[0m
[0.610s] [35m[1mConsolidate compiler generated dependencies of target error_msg__rosidl_typesupport_fastrtps_c__pyext[0m
[0.620s] [35m[1mConsolidate compiler generated dependencies of target error_msg__rosidl_typesupport_c__pyext[0m
[0.645s] [ 87%] Built target error_msg__rosidl_typesupport_introspection_c__pyext
[0.669s] [ 93%] Built target error_msg__rosidl_typesupport_fastrtps_c__pyext
[0.673s] [100%] Built target error_msg__rosidl_typesupport_c__pyext
[0.868s] running egg_info
[0.869s] writing error_msg.egg-info/PKG-INFO
[0.869s] writing dependency_links to error_msg.egg-info/dependency_links.txt
[0.870s] writing top-level names to error_msg.egg-info/top_level.txt
[0.873s] reading manifest file 'error_msg.egg-info/SOURCES.txt'
[0.874s] writing manifest file 'error_msg.egg-info/SOURCES.txt'
[0.915s] [100%] Built target ament_cmake_python_build_error_msg_egg
[0.932s] Invoked command in '/home/bhadha/pico_ws/build/error_msg' returned '0': CMAKE_PREFIX_PATH=/opt/ros/humble /usr/bin/cmake --build /home/bhadha/pico_ws/build/error_msg -- -j12 -l12
[0.933s] Invoking command in '/home/bhadha/pico_ws/build/error_msg': CMAKE_PREFIX_PATH=/opt/ros/humble /usr/bin/cmake --install /home/bhadha/pico_ws/build/error_msg
[0.949s] -- Install configuration: ""
[0.949s] -- Up-to-date: /home/bhadha/pico_ws/install/error_msg/share/ament_index/resource_index/rosidl_interfaces/error_msg
[0.949s] -- Up-to-date: /home/bhadha/pico_ws/install/error_msg/include/error_msg/error_msg
[0.949s] -- Up-to-date: /home/bhadha/pico_ws/install/error_msg/include/error_msg/error_msg/msg
[0.949s] -- Up-to-date: /home/bhadha/pico_ws/install/error_msg/include/error_msg/error_msg/msg/detail
[0.950s] -- Up-to-date: /home/bhadha/pico_ws/install/error_msg/include/error_msg/error_msg/msg/detail/error__functions.h
[0.950s] -- Up-to-date: /home/bhadha/pico_ws/install/error_msg/include/error_msg/error_msg/msg/detail/error__type_support.h
[0.950s] -- Up-to-date: /home/bhadha/pico_ws/install/error_msg/include/error_msg/error_msg/msg/detail/error__functions.c
[0.950s] -- Up-to-date: /home/bhadha/pico_ws/install/error_msg/include/error_msg/error_msg/msg/detail/error__struct.h
[0.950s] -- Up-to-date: /home/bhadha/pico_ws/install/error_msg/include/error_msg/error_msg/msg/rosidl_generator_c__visibility_control.h
[0.950s] -- Up-to-date: /home/bhadha/pico_ws/install/error_msg/include/error_msg/error_msg/msg/error.h
[0.950s] -- Up-to-date: /home/bhadha/pico_ws/install/error_msg/share/error_msg/environment/library_path.sh
[0.950s] -- Up-to-date: /home/bhadha/pico_ws/install/error_msg/share/error_msg/environment/library_path.dsv
[0.950s] -- Up-to-date: /home/bhadha/pico_ws/install/error_msg/lib/liberror_msg__rosidl_generator_c.so
[0.950s] -- Up-to-date: /home/bhadha/pico_ws/install/error_msg/include/error_msg/error_msg
[0.950s] -- Up-to-date: /home/bhadha/pico_ws/install/error_msg/include/error_msg/error_msg/msg
[0.950s] -- Up-to-date: /home/bhadha/pico_ws/install/error_msg/include/error_msg/error_msg/msg/detail
[0.950s] -- Up-to-date: /home/bhadha/pico_ws/install/error_msg/include/error_msg/error_msg/msg/detail/error__rosidl_typesupport_fastrtps_c.h
[0.951s] -- Up-to-date: /home/bhadha/pico_ws/install/error_msg/include/error_msg/error_msg/msg/rosidl_typesupport_fastrtps_c__visibility_control.h
[0.951s] -- Up-to-date: /home/bhadha/pico_ws/install/error_msg/lib/liberror_msg__rosidl_typesupport_fastrtps_c.so
[0.951s] -- Up-to-date: /home/bhadha/pico_ws/install/error_msg/include/error_msg/error_msg
[0.951s] -- Up-to-date: /home/bhadha/pico_ws/install/error_msg/include/error_msg/error_msg/msg
[0.951s] -- Up-to-date: /home/bhadha/pico_ws/install/error_msg/include/error_msg/error_msg/msg/error.hpp
[0.951s] -- Up-to-date: /home/bhadha/pico_ws/install/error_msg/include/error_msg/error_msg/msg/detail
[0.951s] -- Up-to-date: /home/bhadha/pico_ws/install/error_msg/include/error_msg/error_msg/msg/detail/error__traits.hpp
[0.951s] -- Up-to-date: /home/bhadha/pico_ws/install/error_msg/include/error_msg/error_msg/msg/detail/error__type_support.hpp
[0.951s] -- Up-to-date: /home/bhadha/pico_ws/install/error_msg/include/error_msg/error_msg/msg/detail/error__builder.hpp
[0.951s] -- Up-to-date: /home/bhadha/pico_ws/install/error_msg/include/error_msg/error_msg/msg/detail/error__struct.hpp
[0.951s] -- Up-to-date: /home/bhadha/pico_ws/install/error_msg/include/error_msg/error_msg/msg/rosidl_generator_cpp__visibility_control.hpp
[0.951s] -- Up-to-date: /home/bhadha/pico_ws/install/error_msg/include/error_msg/error_msg
[0.952s] -- Up-to-date: /home/bhadha/pico_ws/install/error_msg/include/error_msg/error_msg/msg
[0.952s] -- Up-to-date: /home/bhadha/pico_ws/install/error_msg/include/error_msg/error_msg/msg/rosidl_typesupport_fastrtps_cpp__visibility_control.h
[0.952s] -- Up-to-date: /home/bhadha/pico_ws/install/error_msg/include/error_msg/error_msg/msg/detail
[0.952s] -- Up-to-date: /home/bhadha/pico_ws/install/error_msg/include/error_msg/error_msg/msg/detail/dds_fastrtps
[0.953s] -- Up-to-date: /home/bhadha/pico_ws/install/error_msg/include/error_msg/error_msg/msg/detail/error__rosidl_typesupport_fastrtps_cpp.hpp
[0.954s] -- Up-to-date: /home/bhadha/pico_ws/install/error_msg/lib/liberror_msg__rosidl_typesupport_fastrtps_cpp.so
[0.954s] -- Up-to-date: /home/bhadha/pico_ws/install/error_msg/include/error_msg/error_msg
[0.956s] -- Up-to-date: /home/bhadha/pico_ws/install/error_msg/include/error_msg/error_msg/msg
[0.956s] -- Up-to-date: /home/bhadha/pico_ws/install/error_msg/include/error_msg/error_msg/msg/detail
[0.956s] -- Up-to-date: /home/bhadha/pico_ws/install/error_msg/include/error_msg/error_msg/msg/detail/error__rosidl_typesupport_introspection_c.h
[0.956s] -- Up-to-date: /home/bhadha/pico_ws/install/error_msg/include/error_msg/error_msg/msg/detail/error__type_support.c
[0.956s] -- Up-to-date: /home/bhadha/pico_ws/install/error_msg/include/error_msg/error_msg/msg/rosidl_typesupport_introspection_c__visibility_control.h
[0.956s] -- Up-to-date: /home/bhadha/pico_ws/install/error_msg/lib/liberror_msg__rosidl_typesupport_introspection_c.so
[0.956s] -- Up-to-date: /home/bhadha/pico_ws/install/error_msg/lib/liberror_msg__rosidl_typesupport_c.so
[0.957s] -- Up-to-date: /home/bhadha/pico_ws/install/error_msg/include/error_msg/error_msg
[0.957s] -- Up-to-date: /home/bhadha/pico_ws/install/error_msg/include/error_msg/error_msg/msg
[0.957s] -- Up-to-date: /home/bhadha/pico_ws/install/error_msg/include/error_msg/error_msg/msg/detail
[0.957s] -- Up-to-date: /home/bhadha/pico_ws/install/error_msg/include/error_msg/error_msg/msg/detail/error__type_support.cpp
[0.957s] -- Up-to-date: /home/bhadha/pico_ws/install/error_msg/include/error_msg/error_msg/msg/detail/error__rosidl_typesupport_introspection_cpp.hpp
[0.957s] -- Up-to-date: /home/bhadha/pico_ws/install/error_msg/lib/liberror_msg__rosidl_typesupport_introspection_cpp.so
[0.957s] -- Up-to-date: /home/bhadha/pico_ws/install/error_msg/lib/liberror_msg__rosidl_typesupport_cpp.so
[0.958s] -- Up-to-date: /home/bhadha/pico_ws/install/error_msg/share/error_msg/environment/pythonpath.sh
[0.958s] -- Up-to-date: /home/bhadha/pico_ws/install/error_msg/share/error_msg/environment/pythonpath.dsv
[0.958s] -- Up-to-date: /home/bhadha/pico_ws/install/error_msg/local/lib/python3.10/dist-packages/error_msg-0.0.0-py3.10.egg-info
[0.958s] -- Installing: /home/bhadha/pico_ws/install/error_msg/local/lib/python3.10/dist-packages/error_msg-0.0.0-py3.10.egg-info/SOURCES.txt
[0.958s] -- Installing: /home/bhadha/pico_ws/install/error_msg/local/lib/python3.10/dist-packages/error_msg-0.0.0-py3.10.egg-info/PKG-INFO
[0.958s] -- Installing: /home/bhadha/pico_ws/install/error_msg/local/lib/python3.10/dist-packages/error_msg-0.0.0-py3.10.egg-info/top_level.txt
[0.958s] -- Installing: /home/bhadha/pico_ws/install/error_msg/local/lib/python3.10/dist-packages/error_msg-0.0.0-py3.10.egg-info/dependency_links.txt
[0.958s] -- Up-to-date: /home/bhadha/pico_ws/install/error_msg/local/lib/python3.10/dist-packages/error_msg
[0.958s] -- Up-to-date: /home/bhadha/pico_ws/install/error_msg/local/lib/python3.10/dist-packages/error_msg/error_msg_s__rosidl_typesupport_introspection_c.cpython-310-x86_64-linux-gnu.so
[0.958s] -- Up-to-date: /home/bhadha/pico_ws/install/error_msg/local/lib/python3.10/dist-packages/error_msg/msg
[0.959s] -- Up-to-date: /home/bhadha/pico_ws/install/error_msg/local/lib/python3.10/dist-packages/error_msg/msg/_error_s.c
[0.959s] -- Up-to-date: /home/bhadha/pico_ws/install/error_msg/local/lib/python3.10/dist-packages/error_msg/msg/_error.py
[0.959s] -- Up-to-date: /home/bhadha/pico_ws/install/error_msg/local/lib/python3.10/dist-packages/error_msg/msg/__init__.py
[0.959s] -- Up-to-date: /home/bhadha/pico_ws/install/error_msg/local/lib/python3.10/dist-packages/error_msg/_error_msg_s.ep.rosidl_typesupport_fastrtps_c.c
[0.959s] -- Up-to-date: /home/bhadha/pico_ws/install/error_msg/local/lib/python3.10/dist-packages/error_msg/error_msg_s__rosidl_typesupport_c.cpython-310-x86_64-linux-gnu.so
[0.959s] -- Up-to-date: /home/bhadha/pico_ws/install/error_msg/local/lib/python3.10/dist-packages/error_msg/error_msg_s__rosidl_typesupport_fastrtps_c.cpython-310-x86_64-linux-gnu.so
[0.959s] -- Up-to-date: /home/bhadha/pico_ws/install/error_msg/local/lib/python3.10/dist-packages/error_msg/__init__.py
[0.959s] -- Up-to-date: /home/bhadha/pico_ws/install/error_msg/local/lib/python3.10/dist-packages/error_msg/_error_msg_s.ep.rosidl_typesupport_c.c
[0.959s] -- Up-to-date: /home/bhadha/pico_ws/install/error_msg/local/lib/python3.10/dist-packages/error_msg/liberror_msg__rosidl_generator_py.so
[0.959s] -- Up-to-date: /home/bhadha/pico_ws/install/error_msg/local/lib/python3.10/dist-packages/error_msg/_error_msg_s.ep.rosidl_typesupport_introspection_c.c
[1.025s] Listing '/home/bhadha/pico_ws/install/error_msg/local/lib/python3.10/dist-packages/error_msg'...
[1.025s] Listing '/home/bhadha/pico_ws/install/error_msg/local/lib/python3.10/dist-packages/error_msg/msg'...
[1.028s] -- Up-to-date: /home/bhadha/pico_ws/install/error_msg/local/lib/python3.10/dist-packages/error_msg/error_msg_s__rosidl_typesupport_fastrtps_c.cpython-310-x86_64-linux-gnu.so
[1.028s] -- Up-to-date: /home/bhadha/pico_ws/install/error_msg/local/lib/python3.10/dist-packages/error_msg/error_msg_s__rosidl_typesupport_introspection_c.cpython-310-x86_64-linux-gnu.so
[1.028s] -- Up-to-date: /home/bhadha/pico_ws/install/error_msg/local/lib/python3.10/dist-packages/error_msg/error_msg_s__rosidl_typesupport_c.cpython-310-x86_64-linux-gnu.so
[1.029s] -- Up-to-date: /home/bhadha/pico_ws/install/error_msg/lib/liberror_msg__rosidl_generator_py.so
[1.029s] -- Up-to-date: /home/bhadha/pico_ws/install/error_msg/share/ament_index/resource_index/rust_packages/error_msg
[1.029s] -- Up-to-date: /home/bhadha/pico_ws/install/error_msg/share/error_msg/rust
[1.029s] -- Up-to-date: /home/bhadha/pico_ws/install/error_msg/share/error_msg/rust/build.rs
[1.029s] -- Up-to-date: /home/bhadha/pico_ws/install/error_msg/share/error_msg/rust/src
[1.029s] -- Up-to-date: /home/bhadha/pico_ws/install/error_msg/share/error_msg/rust/src/msg
[1.029s] -- Up-to-date: /home/bhadha/pico_ws/install/error_msg/share/error_msg/rust/src/msg/rmw.rs
[1.030s] -- Up-to-date: /home/bhadha/pico_ws/install/error_msg/share/error_msg/rust/src/lib.rs
[1.030s] -- Up-to-date: /home/bhadha/pico_ws/install/error_msg/share/error_msg/rust/src/msg.rs
[1.030s] -- Up-to-date: /home/bhadha/pico_ws/install/error_msg/share/error_msg/rust/Cargo.toml
[1.030s] -- Up-to-date: /home/bhadha/pico_ws/install/error_msg/share/error_msg/msg/Error.idl
[1.030s] -- Up-to-date: /home/bhadha/pico_ws/install/error_msg/share/error_msg/msg/Error.msg
[1.030s] -- Up-to-date: /home/bhadha/pico_ws/install/error_msg/share/ament_index/resource_index/package_run_dependencies/error_msg
[1.030s] -- Up-to-date: /home/bhadha/pico_ws/install/error_msg/share/ament_index/resource_index/parent_prefix_path/error_msg
[1.030s] -- Up-to-date: /home/bhadha/pico_ws/install/error_msg/share/error_msg/environment/ament_prefix_path.sh
[1.030s] -- Up-to-date: /home/bhadha/pico_ws/install/error_msg/share/error_msg/environment/ament_prefix_path.dsv
[1.031s] -- Up-to-date: /home/bhadha/pico_ws/install/error_msg/share/error_msg/environment/path.sh
[1.031s] -- Up-to-date: /home/bhadha/pico_ws/install/error_msg/share/error_msg/environment/path.dsv
[1.031s] -- Up-to-date: /home/bhadha/pico_ws/install/error_msg/share/error_msg/local_setup.bash
[1.031s] -- Up-to-date: /home/bhadha/pico_ws/install/error_msg/share/error_msg/local_setup.sh
[1.031s] -- Up-to-date: /home/bhadha/pico_ws/install/error_msg/share/error_msg/local_setup.zsh
[1.031s] -- Up-to-date: /home/bhadha/pico_ws/install/error_msg/share/error_msg/local_setup.dsv
[1.031s] -- Installing: /home/bhadha/pico_ws/install/error_msg/share/error_msg/package.dsv
[1.032s] -- Up-to-date: /home/bhadha/pico_ws/install/error_msg/share/ament_index/resource_index/packages/error_msg
[1.032s] -- Up-to-date: /home/bhadha/pico_ws/install/error_msg/share/error_msg/cmake/export_error_msg__rosidl_generator_cExport.cmake
[1.032s] -- Up-to-date: /home/bhadha/pico_ws/install/error_msg/share/error_msg/cmake/export_error_msg__rosidl_generator_cExport-noconfig.cmake
[1.032s] -- Up-to-date: /home/bhadha/pico_ws/install/error_msg/share/error_msg/cmake/export_error_msg__rosidl_typesupport_fastrtps_cExport.cmake
[1.032s] -- Up-to-date: /home/bhadha/pico_ws/install/error_msg/share/error_msg/cmake/export_error_msg__rosidl_typesupport_fastrtps_cExport-noconfig.cmake
[1.032s] -- Up-to-date: /home/bhadha/pico_ws/install/error_msg/share/error_msg/cmake/export_error_msg__rosidl_generator_cppExport.cmake
[1.033s] -- Up-to-date: /home/bhadha/pico_ws/install/error_msg/share/error_msg/cmake/export_error_msg__rosidl_typesupport_fastrtps_cppExport.cmake
[1.033s] -- Up-to-date: /home/bhadha/pico_ws/install/error_msg/share/error_msg/cmake/export_error_msg__rosidl_typesupport_fastrtps_cppExport-noconfig.cmake
[1.033s] -- Up-to-date: /home/bhadha/pico_ws/install/error_msg/share/error_msg/cmake/error_msg__rosidl_typesupport_introspection_cExport.cmake
[1.033s] -- Up-to-date: /home/bhadha/pico_ws/install/error_msg/share/error_msg/cmake/error_msg__rosidl_typesupport_introspection_cExport-noconfig.cmake
[1.033s] -- Up-to-date: /home/bhadha/pico_ws/install/error_msg/share/error_msg/cmake/error_msg__rosidl_typesupport_cExport.cmake
[1.033s] -- Up-to-date: /home/bhadha/pico_ws/install/error_msg/share/error_msg/cmake/error_msg__rosidl_typesupport_cExport-noconfig.cmake
[1.033s] -- Up-to-date: /home/bhadha/pico_ws/install/error_msg/share/error_msg/cmake/error_msg__rosidl_typesupport_introspection_cppExport.cmake
[1.034s] -- Up-to-date: /home/bhadha/pico_ws/install/error_msg/share/error_msg/cmake/error_msg__rosidl_typesupport_introspection_cppExport-noconfig.cmake
[1.034s] -- Up-to-date: /home/bhadha/pico_ws/install/error_msg/share/error_msg/cmake/error_msg__rosidl_typesupport_cppExport.cmake
[1.034s] -- Up-to-date: /home/bhadha/pico_ws/install/error_msg/share/error_msg/cmake/error_msg__rosidl_typesupport_cppExport-noconfig.cmake
[1.034s] -- Up-to-date: /home/bhadha/pico_ws/install/error_msg/share/error_msg/cmake/export_error_msg__rosidl_generator_pyExport.cmake
[1.034s] -- Up-to-date: /home/bhadha/pico_ws/install/error_msg/share/error_msg/cmake/export_error_msg__rosidl_generator_pyExport-noconfig.cmake
[1.034s] -- Up-to-date: /home/bhadha/pico_ws/install/error_msg/share/error_msg/cmake/rosidl_cmake-extras.cmake
[1.034s] -- Up-to-date: /home/bhadha/pico_ws/install/error_msg/share/error_msg/cmake/ament_cmake_export_dependencies-extras.cmake
[1.034s] -- Up-to-date: /home/bhadha/pico_ws/install/error_msg/share/error_msg/cmake/ament_cmake_export_include_directories-extras.cmake
[1.034s] -- Up-to-date: /home/bhadha/pico_ws/install/error_msg/share/error_msg/cmake/ament_cmake_export_libraries-extras.cmake
[1.034s] -- Up-to-date: /home/bhadha/pico_ws/install/error_msg/share/error_msg/cmake/ament_cmake_export_targets-extras.cmake
[1.034s] -- Up-to-date: /home/bhadha/pico_ws/install/error_msg/share/error_msg/cmake/rosidl_cmake_export_typesupport_targets-extras.cmake
[1.034s] -- Up-to-date: /home/bhadha/pico_ws/install/error_msg/share/error_msg/cmake/rosidl_cmake_export_typesupport_libraries-extras.cmake
[1.034s] -- Up-to-date: /home/bhadha/pico_ws/install/error_msg/share/error_msg/cmake/rosidl_cmake_aggregate_target-extras.cmake
[1.034s] -- Up-to-date: /home/bhadha/pico_ws/install/error_msg/share/error_msg/cmake/error_msgConfig.cmake
[1.035s] -- Up-to-date: /home/bhadha/pico_ws/install/error_msg/share/error_msg/cmake/error_msgConfig-version.cmake
[1.035s] -- Up-to-date: /home/bhadha/pico_ws/install/error_msg/share/error_msg/package.xml
[1.035s] Invoked command in '/home/bhadha/pico_ws/build/error_msg' returned '0': CMAKE_PREFIX_PATH=/opt/ros/humble /usr/bin/cmake --install /home/bhadha/pico_ws/build/error_msg
