[0.026s] Invoking command in '/home/bhadha/pico_ws/build/swift_msgs': CMAKE_PREFIX_PATH=/opt/ros/humble /usr/bin/cmake --build /home/bhadha/pico_ws/build/swift_msgs -- -j12 -l12
[0.093s] [35m[1mConsolidate compiler generated dependencies of target swift_msgs__rosidl_generator_c[0m
[0.133s] [  9%] Built target swift_msgs__rosidl_generator_c
[0.161s] [ 12%] Built target swift_msgs__cpp
[0.167s] [35m[1mConsolidate compiler generated dependencies of target swift_msgs__rosidl_typesupport_fastrtps_c[0m
[0.182s] [ 15%] Built target swift_msgs__rs
[0.203s] [35m[1mConsolidate compiler generated dependencies of target swift_msgs__rosidl_typesupport_introspection_c[0m
[0.203s] [ 15%] Built target ament_cmake_python_copy_swift_msgs
[0.203s] [35m[1mConsolidate compiler generated dependencies of target swift_msgs__rosidl_typesupport_c[0m
[0.210s] [35m[1mConsolidate compiler generated dependencies of target swift_msgs__rosidl_typesupport_introspection_cpp[0m
[0.219s] [35m[1mConsolidate compiler generated dependencies of target swift_msgs__rosidl_typesupport_fastrtps_cpp[0m
[0.222s] [35m[1mConsolidate compiler generated dependencies of target swift_msgs__rosidl_typesupport_cpp[0m
[0.227s] [ 25%] Built target swift_msgs__rosidl_typesupport_fastrtps_c
[0.267s] [ 34%] Built target swift_msgs__rosidl_typesupport_introspection_c
[0.316s] [ 43%] Built target swift_msgs__rosidl_typesupport_c
[0.349s] [ 53%] Built target swift_msgs__rosidl_typesupport_cpp
[0.375s] [ 62%] Built target swift_msgs__rosidl_typesupport_fastrtps_cpp
[0.376s] [ 71%] Built target swift_msgs__rosidl_typesupport_introspection_cpp
[0.406s] [ 71%] Built target swift_msgs
[0.471s] [ 75%] Built target swift_msgs__py
[0.499s] [35m[1mConsolidate compiler generated dependencies of target swift_msgs__rosidl_generator_py[0m
[0.560s] [ 81%] Built target swift_msgs__rosidl_generator_py
[0.599s] [35m[1mConsolidate compiler generated dependencies of target swift_msgs__rosidl_typesupport_introspection_c__pyext[0m
[0.599s] [35m[1mConsolidate compiler generated dependencies of target swift_msgs__rosidl_typesupport_c__pyext[0m
[0.600s] [35m[1mConsolidate compiler generated dependencies of target swift_msgs__rosidl_typesupport_fastrtps_c__pyext[0m
[0.600s] [ 87%] Built target swift_msgs__rosidl_typesupport_introspection_c__pyext
[0.622s] [ 93%] Built target swift_msgs__rosidl_typesupport_fastrtps_c__pyext
[0.642s] [100%] Built target swift_msgs__rosidl_typesupport_c__pyext
[0.888s] running egg_info
[0.889s] writing swift_msgs.egg-info/PKG-INFO
[0.889s] writing dependency_links to swift_msgs.egg-info/dependency_links.txt
[0.889s] writing top-level names to swift_msgs.egg-info/top_level.txt
[0.893s] reading manifest file 'swift_msgs.egg-info/SOURCES.txt'
[0.894s] writing manifest file 'swift_msgs.egg-info/SOURCES.txt'
[0.934s] [100%] Built target ament_cmake_python_build_swift_msgs_egg
[0.957s] Invoked command in '/home/bhadha/pico_ws/build/swift_msgs' returned '0': CMAKE_PREFIX_PATH=/opt/ros/humble /usr/bin/cmake --build /home/bhadha/pico_ws/build/swift_msgs -- -j12 -l12
[0.959s] Invoking command in '/home/bhadha/pico_ws/build/swift_msgs': CMAKE_PREFIX_PATH=/opt/ros/humble /usr/bin/cmake --install /home/bhadha/pico_ws/build/swift_msgs
[0.983s] -- Install configuration: ""
[0.986s] -- Up-to-date: /home/bhadha/pico_ws/install/swift_msgs/share/ament_index/resource_index/rosidl_interfaces/swift_msgs
[0.986s] -- Up-to-date: /home/bhadha/pico_ws/install/swift_msgs/include/swift_msgs/swift_msgs
[0.986s] -- Up-to-date: /home/bhadha/pico_ws/install/swift_msgs/include/swift_msgs/swift_msgs/msg
[0.986s] -- Up-to-date: /home/bhadha/pico_ws/install/swift_msgs/include/swift_msgs/swift_msgs/msg/swift_msgs.h
[0.986s] -- Up-to-date: /home/bhadha/pico_ws/install/swift_msgs/include/swift_msgs/swift_msgs/msg/detail
[0.986s] -- Up-to-date: /home/bhadha/pico_ws/install/swift_msgs/include/swift_msgs/swift_msgs/msg/detail/swift_msgs__type_support.h
[0.986s] -- Up-to-date: /home/bhadha/pico_ws/install/swift_msgs/include/swift_msgs/swift_msgs/msg/detail/swift_msgs__struct.h
[0.987s] -- Up-to-date: /home/bhadha/pico_ws/install/swift_msgs/include/swift_msgs/swift_msgs/msg/detail/swift_msgs__functions.h
[0.987s] -- Up-to-date: /home/bhadha/pico_ws/install/swift_msgs/include/swift_msgs/swift_msgs/msg/detail/swift_msgs__functions.c
[0.987s] -- Up-to-date: /home/bhadha/pico_ws/install/swift_msgs/include/swift_msgs/swift_msgs/msg/rosidl_generator_c__visibility_control.h
[0.987s] -- Up-to-date: /home/bhadha/pico_ws/install/swift_msgs/share/swift_msgs/environment/library_path.sh
[0.987s] -- Up-to-date: /home/bhadha/pico_ws/install/swift_msgs/share/swift_msgs/environment/library_path.dsv
[0.987s] -- Up-to-date: /home/bhadha/pico_ws/install/swift_msgs/lib/libswift_msgs__rosidl_generator_c.so
[0.987s] -- Up-to-date: /home/bhadha/pico_ws/install/swift_msgs/include/swift_msgs/swift_msgs
[0.987s] -- Up-to-date: /home/bhadha/pico_ws/install/swift_msgs/include/swift_msgs/swift_msgs/msg
[0.988s] -- Up-to-date: /home/bhadha/pico_ws/install/swift_msgs/include/swift_msgs/swift_msgs/msg/detail
[0.988s] -- Up-to-date: /home/bhadha/pico_ws/install/swift_msgs/include/swift_msgs/swift_msgs/msg/detail/swift_msgs__rosidl_typesupport_fastrtps_c.h
[0.988s] -- Up-to-date: /home/bhadha/pico_ws/install/swift_msgs/include/swift_msgs/swift_msgs/msg/rosidl_typesupport_fastrtps_c__visibility_control.h
[0.988s] -- Up-to-date: /home/bhadha/pico_ws/install/swift_msgs/lib/libswift_msgs__rosidl_typesupport_fastrtps_c.so
[0.988s] -- Up-to-date: /home/bhadha/pico_ws/install/swift_msgs/include/swift_msgs/swift_msgs
[0.988s] -- Up-to-date: /home/bhadha/pico_ws/install/swift_msgs/include/swift_msgs/swift_msgs/msg
[0.988s] -- Up-to-date: /home/bhadha/pico_ws/install/swift_msgs/include/swift_msgs/swift_msgs/msg/detail
[0.989s] -- Up-to-date: /home/bhadha/pico_ws/install/swift_msgs/include/swift_msgs/swift_msgs/msg/detail/swift_msgs__rosidl_typesupport_introspection_c.h
[0.989s] -- Up-to-date: /home/bhadha/pico_ws/install/swift_msgs/include/swift_msgs/swift_msgs/msg/detail/swift_msgs__type_support.c
[0.989s] -- Up-to-date: /home/bhadha/pico_ws/install/swift_msgs/include/swift_msgs/swift_msgs/msg/rosidl_typesupport_introspection_c__visibility_control.h
[0.989s] -- Up-to-date: /home/bhadha/pico_ws/install/swift_msgs/lib/libswift_msgs__rosidl_typesupport_introspection_c.so
[0.989s] -- Up-to-date: /home/bhadha/pico_ws/install/swift_msgs/lib/libswift_msgs__rosidl_typesupport_c.so
[0.989s] -- Up-to-date: /home/bhadha/pico_ws/install/swift_msgs/include/swift_msgs/swift_msgs
[0.989s] -- Up-to-date: /home/bhadha/pico_ws/install/swift_msgs/include/swift_msgs/swift_msgs/msg
[0.989s] -- Up-to-date: /home/bhadha/pico_ws/install/swift_msgs/include/swift_msgs/swift_msgs/msg/detail
[0.990s] -- Up-to-date: /home/bhadha/pico_ws/install/swift_msgs/include/swift_msgs/swift_msgs/msg/detail/swift_msgs__type_support.hpp
[0.990s] -- Up-to-date: /home/bhadha/pico_ws/install/swift_msgs/include/swift_msgs/swift_msgs/msg/detail/swift_msgs__struct.hpp
[0.990s] -- Up-to-date: /home/bhadha/pico_ws/install/swift_msgs/include/swift_msgs/swift_msgs/msg/detail/swift_msgs__builder.hpp
[0.990s] -- Up-to-date: /home/bhadha/pico_ws/install/swift_msgs/include/swift_msgs/swift_msgs/msg/detail/swift_msgs__traits.hpp
[0.990s] -- Up-to-date: /home/bhadha/pico_ws/install/swift_msgs/include/swift_msgs/swift_msgs/msg/rosidl_generator_cpp__visibility_control.hpp
[0.990s] -- Up-to-date: /home/bhadha/pico_ws/install/swift_msgs/include/swift_msgs/swift_msgs/msg/swift_msgs.hpp
[0.990s] -- Up-to-date: /home/bhadha/pico_ws/install/swift_msgs/include/swift_msgs/swift_msgs
[0.991s] -- Up-to-date: /home/bhadha/pico_ws/install/swift_msgs/include/swift_msgs/swift_msgs/msg
[0.991s] -- Up-to-date: /home/bhadha/pico_ws/install/swift_msgs/include/swift_msgs/swift_msgs/msg/rosidl_typesupport_fastrtps_cpp__visibility_control.h
[0.991s] -- Up-to-date: /home/bhadha/pico_ws/install/swift_msgs/include/swift_msgs/swift_msgs/msg/detail
[0.991s] -- Up-to-date: /home/bhadha/pico_ws/install/swift_msgs/include/swift_msgs/swift_msgs/msg/detail/dds_fastrtps
[0.991s] -- Up-to-date: /home/bhadha/pico_ws/install/swift_msgs/include/swift_msgs/swift_msgs/msg/detail/swift_msgs__rosidl_typesupport_fastrtps_cpp.hpp
[0.991s] -- Up-to-date: /home/bhadha/pico_ws/install/swift_msgs/lib/libswift_msgs__rosidl_typesupport_fastrtps_cpp.so
[0.991s] -- Up-to-date: /home/bhadha/pico_ws/install/swift_msgs/include/swift_msgs/swift_msgs
[0.991s] -- Up-to-date: /home/bhadha/pico_ws/install/swift_msgs/include/swift_msgs/swift_msgs/msg
[0.992s] -- Up-to-date: /home/bhadha/pico_ws/install/swift_msgs/include/swift_msgs/swift_msgs/msg/detail
[0.992s] -- Up-to-date: /home/bhadha/pico_ws/install/swift_msgs/include/swift_msgs/swift_msgs/msg/detail/swift_msgs__type_support.cpp
[0.992s] -- Up-to-date: /home/bhadha/pico_ws/install/swift_msgs/include/swift_msgs/swift_msgs/msg/detail/swift_msgs__rosidl_typesupport_introspection_cpp.hpp
[0.992s] -- Up-to-date: /home/bhadha/pico_ws/install/swift_msgs/lib/libswift_msgs__rosidl_typesupport_introspection_cpp.so
[0.992s] -- Up-to-date: /home/bhadha/pico_ws/install/swift_msgs/lib/libswift_msgs__rosidl_typesupport_cpp.so
[0.992s] -- Up-to-date: /home/bhadha/pico_ws/install/swift_msgs/share/swift_msgs/environment/pythonpath.sh
[0.992s] -- Up-to-date: /home/bhadha/pico_ws/install/swift_msgs/share/swift_msgs/environment/pythonpath.dsv
[0.993s] -- Up-to-date: /home/bhadha/pico_ws/install/swift_msgs/local/lib/python3.10/dist-packages/swift_msgs-0.0.0-py3.10.egg-info
[0.993s] -- Installing: /home/bhadha/pico_ws/install/swift_msgs/local/lib/python3.10/dist-packages/swift_msgs-0.0.0-py3.10.egg-info/SOURCES.txt
[0.993s] -- Installing: /home/bhadha/pico_ws/install/swift_msgs/local/lib/python3.10/dist-packages/swift_msgs-0.0.0-py3.10.egg-info/PKG-INFO
[0.993s] -- Installing: /home/bhadha/pico_ws/install/swift_msgs/local/lib/python3.10/dist-packages/swift_msgs-0.0.0-py3.10.egg-info/top_level.txt
[0.993s] -- Installing: /home/bhadha/pico_ws/install/swift_msgs/local/lib/python3.10/dist-packages/swift_msgs-0.0.0-py3.10.egg-info/dependency_links.txt
[0.993s] -- Up-to-date: /home/bhadha/pico_ws/install/swift_msgs/local/lib/python3.10/dist-packages/swift_msgs
[0.993s] -- Up-to-date: /home/bhadha/pico_ws/install/swift_msgs/local/lib/python3.10/dist-packages/swift_msgs/swift_msgs_s__rosidl_typesupport_introspection_c.cpython-310-x86_64-linux-gnu.so
[0.993s] -- Up-to-date: /home/bhadha/pico_ws/install/swift_msgs/local/lib/python3.10/dist-packages/swift_msgs/msg
[0.994s] -- Up-to-date: /home/bhadha/pico_ws/install/swift_msgs/local/lib/python3.10/dist-packages/swift_msgs/msg/_swift_msgs_s.c
[0.994s] -- Up-to-date: /home/bhadha/pico_ws/install/swift_msgs/local/lib/python3.10/dist-packages/swift_msgs/msg/__init__.py
[0.994s] -- Up-to-date: /home/bhadha/pico_ws/install/swift_msgs/local/lib/python3.10/dist-packages/swift_msgs/msg/_swift_msgs.py
[0.994s] -- Up-to-date: /home/bhadha/pico_ws/install/swift_msgs/local/lib/python3.10/dist-packages/swift_msgs/libswift_msgs__rosidl_generator_py.so
[0.994s] -- Up-to-date: /home/bhadha/pico_ws/install/swift_msgs/local/lib/python3.10/dist-packages/swift_msgs/swift_msgs_s__rosidl_typesupport_fastrtps_c.cpython-310-x86_64-linux-gnu.so
[0.994s] -- Up-to-date: /home/bhadha/pico_ws/install/swift_msgs/local/lib/python3.10/dist-packages/swift_msgs/__init__.py
[0.994s] -- Up-to-date: /home/bhadha/pico_ws/install/swift_msgs/local/lib/python3.10/dist-packages/swift_msgs/_swift_msgs_s.ep.rosidl_typesupport_introspection_c.c
[0.995s] -- Up-to-date: /home/bhadha/pico_ws/install/swift_msgs/local/lib/python3.10/dist-packages/swift_msgs/_swift_msgs_s.ep.rosidl_typesupport_fastrtps_c.c
[0.995s] -- Up-to-date: /home/bhadha/pico_ws/install/swift_msgs/local/lib/python3.10/dist-packages/swift_msgs/swift_msgs_s__rosidl_typesupport_c.cpython-310-x86_64-linux-gnu.so
[0.995s] -- Up-to-date: /home/bhadha/pico_ws/install/swift_msgs/local/lib/python3.10/dist-packages/swift_msgs/_swift_msgs_s.ep.rosidl_typesupport_c.c
[1.040s] Listing '/home/bhadha/pico_ws/install/swift_msgs/local/lib/python3.10/dist-packages/swift_msgs'...
[1.040s] Listing '/home/bhadha/pico_ws/install/swift_msgs/local/lib/python3.10/dist-packages/swift_msgs/msg'...
[1.040s] -- Up-to-date: /home/bhadha/pico_ws/install/swift_msgs/local/lib/python3.10/dist-packages/swift_msgs/swift_msgs_s__rosidl_typesupport_fastrtps_c.cpython-310-x86_64-linux-gnu.so
[1.040s] -- Up-to-date: /home/bhadha/pico_ws/install/swift_msgs/local/lib/python3.10/dist-packages/swift_msgs/swift_msgs_s__rosidl_typesupport_introspection_c.cpython-310-x86_64-linux-gnu.so
[1.040s] -- Up-to-date: /home/bhadha/pico_ws/install/swift_msgs/local/lib/python3.10/dist-packages/swift_msgs/swift_msgs_s__rosidl_typesupport_c.cpython-310-x86_64-linux-gnu.so
[1.040s] -- Up-to-date: /home/bhadha/pico_ws/install/swift_msgs/lib/libswift_msgs__rosidl_generator_py.so
[1.040s] -- Up-to-date: /home/bhadha/pico_ws/install/swift_msgs/share/ament_index/resource_index/rust_packages/swift_msgs
[1.040s] -- Up-to-date: /home/bhadha/pico_ws/install/swift_msgs/share/swift_msgs/rust
[1.040s] -- Up-to-date: /home/bhadha/pico_ws/install/swift_msgs/share/swift_msgs/rust/build.rs
[1.040s] -- Up-to-date: /home/bhadha/pico_ws/install/swift_msgs/share/swift_msgs/rust/src
[1.040s] -- Up-to-date: /home/bhadha/pico_ws/install/swift_msgs/share/swift_msgs/rust/src/msg
[1.040s] -- Up-to-date: /home/bhadha/pico_ws/install/swift_msgs/share/swift_msgs/rust/src/msg/rmw.rs
[1.040s] -- Up-to-date: /home/bhadha/pico_ws/install/swift_msgs/share/swift_msgs/rust/src/lib.rs
[1.041s] -- Up-to-date: /home/bhadha/pico_ws/install/swift_msgs/share/swift_msgs/rust/src/msg.rs
[1.041s] -- Up-to-date: /home/bhadha/pico_ws/install/swift_msgs/share/swift_msgs/rust/Cargo.toml
[1.041s] -- Up-to-date: /home/bhadha/pico_ws/install/swift_msgs/share/swift_msgs/msg/SwiftMsgs.idl
[1.041s] -- Up-to-date: /home/bhadha/pico_ws/install/swift_msgs/share/swift_msgs/msg/SwiftMsgs.msg
[1.041s] -- Up-to-date: /home/bhadha/pico_ws/install/swift_msgs/share/ament_index/resource_index/package_run_dependencies/swift_msgs
[1.041s] -- Up-to-date: /home/bhadha/pico_ws/install/swift_msgs/share/ament_index/resource_index/parent_prefix_path/swift_msgs
[1.041s] -- Up-to-date: /home/bhadha/pico_ws/install/swift_msgs/share/swift_msgs/environment/ament_prefix_path.sh
[1.041s] -- Up-to-date: /home/bhadha/pico_ws/install/swift_msgs/share/swift_msgs/environment/ament_prefix_path.dsv
[1.041s] -- Up-to-date: /home/bhadha/pico_ws/install/swift_msgs/share/swift_msgs/environment/path.sh
[1.041s] -- Up-to-date: /home/bhadha/pico_ws/install/swift_msgs/share/swift_msgs/environment/path.dsv
[1.041s] -- Up-to-date: /home/bhadha/pico_ws/install/swift_msgs/share/swift_msgs/local_setup.bash
[1.041s] -- Up-to-date: /home/bhadha/pico_ws/install/swift_msgs/share/swift_msgs/local_setup.sh
[1.041s] -- Up-to-date: /home/bhadha/pico_ws/install/swift_msgs/share/swift_msgs/local_setup.zsh
[1.041s] -- Up-to-date: /home/bhadha/pico_ws/install/swift_msgs/share/swift_msgs/local_setup.dsv
[1.041s] -- Installing: /home/bhadha/pico_ws/install/swift_msgs/share/swift_msgs/package.dsv
[1.042s] -- Up-to-date: /home/bhadha/pico_ws/install/swift_msgs/share/ament_index/resource_index/packages/swift_msgs
[1.042s] -- Up-to-date: /home/bhadha/pico_ws/install/swift_msgs/share/swift_msgs/cmake/export_swift_msgs__rosidl_generator_cExport.cmake
[1.043s] -- Up-to-date: /home/bhadha/pico_ws/install/swift_msgs/share/swift_msgs/cmake/export_swift_msgs__rosidl_generator_cExport-noconfig.cmake
[1.043s] -- Up-to-date: /home/bhadha/pico_ws/install/swift_msgs/share/swift_msgs/cmake/export_swift_msgs__rosidl_typesupport_fastrtps_cExport.cmake
[1.043s] -- Up-to-date: /home/bhadha/pico_ws/install/swift_msgs/share/swift_msgs/cmake/export_swift_msgs__rosidl_typesupport_fastrtps_cExport-noconfig.cmake
[1.043s] -- Up-to-date: /home/bhadha/pico_ws/install/swift_msgs/share/swift_msgs/cmake/swift_msgs__rosidl_typesupport_introspection_cExport.cmake
[1.043s] -- Up-to-date: /home/bhadha/pico_ws/install/swift_msgs/share/swift_msgs/cmake/swift_msgs__rosidl_typesupport_introspection_cExport-noconfig.cmake
[1.043s] -- Up-to-date: /home/bhadha/pico_ws/install/swift_msgs/share/swift_msgs/cmake/swift_msgs__rosidl_typesupport_cExport.cmake
[1.043s] -- Up-to-date: /home/bhadha/pico_ws/install/swift_msgs/share/swift_msgs/cmake/swift_msgs__rosidl_typesupport_cExport-noconfig.cmake
[1.043s] -- Up-to-date: /home/bhadha/pico_ws/install/swift_msgs/share/swift_msgs/cmake/export_swift_msgs__rosidl_generator_cppExport.cmake
[1.043s] -- Up-to-date: /home/bhadha/pico_ws/install/swift_msgs/share/swift_msgs/cmake/export_swift_msgs__rosidl_typesupport_fastrtps_cppExport.cmake
[1.043s] -- Up-to-date: /home/bhadha/pico_ws/install/swift_msgs/share/swift_msgs/cmake/export_swift_msgs__rosidl_typesupport_fastrtps_cppExport-noconfig.cmake
[1.043s] -- Up-to-date: /home/bhadha/pico_ws/install/swift_msgs/share/swift_msgs/cmake/swift_msgs__rosidl_typesupport_introspection_cppExport.cmake
[1.043s] -- Up-to-date: /home/bhadha/pico_ws/install/swift_msgs/share/swift_msgs/cmake/swift_msgs__rosidl_typesupport_introspection_cppExport-noconfig.cmake
[1.043s] -- Up-to-date: /home/bhadha/pico_ws/install/swift_msgs/share/swift_msgs/cmake/swift_msgs__rosidl_typesupport_cppExport.cmake
[1.043s] -- Up-to-date: /home/bhadha/pico_ws/install/swift_msgs/share/swift_msgs/cmake/swift_msgs__rosidl_typesupport_cppExport-noconfig.cmake
[1.043s] -- Up-to-date: /home/bhadha/pico_ws/install/swift_msgs/share/swift_msgs/cmake/export_swift_msgs__rosidl_generator_pyExport.cmake
[1.043s] -- Up-to-date: /home/bhadha/pico_ws/install/swift_msgs/share/swift_msgs/cmake/export_swift_msgs__rosidl_generator_pyExport-noconfig.cmake
[1.043s] -- Up-to-date: /home/bhadha/pico_ws/install/swift_msgs/share/swift_msgs/cmake/rosidl_cmake-extras.cmake
[1.043s] -- Up-to-date: /home/bhadha/pico_ws/install/swift_msgs/share/swift_msgs/cmake/ament_cmake_export_include_directories-extras.cmake
[1.043s] -- Up-to-date: /home/bhadha/pico_ws/install/swift_msgs/share/swift_msgs/cmake/ament_cmake_export_libraries-extras.cmake
[1.044s] -- Up-to-date: /home/bhadha/pico_ws/install/swift_msgs/share/swift_msgs/cmake/ament_cmake_export_targets-extras.cmake
[1.044s] -- Up-to-date: /home/bhadha/pico_ws/install/swift_msgs/share/swift_msgs/cmake/rosidl_cmake_export_typesupport_targets-extras.cmake
[1.044s] -- Up-to-date: /home/bhadha/pico_ws/install/swift_msgs/share/swift_msgs/cmake/ament_cmake_export_dependencies-extras.cmake
[1.044s] -- Up-to-date: /home/bhadha/pico_ws/install/swift_msgs/share/swift_msgs/cmake/rosidl_cmake_export_typesupport_libraries-extras.cmake
[1.044s] -- Up-to-date: /home/bhadha/pico_ws/install/swift_msgs/share/swift_msgs/cmake/rosidl_cmake_aggregate_target-extras.cmake
[1.044s] -- Up-to-date: /home/bhadha/pico_ws/install/swift_msgs/share/swift_msgs/cmake/swift_msgsConfig.cmake
[1.044s] -- Up-to-date: /home/bhadha/pico_ws/install/swift_msgs/share/swift_msgs/cmake/swift_msgsConfig-version.cmake
[1.044s] -- Up-to-date: /home/bhadha/pico_ws/install/swift_msgs/share/swift_msgs/package.xml
[1.085s] Invoked command in '/home/bhadha/pico_ws/build/swift_msgs' returned '0': CMAKE_PREFIX_PATH=/opt/ros/humble /usr/bin/cmake --install /home/bhadha/pico_ws/build/swift_msgs
