[0.026s] Invoking command in '/home/bhadha/pico_ws/build/rotors_swift_description': CMAKE_PREFIX_PATH=/opt/ros/humble /usr/bin/cmake /home/bhadha/pico_ws/src/rotors_simulator/rotors_swift_description -DCMAKE_INSTALL_PREFIX=/home/bhadha/pico_ws/install/rotors_swift_description
[0.155s] -- The C compiler identification is GNU 11.4.0
[0.277s] -- The CXX compiler identification is GNU 11.4.0
[0.292s] -- Detecting C compiler ABI info
[0.430s] -- Detecting C compiler ABI info - done
[0.455s] -- Check for working C compiler: /usr/bin/cc - skipped
[0.455s] -- Detecting C compile features
[0.456s] -- Detecting C compile features - done
[0.463s] -- Detecting CXX compiler ABI info
[0.624s] -- Detecting CXX compiler ABI info - done
[0.636s] -- Check for working CXX compiler: /usr/bin/c++ - skipped
[0.636s] -- Detecting CXX compile features
[0.637s] -- Detecting CXX compile features - done
[0.640s] -- Found ament_cmake: 1.3.14 (/opt/ros/humble/share/ament_cmake/cmake)
[0.933s] -- Found Python3: /usr/bin/python3 (found version "3.10.12") found components: Interpreter 
[1.095s] -- Found ament_lint_auto: 0.12.15 (/opt/ros/humble/share/ament_lint_auto/cmake)
[1.257s] -- Configuring done
[1.263s] -- Generating done
[1.267s] -- Build files have been written to: /home/bhadha/pico_ws/build/rotors_swift_description
[1.279s] Invoked command in '/home/bhadha/pico_ws/build/rotors_swift_description' returned '0': CMAKE_PREFIX_PATH=/opt/ros/humble /usr/bin/cmake /home/bhadha/pico_ws/src/rotors_simulator/rotors_swift_description -DCMAKE_INSTALL_PREFIX=/home/bhadha/pico_ws/install/rotors_swift_description
[1.284s] Invoking command in '/home/bhadha/pico_ws/build/rotors_swift_description': CMAKE_PREFIX_PATH=/opt/ros/humble /usr/bin/cmake --build /home/bhadha/pico_ws/build/rotors_swift_description -- -j12 -l12
[1.358s] Invoked command in '/home/bhadha/pico_ws/build/rotors_swift_description' returned '0': CMAKE_PREFIX_PATH=/opt/ros/humble /usr/bin/cmake --build /home/bhadha/pico_ws/build/rotors_swift_description -- -j12 -l12
[1.373s] Invoking command in '/home/bhadha/pico_ws/build/rotors_swift_description': CMAKE_PREFIX_PATH=/opt/ros/humble /usr/bin/cmake --install /home/bhadha/pico_ws/build/rotors_swift_description
[1.392s] -- Install configuration: ""
[1.392s] -- Installing: /home/bhadha/pico_ws/install/rotors_swift_description/share/rotors_swift_description/models
[1.393s] -- Installing: /home/bhadha/pico_ws/install/rotors_swift_description/share/rotors_swift_description/models/swift_pico
[1.393s] -- Installing: /home/bhadha/pico_ws/install/rotors_swift_description/share/rotors_swift_description/models/swift_pico/whycon_marker_file.xacro
[1.393s] -- Installing: /home/bhadha/pico_ws/install/rotors_swift_description/share/rotors_swift_description/models/swift_pico/swift_pico.sdf
[1.393s] -- Installing: /home/bhadha/pico_ws/install/rotors_swift_description/share/rotors_swift_description/models/swift_pico/meshes
[1.393s] -- Installing: /home/bhadha/pico_ws/install/rotors_swift_description/share/rotors_swift_description/models/swift_pico/meshes/propeller_ccw.dae
[1.393s] -- Installing: /home/bhadha/pico_ws/install/rotors_swift_description/share/rotors_swift_description/models/swift_pico/meshes/base_link.dae
[1.393s] -- Installing: /home/bhadha/pico_ws/install/rotors_swift_description/share/rotors_swift_description/models/swift_pico/meshes/cropped-image.png
[1.394s] -- Installing: /home/bhadha/pico_ws/install/rotors_swift_description/share/rotors_swift_description/models/swift_pico/meshes/m4_link.dae
[1.394s] -- Installing: /home/bhadha/pico_ws/install/rotors_swift_description/share/rotors_swift_description/models/swift_pico/meshes/textures
[1.394s] -- Installing: /home/bhadha/pico_ws/install/rotors_swift_description/share/rotors_swift_description/models/swift_pico/meshes/textures/whycon_marker.png
[1.394s] -- Installing: /home/bhadha/pico_ws/install/rotors_swift_description/share/rotors_swift_description/models/swift_pico/meshes/propeller_cw.dae
[1.394s] -- Installing: /home/bhadha/pico_ws/install/rotors_swift_description/share/rotors_swift_description/models/swift_pico/meshes/m1_link.dae
[1.394s] -- Installing: /home/bhadha/pico_ws/install/rotors_swift_description/share/rotors_swift_description/models/swift_pico/meshes/whycon2.obj
[1.502s] -- Installing: /home/bhadha/pico_ws/install/rotors_swift_description/share/rotors_swift_description/models/swift_pico/meshes/m2_link.dae
[1.503s] -- Installing: /home/bhadha/pico_ws/install/rotors_swift_description/share/rotors_swift_description/models/swift_pico/meshes/m3_link.dae
[1.503s] -- Installing: /home/bhadha/pico_ws/install/rotors_swift_description/share/rotors_swift_description/models/swift_pico/meshes/whycon2.mtl
[1.503s] -- Installing: /home/bhadha/pico_ws/install/rotors_swift_description/share/rotors_swift_description/models/swift_pico/textures
[1.504s] -- Installing: /home/bhadha/pico_ws/install/rotors_swift_description/share/rotors_swift_description/models/swift_pico/textures/whycon_marker.png
[1.504s] -- Installing: /home/bhadha/pico_ws/install/rotors_swift_description/share/rotors_swift_description/models/swift_pico/materials
[1.504s] -- Installing: /home/bhadha/pico_ws/install/rotors_swift_description/share/rotors_swift_description/models/swift_pico/materials/scripts
[1.504s] -- Installing: /home/bhadha/pico_ws/install/rotors_swift_description/share/rotors_swift_description/models/swift_pico/materials/scripts/whycon_marker.material
[1.505s] -- Installing: /home/bhadha/pico_ws/install/rotors_swift_description/share/rotors_swift_description/models/swift_pico/model.config
[1.505s] -- Installing: /home/bhadha/pico_ws/install/rotors_swift_description/share/ament_index/resource_index/package_run_dependencies/rotors_swift_description
[1.505s] -- Installing: /home/bhadha/pico_ws/install/rotors_swift_description/share/ament_index/resource_index/parent_prefix_path/rotors_swift_description
[1.505s] -- Installing: /home/bhadha/pico_ws/install/rotors_swift_description/share/rotors_swift_description/environment/ament_prefix_path.sh
[1.506s] -- Installing: /home/bhadha/pico_ws/install/rotors_swift_description/share/rotors_swift_description/environment/ament_prefix_path.dsv
[1.506s] -- Installing: /home/bhadha/pico_ws/install/rotors_swift_description/share/rotors_swift_description/environment/path.sh
[1.506s] -- Installing: /home/bhadha/pico_ws/install/rotors_swift_description/share/rotors_swift_description/environment/path.dsv
[1.507s] -- Installing: /home/bhadha/pico_ws/install/rotors_swift_description/share/rotors_swift_description/local_setup.bash
[1.507s] -- Installing: /home/bhadha/pico_ws/install/rotors_swift_description/share/rotors_swift_description/local_setup.sh
[1.507s] -- Installing: /home/bhadha/pico_ws/install/rotors_swift_description/share/rotors_swift_description/local_setup.zsh
[1.507s] -- Installing: /home/bhadha/pico_ws/install/rotors_swift_description/share/rotors_swift_description/local_setup.dsv
[1.508s] -- Installing: /home/bhadha/pico_ws/install/rotors_swift_description/share/rotors_swift_description/package.dsv
[1.508s] -- Installing: /home/bhadha/pico_ws/install/rotors_swift_description/share/ament_index/resource_index/packages/rotors_swift_description
[1.508s] -- Installing: /home/bhadha/pico_ws/install/rotors_swift_description/share/rotors_swift_description/cmake/rotors_swift_descriptionConfig.cmake
[1.509s] -- Installing: /home/bhadha/pico_ws/install/rotors_swift_description/share/rotors_swift_description/cmake/rotors_swift_descriptionConfig-version.cmake
[1.509s] -- Installing: /home/bhadha/pico_ws/install/rotors_swift_description/share/rotors_swift_description/package.xml
[1.513s] Invoked command in '/home/bhadha/pico_ws/build/rotors_swift_description' returned '0': CMAKE_PREFIX_PATH=/opt/ros/humble /usr/bin/cmake --install /home/bhadha/pico_ws/build/rotors_swift_description
