[0.044s] Invoking command in '/home/bhadha/pico_ws/build/rotors_swift_gazebo': AMENT_PREFIX_PATH=/home/bhadha/pico_ws/install/rotors_swift_description:${AMENT_PREFIX_PATH} CMAKE_PREFIX_PATH=/home/bhadha/pico_ws/install/rotors_swift_description:/opt/ros/humble /usr/bin/cmake /home/bhadha/pico_ws/src/rotors_simulator/rotors_swift_gazebo -DCMAKE_INSTALL_PREFIX=/home/bhadha/pico_ws/install/rotors_swift_gazebo
[0.141s] -- The C compiler identification is GNU 11.4.0
[0.256s] -- The CXX compiler identification is GNU 11.4.0
[0.276s] -- Detecting C compiler ABI info
[0.421s] -- Detecting C compiler ABI info - done
[0.438s] -- Check for working C compiler: /usr/bin/cc - skipped
[0.439s] -- Detecting C compile features
[0.440s] -- Detecting C compile features - done
[0.449s] -- Detecting CXX compiler ABI info
[0.620s] -- Detecting CXX compiler ABI info - done
[0.641s] -- Check for working CXX compiler: /usr/bin/c++ - skipped
[0.642s] -- Detecting CXX compile features
[0.643s] -- Detecting CXX compile features - done
[0.649s] -- Found ament_cmake: 1.3.14 (/opt/ros/humble/share/ament_cmake/cmake)
[0.972s] -- Found Python3: /usr/bin/python3 (found version "3.10.12") found components: Interpreter 
[1.176s] -- Found rotors_swift_description: 0.0.0 (/home/bhadha/pico_ws/install/rotors_swift_description/share/rotors_swift_description/cmake)
[1.179s] -- Found ament_lint_auto: 0.12.15 (/opt/ros/humble/share/ament_lint_auto/cmake)
[1.316s] -- Configuring done
[1.320s] -- Generating done
[1.325s] -- Build files have been written to: /home/bhadha/pico_ws/build/rotors_swift_gazebo
[1.333s] Invoked command in '/home/bhadha/pico_ws/build/rotors_swift_gazebo' returned '0': AMENT_PREFIX_PATH=/home/bhadha/pico_ws/install/rotors_swift_description:${AMENT_PREFIX_PATH} CMAKE_PREFIX_PATH=/home/bhadha/pico_ws/install/rotors_swift_description:/opt/ros/humble /usr/bin/cmake /home/bhadha/pico_ws/src/rotors_simulator/rotors_swift_gazebo -DCMAKE_INSTALL_PREFIX=/home/bhadha/pico_ws/install/rotors_swift_gazebo
[1.336s] Invoking command in '/home/bhadha/pico_ws/build/rotors_swift_gazebo': AMENT_PREFIX_PATH=/home/bhadha/pico_ws/install/rotors_swift_description:${AMENT_PREFIX_PATH} CMAKE_PREFIX_PATH=/home/bhadha/pico_ws/install/rotors_swift_description:/opt/ros/humble /usr/bin/cmake --build /home/bhadha/pico_ws/build/rotors_swift_gazebo -- -j12 -l12
[1.404s] Invoked command in '/home/bhadha/pico_ws/build/rotors_swift_gazebo' returned '0': AMENT_PREFIX_PATH=/home/bhadha/pico_ws/install/rotors_swift_description:${AMENT_PREFIX_PATH} CMAKE_PREFIX_PATH=/home/bhadha/pico_ws/install/rotors_swift_description:/opt/ros/humble /usr/bin/cmake --build /home/bhadha/pico_ws/build/rotors_swift_gazebo -- -j12 -l12
[1.408s] Invoking command in '/home/bhadha/pico_ws/build/rotors_swift_gazebo': AMENT_PREFIX_PATH=/home/bhadha/pico_ws/install/rotors_swift_description:${AMENT_PREFIX_PATH} CMAKE_PREFIX_PATH=/home/bhadha/pico_ws/install/rotors_swift_description:/opt/ros/humble /usr/bin/cmake --install /home/bhadha/pico_ws/build/rotors_swift_gazebo
[1.424s] -- Install configuration: ""
[1.424s] -- Installing: /home/bhadha/pico_ws/install/rotors_swift_gazebo/share/rotors_swift_gazebo/launch
[1.424s] -- Installing: /home/bhadha/pico_ws/install/rotors_swift_gazebo/share/rotors_swift_gazebo/launch/swift_pico_simulation.launch.py
[1.425s] -- Installing: /home/bhadha/pico_ws/install/rotors_swift_gazebo/share/rotors_swift_gazebo/config
[1.425s] -- Installing: /home/bhadha/pico_ws/install/rotors_swift_gazebo/share/rotors_swift_gazebo/config/swift_pico_bridge.yaml
[1.425s] -- Installing: /home/bhadha/pico_ws/install/rotors_swift_gazebo/share/rotors_swift_gazebo/resource
[1.425s] -- Installing: /home/bhadha/pico_ws/install/rotors_swift_gazebo/share/rotors_swift_gazebo/resource/swift.yaml
[1.426s] -- Installing: /home/bhadha/pico_ws/install/rotors_swift_gazebo/share/rotors_swift_gazebo/resource/roll_pitch_yawrate_thrust_controller_swift.yaml
[1.426s] -- Installing: /home/bhadha/pico_ws/install/rotors_swift_gazebo/share/rotors_swift_gazebo/resource/roll_pitch_yawrate_thrust_controller_swift_big.yaml
[1.426s] -- Installing: /home/bhadha/pico_ws/install/rotors_swift_gazebo/share/rotors_swift_gazebo/worlds
[1.426s] -- Installing: /home/bhadha/pico_ws/install/rotors_swift_gazebo/share/rotors_swift_gazebo/worlds/swift_pico_world.sdf
[1.427s] -- Installing: /home/bhadha/pico_ws/install/rotors_swift_gazebo/share/ament_index/resource_index/package_run_dependencies/rotors_swift_gazebo
[1.427s] -- Installing: /home/bhadha/pico_ws/install/rotors_swift_gazebo/share/ament_index/resource_index/parent_prefix_path/rotors_swift_gazebo
[1.428s] -- Installing: /home/bhadha/pico_ws/install/rotors_swift_gazebo/share/rotors_swift_gazebo/environment/ament_prefix_path.sh
[1.428s] -- Installing: /home/bhadha/pico_ws/install/rotors_swift_gazebo/share/rotors_swift_gazebo/environment/ament_prefix_path.dsv
[1.428s] -- Installing: /home/bhadha/pico_ws/install/rotors_swift_gazebo/share/rotors_swift_gazebo/environment/path.sh
[1.428s] -- Installing: /home/bhadha/pico_ws/install/rotors_swift_gazebo/share/rotors_swift_gazebo/environment/path.dsv
[1.429s] -- Installing: /home/bhadha/pico_ws/install/rotors_swift_gazebo/share/rotors_swift_gazebo/local_setup.bash
[1.429s] -- Installing: /home/bhadha/pico_ws/install/rotors_swift_gazebo/share/rotors_swift_gazebo/local_setup.sh
[1.429s] -- Installing: /home/bhadha/pico_ws/install/rotors_swift_gazebo/share/rotors_swift_gazebo/local_setup.zsh
[1.430s] -- Installing: /home/bhadha/pico_ws/install/rotors_swift_gazebo/share/rotors_swift_gazebo/local_setup.dsv
[1.430s] -- Installing: /home/bhadha/pico_ws/install/rotors_swift_gazebo/share/rotors_swift_gazebo/package.dsv
[1.430s] -- Installing: /home/bhadha/pico_ws/install/rotors_swift_gazebo/share/ament_index/resource_index/packages/rotors_swift_gazebo
[1.431s] -- Installing: /home/bhadha/pico_ws/install/rotors_swift_gazebo/share/rotors_swift_gazebo/cmake/rotors_swift_gazeboConfig.cmake
[1.431s] -- Installing: /home/bhadha/pico_ws/install/rotors_swift_gazebo/share/rotors_swift_gazebo/cmake/rotors_swift_gazeboConfig-version.cmake
[1.431s] -- Installing: /home/bhadha/pico_ws/install/rotors_swift_gazebo/share/rotors_swift_gazebo/package.xml
[1.437s] Invoked command in '/home/bhadha/pico_ws/build/rotors_swift_gazebo' returned '0': AMENT_PREFIX_PATH=/home/bhadha/pico_ws/install/rotors_swift_description:${AMENT_PREFIX_PATH} CMAKE_PREFIX_PATH=/home/bhadha/pico_ws/install/rotors_swift_description:/opt/ros/humble /usr/bin/cmake --install /home/bhadha/pico_ws/build/rotors_swift_gazebo
