-- The C compiler identification is GNU 11.4.0
-- The CXX compiler identification is GNU 11.4.0
-- Detecting C compiler ABI info
-- Detecting C compiler ABI info - done
-- Check for working C compiler: /usr/bin/cc - skipped
-- Detecting C compile features
-- Detecting C compile features - done
-- Detecting CXX compiler ABI info
-- Detecting CXX compiler ABI info - done
-- Check for working CXX compiler: /usr/bin/c++ - skipped
-- Detecting CXX compile features
-- Detecting CXX compile features - done
-- Found ament_cmake: 1.3.14 (/opt/ros/humble/share/ament_cmake/cmake)
-- Found Python3: /usr/bin/python3 (found version "3.10.12") found components: Interpreter 
-- Found rosidl_default_generators: 1.2.1 (/opt/ros/humble/share/rosidl_default_generators/cmake)
-- Using all available rosidl_typesupport_c: rosidl_typesupport_fastrtps_c;rosidl_typesupport_introspection_c
-- Found rosidl_adapter: 3.1.9 (/opt/ros/humble/share/rosidl_adapter/cmake)
-- Using all available rosidl_typesupport_cpp: rosidl_typesupport_fastrtps_cpp;rosidl_typesupport_introspection_cpp
-- Found std_msgs: 4.9.2 (/opt/ros/humble/share/std_msgs/cmake)
-- Found geometry_msgs: 4.9.2 (/opt/ros/humble/share/geometry_msgs/cmake)
-- Found ament_cmake_cppcheck: 0.12.15 (/opt/ros/humble/share/ament_cmake_cppcheck/cmake)
-- Found ament_cmake_cpplint: 0.12.15 (/opt/ros/humble/share/ament_cmake_cpplint/cmake)
-- Found ament_cmake_uncrustify: 0.12.15 (/opt/ros/humble/share/ament_cmake_uncrustify/cmake)
-- Found ament_cmake_ros: 0.10.0 (/opt/ros/humble/share/ament_cmake_ros/cmake)
-- Using all available rosidl_typesupport_c: rosidl_typesupport_fastrtps_c;rosidl_typesupport_introspection_c
-- Using all available rosidl_typesupport_cpp: rosidl_typesupport_fastrtps_cpp;rosidl_typesupport_introspection_cpp
-- Found PythonInterp: /usr/bin/python3 (found suitable version "3.10.12", minimum required is "3.6") 
-- Found python_cmake_module: 0.10.0 (/opt/ros/humble/share/python_cmake_module/cmake)
-- Found PythonLibs: /usr/lib/x86_64-linux-gnu/libpython3.10.so (found suitable version "3.10.12", minimum required is "3.5") 
-- Using PYTHON_EXECUTABLE: /usr/bin/python3
-- Using PYTHON_INCLUDE_DIRS: /usr/include/python3.10
-- Using PYTHON_LIBRARIES: /usr/lib/x86_64-linux-gnu/libpython3.10.so
-- Found PythonExtra: .so  
-- Found ament_cmake_flake8: 0.12.15 (/opt/ros/humble/share/ament_cmake_flake8/cmake)
-- Found ament_cmake_pep257: 0.12.15 (/opt/ros/humble/share/ament_cmake_pep257/cmake)
-- Configuring done
-- Generating done
-- Build files have been written to: /home/bhadha/pico_ws/build/whycode_interfaces
[  1%] [34m[1mGenerating C code for ROS interfaces[0m
[  2%] [34m[1mGenerating C++ code for ROS interfaces[0m
[  3%] [34m[1mGenerating Rust code for ROS interfaces[0m
[  3%] Built target ament_cmake_python_copy_whycode_interfaces
running egg_info
creating whycode_interfaces.egg-info
writing whycode_interfaces.egg-info/PKG-INFO
writing dependency_links to whycode_interfaces.egg-info/dependency_links.txt
writing top-level names to whycode_interfaces.egg-info/top_level.txt
writing manifest file 'whycode_interfaces.egg-info/SOURCES.txt'
reading manifest file 'whycode_interfaces.egg-info/SOURCES.txt'
writing manifest file 'whycode_interfaces.egg-info/SOURCES.txt'
[  3%] Built target ament_cmake_python_build_whycode_interfaces_egg
[  3%] Built target whycode_interfaces__rs
[  4%] [32mBuilding C object CMakeFiles/whycode_interfaces__rosidl_generator_c.dir/rosidl_generator_c/whycode_interfaces/msg/detail/marker_array__functions.c.o[0m
[  5%] [32mBuilding C object CMakeFiles/whycode_interfaces__rosidl_generator_c.dir/rosidl_generator_c/whycode_interfaces/srv/detail/set_calib_method__functions.c.o[0m
[  6%] [32mBuilding C object CMakeFiles/whycode_interfaces__rosidl_generator_c.dir/rosidl_generator_c/whycode_interfaces/srv/detail/set_calib_path__functions.c.o[0m
[  7%] [32mBuilding C object CMakeFiles/whycode_interfaces__rosidl_generator_c.dir/rosidl_generator_c/whycode_interfaces/srv/detail/select_marker__functions.c.o[0m
[  9%] [32mBuilding C object CMakeFiles/whycode_interfaces__rosidl_generator_c.dir/rosidl_generator_c/whycode_interfaces/msg/detail/marker__functions.c.o[0m
[ 10%] [32mBuilding C object CMakeFiles/whycode_interfaces__rosidl_generator_c.dir/rosidl_generator_c/whycode_interfaces/srv/detail/set_coords__functions.c.o[0m
[ 11%] [32mBuilding C object CMakeFiles/whycode_interfaces__rosidl_generator_c.dir/rosidl_generator_c/whycode_interfaces/srv/detail/get_gui_settings__functions.c.o[0m
[ 12%] [32mBuilding C object CMakeFiles/whycode_interfaces__rosidl_generator_c.dir/rosidl_generator_c/whycode_interfaces/srv/detail/set_drawing__functions.c.o[0m
[ 13%] [32m[1mLinking C shared library libwhycode_interfaces__rosidl_generator_c.so[0m
[ 13%] Built target whycode_interfaces__cpp
[ 13%] Built target whycode_interfaces__rosidl_generator_c
[ 14%] [34m[1mGenerating C++ introspection for ROS interfaces[0m
[ 15%] [34m[1mGenerating C++ type support for eProsima Fast-RTPS[0m
[ 17%] [34m[1mGenerating C++ type support dispatch for ROS interfaces[0m
[ 18%] [34m[1mGenerating C type support for eProsima Fast-RTPS[0m
[ 19%] [34m[1mGenerating C type support dispatch for ROS interfaces[0m
[ 20%] [34m[1mGenerating C introspection for ROS interfaces[0m
[ 21%] [32mBuilding C object CMakeFiles/whycode_interfaces__rosidl_typesupport_introspection_c.dir/rosidl_typesupport_introspection_c/whycode_interfaces/msg/detail/marker__type_support.c.o[0m
[ 22%] [32mBuilding C object CMakeFiles/whycode_interfaces__rosidl_typesupport_introspection_c.dir/rosidl_typesupport_introspection_c/whycode_interfaces/msg/detail/marker_array__type_support.c.o[0m
[ 23%] [32mBuilding C object CMakeFiles/whycode_interfaces__rosidl_typesupport_introspection_c.dir/rosidl_typesupport_introspection_c/whycode_interfaces/srv/detail/select_marker__type_support.c.o[0m
[ 25%] [32mBuilding C object CMakeFiles/whycode_interfaces__rosidl_typesupport_introspection_c.dir/rosidl_typesupport_introspection_c/whycode_interfaces/srv/detail/set_calib_method__type_support.c.o[0m
[ 26%] [32mBuilding C object CMakeFiles/whycode_interfaces__rosidl_typesupport_introspection_c.dir/rosidl_typesupport_introspection_c/whycode_interfaces/srv/detail/set_coords__type_support.c.o[0m
[ 27%] [32mBuilding CXX object CMakeFiles/whycode_interfaces__rosidl_typesupport_c.dir/rosidl_typesupport_c/whycode_interfaces/msg/marker__type_support.cpp.o[0m
[ 28%] [32mBuilding C object CMakeFiles/whycode_interfaces__rosidl_typesupport_introspection_c.dir/rosidl_typesupport_introspection_c/whycode_interfaces/srv/detail/set_calib_path__type_support.c.o[0m
[ 29%] [32mBuilding CXX object CMakeFiles/whycode_interfaces__rosidl_typesupport_c.dir/rosidl_typesupport_c/whycode_interfaces/msg/marker_array__type_support.cpp.o[0m
[ 30%] [32mBuilding C object CMakeFiles/whycode_interfaces__rosidl_typesupport_introspection_c.dir/rosidl_typesupport_introspection_c/whycode_interfaces/srv/detail/set_drawing__type_support.c.o[0m
[ 31%] [32mBuilding CXX object CMakeFiles/whycode_interfaces__rosidl_typesupport_cpp.dir/rosidl_typesupport_cpp/whycode_interfaces/msg/marker__type_support.cpp.o[0m
[ 32%] [32mBuilding CXX object CMakeFiles/whycode_interfaces__rosidl_typesupport_c.dir/rosidl_typesupport_c/whycode_interfaces/srv/select_marker__type_support.cpp.o[0m
[ 34%] [32mBuilding C object CMakeFiles/whycode_interfaces__rosidl_typesupport_introspection_c.dir/rosidl_typesupport_introspection_c/whycode_interfaces/srv/detail/get_gui_settings__type_support.c.o[0m
[ 35%] [32mBuilding CXX object CMakeFiles/whycode_interfaces__rosidl_typesupport_cpp.dir/rosidl_typesupport_cpp/whycode_interfaces/msg/marker_array__type_support.cpp.o[0m
[ 36%] [32mBuilding CXX object CMakeFiles/whycode_interfaces__rosidl_typesupport_cpp.dir/rosidl_typesupport_cpp/whycode_interfaces/srv/select_marker__type_support.cpp.o[0m
[ 37%] [32mBuilding CXX object CMakeFiles/whycode_interfaces__rosidl_typesupport_c.dir/rosidl_typesupport_c/whycode_interfaces/srv/set_calib_method__type_support.cpp.o[0m
[ 38%] [32mBuilding CXX object CMakeFiles/whycode_interfaces__rosidl_typesupport_cpp.dir/rosidl_typesupport_cpp/whycode_interfaces/srv/set_calib_method__type_support.cpp.o[0m
[ 39%] [32mBuilding CXX object CMakeFiles/whycode_interfaces__rosidl_typesupport_cpp.dir/rosidl_typesupport_cpp/whycode_interfaces/srv/set_calib_path__type_support.cpp.o[0m
[ 40%] [32mBuilding CXX object CMakeFiles/whycode_interfaces__rosidl_typesupport_cpp.dir/rosidl_typesupport_cpp/whycode_interfaces/srv/set_coords__type_support.cpp.o[0m
[ 42%] [32m[1mLinking C shared library libwhycode_interfaces__rosidl_typesupport_introspection_c.so[0m
[ 43%] [32mBuilding CXX object CMakeFiles/whycode_interfaces__rosidl_typesupport_cpp.dir/rosidl_typesupport_cpp/whycode_interfaces/srv/set_drawing__type_support.cpp.o[0m
[ 44%] [32mBuilding CXX object CMakeFiles/whycode_interfaces__rosidl_typesupport_c.dir/rosidl_typesupport_c/whycode_interfaces/srv/set_calib_path__type_support.cpp.o[0m
[ 44%] Built target whycode_interfaces__rosidl_typesupport_introspection_c
[ 45%] [32mBuilding CXX object CMakeFiles/whycode_interfaces__rosidl_typesupport_cpp.dir/rosidl_typesupport_cpp/whycode_interfaces/srv/get_gui_settings__type_support.cpp.o[0m
[ 46%] [32mBuilding CXX object CMakeFiles/whycode_interfaces__rosidl_typesupport_fastrtps_cpp.dir/rosidl_typesupport_fastrtps_cpp/whycode_interfaces/msg/detail/dds_fastrtps/marker__type_support.cpp.o[0m
[ 47%] [32mBuilding CXX object CMakeFiles/whycode_interfaces__rosidl_typesupport_c.dir/rosidl_typesupport_c/whycode_interfaces/srv/set_coords__type_support.cpp.o[0m
[ 48%] [32mBuilding CXX object CMakeFiles/whycode_interfaces__rosidl_typesupport_c.dir/rosidl_typesupport_c/whycode_interfaces/srv/set_drawing__type_support.cpp.o[0m
[ 50%] [32mBuilding CXX object CMakeFiles/whycode_interfaces__rosidl_typesupport_c.dir/rosidl_typesupport_c/whycode_interfaces/srv/get_gui_settings__type_support.cpp.o[0m
[ 51%] [32m[1mLinking CXX shared library libwhycode_interfaces__rosidl_typesupport_c.so[0m
[ 52%] [32mBuilding CXX object CMakeFiles/whycode_interfaces__rosidl_typesupport_introspection_cpp.dir/rosidl_typesupport_introspection_cpp/whycode_interfaces/msg/detail/marker__type_support.cpp.o[0m
[ 52%] Built target whycode_interfaces__rosidl_typesupport_c
[ 53%] [32mBuilding CXX object CMakeFiles/whycode_interfaces__rosidl_typesupport_introspection_cpp.dir/rosidl_typesupport_introspection_cpp/whycode_interfaces/msg/detail/marker_array__type_support.cpp.o[0m
[ 54%] [32mBuilding CXX object CMakeFiles/whycode_interfaces__rosidl_typesupport_introspection_cpp.dir/rosidl_typesupport_introspection_cpp/whycode_interfaces/srv/detail/select_marker__type_support.cpp.o[0m
[ 55%] [32mBuilding CXX object CMakeFiles/whycode_interfaces__rosidl_typesupport_fastrtps_cpp.dir/rosidl_typesupport_fastrtps_cpp/whycode_interfaces/msg/detail/dds_fastrtps/marker_array__type_support.cpp.o[0m
[ 56%] [32mBuilding CXX object CMakeFiles/whycode_interfaces__rosidl_typesupport_fastrtps_cpp.dir/rosidl_typesupport_fastrtps_cpp/whycode_interfaces/srv/detail/dds_fastrtps/select_marker__type_support.cpp.o[0m
[ 57%] [32mBuilding CXX object CMakeFiles/whycode_interfaces__rosidl_typesupport_fastrtps_cpp.dir/rosidl_typesupport_fastrtps_cpp/whycode_interfaces/srv/detail/dds_fastrtps/set_calib_method__type_support.cpp.o[0m
[ 59%] [32mBuilding CXX object CMakeFiles/whycode_interfaces__rosidl_typesupport_introspection_cpp.dir/rosidl_typesupport_introspection_cpp/whycode_interfaces/srv/detail/set_calib_method__type_support.cpp.o[0m
[ 60%] [32mBuilding CXX object CMakeFiles/whycode_interfaces__rosidl_typesupport_introspection_cpp.dir/rosidl_typesupport_introspection_cpp/whycode_interfaces/srv/detail/set_calib_path__type_support.cpp.o[0m
[ 61%] [32mBuilding CXX object CMakeFiles/whycode_interfaces__rosidl_typesupport_fastrtps_cpp.dir/rosidl_typesupport_fastrtps_cpp/whycode_interfaces/srv/detail/dds_fastrtps/set_calib_path__type_support.cpp.o[0m
[ 62%] [32m[1mLinking CXX shared library libwhycode_interfaces__rosidl_typesupport_cpp.so[0m
[ 62%] Built target whycode_interfaces__rosidl_typesupport_cpp
[ 63%] [32mBuilding CXX object CMakeFiles/whycode_interfaces__rosidl_typesupport_fastrtps_cpp.dir/rosidl_typesupport_fastrtps_cpp/whycode_interfaces/srv/detail/dds_fastrtps/set_coords__type_support.cpp.o[0m
[ 64%] [32mBuilding CXX object CMakeFiles/whycode_interfaces__rosidl_typesupport_fastrtps_c.dir/rosidl_typesupport_fastrtps_c/whycode_interfaces/msg/detail/marker__type_support_c.cpp.o[0m
[ 65%] [32mBuilding CXX object CMakeFiles/whycode_interfaces__rosidl_typesupport_introspection_cpp.dir/rosidl_typesupport_introspection_cpp/whycode_interfaces/srv/detail/set_coords__type_support.cpp.o[0m
[ 67%] [32mBuilding CXX object CMakeFiles/whycode_interfaces__rosidl_typesupport_fastrtps_c.dir/rosidl_typesupport_fastrtps_c/whycode_interfaces/msg/detail/marker_array__type_support_c.cpp.o[0m
[ 68%] [32mBuilding CXX object CMakeFiles/whycode_interfaces__rosidl_typesupport_fastrtps_c.dir/rosidl_typesupport_fastrtps_c/whycode_interfaces/srv/detail/select_marker__type_support_c.cpp.o[0m
[ 69%] [32mBuilding CXX object CMakeFiles/whycode_interfaces__rosidl_typesupport_fastrtps_cpp.dir/rosidl_typesupport_fastrtps_cpp/whycode_interfaces/srv/detail/dds_fastrtps/set_drawing__type_support.cpp.o[0m
[ 70%] [32mBuilding CXX object CMakeFiles/whycode_interfaces__rosidl_typesupport_fastrtps_c.dir/rosidl_typesupport_fastrtps_c/whycode_interfaces/srv/detail/set_calib_method__type_support_c.cpp.o[0m
[ 71%] [32mBuilding CXX object CMakeFiles/whycode_interfaces__rosidl_typesupport_fastrtps_c.dir/rosidl_typesupport_fastrtps_c/whycode_interfaces/srv/detail/set_calib_path__type_support_c.cpp.o[0m
[ 72%] [32mBuilding CXX object CMakeFiles/whycode_interfaces__rosidl_typesupport_fastrtps_c.dir/rosidl_typesupport_fastrtps_c/whycode_interfaces/srv/detail/set_coords__type_support_c.cpp.o[0m
[ 73%] [32mBuilding CXX object CMakeFiles/whycode_interfaces__rosidl_typesupport_introspection_cpp.dir/rosidl_typesupport_introspection_cpp/whycode_interfaces/srv/detail/set_drawing__type_support.cpp.o[0m
[ 75%] [32mBuilding CXX object CMakeFiles/whycode_interfaces__rosidl_typesupport_fastrtps_c.dir/rosidl_typesupport_fastrtps_c/whycode_interfaces/srv/detail/set_drawing__type_support_c.cpp.o[0m
[ 76%] [32mBuilding CXX object CMakeFiles/whycode_interfaces__rosidl_typesupport_fastrtps_cpp.dir/rosidl_typesupport_fastrtps_cpp/whycode_interfaces/srv/detail/dds_fastrtps/get_gui_settings__type_support.cpp.o[0m
[ 77%] [32mBuilding CXX object CMakeFiles/whycode_interfaces__rosidl_typesupport_introspection_cpp.dir/rosidl_typesupport_introspection_cpp/whycode_interfaces/srv/detail/get_gui_settings__type_support.cpp.o[0m
[ 78%] [32mBuilding CXX object CMakeFiles/whycode_interfaces__rosidl_typesupport_fastrtps_c.dir/rosidl_typesupport_fastrtps_c/whycode_interfaces/srv/detail/get_gui_settings__type_support_c.cpp.o[0m
[ 79%] [32m[1mLinking CXX shared library libwhycode_interfaces__rosidl_typesupport_fastrtps_cpp.so[0m
[ 79%] Built target whycode_interfaces__rosidl_typesupport_fastrtps_cpp
[ 80%] [32m[1mLinking CXX shared library libwhycode_interfaces__rosidl_typesupport_fastrtps_c.so[0m
[ 81%] [32m[1mLinking CXX shared library libwhycode_interfaces__rosidl_typesupport_introspection_cpp.so[0m
[ 81%] Built target whycode_interfaces__rosidl_typesupport_fastrtps_c
[ 81%] Built target whycode_interfaces__rosidl_typesupport_introspection_cpp
[ 81%] Built target whycode_interfaces
[ 82%] [34m[1mGenerating Python code for ROS interfaces[0m
[ 82%] Built target whycode_interfaces__py
[ 85%] [32mBuilding C object CMakeFiles/whycode_interfaces__rosidl_generator_py.dir/rosidl_generator_py/whycode_interfaces/msg/_marker_array_s.c.o[0m
[ 85%] [32mBuilding C object CMakeFiles/whycode_interfaces__rosidl_generator_py.dir/rosidl_generator_py/whycode_interfaces/srv/_set_calib_method_s.c.o[0m
[ 86%] [32mBuilding C object CMakeFiles/whycode_interfaces__rosidl_generator_py.dir/rosidl_generator_py/whycode_interfaces/msg/_marker_s.c.o[0m
[ 87%] [32mBuilding C object CMakeFiles/whycode_interfaces__rosidl_generator_py.dir/rosidl_generator_py/whycode_interfaces/srv/_set_calib_path_s.c.o[0m
[ 88%] [32mBuilding C object CMakeFiles/whycode_interfaces__rosidl_generator_py.dir/rosidl_generator_py/whycode_interfaces/srv/_select_marker_s.c.o[0m
[ 89%] [32mBuilding C object CMakeFiles/whycode_interfaces__rosidl_generator_py.dir/rosidl_generator_py/whycode_interfaces/srv/_set_coords_s.c.o[0m
[ 90%] [32mBuilding C object CMakeFiles/whycode_interfaces__rosidl_generator_py.dir/rosidl_generator_py/whycode_interfaces/srv/_set_drawing_s.c.o[0m
[ 92%] [32mBuilding C object CMakeFiles/whycode_interfaces__rosidl_generator_py.dir/rosidl_generator_py/whycode_interfaces/srv/_get_gui_settings_s.c.o[0m
[ 93%] [32m[1mLinking C shared library rosidl_generator_py/whycode_interfaces/libwhycode_interfaces__rosidl_generator_py.so[0m
[ 93%] Built target whycode_interfaces__rosidl_generator_py
[ 94%] [32mBuilding C object CMakeFiles/whycode_interfaces__rosidl_typesupport_fastrtps_c__pyext.dir/rosidl_generator_py/whycode_interfaces/_whycode_interfaces_s.ep.rosidl_typesupport_fastrtps_c.c.o[0m
[ 95%] [32mBuilding C object CMakeFiles/whycode_interfaces__rosidl_typesupport_introspection_c__pyext.dir/rosidl_generator_py/whycode_interfaces/_whycode_interfaces_s.ep.rosidl_typesupport_introspection_c.c.o[0m
[ 96%] [32mBuilding C object CMakeFiles/whycode_interfaces__rosidl_typesupport_c__pyext.dir/rosidl_generator_py/whycode_interfaces/_whycode_interfaces_s.ep.rosidl_typesupport_c.c.o[0m
[ 98%] [32m[1mLinking C shared library rosidl_generator_py/whycode_interfaces/whycode_interfaces_s__rosidl_typesupport_fastrtps_c.cpython-310-x86_64-linux-gnu.so[0m
[ 98%] [32m[1mLinking C shared library rosidl_generator_py/whycode_interfaces/whycode_interfaces_s__rosidl_typesupport_introspection_c.cpython-310-x86_64-linux-gnu.so[0m
[100%] [32m[1mLinking C shared library rosidl_generator_py/whycode_interfaces/whycode_interfaces_s__rosidl_typesupport_c.cpython-310-x86_64-linux-gnu.so[0m
[100%] Built target whycode_interfaces__rosidl_typesupport_introspection_c__pyext
[100%] Built target whycode_interfaces__rosidl_typesupport_fastrtps_c__pyext
[100%] Built target whycode_interfaces__rosidl_typesupport_c__pyext
-- Install configuration: ""
-- Installing: /home/bhadha/pico_ws/install/whycode_interfaces/share/ament_index/resource_index/rosidl_interfaces/whycode_interfaces
-- Installing: /home/bhadha/pico_ws/install/whycode_interfaces/include/whycode_interfaces/whycode_interfaces
-- Installing: /home/bhadha/pico_ws/install/whycode_interfaces/include/whycode_interfaces/whycode_interfaces/msg
-- Installing: /home/bhadha/pico_ws/install/whycode_interfaces/include/whycode_interfaces/whycode_interfaces/msg/detail
-- Installing: /home/bhadha/pico_ws/install/whycode_interfaces/include/whycode_interfaces/whycode_interfaces/msg/detail/marker_array__struct.h
-- Installing: /home/bhadha/pico_ws/install/whycode_interfaces/include/whycode_interfaces/whycode_interfaces/msg/detail/marker__type_support.h
-- Installing: /home/bhadha/pico_ws/install/whycode_interfaces/include/whycode_interfaces/whycode_interfaces/msg/detail/marker__functions.h
-- Installing: /home/bhadha/pico_ws/install/whycode_interfaces/include/whycode_interfaces/whycode_interfaces/msg/detail/marker__struct.h
-- Installing: /home/bhadha/pico_ws/install/whycode_interfaces/include/whycode_interfaces/whycode_interfaces/msg/detail/marker__functions.c
-- Installing: /home/bhadha/pico_ws/install/whycode_interfaces/include/whycode_interfaces/whycode_interfaces/msg/detail/marker_array__type_support.h
-- Installing: /home/bhadha/pico_ws/install/whycode_interfaces/include/whycode_interfaces/whycode_interfaces/msg/detail/marker_array__functions.c
-- Installing: /home/bhadha/pico_ws/install/whycode_interfaces/include/whycode_interfaces/whycode_interfaces/msg/detail/marker_array__functions.h
-- Installing: /home/bhadha/pico_ws/install/whycode_interfaces/include/whycode_interfaces/whycode_interfaces/msg/rosidl_generator_c__visibility_control.h
-- Installing: /home/bhadha/pico_ws/install/whycode_interfaces/include/whycode_interfaces/whycode_interfaces/msg/marker.h
-- Installing: /home/bhadha/pico_ws/install/whycode_interfaces/include/whycode_interfaces/whycode_interfaces/msg/marker_array.h
-- Installing: /home/bhadha/pico_ws/install/whycode_interfaces/include/whycode_interfaces/whycode_interfaces/srv
-- Installing: /home/bhadha/pico_ws/install/whycode_interfaces/include/whycode_interfaces/whycode_interfaces/srv/detail
-- Installing: /home/bhadha/pico_ws/install/whycode_interfaces/include/whycode_interfaces/whycode_interfaces/srv/detail/select_marker__struct.h
-- Installing: /home/bhadha/pico_ws/install/whycode_interfaces/include/whycode_interfaces/whycode_interfaces/srv/detail/get_gui_settings__type_support.h
-- Installing: /home/bhadha/pico_ws/install/whycode_interfaces/include/whycode_interfaces/whycode_interfaces/srv/detail/get_gui_settings__functions.c
-- Installing: /home/bhadha/pico_ws/install/whycode_interfaces/include/whycode_interfaces/whycode_interfaces/srv/detail/set_calib_method__functions.h
-- Installing: /home/bhadha/pico_ws/install/whycode_interfaces/include/whycode_interfaces/whycode_interfaces/srv/detail/select_marker__type_support.h
-- Installing: /home/bhadha/pico_ws/install/whycode_interfaces/include/whycode_interfaces/whycode_interfaces/srv/detail/set_calib_path__struct.h
-- Installing: /home/bhadha/pico_ws/install/whycode_interfaces/include/whycode_interfaces/whycode_interfaces/srv/detail/set_calib_path__type_support.h
-- Installing: /home/bhadha/pico_ws/install/whycode_interfaces/include/whycode_interfaces/whycode_interfaces/srv/detail/set_calib_method__type_support.h
-- Installing: /home/bhadha/pico_ws/install/whycode_interfaces/include/whycode_interfaces/whycode_interfaces/srv/detail/set_calib_method__struct.h
-- Installing: /home/bhadha/pico_ws/install/whycode_interfaces/include/whycode_interfaces/whycode_interfaces/srv/detail/get_gui_settings__struct.h
-- Installing: /home/bhadha/pico_ws/install/whycode_interfaces/include/whycode_interfaces/whycode_interfaces/srv/detail/set_calib_method__functions.c
-- Installing: /home/bhadha/pico_ws/install/whycode_interfaces/include/whycode_interfaces/whycode_interfaces/srv/detail/set_drawing__functions.c
-- Installing: /home/bhadha/pico_ws/install/whycode_interfaces/include/whycode_interfaces/whycode_interfaces/srv/detail/set_coords__type_support.h
-- Installing: /home/bhadha/pico_ws/install/whycode_interfaces/include/whycode_interfaces/whycode_interfaces/srv/detail/get_gui_settings__functions.h
-- Installing: /home/bhadha/pico_ws/install/whycode_interfaces/include/whycode_interfaces/whycode_interfaces/srv/detail/set_drawing__functions.h
-- Installing: /home/bhadha/pico_ws/install/whycode_interfaces/include/whycode_interfaces/whycode_interfaces/srv/detail/set_calib_path__functions.c
-- Installing: /home/bhadha/pico_ws/install/whycode_interfaces/include/whycode_interfaces/whycode_interfaces/srv/detail/set_drawing__type_support.h
-- Installing: /home/bhadha/pico_ws/install/whycode_interfaces/include/whycode_interfaces/whycode_interfaces/srv/detail/set_drawing__struct.h
-- Installing: /home/bhadha/pico_ws/install/whycode_interfaces/include/whycode_interfaces/whycode_interfaces/srv/detail/set_coords__struct.h
-- Installing: /home/bhadha/pico_ws/install/whycode_interfaces/include/whycode_interfaces/whycode_interfaces/srv/detail/set_coords__functions.c
-- Installing: /home/bhadha/pico_ws/install/whycode_interfaces/include/whycode_interfaces/whycode_interfaces/srv/detail/set_calib_path__functions.h
-- Installing: /home/bhadha/pico_ws/install/whycode_interfaces/include/whycode_interfaces/whycode_interfaces/srv/detail/select_marker__functions.c
-- Installing: /home/bhadha/pico_ws/install/whycode_interfaces/include/whycode_interfaces/whycode_interfaces/srv/detail/set_coords__functions.h
-- Installing: /home/bhadha/pico_ws/install/whycode_interfaces/include/whycode_interfaces/whycode_interfaces/srv/detail/select_marker__functions.h
-- Installing: /home/bhadha/pico_ws/install/whycode_interfaces/include/whycode_interfaces/whycode_interfaces/srv/select_marker.h
-- Installing: /home/bhadha/pico_ws/install/whycode_interfaces/include/whycode_interfaces/whycode_interfaces/srv/get_gui_settings.h
-- Installing: /home/bhadha/pico_ws/install/whycode_interfaces/include/whycode_interfaces/whycode_interfaces/srv/set_calib_method.h
-- Installing: /home/bhadha/pico_ws/install/whycode_interfaces/include/whycode_interfaces/whycode_interfaces/srv/set_drawing.h
-- Installing: /home/bhadha/pico_ws/install/whycode_interfaces/include/whycode_interfaces/whycode_interfaces/srv/set_calib_path.h
-- Installing: /home/bhadha/pico_ws/install/whycode_interfaces/include/whycode_interfaces/whycode_interfaces/srv/set_coords.h
-- Installing: /home/bhadha/pico_ws/install/whycode_interfaces/share/whycode_interfaces/environment/library_path.sh
-- Installing: /home/bhadha/pico_ws/install/whycode_interfaces/share/whycode_interfaces/environment/library_path.dsv
-- Installing: /home/bhadha/pico_ws/install/whycode_interfaces/lib/libwhycode_interfaces__rosidl_generator_c.so
-- Set runtime path of "/home/bhadha/pico_ws/install/whycode_interfaces/lib/libwhycode_interfaces__rosidl_generator_c.so" to ""
-- Up-to-date: /home/bhadha/pico_ws/install/whycode_interfaces/include/whycode_interfaces/whycode_interfaces
-- Up-to-date: /home/bhadha/pico_ws/install/whycode_interfaces/include/whycode_interfaces/whycode_interfaces/msg
-- Up-to-date: /home/bhadha/pico_ws/install/whycode_interfaces/include/whycode_interfaces/whycode_interfaces/msg/detail
-- Installing: /home/bhadha/pico_ws/install/whycode_interfaces/include/whycode_interfaces/whycode_interfaces/msg/detail/marker_array__rosidl_typesupport_fastrtps_c.h
-- Installing: /home/bhadha/pico_ws/install/whycode_interfaces/include/whycode_interfaces/whycode_interfaces/msg/detail/marker__rosidl_typesupport_fastrtps_c.h
-- Installing: /home/bhadha/pico_ws/install/whycode_interfaces/include/whycode_interfaces/whycode_interfaces/msg/rosidl_typesupport_fastrtps_c__visibility_control.h
-- Up-to-date: /home/bhadha/pico_ws/install/whycode_interfaces/include/whycode_interfaces/whycode_interfaces/srv
-- Up-to-date: /home/bhadha/pico_ws/install/whycode_interfaces/include/whycode_interfaces/whycode_interfaces/srv/detail
-- Installing: /home/bhadha/pico_ws/install/whycode_interfaces/include/whycode_interfaces/whycode_interfaces/srv/detail/set_drawing__rosidl_typesupport_fastrtps_c.h
-- Installing: /home/bhadha/pico_ws/install/whycode_interfaces/include/whycode_interfaces/whycode_interfaces/srv/detail/set_calib_path__rosidl_typesupport_fastrtps_c.h
-- Installing: /home/bhadha/pico_ws/install/whycode_interfaces/include/whycode_interfaces/whycode_interfaces/srv/detail/get_gui_settings__rosidl_typesupport_fastrtps_c.h
-- Installing: /home/bhadha/pico_ws/install/whycode_interfaces/include/whycode_interfaces/whycode_interfaces/srv/detail/set_calib_method__rosidl_typesupport_fastrtps_c.h
-- Installing: /home/bhadha/pico_ws/install/whycode_interfaces/include/whycode_interfaces/whycode_interfaces/srv/detail/select_marker__rosidl_typesupport_fastrtps_c.h
-- Installing: /home/bhadha/pico_ws/install/whycode_interfaces/include/whycode_interfaces/whycode_interfaces/srv/detail/set_coords__rosidl_typesupport_fastrtps_c.h
-- Installing: /home/bhadha/pico_ws/install/whycode_interfaces/lib/libwhycode_interfaces__rosidl_typesupport_fastrtps_c.so
-- Set runtime path of "/home/bhadha/pico_ws/install/whycode_interfaces/lib/libwhycode_interfaces__rosidl_typesupport_fastrtps_c.so" to ""
-- Up-to-date: /home/bhadha/pico_ws/install/whycode_interfaces/include/whycode_interfaces/whycode_interfaces
-- Up-to-date: /home/bhadha/pico_ws/install/whycode_interfaces/include/whycode_interfaces/whycode_interfaces/msg
-- Up-to-date: /home/bhadha/pico_ws/install/whycode_interfaces/include/whycode_interfaces/whycode_interfaces/msg/detail
-- Installing: /home/bhadha/pico_ws/install/whycode_interfaces/include/whycode_interfaces/whycode_interfaces/msg/detail/marker_array__type_support.c
-- Installing: /home/bhadha/pico_ws/install/whycode_interfaces/include/whycode_interfaces/whycode_interfaces/msg/detail/marker__rosidl_typesupport_introspection_c.h
-- Installing: /home/bhadha/pico_ws/install/whycode_interfaces/include/whycode_interfaces/whycode_interfaces/msg/detail/marker__type_support.c
-- Installing: /home/bhadha/pico_ws/install/whycode_interfaces/include/whycode_interfaces/whycode_interfaces/msg/detail/marker_array__rosidl_typesupport_introspection_c.h
-- Installing: /home/bhadha/pico_ws/install/whycode_interfaces/include/whycode_interfaces/whycode_interfaces/msg/rosidl_typesupport_introspection_c__visibility_control.h
-- Up-to-date: /home/bhadha/pico_ws/install/whycode_interfaces/include/whycode_interfaces/whycode_interfaces/srv
-- Up-to-date: /home/bhadha/pico_ws/install/whycode_interfaces/include/whycode_interfaces/whycode_interfaces/srv/detail
-- Installing: /home/bhadha/pico_ws/install/whycode_interfaces/include/whycode_interfaces/whycode_interfaces/srv/detail/get_gui_settings__type_support.c
-- Installing: /home/bhadha/pico_ws/install/whycode_interfaces/include/whycode_interfaces/whycode_interfaces/srv/detail/set_drawing__rosidl_typesupport_introspection_c.h
-- Installing: /home/bhadha/pico_ws/install/whycode_interfaces/include/whycode_interfaces/whycode_interfaces/srv/detail/set_calib_method__type_support.c
-- Installing: /home/bhadha/pico_ws/install/whycode_interfaces/include/whycode_interfaces/whycode_interfaces/srv/detail/select_marker__rosidl_typesupport_introspection_c.h
-- Installing: /home/bhadha/pico_ws/install/whycode_interfaces/include/whycode_interfaces/whycode_interfaces/srv/detail/get_gui_settings__rosidl_typesupport_introspection_c.h
-- Installing: /home/bhadha/pico_ws/install/whycode_interfaces/include/whycode_interfaces/whycode_interfaces/srv/detail/set_coords__type_support.c
-- Installing: /home/bhadha/pico_ws/install/whycode_interfaces/include/whycode_interfaces/whycode_interfaces/srv/detail/select_marker__type_support.c
-- Installing: /home/bhadha/pico_ws/install/whycode_interfaces/include/whycode_interfaces/whycode_interfaces/srv/detail/set_calib_path__type_support.c
-- Installing: /home/bhadha/pico_ws/install/whycode_interfaces/include/whycode_interfaces/whycode_interfaces/srv/detail/set_coords__rosidl_typesupport_introspection_c.h
-- Installing: /home/bhadha/pico_ws/install/whycode_interfaces/include/whycode_interfaces/whycode_interfaces/srv/detail/set_drawing__type_support.c
-- Installing: /home/bhadha/pico_ws/install/whycode_interfaces/include/whycode_interfaces/whycode_interfaces/srv/detail/set_calib_path__rosidl_typesupport_introspection_c.h
-- Installing: /home/bhadha/pico_ws/install/whycode_interfaces/include/whycode_interfaces/whycode_interfaces/srv/detail/set_calib_method__rosidl_typesupport_introspection_c.h
-- Installing: /home/bhadha/pico_ws/install/whycode_interfaces/lib/libwhycode_interfaces__rosidl_typesupport_introspection_c.so
-- Set runtime path of "/home/bhadha/pico_ws/install/whycode_interfaces/lib/libwhycode_interfaces__rosidl_typesupport_introspection_c.so" to ""
-- Installing: /home/bhadha/pico_ws/install/whycode_interfaces/lib/libwhycode_interfaces__rosidl_typesupport_c.so
-- Set runtime path of "/home/bhadha/pico_ws/install/whycode_interfaces/lib/libwhycode_interfaces__rosidl_typesupport_c.so" to ""
-- Up-to-date: /home/bhadha/pico_ws/install/whycode_interfaces/include/whycode_interfaces/whycode_interfaces
-- Up-to-date: /home/bhadha/pico_ws/install/whycode_interfaces/include/whycode_interfaces/whycode_interfaces/msg
-- Up-to-date: /home/bhadha/pico_ws/install/whycode_interfaces/include/whycode_interfaces/whycode_interfaces/msg/detail
-- Installing: /home/bhadha/pico_ws/install/whycode_interfaces/include/whycode_interfaces/whycode_interfaces/msg/detail/marker__struct.hpp
-- Installing: /home/bhadha/pico_ws/install/whycode_interfaces/include/whycode_interfaces/whycode_interfaces/msg/detail/marker_array__type_support.hpp
-- Installing: /home/bhadha/pico_ws/install/whycode_interfaces/include/whycode_interfaces/whycode_interfaces/msg/detail/marker_array__traits.hpp
-- Installing: /home/bhadha/pico_ws/install/whycode_interfaces/include/whycode_interfaces/whycode_interfaces/msg/detail/marker_array__struct.hpp
-- Installing: /home/bhadha/pico_ws/install/whycode_interfaces/include/whycode_interfaces/whycode_interfaces/msg/detail/marker__type_support.hpp
-- Installing: /home/bhadha/pico_ws/install/whycode_interfaces/include/whycode_interfaces/whycode_interfaces/msg/detail/marker__traits.hpp
-- Installing: /home/bhadha/pico_ws/install/whycode_interfaces/include/whycode_interfaces/whycode_interfaces/msg/detail/marker_array__builder.hpp
-- Installing: /home/bhadha/pico_ws/install/whycode_interfaces/include/whycode_interfaces/whycode_interfaces/msg/detail/marker__builder.hpp
-- Installing: /home/bhadha/pico_ws/install/whycode_interfaces/include/whycode_interfaces/whycode_interfaces/msg/rosidl_generator_cpp__visibility_control.hpp
-- Installing: /home/bhadha/pico_ws/install/whycode_interfaces/include/whycode_interfaces/whycode_interfaces/msg/marker_array.hpp
-- Installing: /home/bhadha/pico_ws/install/whycode_interfaces/include/whycode_interfaces/whycode_interfaces/msg/marker.hpp
-- Up-to-date: /home/bhadha/pico_ws/install/whycode_interfaces/include/whycode_interfaces/whycode_interfaces/srv
-- Up-to-date: /home/bhadha/pico_ws/install/whycode_interfaces/include/whycode_interfaces/whycode_interfaces/srv/detail
-- Installing: /home/bhadha/pico_ws/install/whycode_interfaces/include/whycode_interfaces/whycode_interfaces/srv/detail/set_calib_path__traits.hpp
-- Installing: /home/bhadha/pico_ws/install/whycode_interfaces/include/whycode_interfaces/whycode_interfaces/srv/detail/set_calib_path__type_support.hpp
-- Installing: /home/bhadha/pico_ws/install/whycode_interfaces/include/whycode_interfaces/whycode_interfaces/srv/detail/set_calib_path__builder.hpp
-- Installing: /home/bhadha/pico_ws/install/whycode_interfaces/include/whycode_interfaces/whycode_interfaces/srv/detail/set_calib_method__builder.hpp
-- Installing: /home/bhadha/pico_ws/install/whycode_interfaces/include/whycode_interfaces/whycode_interfaces/srv/detail/set_drawing__type_support.hpp
-- Installing: /home/bhadha/pico_ws/install/whycode_interfaces/include/whycode_interfaces/whycode_interfaces/srv/detail/set_drawing__traits.hpp
-- Installing: /home/bhadha/pico_ws/install/whycode_interfaces/include/whycode_interfaces/whycode_interfaces/srv/detail/set_drawing__builder.hpp
-- Installing: /home/bhadha/pico_ws/install/whycode_interfaces/include/whycode_interfaces/whycode_interfaces/srv/detail/set_calib_method__struct.hpp
-- Installing: /home/bhadha/pico_ws/install/whycode_interfaces/include/whycode_interfaces/whycode_interfaces/srv/detail/set_calib_path__struct.hpp
-- Installing: /home/bhadha/pico_ws/install/whycode_interfaces/include/whycode_interfaces/whycode_interfaces/srv/detail/get_gui_settings__traits.hpp
-- Installing: /home/bhadha/pico_ws/install/whycode_interfaces/include/whycode_interfaces/whycode_interfaces/srv/detail/get_gui_settings__builder.hpp
-- Installing: /home/bhadha/pico_ws/install/whycode_interfaces/include/whycode_interfaces/whycode_interfaces/srv/detail/set_calib_method__type_support.hpp
-- Installing: /home/bhadha/pico_ws/install/whycode_interfaces/include/whycode_interfaces/whycode_interfaces/srv/detail/select_marker__struct.hpp
-- Installing: /home/bhadha/pico_ws/install/whycode_interfaces/include/whycode_interfaces/whycode_interfaces/srv/detail/set_calib_method__traits.hpp
-- Installing: /home/bhadha/pico_ws/install/whycode_interfaces/include/whycode_interfaces/whycode_interfaces/srv/detail/set_coords__type_support.hpp
-- Installing: /home/bhadha/pico_ws/install/whycode_interfaces/include/whycode_interfaces/whycode_interfaces/srv/detail/set_coords__traits.hpp
-- Installing: /home/bhadha/pico_ws/install/whycode_interfaces/include/whycode_interfaces/whycode_interfaces/srv/detail/get_gui_settings__struct.hpp
-- Installing: /home/bhadha/pico_ws/install/whycode_interfaces/include/whycode_interfaces/whycode_interfaces/srv/detail/set_coords__builder.hpp
-- Installing: /home/bhadha/pico_ws/install/whycode_interfaces/include/whycode_interfaces/whycode_interfaces/srv/detail/select_marker__builder.hpp
-- Installing: /home/bhadha/pico_ws/install/whycode_interfaces/include/whycode_interfaces/whycode_interfaces/srv/detail/select_marker__traits.hpp
-- Installing: /home/bhadha/pico_ws/install/whycode_interfaces/include/whycode_interfaces/whycode_interfaces/srv/detail/set_coords__struct.hpp
-- Installing: /home/bhadha/pico_ws/install/whycode_interfaces/include/whycode_interfaces/whycode_interfaces/srv/detail/get_gui_settings__type_support.hpp
-- Installing: /home/bhadha/pico_ws/install/whycode_interfaces/include/whycode_interfaces/whycode_interfaces/srv/detail/set_drawing__struct.hpp
-- Installing: /home/bhadha/pico_ws/install/whycode_interfaces/include/whycode_interfaces/whycode_interfaces/srv/detail/select_marker__type_support.hpp
-- Installing: /home/bhadha/pico_ws/install/whycode_interfaces/include/whycode_interfaces/whycode_interfaces/srv/set_coords.hpp
-- Installing: /home/bhadha/pico_ws/install/whycode_interfaces/include/whycode_interfaces/whycode_interfaces/srv/set_calib_path.hpp
-- Installing: /home/bhadha/pico_ws/install/whycode_interfaces/include/whycode_interfaces/whycode_interfaces/srv/select_marker.hpp
-- Installing: /home/bhadha/pico_ws/install/whycode_interfaces/include/whycode_interfaces/whycode_interfaces/srv/get_gui_settings.hpp
-- Installing: /home/bhadha/pico_ws/install/whycode_interfaces/include/whycode_interfaces/whycode_interfaces/srv/set_drawing.hpp
-- Installing: /home/bhadha/pico_ws/install/whycode_interfaces/include/whycode_interfaces/whycode_interfaces/srv/set_calib_method.hpp
-- Up-to-date: /home/bhadha/pico_ws/install/whycode_interfaces/include/whycode_interfaces/whycode_interfaces
-- Up-to-date: /home/bhadha/pico_ws/install/whycode_interfaces/include/whycode_interfaces/whycode_interfaces/msg
-- Installing: /home/bhadha/pico_ws/install/whycode_interfaces/include/whycode_interfaces/whycode_interfaces/msg/rosidl_typesupport_fastrtps_cpp__visibility_control.h
-- Up-to-date: /home/bhadha/pico_ws/install/whycode_interfaces/include/whycode_interfaces/whycode_interfaces/msg/detail
-- Installing: /home/bhadha/pico_ws/install/whycode_interfaces/include/whycode_interfaces/whycode_interfaces/msg/detail/dds_fastrtps
-- Installing: /home/bhadha/pico_ws/install/whycode_interfaces/include/whycode_interfaces/whycode_interfaces/msg/detail/marker_array__rosidl_typesupport_fastrtps_cpp.hpp
-- Installing: /home/bhadha/pico_ws/install/whycode_interfaces/include/whycode_interfaces/whycode_interfaces/msg/detail/marker__rosidl_typesupport_fastrtps_cpp.hpp
-- Up-to-date: /home/bhadha/pico_ws/install/whycode_interfaces/include/whycode_interfaces/whycode_interfaces/srv
-- Up-to-date: /home/bhadha/pico_ws/install/whycode_interfaces/include/whycode_interfaces/whycode_interfaces/srv/detail
-- Installing: /home/bhadha/pico_ws/install/whycode_interfaces/include/whycode_interfaces/whycode_interfaces/srv/detail/set_calib_method__rosidl_typesupport_fastrtps_cpp.hpp
-- Installing: /home/bhadha/pico_ws/install/whycode_interfaces/include/whycode_interfaces/whycode_interfaces/srv/detail/select_marker__rosidl_typesupport_fastrtps_cpp.hpp
-- Installing: /home/bhadha/pico_ws/install/whycode_interfaces/include/whycode_interfaces/whycode_interfaces/srv/detail/set_drawing__rosidl_typesupport_fastrtps_cpp.hpp
-- Installing: /home/bhadha/pico_ws/install/whycode_interfaces/include/whycode_interfaces/whycode_interfaces/srv/detail/dds_fastrtps
-- Installing: /home/bhadha/pico_ws/install/whycode_interfaces/include/whycode_interfaces/whycode_interfaces/srv/detail/set_coords__rosidl_typesupport_fastrtps_cpp.hpp
-- Installing: /home/bhadha/pico_ws/install/whycode_interfaces/include/whycode_interfaces/whycode_interfaces/srv/detail/get_gui_settings__rosidl_typesupport_fastrtps_cpp.hpp
-- Installing: /home/bhadha/pico_ws/install/whycode_interfaces/include/whycode_interfaces/whycode_interfaces/srv/detail/set_calib_path__rosidl_typesupport_fastrtps_cpp.hpp
-- Installing: /home/bhadha/pico_ws/install/whycode_interfaces/lib/libwhycode_interfaces__rosidl_typesupport_fastrtps_cpp.so
-- Set runtime path of "/home/bhadha/pico_ws/install/whycode_interfaces/lib/libwhycode_interfaces__rosidl_typesupport_fastrtps_cpp.so" to ""
-- Up-to-date: /home/bhadha/pico_ws/install/whycode_interfaces/include/whycode_interfaces/whycode_interfaces
-- Up-to-date: /home/bhadha/pico_ws/install/whycode_interfaces/include/whycode_interfaces/whycode_interfaces/msg
-- Up-to-date: /home/bhadha/pico_ws/install/whycode_interfaces/include/whycode_interfaces/whycode_interfaces/msg/detail
-- Installing: /home/bhadha/pico_ws/install/whycode_interfaces/include/whycode_interfaces/whycode_interfaces/msg/detail/marker_array__type_support.cpp
-- Installing: /home/bhadha/pico_ws/install/whycode_interfaces/include/whycode_interfaces/whycode_interfaces/msg/detail/marker__rosidl_typesupport_introspection_cpp.hpp
-- Installing: /home/bhadha/pico_ws/install/whycode_interfaces/include/whycode_interfaces/whycode_interfaces/msg/detail/marker__type_support.cpp
-- Installing: /home/bhadha/pico_ws/install/whycode_interfaces/include/whycode_interfaces/whycode_interfaces/msg/detail/marker_array__rosidl_typesupport_introspection_cpp.hpp
-- Up-to-date: /home/bhadha/pico_ws/install/whycode_interfaces/include/whycode_interfaces/whycode_interfaces/srv
-- Up-to-date: /home/bhadha/pico_ws/install/whycode_interfaces/include/whycode_interfaces/whycode_interfaces/srv/detail
-- Installing: /home/bhadha/pico_ws/install/whycode_interfaces/include/whycode_interfaces/whycode_interfaces/srv/detail/set_calib_path__rosidl_typesupport_introspection_cpp.hpp
-- Installing: /home/bhadha/pico_ws/install/whycode_interfaces/include/whycode_interfaces/whycode_interfaces/srv/detail/set_coords__rosidl_typesupport_introspection_cpp.hpp
-- Installing: /home/bhadha/pico_ws/install/whycode_interfaces/include/whycode_interfaces/whycode_interfaces/srv/detail/get_gui_settings__type_support.cpp
-- Installing: /home/bhadha/pico_ws/install/whycode_interfaces/include/whycode_interfaces/whycode_interfaces/srv/detail/set_calib_path__type_support.cpp
-- Installing: /home/bhadha/pico_ws/install/whycode_interfaces/include/whycode_interfaces/whycode_interfaces/srv/detail/get_gui_settings__rosidl_typesupport_introspection_cpp.hpp
-- Installing: /home/bhadha/pico_ws/install/whycode_interfaces/include/whycode_interfaces/whycode_interfaces/srv/detail/select_marker__type_support.cpp
-- Installing: /home/bhadha/pico_ws/install/whycode_interfaces/include/whycode_interfaces/whycode_interfaces/srv/detail/set_calib_method__rosidl_typesupport_introspection_cpp.hpp
-- Installing: /home/bhadha/pico_ws/install/whycode_interfaces/include/whycode_interfaces/whycode_interfaces/srv/detail/select_marker__rosidl_typesupport_introspection_cpp.hpp
-- Installing: /home/bhadha/pico_ws/install/whycode_interfaces/include/whycode_interfaces/whycode_interfaces/srv/detail/set_drawing__type_support.cpp
-- Installing: /home/bhadha/pico_ws/install/whycode_interfaces/include/whycode_interfaces/whycode_interfaces/srv/detail/set_coords__type_support.cpp
-- Installing: /home/bhadha/pico_ws/install/whycode_interfaces/include/whycode_interfaces/whycode_interfaces/srv/detail/set_drawing__rosidl_typesupport_introspection_cpp.hpp
-- Installing: /home/bhadha/pico_ws/install/whycode_interfaces/include/whycode_interfaces/whycode_interfaces/srv/detail/set_calib_method__type_support.cpp
-- Installing: /home/bhadha/pico_ws/install/whycode_interfaces/lib/libwhycode_interfaces__rosidl_typesupport_introspection_cpp.so
-- Set runtime path of "/home/bhadha/pico_ws/install/whycode_interfaces/lib/libwhycode_interfaces__rosidl_typesupport_introspection_cpp.so" to ""
-- Installing: /home/bhadha/pico_ws/install/whycode_interfaces/lib/libwhycode_interfaces__rosidl_typesupport_cpp.so
-- Set runtime path of "/home/bhadha/pico_ws/install/whycode_interfaces/lib/libwhycode_interfaces__rosidl_typesupport_cpp.so" to ""
-- Installing: /home/bhadha/pico_ws/install/whycode_interfaces/share/whycode_interfaces/environment/pythonpath.sh
-- Installing: /home/bhadha/pico_ws/install/whycode_interfaces/share/whycode_interfaces/environment/pythonpath.dsv
-- Installing: /home/bhadha/pico_ws/install/whycode_interfaces/local/lib/python3.10/dist-packages/whycode_interfaces-0.0.1-py3.10.egg-info
-- Installing: /home/bhadha/pico_ws/install/whycode_interfaces/local/lib/python3.10/dist-packages/whycode_interfaces-0.0.1-py3.10.egg-info/SOURCES.txt
-- Installing: /home/bhadha/pico_ws/install/whycode_interfaces/local/lib/python3.10/dist-packages/whycode_interfaces-0.0.1-py3.10.egg-info/PKG-INFO
-- Installing: /home/bhadha/pico_ws/install/whycode_interfaces/local/lib/python3.10/dist-packages/whycode_interfaces-0.0.1-py3.10.egg-info/top_level.txt
-- Installing: /home/bhadha/pico_ws/install/whycode_interfaces/local/lib/python3.10/dist-packages/whycode_interfaces-0.0.1-py3.10.egg-info/dependency_links.txt
-- Installing: /home/bhadha/pico_ws/install/whycode_interfaces/local/lib/python3.10/dist-packages/whycode_interfaces
-- Installing: /home/bhadha/pico_ws/install/whycode_interfaces/local/lib/python3.10/dist-packages/whycode_interfaces/libwhycode_interfaces__rosidl_generator_py.so
-- Installing: /home/bhadha/pico_ws/install/whycode_interfaces/local/lib/python3.10/dist-packages/whycode_interfaces/msg
-- Installing: /home/bhadha/pico_ws/install/whycode_interfaces/local/lib/python3.10/dist-packages/whycode_interfaces/msg/_marker_array_s.c
-- Installing: /home/bhadha/pico_ws/install/whycode_interfaces/local/lib/python3.10/dist-packages/whycode_interfaces/msg/_marker_array.py
-- Installing: /home/bhadha/pico_ws/install/whycode_interfaces/local/lib/python3.10/dist-packages/whycode_interfaces/msg/__init__.py
-- Installing: /home/bhadha/pico_ws/install/whycode_interfaces/local/lib/python3.10/dist-packages/whycode_interfaces/msg/_marker.py
-- Installing: /home/bhadha/pico_ws/install/whycode_interfaces/local/lib/python3.10/dist-packages/whycode_interfaces/msg/_marker_s.c
-- Installing: /home/bhadha/pico_ws/install/whycode_interfaces/local/lib/python3.10/dist-packages/whycode_interfaces/_whycode_interfaces_s.ep.rosidl_typesupport_fastrtps_c.c
-- Installing: /home/bhadha/pico_ws/install/whycode_interfaces/local/lib/python3.10/dist-packages/whycode_interfaces/__init__.py
-- Installing: /home/bhadha/pico_ws/install/whycode_interfaces/local/lib/python3.10/dist-packages/whycode_interfaces/whycode_interfaces_s__rosidl_typesupport_fastrtps_c.cpython-310-x86_64-linux-gnu.so
-- Installing: /home/bhadha/pico_ws/install/whycode_interfaces/local/lib/python3.10/dist-packages/whycode_interfaces/srv
-- Installing: /home/bhadha/pico_ws/install/whycode_interfaces/local/lib/python3.10/dist-packages/whycode_interfaces/srv/_set_drawing.py
-- Installing: /home/bhadha/pico_ws/install/whycode_interfaces/local/lib/python3.10/dist-packages/whycode_interfaces/srv/_set_drawing_s.c
-- Installing: /home/bhadha/pico_ws/install/whycode_interfaces/local/lib/python3.10/dist-packages/whycode_interfaces/srv/__init__.py
-- Installing: /home/bhadha/pico_ws/install/whycode_interfaces/local/lib/python3.10/dist-packages/whycode_interfaces/srv/_get_gui_settings_s.c
-- Installing: /home/bhadha/pico_ws/install/whycode_interfaces/local/lib/python3.10/dist-packages/whycode_interfaces/srv/_set_coords_s.c
-- Installing: /home/bhadha/pico_ws/install/whycode_interfaces/local/lib/python3.10/dist-packages/whycode_interfaces/srv/_select_marker_s.c
-- Installing: /home/bhadha/pico_ws/install/whycode_interfaces/local/lib/python3.10/dist-packages/whycode_interfaces/srv/_get_gui_settings.py
-- Installing: /home/bhadha/pico_ws/install/whycode_interfaces/local/lib/python3.10/dist-packages/whycode_interfaces/srv/_set_calib_path_s.c
-- Installing: /home/bhadha/pico_ws/install/whycode_interfaces/local/lib/python3.10/dist-packages/whycode_interfaces/srv/_set_calib_method.py
-- Installing: /home/bhadha/pico_ws/install/whycode_interfaces/local/lib/python3.10/dist-packages/whycode_interfaces/srv/_set_calib_method_s.c
-- Installing: /home/bhadha/pico_ws/install/whycode_interfaces/local/lib/python3.10/dist-packages/whycode_interfaces/srv/_set_coords.py
-- Installing: /home/bhadha/pico_ws/install/whycode_interfaces/local/lib/python3.10/dist-packages/whycode_interfaces/srv/_select_marker.py
-- Installing: /home/bhadha/pico_ws/install/whycode_interfaces/local/lib/python3.10/dist-packages/whycode_interfaces/srv/_set_calib_path.py
-- Installing: /home/bhadha/pico_ws/install/whycode_interfaces/local/lib/python3.10/dist-packages/whycode_interfaces/_whycode_interfaces_s.ep.rosidl_typesupport_c.c
-- Installing: /home/bhadha/pico_ws/install/whycode_interfaces/local/lib/python3.10/dist-packages/whycode_interfaces/whycode_interfaces_s__rosidl_typesupport_introspection_c.cpython-310-x86_64-linux-gnu.so
-- Installing: /home/bhadha/pico_ws/install/whycode_interfaces/local/lib/python3.10/dist-packages/whycode_interfaces/_whycode_interfaces_s.ep.rosidl_typesupport_introspection_c.c
-- Installing: /home/bhadha/pico_ws/install/whycode_interfaces/local/lib/python3.10/dist-packages/whycode_interfaces/whycode_interfaces_s__rosidl_typesupport_c.cpython-310-x86_64-linux-gnu.so
Listing '/home/bhadha/pico_ws/install/whycode_interfaces/local/lib/python3.10/dist-packages/whycode_interfaces'...
Compiling '/home/bhadha/pico_ws/install/whycode_interfaces/local/lib/python3.10/dist-packages/whycode_interfaces/__init__.py'...
Listing '/home/bhadha/pico_ws/install/whycode_interfaces/local/lib/python3.10/dist-packages/whycode_interfaces/msg'...
Compiling '/home/bhadha/pico_ws/install/whycode_interfaces/local/lib/python3.10/dist-packages/whycode_interfaces/msg/__init__.py'...
Compiling '/home/bhadha/pico_ws/install/whycode_interfaces/local/lib/python3.10/dist-packages/whycode_interfaces/msg/_marker.py'...
Compiling '/home/bhadha/pico_ws/install/whycode_interfaces/local/lib/python3.10/dist-packages/whycode_interfaces/msg/_marker_array.py'...
Listing '/home/bhadha/pico_ws/install/whycode_interfaces/local/lib/python3.10/dist-packages/whycode_interfaces/srv'...
Compiling '/home/bhadha/pico_ws/install/whycode_interfaces/local/lib/python3.10/dist-packages/whycode_interfaces/srv/__init__.py'...
Compiling '/home/bhadha/pico_ws/install/whycode_interfaces/local/lib/python3.10/dist-packages/whycode_interfaces/srv/_get_gui_settings.py'...
Compiling '/home/bhadha/pico_ws/install/whycode_interfaces/local/lib/python3.10/dist-packages/whycode_interfaces/srv/_select_marker.py'...
Compiling '/home/bhadha/pico_ws/install/whycode_interfaces/local/lib/python3.10/dist-packages/whycode_interfaces/srv/_set_calib_method.py'...
Compiling '/home/bhadha/pico_ws/install/whycode_interfaces/local/lib/python3.10/dist-packages/whycode_interfaces/srv/_set_calib_path.py'...
Compiling '/home/bhadha/pico_ws/install/whycode_interfaces/local/lib/python3.10/dist-packages/whycode_interfaces/srv/_set_coords.py'...
Compiling '/home/bhadha/pico_ws/install/whycode_interfaces/local/lib/python3.10/dist-packages/whycode_interfaces/srv/_set_drawing.py'...
-- Installing: /home/bhadha/pico_ws/install/whycode_interfaces/local/lib/python3.10/dist-packages/whycode_interfaces/whycode_interfaces_s__rosidl_typesupport_fastrtps_c.cpython-310-x86_64-linux-gnu.so
-- Set runtime path of "/home/bhadha/pico_ws/install/whycode_interfaces/local/lib/python3.10/dist-packages/whycode_interfaces/whycode_interfaces_s__rosidl_typesupport_fastrtps_c.cpython-310-x86_64-linux-gnu.so" to ""
-- Installing: /home/bhadha/pico_ws/install/whycode_interfaces/local/lib/python3.10/dist-packages/whycode_interfaces/whycode_interfaces_s__rosidl_typesupport_introspection_c.cpython-310-x86_64-linux-gnu.so
-- Set runtime path of "/home/bhadha/pico_ws/install/whycode_interfaces/local/lib/python3.10/dist-packages/whycode_interfaces/whycode_interfaces_s__rosidl_typesupport_introspection_c.cpython-310-x86_64-linux-gnu.so" to ""
-- Installing: /home/bhadha/pico_ws/install/whycode_interfaces/local/lib/python3.10/dist-packages/whycode_interfaces/whycode_interfaces_s__rosidl_typesupport_c.cpython-310-x86_64-linux-gnu.so
-- Set runtime path of "/home/bhadha/pico_ws/install/whycode_interfaces/local/lib/python3.10/dist-packages/whycode_interfaces/whycode_interfaces_s__rosidl_typesupport_c.cpython-310-x86_64-linux-gnu.so" to ""
-- Installing: /home/bhadha/pico_ws/install/whycode_interfaces/lib/libwhycode_interfaces__rosidl_generator_py.so
-- Set runtime path of "/home/bhadha/pico_ws/install/whycode_interfaces/lib/libwhycode_interfaces__rosidl_generator_py.so" to ""
-- Installing: /home/bhadha/pico_ws/install/whycode_interfaces/share/ament_index/resource_index/rust_packages/whycode_interfaces
-- Installing: /home/bhadha/pico_ws/install/whycode_interfaces/share/whycode_interfaces/rust
-- Installing: /home/bhadha/pico_ws/install/whycode_interfaces/share/whycode_interfaces/rust/build.rs
-- Installing: /home/bhadha/pico_ws/install/whycode_interfaces/share/whycode_interfaces/rust/src
-- Installing: /home/bhadha/pico_ws/install/whycode_interfaces/share/whycode_interfaces/rust/src/msg
-- Installing: /home/bhadha/pico_ws/install/whycode_interfaces/share/whycode_interfaces/rust/src/msg/rmw.rs
-- Installing: /home/bhadha/pico_ws/install/whycode_interfaces/share/whycode_interfaces/rust/src/srv
-- Installing: /home/bhadha/pico_ws/install/whycode_interfaces/share/whycode_interfaces/rust/src/srv/rmw.rs
-- Installing: /home/bhadha/pico_ws/install/whycode_interfaces/share/whycode_interfaces/rust/src/lib.rs
-- Installing: /home/bhadha/pico_ws/install/whycode_interfaces/share/whycode_interfaces/rust/src/msg.rs
-- Installing: /home/bhadha/pico_ws/install/whycode_interfaces/share/whycode_interfaces/rust/src/srv.rs
-- Installing: /home/bhadha/pico_ws/install/whycode_interfaces/share/whycode_interfaces/rust/Cargo.toml
-- Installing: /home/bhadha/pico_ws/install/whycode_interfaces/share/whycode_interfaces/msg/Marker.idl
-- Installing: /home/bhadha/pico_ws/install/whycode_interfaces/share/whycode_interfaces/msg/MarkerArray.idl
-- Installing: /home/bhadha/pico_ws/install/whycode_interfaces/share/whycode_interfaces/srv/SelectMarker.idl
-- Installing: /home/bhadha/pico_ws/install/whycode_interfaces/share/whycode_interfaces/srv/SetCalibMethod.idl
-- Installing: /home/bhadha/pico_ws/install/whycode_interfaces/share/whycode_interfaces/srv/SetCalibPath.idl
-- Installing: /home/bhadha/pico_ws/install/whycode_interfaces/share/whycode_interfaces/srv/SetCoords.idl
-- Installing: /home/bhadha/pico_ws/install/whycode_interfaces/share/whycode_interfaces/srv/SetDrawing.idl
-- Installing: /home/bhadha/pico_ws/install/whycode_interfaces/share/whycode_interfaces/srv/GetGuiSettings.idl
-- Installing: /home/bhadha/pico_ws/install/whycode_interfaces/share/whycode_interfaces/msg/Marker.msg
-- Installing: /home/bhadha/pico_ws/install/whycode_interfaces/share/whycode_interfaces/msg/MarkerArray.msg
-- Installing: /home/bhadha/pico_ws/install/whycode_interfaces/share/whycode_interfaces/srv/SelectMarker.srv
-- Installing: /home/bhadha/pico_ws/install/whycode_interfaces/share/whycode_interfaces/srv/SelectMarker_Request.msg
-- Installing: /home/bhadha/pico_ws/install/whycode_interfaces/share/whycode_interfaces/srv/SelectMarker_Response.msg
-- Installing: /home/bhadha/pico_ws/install/whycode_interfaces/share/whycode_interfaces/srv/SetCalibMethod.srv
-- Installing: /home/bhadha/pico_ws/install/whycode_interfaces/share/whycode_interfaces/srv/SetCalibMethod_Request.msg
-- Installing: /home/bhadha/pico_ws/install/whycode_interfaces/share/whycode_interfaces/srv/SetCalibMethod_Response.msg
-- Installing: /home/bhadha/pico_ws/install/whycode_interfaces/share/whycode_interfaces/srv/SetCalibPath.srv
-- Installing: /home/bhadha/pico_ws/install/whycode_interfaces/share/whycode_interfaces/srv/SetCalibPath_Request.msg
-- Installing: /home/bhadha/pico_ws/install/whycode_interfaces/share/whycode_interfaces/srv/SetCalibPath_Response.msg
-- Installing: /home/bhadha/pico_ws/install/whycode_interfaces/share/whycode_interfaces/srv/SetCoords.srv
-- Installing: /home/bhadha/pico_ws/install/whycode_interfaces/share/whycode_interfaces/srv/SetCoords_Request.msg
-- Installing: /home/bhadha/pico_ws/install/whycode_interfaces/share/whycode_interfaces/srv/SetCoords_Response.msg
-- Installing: /home/bhadha/pico_ws/install/whycode_interfaces/share/whycode_interfaces/srv/SetDrawing.srv
-- Installing: /home/bhadha/pico_ws/install/whycode_interfaces/share/whycode_interfaces/srv/SetDrawing_Request.msg
-- Installing: /home/bhadha/pico_ws/install/whycode_interfaces/share/whycode_interfaces/srv/SetDrawing_Response.msg
-- Installing: /home/bhadha/pico_ws/install/whycode_interfaces/share/whycode_interfaces/srv/GetGuiSettings.srv
-- Installing: /home/bhadha/pico_ws/install/whycode_interfaces/share/whycode_interfaces/srv/GetGuiSettings_Request.msg
-- Installing: /home/bhadha/pico_ws/install/whycode_interfaces/share/whycode_interfaces/srv/GetGuiSettings_Response.msg
-- Installing: /home/bhadha/pico_ws/install/whycode_interfaces/share/ament_index/resource_index/package_run_dependencies/whycode_interfaces
-- Installing: /home/bhadha/pico_ws/install/whycode_interfaces/share/ament_index/resource_index/parent_prefix_path/whycode_interfaces
-- Installing: /home/bhadha/pico_ws/install/whycode_interfaces/share/whycode_interfaces/environment/ament_prefix_path.sh
-- Installing: /home/bhadha/pico_ws/install/whycode_interfaces/share/whycode_interfaces/environment/ament_prefix_path.dsv
-- Installing: /home/bhadha/pico_ws/install/whycode_interfaces/share/whycode_interfaces/environment/path.sh
-- Installing: /home/bhadha/pico_ws/install/whycode_interfaces/share/whycode_interfaces/environment/path.dsv
-- Installing: /home/bhadha/pico_ws/install/whycode_interfaces/share/whycode_interfaces/local_setup.bash
-- Installing: /home/bhadha/pico_ws/install/whycode_interfaces/share/whycode_interfaces/local_setup.sh
-- Installing: /home/bhadha/pico_ws/install/whycode_interfaces/share/whycode_interfaces/local_setup.zsh
-- Installing: /home/bhadha/pico_ws/install/whycode_interfaces/share/whycode_interfaces/local_setup.dsv
-- Installing: /home/bhadha/pico_ws/install/whycode_interfaces/share/whycode_interfaces/package.dsv
-- Installing: /home/bhadha/pico_ws/install/whycode_interfaces/share/ament_index/resource_index/packages/whycode_interfaces
-- Installing: /home/bhadha/pico_ws/install/whycode_interfaces/share/whycode_interfaces/cmake/export_whycode_interfaces__rosidl_generator_cExport.cmake
-- Installing: /home/bhadha/pico_ws/install/whycode_interfaces/share/whycode_interfaces/cmake/export_whycode_interfaces__rosidl_generator_cExport-noconfig.cmake
-- Installing: /home/bhadha/pico_ws/install/whycode_interfaces/share/whycode_interfaces/cmake/export_whycode_interfaces__rosidl_typesupport_fastrtps_cExport.cmake
-- Installing: /home/bhadha/pico_ws/install/whycode_interfaces/share/whycode_interfaces/cmake/export_whycode_interfaces__rosidl_typesupport_fastrtps_cExport-noconfig.cmake
-- Installing: /home/bhadha/pico_ws/install/whycode_interfaces/share/whycode_interfaces/cmake/whycode_interfaces__rosidl_typesupport_introspection_cExport.cmake
-- Installing: /home/bhadha/pico_ws/install/whycode_interfaces/share/whycode_interfaces/cmake/whycode_interfaces__rosidl_typesupport_introspection_cExport-noconfig.cmake
-- Installing: /home/bhadha/pico_ws/install/whycode_interfaces/share/whycode_interfaces/cmake/whycode_interfaces__rosidl_typesupport_cExport.cmake
-- Installing: /home/bhadha/pico_ws/install/whycode_interfaces/share/whycode_interfaces/cmake/whycode_interfaces__rosidl_typesupport_cExport-noconfig.cmake
-- Installing: /home/bhadha/pico_ws/install/whycode_interfaces/share/whycode_interfaces/cmake/export_whycode_interfaces__rosidl_generator_cppExport.cmake
-- Installing: /home/bhadha/pico_ws/install/whycode_interfaces/share/whycode_interfaces/cmake/export_whycode_interfaces__rosidl_typesupport_fastrtps_cppExport.cmake
-- Installing: /home/bhadha/pico_ws/install/whycode_interfaces/share/whycode_interfaces/cmake/export_whycode_interfaces__rosidl_typesupport_fastrtps_cppExport-noconfig.cmake
-- Installing: /home/bhadha/pico_ws/install/whycode_interfaces/share/whycode_interfaces/cmake/whycode_interfaces__rosidl_typesupport_introspection_cppExport.cmake
-- Installing: /home/bhadha/pico_ws/install/whycode_interfaces/share/whycode_interfaces/cmake/whycode_interfaces__rosidl_typesupport_introspection_cppExport-noconfig.cmake
-- Installing: /home/bhadha/pico_ws/install/whycode_interfaces/share/whycode_interfaces/cmake/whycode_interfaces__rosidl_typesupport_cppExport.cmake
-- Installing: /home/bhadha/pico_ws/install/whycode_interfaces/share/whycode_interfaces/cmake/whycode_interfaces__rosidl_typesupport_cppExport-noconfig.cmake
-- Installing: /home/bhadha/pico_ws/install/whycode_interfaces/share/whycode_interfaces/cmake/export_whycode_interfaces__rosidl_generator_pyExport.cmake
-- Installing: /home/bhadha/pico_ws/install/whycode_interfaces/share/whycode_interfaces/cmake/export_whycode_interfaces__rosidl_generator_pyExport-noconfig.cmake
-- Installing: /home/bhadha/pico_ws/install/whycode_interfaces/share/whycode_interfaces/cmake/rosidl_cmake-extras.cmake
-- Installing: /home/bhadha/pico_ws/install/whycode_interfaces/share/whycode_interfaces/cmake/ament_cmake_export_dependencies-extras.cmake
-- Installing: /home/bhadha/pico_ws/install/whycode_interfaces/share/whycode_interfaces/cmake/ament_cmake_export_include_directories-extras.cmake
-- Installing: /home/bhadha/pico_ws/install/whycode_interfaces/share/whycode_interfaces/cmake/ament_cmake_export_libraries-extras.cmake
-- Installing: /home/bhadha/pico_ws/install/whycode_interfaces/share/whycode_interfaces/cmake/ament_cmake_export_targets-extras.cmake
-- Installing: /home/bhadha/pico_ws/install/whycode_interfaces/share/whycode_interfaces/cmake/rosidl_cmake_export_typesupport_targets-extras.cmake
-- Installing: /home/bhadha/pico_ws/install/whycode_interfaces/share/whycode_interfaces/cmake/rosidl_cmake_export_typesupport_libraries-extras.cmake
-- Installing: /home/bhadha/pico_ws/install/whycode_interfaces/share/whycode_interfaces/cmake/rosidl_cmake_aggregate_target-extras.cmake
-- Installing: /home/bhadha/pico_ws/install/whycode_interfaces/share/whycode_interfaces/cmake/whycode_interfacesConfig.cmake
-- Installing: /home/bhadha/pico_ws/install/whycode_interfaces/share/whycode_interfaces/cmake/whycode_interfacesConfig-version.cmake
-- Installing: /home/bhadha/pico_ws/install/whycode_interfaces/share/whycode_interfaces/package.xml
